node.exe : - Generating browser application bundles (phase: setup)...
En línea: 1 Carácter: 1
+ & "C:\Program Files\nodejs/node.exe" "C:\Program Files\nodejs/node_mo ...
+ ~~~~~~~~~~~~~~~~~~~~~~~~~~~~~~~~~~~~~~~~~~~~~~~~~~~~~~~~~~~~~~~~~~~~~
    + CategoryInfo          : NotSpecified: (- Generating br...hase: setup)...:String) [], RemoteException
    + FullyQualifiedErrorId : NativeCommandError
 
Ô£ö Browser application bundle generation complete.

../node_modules/@angular/cdk/fesm2022/a11y.mjs:1284:18-60 - Error: export '╔Á╔ÁInputFlags' (imported as 'i0') was not 
found in '@angular/core' (possible exports: ANIMATION_MODULE_TYPE, APP_BOOTSTRAP_LISTENER, APP_ID, APP_INITIALIZER, 
AfterRenderPhase, ApplicationInitStatus, ApplicationModule, ApplicationRef, Attribute, COMPILER_OPTIONS, CSP_NONCE, 
CUSTOM_ELEMENTS_SCHEMA, ChangeDetectionStrategy, ChangeDetectorRef, Compiler, CompilerFactory, Component, 
ComponentFactory, ComponentFactoryResolver, ComponentRef, ContentChild, ContentChildren, DEFAULT_CURRENCY_CODE, 
DebugElement, DebugEventListener, DebugNode, DefaultIterableDiffer, DestroyRef, Directive, ENVIRONMENT_INITIALIZER, 
ElementRef, EmbeddedViewRef, EnvironmentInjector, ErrorHandler, EventEmitter, ExperimentalPendingTasks, HOST_TAG_NAME, 
Host, HostAttributeToken, HostBinding, HostListener, INJECTOR, Inject, InjectFlags, Injectable, InjectionToken, 
Injector, Input, IterableDiffers, KeyValueDiffers, LOCALE_ID, MissingTranslationStrategy, 
ModuleWithComponentFactories, NO_ERRORS_SCHEMA, NgModule, NgModuleFactory, NgModuleRef, NgProbeToken, NgZone, 
Optional, Output, OutputEmitterRef, PACKAGE_ROOT_URL, PLATFORM_ID, PLATFORM_INITIALIZER, Pipe, PlatformRef, Query, 
QueryList, Renderer2, RendererFactory2, RendererStyleFlags2, Sanitizer, SecurityContext, Self, SimpleChange, SkipSelf, 
TRANSLATIONS, TRANSLATIONS_FORMAT, TemplateRef, Testability, TestabilityRegistry, TransferState, Type, VERSION, 
Version, ViewChild, ViewChildren, ViewContainerRef, ViewEncapsulation, ViewRef, afterNextRender, afterRender, 
asNativeElements, assertInInjectionContext, assertNotInReactiveContext, assertPlatform, booleanAttribute, computed, 
contentChild, contentChildren, createComponent, createEnvironmentInjector, createNgModule, createNgModuleRef, 
createPlatform, createPlatformFactory, defineInjectable, destroyPlatform, effect, enableProdMode, forwardRef, 
getDebugNode, getModuleFactory, getNgModuleById, getPlatform, importProvidersFrom, inject, input, isDevMode, isSignal, 
isStandalone, makeEnvironmentProviders, makeStateKey, mergeApplicationConfig, model, numberAttribute, output, 
platformCore, provideExperimentalCheckNoChangesForDebug, provideExperimentalZonelessChangeDetection, 
provideZoneChangeDetection, reflectComponentType, resolveForwardRef, runInInjectionContext, setTestabilityGetter, 
signal, untracked, viewChild, viewChildren, ╔ÁALLOW_MULTIPLE_PLATFORMS, ╔ÁAfterRenderManager, 
╔ÁCONTAINER_HEADER_OFFSET, ╔ÁChangeDetectionScheduler, ╔ÁChangeDetectionSchedulerImpl, ╔ÁComponentFactory, ╔ÁConsole, 
╔ÁDEFAULT_LOCALE_ID, ╔ÁDEFER_BLOCK_CONFIG, ╔ÁDEFER_BLOCK_DEPENDENCY_INTERCEPTOR, ╔ÁDeferBlockBehavior, 
╔ÁDeferBlockState, ╔ÁEffectScheduler, ╔ÁIMAGE_CONFIG, ╔ÁIMAGE_CONFIG_DEFAULTS, ╔ÁINJECTOR_SCOPE, 
╔ÁINPUT_SIGNAL_BRAND_WRITE_TYPE, ╔ÁINTERNAL_APPLICATION_ERROR_HANDLER, ╔ÁIS_HYDRATION_DOM_REUSE_ENABLED, 
╔ÁJSACTION_EVENT_CONTRACT, ╔ÁLContext, ╔ÁLifecycleHooksFeature, ╔ÁLocaleDataIndex, ╔ÁNG_COMP_DEF, ╔ÁNG_DIR_DEF, 
╔ÁNG_ELEMENT_ID, ╔ÁNG_INJ_DEF, ╔ÁNG_MOD_DEF, ╔ÁNG_PIPE_DEF, ╔ÁNG_PROV_DEF, ╔ÁNOT_FOUND_CHECK_ONLY_ELEMENT_INJECTOR, 
╔ÁNO_CHANGE, ╔ÁNgModuleFactory, ╔ÁNoopNgZone, ╔ÁPROVIDED_NG_ZONE, ╔ÁPendingTasks, ╔ÁReflectionCapabilities, 
╔ÁRender3ComponentFactory, ╔ÁRender3ComponentRef, ╔ÁRender3NgModuleRef, ╔ÁRuntimeError, ╔ÁSIGNAL, 
╔ÁSSR_CONTENT_INTEGRITY_MARKER, ╔ÁTESTABILITY, ╔ÁTESTABILITY_GETTER, ╔ÁUSE_RUNTIME_DEPS_TRACKER_FOR_JIT, ╔ÁViewRef, 
╔ÁXSS_SECURITY_URL, ╔ÁZONELESS_ENABLED, ╔Á_sanitizeHtml, ╔Á_sanitizeUrl, ╔ÁallowSanitizationBypassAndThrow, 
╔ÁannotateForHydration, ╔ÁbypassSanitizationTrustHtml, ╔ÁbypassSanitizationTrustResourceUrl, 
╔ÁbypassSanitizationTrustScript, ╔ÁbypassSanitizationTrustStyle, ╔ÁbypassSanitizationTrustUrl, 
╔ÁclearResolutionOfComponentResourcesQueue, ╔ÁcompileComponent, ╔ÁcompileDirective, ╔ÁcompileNgModule, 
╔ÁcompileNgModuleDefs, ╔ÁcompileNgModuleFactory, ╔ÁcompilePipe, ╔ÁconvertToBitFlags, ╔ÁcreateInjector, 
╔ÁdefaultIterableDiffers, ╔ÁdefaultKeyValueDiffers, ╔ÁdepsTracker, ╔ÁdetectChangesInViewIfRequired, ╔ÁdevModeEqual, 
╔ÁfindLocaleData, ╔ÁflushModuleScopingQueueAsMuchAsPossible, ╔ÁformatRuntimeError, 
╔ÁgenerateStandaloneInDeclarationsError, ╔ÁgetAsyncClassMetadataFn, ╔ÁgetDebugNode, ╔ÁgetDeferBlocks, ╔ÁgetDirectives, 
╔ÁgetHostElement, ╔ÁgetInjectableDef, ╔ÁgetLContext, ╔ÁgetLocaleCurrencyCode, ╔ÁgetLocalePluralCase, 
╔ÁgetOutputDestroyRef, ╔ÁgetSanitizationBypassType, ╔ÁgetUnknownElementStrictMode, ╔ÁgetUnknownPropertyStrictMode, 
╔Áglobal, ╔ÁinjectChangeDetectorRef, ╔ÁinternalCreateApplication, ╔ÁinternalProvideZoneChangeDetection, 
╔ÁisBoundToModule, ╔ÁisComponentDefPendingResolution, ╔ÁisEnvironmentProviders, ╔ÁisInjectable, ╔ÁisNgModule, 
╔ÁisPromise, ╔ÁisSubscribable, ╔ÁnoSideEffects, ╔ÁpatchComponentDefWithScope, ╔ÁperformanceMarkFeature, 
╔ÁreadHydrationInfo, ╔ÁregisterLocaleData, ╔ÁrenderDeferBlockState, ╔ÁresetCompiledComponents, ╔ÁresetJitOptions, 
╔ÁresolveComponentResources, ╔ÁrestoreComponentResolutionQueue, ╔ÁsetAllowDuplicateNgModuleIdsForTest, 
╔ÁsetAlternateWeakRefImpl, ╔ÁsetClassDebugInfo, ╔ÁsetClassMetadata, ╔ÁsetClassMetadataAsync, ╔ÁsetCurrentInjector, 
╔ÁsetDocument, ╔ÁsetInjectorProfilerContext, ╔ÁsetLocaleId, ╔ÁsetUnknownElementStrictMode, 
╔ÁsetUnknownPropertyStrictMode, ╔Ástore, ╔Ástringify, ╔ÁtransitiveScopesFor, ╔ÁtriggerResourceLoading, 
╔ÁtruncateMiddle, ╔ÁunregisterLocaleData, ╔ÁunwrapSafeValue, ╔ÁunwrapWritableSignal, ╔ÁwhenStable, ╔ÁwithDomHydration, 
╔ÁwithEventReplay, ╔ÁwithI18nSupport, ╔Á╔ÁCopyDefinitionFeature, ╔Á╔ÁFactoryTarget, ╔Á╔ÁHostDirectivesFeature, 
╔Á╔ÁInheritDefinitionFeature, ╔Á╔ÁInputTransformsFeature, ╔Á╔ÁNgOnChangesFeature, ╔Á╔ÁProvidersFeature, 
╔Á╔ÁStandaloneFeature, ╔Á╔Áadvance, ╔Á╔Áattribute, ╔Á╔ÁattributeInterpolate1, ╔Á╔ÁattributeInterpolate2, 
╔Á╔ÁattributeInterpolate3, ╔Á╔ÁattributeInterpolate4, ╔Á╔ÁattributeInterpolate5, ╔Á╔ÁattributeInterpolate6, 
╔Á╔ÁattributeInterpolate7, ╔Á╔ÁattributeInterpolate8, ╔Á╔ÁattributeInterpolateV, ╔Á╔ÁclassMap, 
╔Á╔ÁclassMapInterpolate1, ╔Á╔ÁclassMapInterpolate2, ╔Á╔ÁclassMapInterpolate3, ╔Á╔ÁclassMapInterpolate4, 
╔Á╔ÁclassMapInterpolate5, ╔Á╔ÁclassMapInterpolate6, ╔Á╔ÁclassMapInterpolate7, ╔Á╔ÁclassMapInterpolate8, 
╔Á╔ÁclassMapInterpolateV, ╔Á╔ÁclassProp, ╔Á╔ÁcomponentInstance, ╔Á╔Áconditional, ╔Á╔ÁcontentQuery, 
╔Á╔ÁcontentQuerySignal, ╔Á╔ÁdeclareLet, ╔Á╔Ádefer, ╔Á╔ÁdeferEnableTimerScheduling, ╔Á╔ÁdeferOnHover, ╔Á╔ÁdeferOnIdle, 
╔Á╔ÁdeferOnImmediate, ╔Á╔ÁdeferOnInteraction, ╔Á╔ÁdeferOnTimer, ╔Á╔ÁdeferOnViewport, ╔Á╔ÁdeferPrefetchOnHover, 
╔Á╔ÁdeferPrefetchOnIdle, ╔Á╔ÁdeferPrefetchOnImmediate, ╔Á╔ÁdeferPrefetchOnInteraction, ╔Á╔ÁdeferPrefetchOnTimer, 
╔Á╔ÁdeferPrefetchOnViewport, ╔Á╔ÁdeferPrefetchWhen, ╔Á╔ÁdeferWhen, ╔Á╔ÁdefineComponent, ╔Á╔ÁdefineDirective, 
╔Á╔ÁdefineInjectable, ╔Á╔ÁdefineInjector, ╔Á╔ÁdefineNgModule, ╔Á╔ÁdefinePipe, ╔Á╔ÁdirectiveInject, 
╔Á╔ÁdisableBindings, ╔Á╔Áelement, ╔Á╔ÁelementContainer, ╔Á╔ÁelementContainerEnd, ╔Á╔ÁelementContainerStart, 
╔Á╔ÁelementEnd, ╔Á╔ÁelementStart, ╔Á╔ÁenableBindings, ╔Á╔ÁgetComponentDepsFactory, ╔Á╔ÁgetCurrentView, 
╔Á╔ÁgetInheritedFactory, ╔Á╔ÁhostProperty, ╔Á╔Ái18n, ╔Á╔Ái18nApply, ╔Á╔Ái18nAttributes, ╔Á╔Ái18nEnd, ╔Á╔Ái18nExp, 
╔Á╔Ái18nPostprocess, ╔Á╔Ái18nStart, ╔Á╔Áinject, ╔Á╔ÁinjectAttribute, ╔Á╔ÁinvalidFactory, ╔Á╔ÁinvalidFactoryDep, 
╔Á╔Álistener, ╔Á╔ÁloadQuery, ╔Á╔ÁnamespaceHTML, ╔Á╔ÁnamespaceMathML, ╔Á╔ÁnamespaceSVG, ╔Á╔ÁnextContext, 
╔Á╔ÁngDeclareClassMetadata, ╔Á╔ÁngDeclareClassMetadataAsync, ╔Á╔ÁngDeclareComponent, ╔Á╔ÁngDeclareDirective, 
╔Á╔ÁngDeclareFactory, ╔Á╔ÁngDeclareInjectable, ╔Á╔ÁngDeclareInjector, ╔Á╔ÁngDeclareNgModule, ╔Á╔ÁngDeclarePipe, 
╔Á╔Ápipe, ╔Á╔ÁpipeBind1, ╔Á╔ÁpipeBind2, ╔Á╔ÁpipeBind3, ╔Á╔ÁpipeBind4, ╔Á╔ÁpipeBindV, ╔Á╔Áprojection, 
╔Á╔ÁprojectionDef, ╔Á╔Áproperty, ╔Á╔ÁpropertyInterpolate, ╔Á╔ÁpropertyInterpolate1, ╔Á╔ÁpropertyInterpolate2, 
╔Á╔ÁpropertyInterpolate3, ╔Á╔ÁpropertyInterpolate4, ╔Á╔ÁpropertyInterpolate5, ╔Á╔ÁpropertyInterpolate6, 
╔Á╔ÁpropertyInterpolate7, ╔Á╔ÁpropertyInterpolate8, ╔Á╔ÁpropertyInterpolateV, ╔Á╔ÁpureFunction0, ╔Á╔ÁpureFunction1, 
╔Á╔ÁpureFunction2, ╔Á╔ÁpureFunction3, ╔Á╔ÁpureFunction4, ╔Á╔ÁpureFunction5, ╔Á╔ÁpureFunction6, ╔Á╔ÁpureFunction7, 
╔Á╔ÁpureFunction8, ╔Á╔ÁpureFunctionV, ╔Á╔ÁqueryAdvance, ╔Á╔ÁqueryRefresh, ╔Á╔ÁreadContextLet, ╔Á╔Áreference, 
╔Á╔ÁregisterNgModuleType, ╔Á╔Árepeater, ╔Á╔ÁrepeaterCreate, ╔Á╔ÁrepeaterTrackByIdentity, ╔Á╔ÁrepeaterTrackByIndex, 
╔Á╔ÁresetView, ╔Á╔ÁresolveBody, ╔Á╔ÁresolveDocument, ╔Á╔ÁresolveWindow, ╔Á╔ÁrestoreView, ╔Á╔ÁsanitizeHtml, 
╔Á╔ÁsanitizeResourceUrl, ╔Á╔ÁsanitizeScript, ╔Á╔ÁsanitizeStyle, ╔Á╔ÁsanitizeUrl, ╔Á╔ÁsanitizeUrlOrResourceUrl, 
╔Á╔ÁsetComponentScope, ╔Á╔ÁsetNgModuleScope, ╔Á╔ÁstoreLet, ╔Á╔ÁstyleMap, ╔Á╔ÁstyleMapInterpolate1, 
╔Á╔ÁstyleMapInterpolate2, ╔Á╔ÁstyleMapInterpolate3, ╔Á╔ÁstyleMapInterpolate4, ╔Á╔ÁstyleMapInterpolate5, 
╔Á╔ÁstyleMapInterpolate6, ╔Á╔ÁstyleMapInterpolate7, ╔Á╔ÁstyleMapInterpolate8, ╔Á╔ÁstyleMapInterpolateV, ╔Á╔ÁstyleProp, 
╔Á╔ÁstylePropInterpolate1, ╔Á╔ÁstylePropInterpolate2, ╔Á╔ÁstylePropInterpolate3, ╔Á╔ÁstylePropInterpolate4, 
╔Á╔ÁstylePropInterpolate5, ╔Á╔ÁstylePropInterpolate6, ╔Á╔ÁstylePropInterpolate7, ╔Á╔ÁstylePropInterpolate8, 
╔Á╔ÁstylePropInterpolateV, ╔Á╔ÁsyntheticHostListener, ╔Á╔ÁsyntheticHostProperty, ╔Á╔Átemplate, 
╔Á╔ÁtemplateRefExtractor, ╔Á╔Átext, ╔Á╔ÁtextInterpolate, ╔Á╔ÁtextInterpolate1, ╔Á╔ÁtextInterpolate2, 
╔Á╔ÁtextInterpolate3, ╔Á╔ÁtextInterpolate4, ╔Á╔ÁtextInterpolate5, ╔Á╔ÁtextInterpolate6, ╔Á╔ÁtextInterpolate7, 
╔Á╔ÁtextInterpolate8, ╔Á╔ÁtextInterpolateV, ╔Á╔ÁtrustConstantHtml, ╔Á╔ÁtrustConstantResourceUrl, ╔Á╔ÁtwoWayBindingSet, 
╔Á╔ÁtwoWayListener, ╔Á╔ÁtwoWayProperty, ╔Á╔ÁvalidateIframeAttribute, ╔Á╔ÁviewQuery, ╔Á╔ÁviewQuerySignal)

../node_modules/@angular/cdk/fesm2022/a11y.mjs:1285:22-64 - Error: export '╔Á╔ÁInputFlags' (imported as 'i0') was not 
found in '@angular/core' (possible exports: ANIMATION_MODULE_TYPE, APP_BOOTSTRAP_LISTENER, APP_ID, APP_INITIALIZER, 
AfterRenderPhase, ApplicationInitStatus, ApplicationModule, ApplicationRef, Attribute, COMPILER_OPTIONS, CSP_NONCE, 
CUSTOM_ELEMENTS_SCHEMA, ChangeDetectionStrategy, ChangeDetectorRef, Compiler, CompilerFactory, Component, 
ComponentFactory, ComponentFactoryResolver, ComponentRef, ContentChild, ContentChildren, DEFAULT_CURRENCY_CODE, 
DebugElement, DebugEventListener, DebugNode, DefaultIterableDiffer, DestroyRef, Directive, ENVIRONMENT_INITIALIZER, 
ElementRef, EmbeddedViewRef, EnvironmentInjector, ErrorHandler, EventEmitter, ExperimentalPendingTasks, HOST_TAG_NAME, 
Host, HostAttributeToken, HostBinding, HostListener, INJECTOR, Inject, InjectFlags, Injectable, InjectionToken, 
Injector, Input, IterableDiffers, KeyValueDiffers, LOCALE_ID, MissingTranslationStrategy, 
ModuleWithComponentFactories, NO_ERRORS_SCHEMA, NgModule, NgModuleFactory, NgModuleRef, NgProbeToken, NgZone, 
Optional, Output, OutputEmitterRef, PACKAGE_ROOT_URL, PLATFORM_ID, PLATFORM_INITIALIZER, Pipe, PlatformRef, Query, 
QueryList, Renderer2, RendererFactory2, RendererStyleFlags2, Sanitizer, SecurityContext, Self, SimpleChange, SkipSelf, 
TRANSLATIONS, TRANSLATIONS_FORMAT, TemplateRef, Testability, TestabilityRegistry, TransferState, Type, VERSION, 
Version, ViewChild, ViewChildren, ViewContainerRef, ViewEncapsulation, ViewRef, afterNextRender, afterRender, 
asNativeElements, assertInInjectionContext, assertNotInReactiveContext, assertPlatform, booleanAttribute, computed, 
contentChild, contentChildren, createComponent, createEnvironmentInjector, createNgModule, createNgModuleRef, 
createPlatform, createPlatformFactory, defineInjectable, destroyPlatform, effect, enableProdMode, forwardRef, 
getDebugNode, getModuleFactory, getNgModuleById, getPlatform, importProvidersFrom, inject, input, isDevMode, isSignal, 
isStandalone, makeEnvironmentProviders, makeStateKey, mergeApplicationConfig, model, numberAttribute, output, 
platformCore, provideExperimentalCheckNoChangesForDebug, provideExperimentalZonelessChangeDetection, 
provideZoneChangeDetection, reflectComponentType, resolveForwardRef, runInInjectionContext, setTestabilityGetter, 
signal, untracked, viewChild, viewChildren, ╔ÁALLOW_MULTIPLE_PLATFORMS, ╔ÁAfterRenderManager, 
╔ÁCONTAINER_HEADER_OFFSET, ╔ÁChangeDetectionScheduler, ╔ÁChangeDetectionSchedulerImpl, ╔ÁComponentFactory, ╔ÁConsole, 
╔ÁDEFAULT_LOCALE_ID, ╔ÁDEFER_BLOCK_CONFIG, ╔ÁDEFER_BLOCK_DEPENDENCY_INTERCEPTOR, ╔ÁDeferBlockBehavior, 
╔ÁDeferBlockState, ╔ÁEffectScheduler, ╔ÁIMAGE_CONFIG, ╔ÁIMAGE_CONFIG_DEFAULTS, ╔ÁINJECTOR_SCOPE, 
╔ÁINPUT_SIGNAL_BRAND_WRITE_TYPE, ╔ÁINTERNAL_APPLICATION_ERROR_HANDLER, ╔ÁIS_HYDRATION_DOM_REUSE_ENABLED, 
╔ÁJSACTION_EVENT_CONTRACT, ╔ÁLContext, ╔ÁLifecycleHooksFeature, ╔ÁLocaleDataIndex, ╔ÁNG_COMP_DEF, ╔ÁNG_DIR_DEF, 
╔ÁNG_ELEMENT_ID, ╔ÁNG_INJ_DEF, ╔ÁNG_MOD_DEF, ╔ÁNG_PIPE_DEF, ╔ÁNG_PROV_DEF, ╔ÁNOT_FOUND_CHECK_ONLY_ELEMENT_INJECTOR, 
╔ÁNO_CHANGE, ╔ÁNgModuleFactory, ╔ÁNoopNgZone, ╔ÁPROVIDED_NG_ZONE, ╔ÁPendingTasks, ╔ÁReflectionCapabilities, 
╔ÁRender3ComponentFactory, ╔ÁRender3ComponentRef, ╔ÁRender3NgModuleRef, ╔ÁRuntimeError, ╔ÁSIGNAL, 
╔ÁSSR_CONTENT_INTEGRITY_MARKER, ╔ÁTESTABILITY, ╔ÁTESTABILITY_GETTER, ╔ÁUSE_RUNTIME_DEPS_TRACKER_FOR_JIT, ╔ÁViewRef, 
╔ÁXSS_SECURITY_URL, ╔ÁZONELESS_ENABLED, ╔Á_sanitizeHtml, ╔Á_sanitizeUrl, ╔ÁallowSanitizationBypassAndThrow, 
╔ÁannotateForHydration, ╔ÁbypassSanitizationTrustHtml, ╔ÁbypassSanitizationTrustResourceUrl, 
╔ÁbypassSanitizationTrustScript, ╔ÁbypassSanitizationTrustStyle, ╔ÁbypassSanitizationTrustUrl, 
╔ÁclearResolutionOfComponentResourcesQueue, ╔ÁcompileComponent, ╔ÁcompileDirective, ╔ÁcompileNgModule, 
╔ÁcompileNgModuleDefs, ╔ÁcompileNgModuleFactory, ╔ÁcompilePipe, ╔ÁconvertToBitFlags, ╔ÁcreateInjector, 
╔ÁdefaultIterableDiffers, ╔ÁdefaultKeyValueDiffers, ╔ÁdepsTracker, ╔ÁdetectChangesInViewIfRequired, ╔ÁdevModeEqual, 
╔ÁfindLocaleData, ╔ÁflushModuleScopingQueueAsMuchAsPossible, ╔ÁformatRuntimeError, 
╔ÁgenerateStandaloneInDeclarationsError, ╔ÁgetAsyncClassMetadataFn, ╔ÁgetDebugNode, ╔ÁgetDeferBlocks, ╔ÁgetDirectives, 
╔ÁgetHostElement, ╔ÁgetInjectableDef, ╔ÁgetLContext, ╔ÁgetLocaleCurrencyCode, ╔ÁgetLocalePluralCase, 
╔ÁgetOutputDestroyRef, ╔ÁgetSanitizationBypassType, ╔ÁgetUnknownElementStrictMode, ╔ÁgetUnknownPropertyStrictMode, 
╔Áglobal, ╔ÁinjectChangeDetectorRef, ╔ÁinternalCreateApplication, ╔ÁinternalProvideZoneChangeDetection, 
╔ÁisBoundToModule, ╔ÁisComponentDefPendingResolution, ╔ÁisEnvironmentProviders, ╔ÁisInjectable, ╔ÁisNgModule, 
╔ÁisPromise, ╔ÁisSubscribable, ╔ÁnoSideEffects, ╔ÁpatchComponentDefWithScope, ╔ÁperformanceMarkFeature, 
╔ÁreadHydrationInfo, ╔ÁregisterLocaleData, ╔ÁrenderDeferBlockState, ╔ÁresetCompiledComponents, ╔ÁresetJitOptions, 
╔ÁresolveComponentResources, ╔ÁrestoreComponentResolutionQueue, ╔ÁsetAllowDuplicateNgModuleIdsForTest, 
╔ÁsetAlternateWeakRefImpl, ╔ÁsetClassDebugInfo, ╔ÁsetClassMetadata, ╔ÁsetClassMetadataAsync, ╔ÁsetCurrentInjector, 
╔ÁsetDocument, ╔ÁsetInjectorProfilerContext, ╔ÁsetLocaleId, ╔ÁsetUnknownElementStrictMode, 
╔ÁsetUnknownPropertyStrictMode, ╔Ástore, ╔Ástringify, ╔ÁtransitiveScopesFor, ╔ÁtriggerResourceLoading, 
╔ÁtruncateMiddle, ╔ÁunregisterLocaleData, ╔ÁunwrapSafeValue, ╔ÁunwrapWritableSignal, ╔ÁwhenStable, ╔ÁwithDomHydration, 
╔ÁwithEventReplay, ╔ÁwithI18nSupport, ╔Á╔ÁCopyDefinitionFeature, ╔Á╔ÁFactoryTarget, ╔Á╔ÁHostDirectivesFeature, 
╔Á╔ÁInheritDefinitionFeature, ╔Á╔ÁInputTransformsFeature, ╔Á╔ÁNgOnChangesFeature, ╔Á╔ÁProvidersFeature, 
╔Á╔ÁStandaloneFeature, ╔Á╔Áadvance, ╔Á╔Áattribute, ╔Á╔ÁattributeInterpolate1, ╔Á╔ÁattributeInterpolate2, 
╔Á╔ÁattributeInterpolate3, ╔Á╔ÁattributeInterpolate4, ╔Á╔ÁattributeInterpolate5, ╔Á╔ÁattributeInterpolate6, 
╔Á╔ÁattributeInterpolate7, ╔Á╔ÁattributeInterpolate8, ╔Á╔ÁattributeInterpolateV, ╔Á╔ÁclassMap, 
╔Á╔ÁclassMapInterpolate1, ╔Á╔ÁclassMapInterpolate2, ╔Á╔ÁclassMapInterpolate3, ╔Á╔ÁclassMapInterpolate4, 
╔Á╔ÁclassMapInterpolate5, ╔Á╔ÁclassMapInterpolate6, ╔Á╔ÁclassMapInterpolate7, ╔Á╔ÁclassMapInterpolate8, 
╔Á╔ÁclassMapInterpolateV, ╔Á╔ÁclassProp, ╔Á╔ÁcomponentInstance, ╔Á╔Áconditional, ╔Á╔ÁcontentQuery, 
╔Á╔ÁcontentQuerySignal, ╔Á╔ÁdeclareLet, ╔Á╔Ádefer, ╔Á╔ÁdeferEnableTimerScheduling, ╔Á╔ÁdeferOnHover, ╔Á╔ÁdeferOnIdle, 
╔Á╔ÁdeferOnImmediate, ╔Á╔ÁdeferOnInteraction, ╔Á╔ÁdeferOnTimer, ╔Á╔ÁdeferOnViewport, ╔Á╔ÁdeferPrefetchOnHover, 
╔Á╔ÁdeferPrefetchOnIdle, ╔Á╔ÁdeferPrefetchOnImmediate, ╔Á╔ÁdeferPrefetchOnInteraction, ╔Á╔ÁdeferPrefetchOnTimer, 
╔Á╔ÁdeferPrefetchOnViewport, ╔Á╔ÁdeferPrefetchWhen, ╔Á╔ÁdeferWhen, ╔Á╔ÁdefineComponent, ╔Á╔ÁdefineDirective, 
╔Á╔ÁdefineInjectable, ╔Á╔ÁdefineInjector, ╔Á╔ÁdefineNgModule, ╔Á╔ÁdefinePipe, ╔Á╔ÁdirectiveInject, 
╔Á╔ÁdisableBindings, ╔Á╔Áelement, ╔Á╔ÁelementContainer, ╔Á╔ÁelementContainerEnd, ╔Á╔ÁelementContainerStart, 
╔Á╔ÁelementEnd, ╔Á╔ÁelementStart, ╔Á╔ÁenableBindings, ╔Á╔ÁgetComponentDepsFactory, ╔Á╔ÁgetCurrentView, 
╔Á╔ÁgetInheritedFactory, ╔Á╔ÁhostProperty, ╔Á╔Ái18n, ╔Á╔Ái18nApply, ╔Á╔Ái18nAttributes, ╔Á╔Ái18nEnd, ╔Á╔Ái18nExp, 
╔Á╔Ái18nPostprocess, ╔Á╔Ái18nStart, ╔Á╔Áinject, ╔Á╔ÁinjectAttribute, ╔Á╔ÁinvalidFactory, ╔Á╔ÁinvalidFactoryDep, 
╔Á╔Álistener, ╔Á╔ÁloadQuery, ╔Á╔ÁnamespaceHTML, ╔Á╔ÁnamespaceMathML, ╔Á╔ÁnamespaceSVG, ╔Á╔ÁnextContext, 
╔Á╔ÁngDeclareClassMetadata, ╔Á╔ÁngDeclareClassMetadataAsync, ╔Á╔ÁngDeclareComponent, ╔Á╔ÁngDeclareDirective, 
╔Á╔ÁngDeclareFactory, ╔Á╔ÁngDeclareInjectable, ╔Á╔ÁngDeclareInjector, ╔Á╔ÁngDeclareNgModule, ╔Á╔ÁngDeclarePipe, 
╔Á╔Ápipe, ╔Á╔ÁpipeBind1, ╔Á╔ÁpipeBind2, ╔Á╔ÁpipeBind3, ╔Á╔ÁpipeBind4, ╔Á╔ÁpipeBindV, ╔Á╔Áprojection, 
╔Á╔ÁprojectionDef, ╔Á╔Áproperty, ╔Á╔ÁpropertyInterpolate, ╔Á╔ÁpropertyInterpolate1, ╔Á╔ÁpropertyInterpolate2, 
╔Á╔ÁpropertyInterpolate3, ╔Á╔ÁpropertyInterpolate4, ╔Á╔ÁpropertyInterpolate5, ╔Á╔ÁpropertyInterpolate6, 
╔Á╔ÁpropertyInterpolate7, ╔Á╔ÁpropertyInterpolate8, ╔Á╔ÁpropertyInterpolateV, ╔Á╔ÁpureFunction0, ╔Á╔ÁpureFunction1, 
╔Á╔ÁpureFunction2, ╔Á╔ÁpureFunction3, ╔Á╔ÁpureFunction4, ╔Á╔ÁpureFunction5, ╔Á╔ÁpureFunction6, ╔Á╔ÁpureFunction7, 
╔Á╔ÁpureFunction8, ╔Á╔ÁpureFunctionV, ╔Á╔ÁqueryAdvance, ╔Á╔ÁqueryRefresh, ╔Á╔ÁreadContextLet, ╔Á╔Áreference, 
╔Á╔ÁregisterNgModuleType, ╔Á╔Árepeater, ╔Á╔ÁrepeaterCreate, ╔Á╔ÁrepeaterTrackByIdentity, ╔Á╔ÁrepeaterTrackByIndex, 
╔Á╔ÁresetView, ╔Á╔ÁresolveBody, ╔Á╔ÁresolveDocument, ╔Á╔ÁresolveWindow, ╔Á╔ÁrestoreView, ╔Á╔ÁsanitizeHtml, 
╔Á╔ÁsanitizeResourceUrl, ╔Á╔ÁsanitizeScript, ╔Á╔ÁsanitizeStyle, ╔Á╔ÁsanitizeUrl, ╔Á╔ÁsanitizeUrlOrResourceUrl, 
╔Á╔ÁsetComponentScope, ╔Á╔ÁsetNgModuleScope, ╔Á╔ÁstoreLet, ╔Á╔ÁstyleMap, ╔Á╔ÁstyleMapInterpolate1, 
╔Á╔ÁstyleMapInterpolate2, ╔Á╔ÁstyleMapInterpolate3, ╔Á╔ÁstyleMapInterpolate4, ╔Á╔ÁstyleMapInterpolate5, 
╔Á╔ÁstyleMapInterpolate6, ╔Á╔ÁstyleMapInterpolate7, ╔Á╔ÁstyleMapInterpolate8, ╔Á╔ÁstyleMapInterpolateV, ╔Á╔ÁstyleProp, 
╔Á╔ÁstylePropInterpolate1, ╔Á╔ÁstylePropInterpolate2, ╔Á╔ÁstylePropInterpolate3, ╔Á╔ÁstylePropInterpolate4, 
╔Á╔ÁstylePropInterpolate5, ╔Á╔ÁstylePropInterpolate6, ╔Á╔ÁstylePropInterpolate7, ╔Á╔ÁstylePropInterpolate8, 
╔Á╔ÁstylePropInterpolateV, ╔Á╔ÁsyntheticHostListener, ╔Á╔ÁsyntheticHostProperty, ╔Á╔Átemplate, 
╔Á╔ÁtemplateRefExtractor, ╔Á╔Átext, ╔Á╔ÁtextInterpolate, ╔Á╔ÁtextInterpolate1, ╔Á╔ÁtextInterpolate2, 
╔Á╔ÁtextInterpolate3, ╔Á╔ÁtextInterpolate4, ╔Á╔ÁtextInterpolate5, ╔Á╔ÁtextInterpolate6, ╔Á╔ÁtextInterpolate7, 
╔Á╔ÁtextInterpolate8, ╔Á╔ÁtextInterpolateV, ╔Á╔ÁtrustConstantHtml, ╔Á╔ÁtrustConstantResourceUrl, ╔Á╔ÁtwoWayBindingSet, 
╔Á╔ÁtwoWayListener, ╔Á╔ÁtwoWayProperty, ╔Á╔ÁvalidateIframeAttribute, ╔Á╔ÁviewQuery, ╔Á╔ÁviewQuerySignal)

../node_modules/@angular/cdk/fesm2022/a11y.mjs:1973:21-41 - Error: export '╔Á╔ÁInputFlags' (imported as 'i0') was not 
found in '@angular/core' (possible exports: ANIMATION_MODULE_TYPE, APP_BOOTSTRAP_LISTENER, APP_ID, APP_INITIALIZER, 
AfterRenderPhase, ApplicationInitStatus, ApplicationModule, ApplicationRef, Attribute, COMPILER_OPTIONS, CSP_NONCE, 
CUSTOM_ELEMENTS_SCHEMA, ChangeDetectionStrategy, ChangeDetectorRef, Compiler, CompilerFactory, Component, 
ComponentFactory, ComponentFactoryResolver, ComponentRef, ContentChild, ContentChildren, DEFAULT_CURRENCY_CODE, 
DebugElement, DebugEventListener, DebugNode, DefaultIterableDiffer, DestroyRef, Directive, ENVIRONMENT_INITIALIZER, 
ElementRef, EmbeddedViewRef, EnvironmentInjector, ErrorHandler, EventEmitter, ExperimentalPendingTasks, HOST_TAG_NAME, 
Host, HostAttributeToken, HostBinding, HostListener, INJECTOR, Inject, InjectFlags, Injectable, InjectionToken, 
Injector, Input, IterableDiffers, KeyValueDiffers, LOCALE_ID, MissingTranslationStrategy, 
ModuleWithComponentFactories, NO_ERRORS_SCHEMA, NgModule, NgModuleFactory, NgModuleRef, NgProbeToken, NgZone, 
Optional, Output, OutputEmitterRef, PACKAGE_ROOT_URL, PLATFORM_ID, PLATFORM_INITIALIZER, Pipe, PlatformRef, Query, 
QueryList, Renderer2, RendererFactory2, RendererStyleFlags2, Sanitizer, SecurityContext, Self, SimpleChange, SkipSelf, 
TRANSLATIONS, TRANSLATIONS_FORMAT, TemplateRef, Testability, TestabilityRegistry, TransferState, Type, VERSION, 
Version, ViewChild, ViewChildren, ViewContainerRef, ViewEncapsulation, ViewRef, afterNextRender, afterRender, 
asNativeElements, assertInInjectionContext, assertNotInReactiveContext, assertPlatform, booleanAttribute, computed, 
contentChild, contentChildren, createComponent, createEnvironmentInjector, createNgModule, createNgModuleRef, 
createPlatform, createPlatformFactory, defineInjectable, destroyPlatform, effect, enableProdMode, forwardRef, 
getDebugNode, getModuleFactory, getNgModuleById, getPlatform, importProvidersFrom, inject, input, isDevMode, isSignal, 
isStandalone, makeEnvironmentProviders, makeStateKey, mergeApplicationConfig, model, numberAttribute, output, 
platformCore, provideExperimentalCheckNoChangesForDebug, provideExperimentalZonelessChangeDetection, 
provideZoneChangeDetection, reflectComponentType, resolveForwardRef, runInInjectionContext, setTestabilityGetter, 
signal, untracked, viewChild, viewChildren, ╔ÁALLOW_MULTIPLE_PLATFORMS, ╔ÁAfterRenderManager, 
╔ÁCONTAINER_HEADER_OFFSET, ╔ÁChangeDetectionScheduler, ╔ÁChangeDetectionSchedulerImpl, ╔ÁComponentFactory, ╔ÁConsole, 
╔ÁDEFAULT_LOCALE_ID, ╔ÁDEFER_BLOCK_CONFIG, ╔ÁDEFER_BLOCK_DEPENDENCY_INTERCEPTOR, ╔ÁDeferBlockBehavior, 
╔ÁDeferBlockState, ╔ÁEffectScheduler, ╔ÁIMAGE_CONFIG, ╔ÁIMAGE_CONFIG_DEFAULTS, ╔ÁINJECTOR_SCOPE, 
╔ÁINPUT_SIGNAL_BRAND_WRITE_TYPE, ╔ÁINTERNAL_APPLICATION_ERROR_HANDLER, ╔ÁIS_HYDRATION_DOM_REUSE_ENABLED, 
╔ÁJSACTION_EVENT_CONTRACT, ╔ÁLContext, ╔ÁLifecycleHooksFeature, ╔ÁLocaleDataIndex, ╔ÁNG_COMP_DEF, ╔ÁNG_DIR_DEF, 
╔ÁNG_ELEMENT_ID, ╔ÁNG_INJ_DEF, ╔ÁNG_MOD_DEF, ╔ÁNG_PIPE_DEF, ╔ÁNG_PROV_DEF, ╔ÁNOT_FOUND_CHECK_ONLY_ELEMENT_INJECTOR, 
╔ÁNO_CHANGE, ╔ÁNgModuleFactory, ╔ÁNoopNgZone, ╔ÁPROVIDED_NG_ZONE, ╔ÁPendingTasks, ╔ÁReflectionCapabilities, 
╔ÁRender3ComponentFactory, ╔ÁRender3ComponentRef, ╔ÁRender3NgModuleRef, ╔ÁRuntimeError, ╔ÁSIGNAL, 
╔ÁSSR_CONTENT_INTEGRITY_MARKER, ╔ÁTESTABILITY, ╔ÁTESTABILITY_GETTER, ╔ÁUSE_RUNTIME_DEPS_TRACKER_FOR_JIT, ╔ÁViewRef, 
╔ÁXSS_SECURITY_URL, ╔ÁZONELESS_ENABLED, ╔Á_sanitizeHtml, ╔Á_sanitizeUrl, ╔ÁallowSanitizationBypassAndThrow, 
╔ÁannotateForHydration, ╔ÁbypassSanitizationTrustHtml, ╔ÁbypassSanitizationTrustResourceUrl, 
╔ÁbypassSanitizationTrustScript, ╔ÁbypassSanitizationTrustStyle, ╔ÁbypassSanitizationTrustUrl, 
╔ÁclearResolutionOfComponentResourcesQueue, ╔ÁcompileComponent, ╔ÁcompileDirective, ╔ÁcompileNgModule, 
╔ÁcompileNgModuleDefs, ╔ÁcompileNgModuleFactory, ╔ÁcompilePipe, ╔ÁconvertToBitFlags, ╔ÁcreateInjector, 
╔ÁdefaultIterableDiffers, ╔ÁdefaultKeyValueDiffers, ╔ÁdepsTracker, ╔ÁdetectChangesInViewIfRequired, ╔ÁdevModeEqual, 
╔ÁfindLocaleData, ╔ÁflushModuleScopingQueueAsMuchAsPossible, ╔ÁformatRuntimeError, 
╔ÁgenerateStandaloneInDeclarationsError, ╔ÁgetAsyncClassMetadataFn, ╔ÁgetDebugNode, ╔ÁgetDeferBlocks, ╔ÁgetDirectives, 
╔ÁgetHostElement, ╔ÁgetInjectableDef, ╔ÁgetLContext, ╔ÁgetLocaleCurrencyCode, ╔ÁgetLocalePluralCase, 
╔ÁgetOutputDestroyRef, ╔ÁgetSanitizationBypassType, ╔ÁgetUnknownElementStrictMode, ╔ÁgetUnknownPropertyStrictMode, 
╔Áglobal, ╔ÁinjectChangeDetectorRef, ╔ÁinternalCreateApplication, ╔ÁinternalProvideZoneChangeDetection, 
╔ÁisBoundToModule, ╔ÁisComponentDefPendingResolution, ╔ÁisEnvironmentProviders, ╔ÁisInjectable, ╔ÁisNgModule, 
╔ÁisPromise, ╔ÁisSubscribable, ╔ÁnoSideEffects, ╔ÁpatchComponentDefWithScope, ╔ÁperformanceMarkFeature, 
╔ÁreadHydrationInfo, ╔ÁregisterLocaleData, ╔ÁrenderDeferBlockState, ╔ÁresetCompiledComponents, ╔ÁresetJitOptions, 
╔ÁresolveComponentResources, ╔ÁrestoreComponentResolutionQueue, ╔ÁsetAllowDuplicateNgModuleIdsForTest, 
╔ÁsetAlternateWeakRefImpl, ╔ÁsetClassDebugInfo, ╔ÁsetClassMetadata, ╔ÁsetClassMetadataAsync, ╔ÁsetCurrentInjector, 
╔ÁsetDocument, ╔ÁsetInjectorProfilerContext, ╔ÁsetLocaleId, ╔ÁsetUnknownElementStrictMode, 
╔ÁsetUnknownPropertyStrictMode, ╔Ástore, ╔Ástringify, ╔ÁtransitiveScopesFor, ╔ÁtriggerResourceLoading, 
╔ÁtruncateMiddle, ╔ÁunregisterLocaleData, ╔ÁunwrapSafeValue, ╔ÁunwrapWritableSignal, ╔ÁwhenStable, ╔ÁwithDomHydration, 
╔ÁwithEventReplay, ╔ÁwithI18nSupport, ╔Á╔ÁCopyDefinitionFeature, ╔Á╔ÁFactoryTarget, ╔Á╔ÁHostDirectivesFeature, 
╔Á╔ÁInheritDefinitionFeature, ╔Á╔ÁInputTransformsFeature, ╔Á╔ÁNgOnChangesFeature, ╔Á╔ÁProvidersFeature, 
╔Á╔ÁStandaloneFeature, ╔Á╔Áadvance, ╔Á╔Áattribute, ╔Á╔ÁattributeInterpolate1, ╔Á╔ÁattributeInterpolate2, 
╔Á╔ÁattributeInterpolate3, ╔Á╔ÁattributeInterpolate4, ╔Á╔ÁattributeInterpolate5, ╔Á╔ÁattributeInterpolate6, 
╔Á╔ÁattributeInterpolate7, ╔Á╔ÁattributeInterpolate8, ╔Á╔ÁattributeInterpolateV, ╔Á╔ÁclassMap, 
╔Á╔ÁclassMapInterpolate1, ╔Á╔ÁclassMapInterpolate2, ╔Á╔ÁclassMapInterpolate3, ╔Á╔ÁclassMapInterpolate4, 
╔Á╔ÁclassMapInterpolate5, ╔Á╔ÁclassMapInterpolate6, ╔Á╔ÁclassMapInterpolate7, ╔Á╔ÁclassMapInterpolate8, 
╔Á╔ÁclassMapInterpolateV, ╔Á╔ÁclassProp, ╔Á╔ÁcomponentInstance, ╔Á╔Áconditional, ╔Á╔ÁcontentQuery, 
╔Á╔ÁcontentQuerySignal, ╔Á╔ÁdeclareLet, ╔Á╔Ádefer, ╔Á╔ÁdeferEnableTimerScheduling, ╔Á╔ÁdeferOnHover, ╔Á╔ÁdeferOnIdle, 
╔Á╔ÁdeferOnImmediate, ╔Á╔ÁdeferOnInteraction, ╔Á╔ÁdeferOnTimer, ╔Á╔ÁdeferOnViewport, ╔Á╔ÁdeferPrefetchOnHover, 
╔Á╔ÁdeferPrefetchOnIdle, ╔Á╔ÁdeferPrefetchOnImmediate, ╔Á╔ÁdeferPrefetchOnInteraction, ╔Á╔ÁdeferPrefetchOnTimer, 
╔Á╔ÁdeferPrefetchOnViewport, ╔Á╔ÁdeferPrefetchWhen, ╔Á╔ÁdeferWhen, ╔Á╔ÁdefineComponent, ╔Á╔ÁdefineDirective, 
╔Á╔ÁdefineInjectable, ╔Á╔ÁdefineInjector, ╔Á╔ÁdefineNgModule, ╔Á╔ÁdefinePipe, ╔Á╔ÁdirectiveInject, 
╔Á╔ÁdisableBindings, ╔Á╔Áelement, ╔Á╔ÁelementContainer, ╔Á╔ÁelementContainerEnd, ╔Á╔ÁelementContainerStart, 
╔Á╔ÁelementEnd, ╔Á╔ÁelementStart, ╔Á╔ÁenableBindings, ╔Á╔ÁgetComponentDepsFactory, ╔Á╔ÁgetCurrentView, 
╔Á╔ÁgetInheritedFactory, ╔Á╔ÁhostProperty, ╔Á╔Ái18n, ╔Á╔Ái18nApply, ╔Á╔Ái18nAttributes, ╔Á╔Ái18nEnd, ╔Á╔Ái18nExp, 
╔Á╔Ái18nPostprocess, ╔Á╔Ái18nStart, ╔Á╔Áinject, ╔Á╔ÁinjectAttribute, ╔Á╔ÁinvalidFactory, ╔Á╔ÁinvalidFactoryDep, 
╔Á╔Álistener, ╔Á╔ÁloadQuery, ╔Á╔ÁnamespaceHTML, ╔Á╔ÁnamespaceMathML, ╔Á╔ÁnamespaceSVG, ╔Á╔ÁnextContext, 
╔Á╔ÁngDeclareClassMetadata, ╔Á╔ÁngDeclareClassMetadataAsync, ╔Á╔ÁngDeclareComponent, ╔Á╔ÁngDeclareDirective, 
╔Á╔ÁngDeclareFactory, ╔Á╔ÁngDeclareInjectable, ╔Á╔ÁngDeclareInjector, ╔Á╔ÁngDeclareNgModule, ╔Á╔ÁngDeclarePipe, 
╔Á╔Ápipe, ╔Á╔ÁpipeBind1, ╔Á╔ÁpipeBind2, ╔Á╔ÁpipeBind3, ╔Á╔ÁpipeBind4, ╔Á╔ÁpipeBindV, ╔Á╔Áprojection, 
╔Á╔ÁprojectionDef, ╔Á╔Áproperty, ╔Á╔ÁpropertyInterpolate, ╔Á╔ÁpropertyInterpolate1, ╔Á╔ÁpropertyInterpolate2, 
╔Á╔ÁpropertyInterpolate3, ╔Á╔ÁpropertyInterpolate4, ╔Á╔ÁpropertyInterpolate5, ╔Á╔ÁpropertyInterpolate6, 
╔Á╔ÁpropertyInterpolate7, ╔Á╔ÁpropertyInterpolate8, ╔Á╔ÁpropertyInterpolateV, ╔Á╔ÁpureFunction0, ╔Á╔ÁpureFunction1, 
╔Á╔ÁpureFunction2, ╔Á╔ÁpureFunction3, ╔Á╔ÁpureFunction4, ╔Á╔ÁpureFunction5, ╔Á╔ÁpureFunction6, ╔Á╔ÁpureFunction7, 
╔Á╔ÁpureFunction8, ╔Á╔ÁpureFunctionV, ╔Á╔ÁqueryAdvance, ╔Á╔ÁqueryRefresh, ╔Á╔ÁreadContextLet, ╔Á╔Áreference, 
╔Á╔ÁregisterNgModuleType, ╔Á╔Árepeater, ╔Á╔ÁrepeaterCreate, ╔Á╔ÁrepeaterTrackByIdentity, ╔Á╔ÁrepeaterTrackByIndex, 
╔Á╔ÁresetView, ╔Á╔ÁresolveBody, ╔Á╔ÁresolveDocument, ╔Á╔ÁresolveWindow, ╔Á╔ÁrestoreView, ╔Á╔ÁsanitizeHtml, 
╔Á╔ÁsanitizeResourceUrl, ╔Á╔ÁsanitizeScript, ╔Á╔ÁsanitizeStyle, ╔Á╔ÁsanitizeUrl, ╔Á╔ÁsanitizeUrlOrResourceUrl, 
╔Á╔ÁsetComponentScope, ╔Á╔ÁsetNgModuleScope, ╔Á╔ÁstoreLet, ╔Á╔ÁstyleMap, ╔Á╔ÁstyleMapInterpolate1, 
╔Á╔ÁstyleMapInterpolate2, ╔Á╔ÁstyleMapInterpolate3, ╔Á╔ÁstyleMapInterpolate4, ╔Á╔ÁstyleMapInterpolate5, 
╔Á╔ÁstyleMapInterpolate6, ╔Á╔ÁstyleMapInterpolate7, ╔Á╔ÁstyleMapInterpolate8, ╔Á╔ÁstyleMapInterpolateV, ╔Á╔ÁstyleProp, 
╔Á╔ÁstylePropInterpolate1, ╔Á╔ÁstylePropInterpolate2, ╔Á╔ÁstylePropInterpolate3, ╔Á╔ÁstylePropInterpolate4, 
╔Á╔ÁstylePropInterpolate5, ╔Á╔ÁstylePropInterpolate6, ╔Á╔ÁstylePropInterpolate7, ╔Á╔ÁstylePropInterpolate8, 
╔Á╔ÁstylePropInterpolateV, ╔Á╔ÁsyntheticHostListener, ╔Á╔ÁsyntheticHostProperty, ╔Á╔Átemplate, 
╔Á╔ÁtemplateRefExtractor, ╔Á╔Átext, ╔Á╔ÁtextInterpolate, ╔Á╔ÁtextInterpolate1, ╔Á╔ÁtextInterpolate2, 
╔Á╔ÁtextInterpolate3, ╔Á╔ÁtextInterpolate4, ╔Á╔ÁtextInterpolate5, ╔Á╔ÁtextInterpolate6, ╔Á╔ÁtextInterpolate7, 
╔Á╔ÁtextInterpolate8, ╔Á╔ÁtextInterpolateV, ╔Á╔ÁtrustConstantHtml, ╔Á╔ÁtrustConstantResourceUrl, ╔Á╔ÁtwoWayBindingSet, 
╔Á╔ÁtwoWayListener, ╔Á╔ÁtwoWayProperty, ╔Á╔ÁvalidateIframeAttribute, ╔Á╔ÁviewQuery, ╔Á╔ÁviewQuerySignal)

../node_modules/@angular/cdk/fesm2022/a11y.mjs:1974:19-39 - Error: export '╔Á╔ÁInputFlags' (imported as 'i0') was not 
found in '@angular/core' (possible exports: ANIMATION_MODULE_TYPE, APP_BOOTSTRAP_LISTENER, APP_ID, APP_INITIALIZER, 
AfterRenderPhase, ApplicationInitStatus, ApplicationModule, ApplicationRef, Attribute, COMPILER_OPTIONS, CSP_NONCE, 
CUSTOM_ELEMENTS_SCHEMA, ChangeDetectionStrategy, ChangeDetectorRef, Compiler, CompilerFactory, Component, 
ComponentFactory, ComponentFactoryResolver, ComponentRef, ContentChild, ContentChildren, DEFAULT_CURRENCY_CODE, 
DebugElement, DebugEventListener, DebugNode, DefaultIterableDiffer, DestroyRef, Directive, ENVIRONMENT_INITIALIZER, 
ElementRef, EmbeddedViewRef, EnvironmentInjector, ErrorHandler, EventEmitter, ExperimentalPendingTasks, HOST_TAG_NAME, 
Host, HostAttributeToken, HostBinding, HostListener, INJECTOR, Inject, InjectFlags, Injectable, InjectionToken, 
Injector, Input, IterableDiffers, KeyValueDiffers, LOCALE_ID, MissingTranslationStrategy, 
ModuleWithComponentFactories, NO_ERRORS_SCHEMA, NgModule, NgModuleFactory, NgModuleRef, NgProbeToken, NgZone, 
Optional, Output, OutputEmitterRef, PACKAGE_ROOT_URL, PLATFORM_ID, PLATFORM_INITIALIZER, Pipe, PlatformRef, Query, 
QueryList, Renderer2, RendererFactory2, RendererStyleFlags2, Sanitizer, SecurityContext, Self, SimpleChange, SkipSelf, 
TRANSLATIONS, TRANSLATIONS_FORMAT, TemplateRef, Testability, TestabilityRegistry, TransferState, Type, VERSION, 
Version, ViewChild, ViewChildren, ViewContainerRef, ViewEncapsulation, ViewRef, afterNextRender, afterRender, 
asNativeElements, assertInInjectionContext, assertNotInReactiveContext, assertPlatform, booleanAttribute, computed, 
contentChild, contentChildren, createComponent, createEnvironmentInjector, createNgModule, createNgModuleRef, 
createPlatform, createPlatformFactory, defineInjectable, destroyPlatform, effect, enableProdMode, forwardRef, 
getDebugNode, getModuleFactory, getNgModuleById, getPlatform, importProvidersFrom, inject, input, isDevMode, isSignal, 
isStandalone, makeEnvironmentProviders, makeStateKey, mergeApplicationConfig, model, numberAttribute, output, 
platformCore, provideExperimentalCheckNoChangesForDebug, provideExperimentalZonelessChangeDetection, 
provideZoneChangeDetection, reflectComponentType, resolveForwardRef, runInInjectionContext, setTestabilityGetter, 
signal, untracked, viewChild, viewChildren, ╔ÁALLOW_MULTIPLE_PLATFORMS, ╔ÁAfterRenderManager, 
╔ÁCONTAINER_HEADER_OFFSET, ╔ÁChangeDetectionScheduler, ╔ÁChangeDetectionSchedulerImpl, ╔ÁComponentFactory, ╔ÁConsole, 
╔ÁDEFAULT_LOCALE_ID, ╔ÁDEFER_BLOCK_CONFIG, ╔ÁDEFER_BLOCK_DEPENDENCY_INTERCEPTOR, ╔ÁDeferBlockBehavior, 
╔ÁDeferBlockState, ╔ÁEffectScheduler, ╔ÁIMAGE_CONFIG, ╔ÁIMAGE_CONFIG_DEFAULTS, ╔ÁINJECTOR_SCOPE, 
╔ÁINPUT_SIGNAL_BRAND_WRITE_TYPE, ╔ÁINTERNAL_APPLICATION_ERROR_HANDLER, ╔ÁIS_HYDRATION_DOM_REUSE_ENABLED, 
╔ÁJSACTION_EVENT_CONTRACT, ╔ÁLContext, ╔ÁLifecycleHooksFeature, ╔ÁLocaleDataIndex, ╔ÁNG_COMP_DEF, ╔ÁNG_DIR_DEF, 
╔ÁNG_ELEMENT_ID, ╔ÁNG_INJ_DEF, ╔ÁNG_MOD_DEF, ╔ÁNG_PIPE_DEF, ╔ÁNG_PROV_DEF, ╔ÁNOT_FOUND_CHECK_ONLY_ELEMENT_INJECTOR, 
╔ÁNO_CHANGE, ╔ÁNgModuleFactory, ╔ÁNoopNgZone, ╔ÁPROVIDED_NG_ZONE, ╔ÁPendingTasks, ╔ÁReflectionCapabilities, 
╔ÁRender3ComponentFactory, ╔ÁRender3ComponentRef, ╔ÁRender3NgModuleRef, ╔ÁRuntimeError, ╔ÁSIGNAL, 
╔ÁSSR_CONTENT_INTEGRITY_MARKER, ╔ÁTESTABILITY, ╔ÁTESTABILITY_GETTER, ╔ÁUSE_RUNTIME_DEPS_TRACKER_FOR_JIT, ╔ÁViewRef, 
╔ÁXSS_SECURITY_URL, ╔ÁZONELESS_ENABLED, ╔Á_sanitizeHtml, ╔Á_sanitizeUrl, ╔ÁallowSanitizationBypassAndThrow, 
╔ÁannotateForHydration, ╔ÁbypassSanitizationTrustHtml, ╔ÁbypassSanitizationTrustResourceUrl, 
╔ÁbypassSanitizationTrustScript, ╔ÁbypassSanitizationTrustStyle, ╔ÁbypassSanitizationTrustUrl, 
╔ÁclearResolutionOfComponentResourcesQueue, ╔ÁcompileComponent, ╔ÁcompileDirective, ╔ÁcompileNgModule, 
╔ÁcompileNgModuleDefs, ╔ÁcompileNgModuleFactory, ╔ÁcompilePipe, ╔ÁconvertToBitFlags, ╔ÁcreateInjector, 
╔ÁdefaultIterableDiffers, ╔ÁdefaultKeyValueDiffers, ╔ÁdepsTracker, ╔ÁdetectChangesInViewIfRequired, ╔ÁdevModeEqual, 
╔ÁfindLocaleData, ╔ÁflushModuleScopingQueueAsMuchAsPossible, ╔ÁformatRuntimeError, 
╔ÁgenerateStandaloneInDeclarationsError, ╔ÁgetAsyncClassMetadataFn, ╔ÁgetDebugNode, ╔ÁgetDeferBlocks, ╔ÁgetDirectives, 
╔ÁgetHostElement, ╔ÁgetInjectableDef, ╔ÁgetLContext, ╔ÁgetLocaleCurrencyCode, ╔ÁgetLocalePluralCase, 
╔ÁgetOutputDestroyRef, ╔ÁgetSanitizationBypassType, ╔ÁgetUnknownElementStrictMode, ╔ÁgetUnknownPropertyStrictMode, 
╔Áglobal, ╔ÁinjectChangeDetectorRef, ╔ÁinternalCreateApplication, ╔ÁinternalProvideZoneChangeDetection, 
╔ÁisBoundToModule, ╔ÁisComponentDefPendingResolution, ╔ÁisEnvironmentProviders, ╔ÁisInjectable, ╔ÁisNgModule, 
╔ÁisPromise, ╔ÁisSubscribable, ╔ÁnoSideEffects, ╔ÁpatchComponentDefWithScope, ╔ÁperformanceMarkFeature, 
╔ÁreadHydrationInfo, ╔ÁregisterLocaleData, ╔ÁrenderDeferBlockState, ╔ÁresetCompiledComponents, ╔ÁresetJitOptions, 
╔ÁresolveComponentResources, ╔ÁrestoreComponentResolutionQueue, ╔ÁsetAllowDuplicateNgModuleIdsForTest, 
╔ÁsetAlternateWeakRefImpl, ╔ÁsetClassDebugInfo, ╔ÁsetClassMetadata, ╔ÁsetClassMetadataAsync, ╔ÁsetCurrentInjector, 
╔ÁsetDocument, ╔ÁsetInjectorProfilerContext, ╔ÁsetLocaleId, ╔ÁsetUnknownElementStrictMode, 
╔ÁsetUnknownPropertyStrictMode, ╔Ástore, ╔Ástringify, ╔ÁtransitiveScopesFor, ╔ÁtriggerResourceLoading, 
╔ÁtruncateMiddle, ╔ÁunregisterLocaleData, ╔ÁunwrapSafeValue, ╔ÁunwrapWritableSignal, ╔ÁwhenStable, ╔ÁwithDomHydration, 
╔ÁwithEventReplay, ╔ÁwithI18nSupport, ╔Á╔ÁCopyDefinitionFeature, ╔Á╔ÁFactoryTarget, ╔Á╔ÁHostDirectivesFeature, 
╔Á╔ÁInheritDefinitionFeature, ╔Á╔ÁInputTransformsFeature, ╔Á╔ÁNgOnChangesFeature, ╔Á╔ÁProvidersFeature, 
╔Á╔ÁStandaloneFeature, ╔Á╔Áadvance, ╔Á╔Áattribute, ╔Á╔ÁattributeInterpolate1, ╔Á╔ÁattributeInterpolate2, 
╔Á╔ÁattributeInterpolate3, ╔Á╔ÁattributeInterpolate4, ╔Á╔ÁattributeInterpolate5, ╔Á╔ÁattributeInterpolate6, 
╔Á╔ÁattributeInterpolate7, ╔Á╔ÁattributeInterpolate8, ╔Á╔ÁattributeInterpolateV, ╔Á╔ÁclassMap, 
╔Á╔ÁclassMapInterpolate1, ╔Á╔ÁclassMapInterpolate2, ╔Á╔ÁclassMapInterpolate3, ╔Á╔ÁclassMapInterpolate4, 
╔Á╔ÁclassMapInterpolate5, ╔Á╔ÁclassMapInterpolate6, ╔Á╔ÁclassMapInterpolate7, ╔Á╔ÁclassMapInterpolate8, 
╔Á╔ÁclassMapInterpolateV, ╔Á╔ÁclassProp, ╔Á╔ÁcomponentInstance, ╔Á╔Áconditional, ╔Á╔ÁcontentQuery, 
╔Á╔ÁcontentQuerySignal, ╔Á╔ÁdeclareLet, ╔Á╔Ádefer, ╔Á╔ÁdeferEnableTimerScheduling, ╔Á╔ÁdeferOnHover, ╔Á╔ÁdeferOnIdle, 
╔Á╔ÁdeferOnImmediate, ╔Á╔ÁdeferOnInteraction, ╔Á╔ÁdeferOnTimer, ╔Á╔ÁdeferOnViewport, ╔Á╔ÁdeferPrefetchOnHover, 
╔Á╔ÁdeferPrefetchOnIdle, ╔Á╔ÁdeferPrefetchOnImmediate, ╔Á╔ÁdeferPrefetchOnInteraction, ╔Á╔ÁdeferPrefetchOnTimer, 
╔Á╔ÁdeferPrefetchOnViewport, ╔Á╔ÁdeferPrefetchWhen, ╔Á╔ÁdeferWhen, ╔Á╔ÁdefineComponent, ╔Á╔ÁdefineDirective, 
╔Á╔ÁdefineInjectable, ╔Á╔ÁdefineInjector, ╔Á╔ÁdefineNgModule, ╔Á╔ÁdefinePipe, ╔Á╔ÁdirectiveInject, 
╔Á╔ÁdisableBindings, ╔Á╔Áelement, ╔Á╔ÁelementContainer, ╔Á╔ÁelementContainerEnd, ╔Á╔ÁelementContainerStart, 
╔Á╔ÁelementEnd, ╔Á╔ÁelementStart, ╔Á╔ÁenableBindings, ╔Á╔ÁgetComponentDepsFactory, ╔Á╔ÁgetCurrentView, 
╔Á╔ÁgetInheritedFactory, ╔Á╔ÁhostProperty, ╔Á╔Ái18n, ╔Á╔Ái18nApply, ╔Á╔Ái18nAttributes, ╔Á╔Ái18nEnd, ╔Á╔Ái18nExp, 
╔Á╔Ái18nPostprocess, ╔Á╔Ái18nStart, ╔Á╔Áinject, ╔Á╔ÁinjectAttribute, ╔Á╔ÁinvalidFactory, ╔Á╔ÁinvalidFactoryDep, 
╔Á╔Álistener, ╔Á╔ÁloadQuery, ╔Á╔ÁnamespaceHTML, ╔Á╔ÁnamespaceMathML, ╔Á╔ÁnamespaceSVG, ╔Á╔ÁnextContext, 
╔Á╔ÁngDeclareClassMetadata, ╔Á╔ÁngDeclareClassMetadataAsync, ╔Á╔ÁngDeclareComponent, ╔Á╔ÁngDeclareDirective, 
╔Á╔ÁngDeclareFactory, ╔Á╔ÁngDeclareInjectable, ╔Á╔ÁngDeclareInjector, ╔Á╔ÁngDeclareNgModule, ╔Á╔ÁngDeclarePipe, 
╔Á╔Ápipe, ╔Á╔ÁpipeBind1, ╔Á╔ÁpipeBind2, ╔Á╔ÁpipeBind3, ╔Á╔ÁpipeBind4, ╔Á╔ÁpipeBindV, ╔Á╔Áprojection, 
╔Á╔ÁprojectionDef, ╔Á╔Áproperty, ╔Á╔ÁpropertyInterpolate, ╔Á╔ÁpropertyInterpolate1, ╔Á╔ÁpropertyInterpolate2, 
╔Á╔ÁpropertyInterpolate3, ╔Á╔ÁpropertyInterpolate4, ╔Á╔ÁpropertyInterpolate5, ╔Á╔ÁpropertyInterpolate6, 
╔Á╔ÁpropertyInterpolate7, ╔Á╔ÁpropertyInterpolate8, ╔Á╔ÁpropertyInterpolateV, ╔Á╔ÁpureFunction0, ╔Á╔ÁpureFunction1, 
╔Á╔ÁpureFunction2, ╔Á╔ÁpureFunction3, ╔Á╔ÁpureFunction4, ╔Á╔ÁpureFunction5, ╔Á╔ÁpureFunction6, ╔Á╔ÁpureFunction7, 
╔Á╔ÁpureFunction8, ╔Á╔ÁpureFunctionV, ╔Á╔ÁqueryAdvance, ╔Á╔ÁqueryRefresh, ╔Á╔ÁreadContextLet, ╔Á╔Áreference, 
╔Á╔ÁregisterNgModuleType, ╔Á╔Árepeater, ╔Á╔ÁrepeaterCreate, ╔Á╔ÁrepeaterTrackByIdentity, ╔Á╔ÁrepeaterTrackByIndex, 
╔Á╔ÁresetView, ╔Á╔ÁresolveBody, ╔Á╔ÁresolveDocument, ╔Á╔ÁresolveWindow, ╔Á╔ÁrestoreView, ╔Á╔ÁsanitizeHtml, 
╔Á╔ÁsanitizeResourceUrl, ╔Á╔ÁsanitizeScript, ╔Á╔ÁsanitizeStyle, ╔Á╔ÁsanitizeUrl, ╔Á╔ÁsanitizeUrlOrResourceUrl, 
╔Á╔ÁsetComponentScope, ╔Á╔ÁsetNgModuleScope, ╔Á╔ÁstoreLet, ╔Á╔ÁstyleMap, ╔Á╔ÁstyleMapInterpolate1, 
╔Á╔ÁstyleMapInterpolate2, ╔Á╔ÁstyleMapInterpolate3, ╔Á╔ÁstyleMapInterpolate4, ╔Á╔ÁstyleMapInterpolate5, 
╔Á╔ÁstyleMapInterpolate6, ╔Á╔ÁstyleMapInterpolate7, ╔Á╔ÁstyleMapInterpolate8, ╔Á╔ÁstyleMapInterpolateV, ╔Á╔ÁstyleProp, 
╔Á╔ÁstylePropInterpolate1, ╔Á╔ÁstylePropInterpolate2, ╔Á╔ÁstylePropInterpolate3, ╔Á╔ÁstylePropInterpolate4, 
╔Á╔ÁstylePropInterpolate5, ╔Á╔ÁstylePropInterpolate6, ╔Á╔ÁstylePropInterpolate7, ╔Á╔ÁstylePropInterpolate8, 
╔Á╔ÁstylePropInterpolateV, ╔Á╔ÁsyntheticHostListener, ╔Á╔ÁsyntheticHostProperty, ╔Á╔Átemplate, 
╔Á╔ÁtemplateRefExtractor, ╔Á╔Átext, ╔Á╔ÁtextInterpolate, ╔Á╔ÁtextInterpolate1, ╔Á╔ÁtextInterpolate2, 
╔Á╔ÁtextInterpolate3, ╔Á╔ÁtextInterpolate4, ╔Á╔ÁtextInterpolate5, ╔Á╔ÁtextInterpolate6, ╔Á╔ÁtextInterpolate7, 
╔Á╔ÁtextInterpolate8, ╔Á╔ÁtextInterpolateV, ╔Á╔ÁtrustConstantHtml, ╔Á╔ÁtrustConstantResourceUrl, ╔Á╔ÁtwoWayBindingSet, 
╔Á╔ÁtwoWayListener, ╔Á╔ÁtwoWayProperty, ╔Á╔ÁvalidateIframeAttribute, ╔Á╔ÁviewQuery, ╔Á╔ÁviewQuerySignal)

../node_modules/@angular/cdk/fesm2022/observers.mjs:222:19-61 - Error: export '╔Á╔ÁInputFlags' (imported as 'i0') was 
not found in '@angular/core' (possible exports: ANIMATION_MODULE_TYPE, APP_BOOTSTRAP_LISTENER, APP_ID, 
APP_INITIALIZER, AfterRenderPhase, ApplicationInitStatus, ApplicationModule, ApplicationRef, Attribute, 
COMPILER_OPTIONS, CSP_NONCE, CUSTOM_ELEMENTS_SCHEMA, ChangeDetectionStrategy, ChangeDetectorRef, Compiler, 
CompilerFactory, Component, ComponentFactory, ComponentFactoryResolver, ComponentRef, ContentChild, ContentChildren, 
DEFAULT_CURRENCY_CODE, DebugElement, DebugEventListener, DebugNode, DefaultIterableDiffer, DestroyRef, Directive, 
ENVIRONMENT_INITIALIZER, ElementRef, EmbeddedViewRef, EnvironmentInjector, ErrorHandler, EventEmitter, 
ExperimentalPendingTasks, HOST_TAG_NAME, Host, HostAttributeToken, HostBinding, HostListener, INJECTOR, Inject, 
InjectFlags, Injectable, InjectionToken, Injector, Input, IterableDiffers, KeyValueDiffers, LOCALE_ID, 
MissingTranslationStrategy, ModuleWithComponentFactories, NO_ERRORS_SCHEMA, NgModule, NgModuleFactory, NgModuleRef, 
NgProbeToken, NgZone, Optional, Output, OutputEmitterRef, PACKAGE_ROOT_URL, PLATFORM_ID, PLATFORM_INITIALIZER, Pipe, 
PlatformRef, Query, QueryList, Renderer2, RendererFactory2, RendererStyleFlags2, Sanitizer, SecurityContext, Self, 
SimpleChange, SkipSelf, TRANSLATIONS, TRANSLATIONS_FORMAT, TemplateRef, Testability, TestabilityRegistry, 
TransferState, Type, VERSION, Version, ViewChild, ViewChildren, ViewContainerRef, ViewEncapsulation, ViewRef, 
afterNextRender, afterRender, asNativeElements, assertInInjectionContext, assertNotInReactiveContext, assertPlatform, 
booleanAttribute, computed, contentChild, contentChildren, createComponent, createEnvironmentInjector, createNgModule, 
createNgModuleRef, createPlatform, createPlatformFactory, defineInjectable, destroyPlatform, effect, enableProdMode, 
forwardRef, getDebugNode, getModuleFactory, getNgModuleById, getPlatform, importProvidersFrom, inject, input, 
isDevMode, isSignal, isStandalone, makeEnvironmentProviders, makeStateKey, mergeApplicationConfig, model, 
numberAttribute, output, platformCore, provideExperimentalCheckNoChangesForDebug, 
provideExperimentalZonelessChangeDetection, provideZoneChangeDetection, reflectComponentType, resolveForwardRef, 
runInInjectionContext, setTestabilityGetter, signal, untracked, viewChild, viewChildren, ╔ÁALLOW_MULTIPLE_PLATFORMS, 
╔ÁAfterRenderManager, ╔ÁCONTAINER_HEADER_OFFSET, ╔ÁChangeDetectionScheduler, ╔ÁChangeDetectionSchedulerImpl, 
╔ÁComponentFactory, ╔ÁConsole, ╔ÁDEFAULT_LOCALE_ID, ╔ÁDEFER_BLOCK_CONFIG, ╔ÁDEFER_BLOCK_DEPENDENCY_INTERCEPTOR, 
╔ÁDeferBlockBehavior, ╔ÁDeferBlockState, ╔ÁEffectScheduler, ╔ÁIMAGE_CONFIG, ╔ÁIMAGE_CONFIG_DEFAULTS, ╔ÁINJECTOR_SCOPE, 
╔ÁINPUT_SIGNAL_BRAND_WRITE_TYPE, ╔ÁINTERNAL_APPLICATION_ERROR_HANDLER, ╔ÁIS_HYDRATION_DOM_REUSE_ENABLED, 
╔ÁJSACTION_EVENT_CONTRACT, ╔ÁLContext, ╔ÁLifecycleHooksFeature, ╔ÁLocaleDataIndex, ╔ÁNG_COMP_DEF, ╔ÁNG_DIR_DEF, 
╔ÁNG_ELEMENT_ID, ╔ÁNG_INJ_DEF, ╔ÁNG_MOD_DEF, ╔ÁNG_PIPE_DEF, ╔ÁNG_PROV_DEF, ╔ÁNOT_FOUND_CHECK_ONLY_ELEMENT_INJECTOR, 
╔ÁNO_CHANGE, ╔ÁNgModuleFactory, ╔ÁNoopNgZone, ╔ÁPROVIDED_NG_ZONE, ╔ÁPendingTasks, ╔ÁReflectionCapabilities, 
╔ÁRender3ComponentFactory, ╔ÁRender3ComponentRef, ╔ÁRender3NgModuleRef, ╔ÁRuntimeError, ╔ÁSIGNAL, 
╔ÁSSR_CONTENT_INTEGRITY_MARKER, ╔ÁTESTABILITY, ╔ÁTESTABILITY_GETTER, ╔ÁUSE_RUNTIME_DEPS_TRACKER_FOR_JIT, ╔ÁViewRef, 
╔ÁXSS_SECURITY_URL, ╔ÁZONELESS_ENABLED, ╔Á_sanitizeHtml, ╔Á_sanitizeUrl, ╔ÁallowSanitizationBypassAndThrow, 
╔ÁannotateForHydration, ╔ÁbypassSanitizationTrustHtml, ╔ÁbypassSanitizationTrustResourceUrl, 
╔ÁbypassSanitizationTrustScript, ╔ÁbypassSanitizationTrustStyle, ╔ÁbypassSanitizationTrustUrl, 
╔ÁclearResolutionOfComponentResourcesQueue, ╔ÁcompileComponent, ╔ÁcompileDirective, ╔ÁcompileNgModule, 
╔ÁcompileNgModuleDefs, ╔ÁcompileNgModuleFactory, ╔ÁcompilePipe, ╔ÁconvertToBitFlags, ╔ÁcreateInjector, 
╔ÁdefaultIterableDiffers, ╔ÁdefaultKeyValueDiffers, ╔ÁdepsTracker, ╔ÁdetectChangesInViewIfRequired, ╔ÁdevModeEqual, 
╔ÁfindLocaleData, ╔ÁflushModuleScopingQueueAsMuchAsPossible, ╔ÁformatRuntimeError, 
╔ÁgenerateStandaloneInDeclarationsError, ╔ÁgetAsyncClassMetadataFn, ╔ÁgetDebugNode, ╔ÁgetDeferBlocks, ╔ÁgetDirectives, 
╔ÁgetHostElement, ╔ÁgetInjectableDef, ╔ÁgetLContext, ╔ÁgetLocaleCurrencyCode, ╔ÁgetLocalePluralCase, 
╔ÁgetOutputDestroyRef, ╔ÁgetSanitizationBypassType, ╔ÁgetUnknownElementStrictMode, ╔ÁgetUnknownPropertyStrictMode, 
╔Áglobal, ╔ÁinjectChangeDetectorRef, ╔ÁinternalCreateApplication, ╔ÁinternalProvideZoneChangeDetection, 
╔ÁisBoundToModule, ╔ÁisComponentDefPendingResolution, ╔ÁisEnvironmentProviders, ╔ÁisInjectable, ╔ÁisNgModule, 
╔ÁisPromise, ╔ÁisSubscribable, ╔ÁnoSideEffects, ╔ÁpatchComponentDefWithScope, ╔ÁperformanceMarkFeature, 
╔ÁreadHydrationInfo, ╔ÁregisterLocaleData, ╔ÁrenderDeferBlockState, ╔ÁresetCompiledComponents, ╔ÁresetJitOptions, 
╔ÁresolveComponentResources, ╔ÁrestoreComponentResolutionQueue, ╔ÁsetAllowDuplicateNgModuleIdsForTest, 
╔ÁsetAlternateWeakRefImpl, ╔ÁsetClassDebugInfo, ╔ÁsetClassMetadata, ╔ÁsetClassMetadataAsync, ╔ÁsetCurrentInjector, 
╔ÁsetDocument, ╔ÁsetInjectorProfilerContext, ╔ÁsetLocaleId, ╔ÁsetUnknownElementStrictMode, 
╔ÁsetUnknownPropertyStrictMode, ╔Ástore, ╔Ástringify, ╔ÁtransitiveScopesFor, ╔ÁtriggerResourceLoading, 
╔ÁtruncateMiddle, ╔ÁunregisterLocaleData, ╔ÁunwrapSafeValue, ╔ÁunwrapWritableSignal, ╔ÁwhenStable, ╔ÁwithDomHydration, 
╔ÁwithEventReplay, ╔ÁwithI18nSupport, ╔Á╔ÁCopyDefinitionFeature, ╔Á╔ÁFactoryTarget, ╔Á╔ÁHostDirectivesFeature, 
╔Á╔ÁInheritDefinitionFeature, ╔Á╔ÁInputTransformsFeature, ╔Á╔ÁNgOnChangesFeature, ╔Á╔ÁProvidersFeature, 
╔Á╔ÁStandaloneFeature, ╔Á╔Áadvance, ╔Á╔Áattribute, ╔Á╔ÁattributeInterpolate1, ╔Á╔ÁattributeInterpolate2, 
╔Á╔ÁattributeInterpolate3, ╔Á╔ÁattributeInterpolate4, ╔Á╔ÁattributeInterpolate5, ╔Á╔ÁattributeInterpolate6, 
╔Á╔ÁattributeInterpolate7, ╔Á╔ÁattributeInterpolate8, ╔Á╔ÁattributeInterpolateV, ╔Á╔ÁclassMap, 
╔Á╔ÁclassMapInterpolate1, ╔Á╔ÁclassMapInterpolate2, ╔Á╔ÁclassMapInterpolate3, ╔Á╔ÁclassMapInterpolate4, 
╔Á╔ÁclassMapInterpolate5, ╔Á╔ÁclassMapInterpolate6, ╔Á╔ÁclassMapInterpolate7, ╔Á╔ÁclassMapInterpolate8, 
╔Á╔ÁclassMapInterpolateV, ╔Á╔ÁclassProp, ╔Á╔ÁcomponentInstance, ╔Á╔Áconditional, ╔Á╔ÁcontentQuery, 
╔Á╔ÁcontentQuerySignal, ╔Á╔ÁdeclareLet, ╔Á╔Ádefer, ╔Á╔ÁdeferEnableTimerScheduling, ╔Á╔ÁdeferOnHover, ╔Á╔ÁdeferOnIdle, 
╔Á╔ÁdeferOnImmediate, ╔Á╔ÁdeferOnInteraction, ╔Á╔ÁdeferOnTimer, ╔Á╔ÁdeferOnViewport, ╔Á╔ÁdeferPrefetchOnHover, 
╔Á╔ÁdeferPrefetchOnIdle, ╔Á╔ÁdeferPrefetchOnImmediate, ╔Á╔ÁdeferPrefetchOnInteraction, ╔Á╔ÁdeferPrefetchOnTimer, 
╔Á╔ÁdeferPrefetchOnViewport, ╔Á╔ÁdeferPrefetchWhen, ╔Á╔ÁdeferWhen, ╔Á╔ÁdefineComponent, ╔Á╔ÁdefineDirective, 
╔Á╔ÁdefineInjectable, ╔Á╔ÁdefineInjector, ╔Á╔ÁdefineNgModule, ╔Á╔ÁdefinePipe, ╔Á╔ÁdirectiveInject, 
╔Á╔ÁdisableBindings, ╔Á╔Áelement, ╔Á╔ÁelementContainer, ╔Á╔ÁelementContainerEnd, ╔Á╔ÁelementContainerStart, 
╔Á╔ÁelementEnd, ╔Á╔ÁelementStart, ╔Á╔ÁenableBindings, ╔Á╔ÁgetComponentDepsFactory, ╔Á╔ÁgetCurrentView, 
╔Á╔ÁgetInheritedFactory, ╔Á╔ÁhostProperty, ╔Á╔Ái18n, ╔Á╔Ái18nApply, ╔Á╔Ái18nAttributes, ╔Á╔Ái18nEnd, ╔Á╔Ái18nExp, 
╔Á╔Ái18nPostprocess, ╔Á╔Ái18nStart, ╔Á╔Áinject, ╔Á╔ÁinjectAttribute, ╔Á╔ÁinvalidFactory, ╔Á╔ÁinvalidFactoryDep, 
╔Á╔Álistener, ╔Á╔ÁloadQuery, ╔Á╔ÁnamespaceHTML, ╔Á╔ÁnamespaceMathML, ╔Á╔ÁnamespaceSVG, ╔Á╔ÁnextContext, 
╔Á╔ÁngDeclareClassMetadata, ╔Á╔ÁngDeclareClassMetadataAsync, ╔Á╔ÁngDeclareComponent, ╔Á╔ÁngDeclareDirective, 
╔Á╔ÁngDeclareFactory, ╔Á╔ÁngDeclareInjectable, ╔Á╔ÁngDeclareInjector, ╔Á╔ÁngDeclareNgModule, ╔Á╔ÁngDeclarePipe, 
╔Á╔Ápipe, ╔Á╔ÁpipeBind1, ╔Á╔ÁpipeBind2, ╔Á╔ÁpipeBind3, ╔Á╔ÁpipeBind4, ╔Á╔ÁpipeBindV, ╔Á╔Áprojection, 
╔Á╔ÁprojectionDef, ╔Á╔Áproperty, ╔Á╔ÁpropertyInterpolate, ╔Á╔ÁpropertyInterpolate1, ╔Á╔ÁpropertyInterpolate2, 
╔Á╔ÁpropertyInterpolate3, ╔Á╔ÁpropertyInterpolate4, ╔Á╔ÁpropertyInterpolate5, ╔Á╔ÁpropertyInterpolate6, 
╔Á╔ÁpropertyInterpolate7, ╔Á╔ÁpropertyInterpolate8, ╔Á╔ÁpropertyInterpolateV, ╔Á╔ÁpureFunction0, ╔Á╔ÁpureFunction1, 
╔Á╔ÁpureFunction2, ╔Á╔ÁpureFunction3, ╔Á╔ÁpureFunction4, ╔Á╔ÁpureFunction5, ╔Á╔ÁpureFunction6, ╔Á╔ÁpureFunction7, 
╔Á╔ÁpureFunction8, ╔Á╔ÁpureFunctionV, ╔Á╔ÁqueryAdvance, ╔Á╔ÁqueryRefresh, ╔Á╔ÁreadContextLet, ╔Á╔Áreference, 
╔Á╔ÁregisterNgModuleType, ╔Á╔Árepeater, ╔Á╔ÁrepeaterCreate, ╔Á╔ÁrepeaterTrackByIdentity, ╔Á╔ÁrepeaterTrackByIndex, 
╔Á╔ÁresetView, ╔Á╔ÁresolveBody, ╔Á╔ÁresolveDocument, ╔Á╔ÁresolveWindow, ╔Á╔ÁrestoreView, ╔Á╔ÁsanitizeHtml, 
╔Á╔ÁsanitizeResourceUrl, ╔Á╔ÁsanitizeScript, ╔Á╔ÁsanitizeStyle, ╔Á╔ÁsanitizeUrl, ╔Á╔ÁsanitizeUrlOrResourceUrl, 
╔Á╔ÁsetComponentScope, ╔Á╔ÁsetNgModuleScope, ╔Á╔ÁstoreLet, ╔Á╔ÁstyleMap, ╔Á╔ÁstyleMapInterpolate1, 
╔Á╔ÁstyleMapInterpolate2, ╔Á╔ÁstyleMapInterpolate3, ╔Á╔ÁstyleMapInterpolate4, ╔Á╔ÁstyleMapInterpolate5, 
╔Á╔ÁstyleMapInterpolate6, ╔Á╔ÁstyleMapInterpolate7, ╔Á╔ÁstyleMapInterpolate8, ╔Á╔ÁstyleMapInterpolateV, ╔Á╔ÁstyleProp, 
╔Á╔ÁstylePropInterpolate1, ╔Á╔ÁstylePropInterpolate2, ╔Á╔ÁstylePropInterpolate3, ╔Á╔ÁstylePropInterpolate4, 
╔Á╔ÁstylePropInterpolate5, ╔Á╔ÁstylePropInterpolate6, ╔Á╔ÁstylePropInterpolate7, ╔Á╔ÁstylePropInterpolate8, 
╔Á╔ÁstylePropInterpolateV, ╔Á╔ÁsyntheticHostListener, ╔Á╔ÁsyntheticHostProperty, ╔Á╔Átemplate, 
╔Á╔ÁtemplateRefExtractor, ╔Á╔Átext, ╔Á╔ÁtextInterpolate, ╔Á╔ÁtextInterpolate1, ╔Á╔ÁtextInterpolate2, 
╔Á╔ÁtextInterpolate3, ╔Á╔ÁtextInterpolate4, ╔Á╔ÁtextInterpolate5, ╔Á╔ÁtextInterpolate6, ╔Á╔ÁtextInterpolate7, 
╔Á╔ÁtextInterpolate8, ╔Á╔ÁtextInterpolateV, ╔Á╔ÁtrustConstantHtml, ╔Á╔ÁtrustConstantResourceUrl, ╔Á╔ÁtwoWayBindingSet, 
╔Á╔ÁtwoWayListener, ╔Á╔ÁtwoWayProperty, ╔Á╔ÁvalidateIframeAttribute, ╔Á╔ÁviewQuery, ╔Á╔ÁviewQuerySignal)

../node_modules/@angular/cdk/fesm2022/overlay.mjs:2982:17-37 - Error: export '╔Á╔ÁInputFlags' (imported as 'i0') was 
not found in '@angular/core' (possible exports: ANIMATION_MODULE_TYPE, APP_BOOTSTRAP_LISTENER, APP_ID, 
APP_INITIALIZER, AfterRenderPhase, ApplicationInitStatus, ApplicationModule, ApplicationRef, Attribute, 
COMPILER_OPTIONS, CSP_NONCE, CUSTOM_ELEMENTS_SCHEMA, ChangeDetectionStrategy, ChangeDetectorRef, Compiler, 
CompilerFactory, Component, ComponentFactory, ComponentFactoryResolver, ComponentRef, ContentChild, ContentChildren, 
DEFAULT_CURRENCY_CODE, DebugElement, DebugEventListener, DebugNode, DefaultIterableDiffer, DestroyRef, Directive, 
ENVIRONMENT_INITIALIZER, ElementRef, EmbeddedViewRef, EnvironmentInjector, ErrorHandler, EventEmitter, 
ExperimentalPendingTasks, HOST_TAG_NAME, Host, HostAttributeToken, HostBinding, HostListener, INJECTOR, Inject, 
InjectFlags, Injectable, InjectionToken, Injector, Input, IterableDiffers, KeyValueDiffers, LOCALE_ID, 
MissingTranslationStrategy, ModuleWithComponentFactories, NO_ERRORS_SCHEMA, NgModule, NgModuleFactory, NgModuleRef, 
NgProbeToken, NgZone, Optional, Output, OutputEmitterRef, PACKAGE_ROOT_URL, PLATFORM_ID, PLATFORM_INITIALIZER, Pipe, 
PlatformRef, Query, QueryList, Renderer2, RendererFactory2, RendererStyleFlags2, Sanitizer, SecurityContext, Self, 
SimpleChange, SkipSelf, TRANSLATIONS, TRANSLATIONS_FORMAT, TemplateRef, Testability, TestabilityRegistry, 
TransferState, Type, VERSION, Version, ViewChild, ViewChildren, ViewContainerRef, ViewEncapsulation, ViewRef, 
afterNextRender, afterRender, asNativeElements, assertInInjectionContext, assertNotInReactiveContext, assertPlatform, 
booleanAttribute, computed, contentChild, contentChildren, createComponent, createEnvironmentInjector, createNgModule, 
createNgModuleRef, createPlatform, createPlatformFactory, defineInjectable, destroyPlatform, effect, enableProdMode, 
forwardRef, getDebugNode, getModuleFactory, getNgModuleById, getPlatform, importProvidersFrom, inject, input, 
isDevMode, isSignal, isStandalone, makeEnvironmentProviders, makeStateKey, mergeApplicationConfig, model, 
numberAttribute, output, platformCore, provideExperimentalCheckNoChangesForDebug, 
provideExperimentalZonelessChangeDetection, provideZoneChangeDetection, reflectComponentType, resolveForwardRef, 
runInInjectionContext, setTestabilityGetter, signal, untracked, viewChild, viewChildren, ╔ÁALLOW_MULTIPLE_PLATFORMS, 
╔ÁAfterRenderManager, ╔ÁCONTAINER_HEADER_OFFSET, ╔ÁChangeDetectionScheduler, ╔ÁChangeDetectionSchedulerImpl, 
╔ÁComponentFactory, ╔ÁConsole, ╔ÁDEFAULT_LOCALE_ID, ╔ÁDEFER_BLOCK_CONFIG, ╔ÁDEFER_BLOCK_DEPENDENCY_INTERCEPTOR, 
╔ÁDeferBlockBehavior, ╔ÁDeferBlockState, ╔ÁEffectScheduler, ╔ÁIMAGE_CONFIG, ╔ÁIMAGE_CONFIG_DEFAULTS, ╔ÁINJECTOR_SCOPE, 
╔ÁINPUT_SIGNAL_BRAND_WRITE_TYPE, ╔ÁINTERNAL_APPLICATION_ERROR_HANDLER, ╔ÁIS_HYDRATION_DOM_REUSE_ENABLED, 
╔ÁJSACTION_EVENT_CONTRACT, ╔ÁLContext, ╔ÁLifecycleHooksFeature, ╔ÁLocaleDataIndex, ╔ÁNG_COMP_DEF, ╔ÁNG_DIR_DEF, 
╔ÁNG_ELEMENT_ID, ╔ÁNG_INJ_DEF, ╔ÁNG_MOD_DEF, ╔ÁNG_PIPE_DEF, ╔ÁNG_PROV_DEF, ╔ÁNOT_FOUND_CHECK_ONLY_ELEMENT_INJECTOR, 
╔ÁNO_CHANGE, ╔ÁNgModuleFactory, ╔ÁNoopNgZone, ╔ÁPROVIDED_NG_ZONE, ╔ÁPendingTasks, ╔ÁReflectionCapabilities, 
╔ÁRender3ComponentFactory, ╔ÁRender3ComponentRef, ╔ÁRender3NgModuleRef, ╔ÁRuntimeError, ╔ÁSIGNAL, 
╔ÁSSR_CONTENT_INTEGRITY_MARKER, ╔ÁTESTABILITY, ╔ÁTESTABILITY_GETTER, ╔ÁUSE_RUNTIME_DEPS_TRACKER_FOR_JIT, ╔ÁViewRef, 
╔ÁXSS_SECURITY_URL, ╔ÁZONELESS_ENABLED, ╔Á_sanitizeHtml, ╔Á_sanitizeUrl, ╔ÁallowSanitizationBypassAndThrow, 
╔ÁannotateForHydration, ╔ÁbypassSanitizationTrustHtml, ╔ÁbypassSanitizationTrustResourceUrl, 
╔ÁbypassSanitizationTrustScript, ╔ÁbypassSanitizationTrustStyle, ╔ÁbypassSanitizationTrustUrl, 
╔ÁclearResolutionOfComponentResourcesQueue, ╔ÁcompileComponent, ╔ÁcompileDirective, ╔ÁcompileNgModule, 
╔ÁcompileNgModuleDefs, ╔ÁcompileNgModuleFactory, ╔ÁcompilePipe, ╔ÁconvertToBitFlags, ╔ÁcreateInjector, 
╔ÁdefaultIterableDiffers, ╔ÁdefaultKeyValueDiffers, ╔ÁdepsTracker, ╔ÁdetectChangesInViewIfRequired, ╔ÁdevModeEqual, 
╔ÁfindLocaleData, ╔ÁflushModuleScopingQueueAsMuchAsPossible, ╔ÁformatRuntimeError, 
╔ÁgenerateStandaloneInDeclarationsError, ╔ÁgetAsyncClassMetadataFn, ╔ÁgetDebugNode, ╔ÁgetDeferBlocks, ╔ÁgetDirectives, 
╔ÁgetHostElement, ╔ÁgetInjectableDef, ╔ÁgetLContext, ╔ÁgetLocaleCurrencyCode, ╔ÁgetLocalePluralCase, 
╔ÁgetOutputDestroyRef, ╔ÁgetSanitizationBypassType, ╔ÁgetUnknownElementStrictMode, ╔ÁgetUnknownPropertyStrictMode, 
╔Áglobal, ╔ÁinjectChangeDetectorRef, ╔ÁinternalCreateApplication, ╔ÁinternalProvideZoneChangeDetection, 
╔ÁisBoundToModule, ╔ÁisComponentDefPendingResolution, ╔ÁisEnvironmentProviders, ╔ÁisInjectable, ╔ÁisNgModule, 
╔ÁisPromise, ╔ÁisSubscribable, ╔ÁnoSideEffects, ╔ÁpatchComponentDefWithScope, ╔ÁperformanceMarkFeature, 
╔ÁreadHydrationInfo, ╔ÁregisterLocaleData, ╔ÁrenderDeferBlockState, ╔ÁresetCompiledComponents, ╔ÁresetJitOptions, 
╔ÁresolveComponentResources, ╔ÁrestoreComponentResolutionQueue, ╔ÁsetAllowDuplicateNgModuleIdsForTest, 
╔ÁsetAlternateWeakRefImpl, ╔ÁsetClassDebugInfo, ╔ÁsetClassMetadata, ╔ÁsetClassMetadataAsync, ╔ÁsetCurrentInjector, 
╔ÁsetDocument, ╔ÁsetInjectorProfilerContext, ╔ÁsetLocaleId, ╔ÁsetUnknownElementStrictMode, 
╔ÁsetUnknownPropertyStrictMode, ╔Ástore, ╔Ástringify, ╔ÁtransitiveScopesFor, ╔ÁtriggerResourceLoading, 
╔ÁtruncateMiddle, ╔ÁunregisterLocaleData, ╔ÁunwrapSafeValue, ╔ÁunwrapWritableSignal, ╔ÁwhenStable, ╔ÁwithDomHydration, 
╔ÁwithEventReplay, ╔ÁwithI18nSupport, ╔Á╔ÁCopyDefinitionFeature, ╔Á╔ÁFactoryTarget, ╔Á╔ÁHostDirectivesFeature, 
╔Á╔ÁInheritDefinitionFeature, ╔Á╔ÁInputTransformsFeature, ╔Á╔ÁNgOnChangesFeature, ╔Á╔ÁProvidersFeature, 
╔Á╔ÁStandaloneFeature, ╔Á╔Áadvance, ╔Á╔Áattribute, ╔Á╔ÁattributeInterpolate1, ╔Á╔ÁattributeInterpolate2, 
╔Á╔ÁattributeInterpolate3, ╔Á╔ÁattributeInterpolate4, ╔Á╔ÁattributeInterpolate5, ╔Á╔ÁattributeInterpolate6, 
╔Á╔ÁattributeInterpolate7, ╔Á╔ÁattributeInterpolate8, ╔Á╔ÁattributeInterpolateV, ╔Á╔ÁclassMap, 
╔Á╔ÁclassMapInterpolate1, ╔Á╔ÁclassMapInterpolate2, ╔Á╔ÁclassMapInterpolate3, ╔Á╔ÁclassMapInterpolate4, 
╔Á╔ÁclassMapInterpolate5, ╔Á╔ÁclassMapInterpolate6, ╔Á╔ÁclassMapInterpolate7, ╔Á╔ÁclassMapInterpolate8, 
╔Á╔ÁclassMapInterpolateV, ╔Á╔ÁclassProp, ╔Á╔ÁcomponentInstance, ╔Á╔Áconditional, ╔Á╔ÁcontentQuery, 
╔Á╔ÁcontentQuerySignal, ╔Á╔ÁdeclareLet, ╔Á╔Ádefer, ╔Á╔ÁdeferEnableTimerScheduling, ╔Á╔ÁdeferOnHover, ╔Á╔ÁdeferOnIdle, 
╔Á╔ÁdeferOnImmediate, ╔Á╔ÁdeferOnInteraction, ╔Á╔ÁdeferOnTimer, ╔Á╔ÁdeferOnViewport, ╔Á╔ÁdeferPrefetchOnHover, 
╔Á╔ÁdeferPrefetchOnIdle, ╔Á╔ÁdeferPrefetchOnImmediate, ╔Á╔ÁdeferPrefetchOnInteraction, ╔Á╔ÁdeferPrefetchOnTimer, 
╔Á╔ÁdeferPrefetchOnViewport, ╔Á╔ÁdeferPrefetchWhen, ╔Á╔ÁdeferWhen, ╔Á╔ÁdefineComponent, ╔Á╔ÁdefineDirective, 
╔Á╔ÁdefineInjectable, ╔Á╔ÁdefineInjector, ╔Á╔ÁdefineNgModule, ╔Á╔ÁdefinePipe, ╔Á╔ÁdirectiveInject, 
╔Á╔ÁdisableBindings, ╔Á╔Áelement, ╔Á╔ÁelementContainer, ╔Á╔ÁelementContainerEnd, ╔Á╔ÁelementContainerStart, 
╔Á╔ÁelementEnd, ╔Á╔ÁelementStart, ╔Á╔ÁenableBindings, ╔Á╔ÁgetComponentDepsFactory, ╔Á╔ÁgetCurrentView, 
╔Á╔ÁgetInheritedFactory, ╔Á╔ÁhostProperty, ╔Á╔Ái18n, ╔Á╔Ái18nApply, ╔Á╔Ái18nAttributes, ╔Á╔Ái18nEnd, ╔Á╔Ái18nExp, 
╔Á╔Ái18nPostprocess, ╔Á╔Ái18nStart, ╔Á╔Áinject, ╔Á╔ÁinjectAttribute, ╔Á╔ÁinvalidFactory, ╔Á╔ÁinvalidFactoryDep, 
╔Á╔Álistener, ╔Á╔ÁloadQuery, ╔Á╔ÁnamespaceHTML, ╔Á╔ÁnamespaceMathML, ╔Á╔ÁnamespaceSVG, ╔Á╔ÁnextContext, 
╔Á╔ÁngDeclareClassMetadata, ╔Á╔ÁngDeclareClassMetadataAsync, ╔Á╔ÁngDeclareComponent, ╔Á╔ÁngDeclareDirective, 
╔Á╔ÁngDeclareFactory, ╔Á╔ÁngDeclareInjectable, ╔Á╔ÁngDeclareInjector, ╔Á╔ÁngDeclareNgModule, ╔Á╔ÁngDeclarePipe, 
╔Á╔Ápipe, ╔Á╔ÁpipeBind1, ╔Á╔ÁpipeBind2, ╔Á╔ÁpipeBind3, ╔Á╔ÁpipeBind4, ╔Á╔ÁpipeBindV, ╔Á╔Áprojection, 
╔Á╔ÁprojectionDef, ╔Á╔Áproperty, ╔Á╔ÁpropertyInterpolate, ╔Á╔ÁpropertyInterpolate1, ╔Á╔ÁpropertyInterpolate2, 
╔Á╔ÁpropertyInterpolate3, ╔Á╔ÁpropertyInterpolate4, ╔Á╔ÁpropertyInterpolate5, ╔Á╔ÁpropertyInterpolate6, 
╔Á╔ÁpropertyInterpolate7, ╔Á╔ÁpropertyInterpolate8, ╔Á╔ÁpropertyInterpolateV, ╔Á╔ÁpureFunction0, ╔Á╔ÁpureFunction1, 
╔Á╔ÁpureFunction2, ╔Á╔ÁpureFunction3, ╔Á╔ÁpureFunction4, ╔Á╔ÁpureFunction5, ╔Á╔ÁpureFunction6, ╔Á╔ÁpureFunction7, 
╔Á╔ÁpureFunction8, ╔Á╔ÁpureFunctionV, ╔Á╔ÁqueryAdvance, ╔Á╔ÁqueryRefresh, ╔Á╔ÁreadContextLet, ╔Á╔Áreference, 
╔Á╔ÁregisterNgModuleType, ╔Á╔Árepeater, ╔Á╔ÁrepeaterCreate, ╔Á╔ÁrepeaterTrackByIdentity, ╔Á╔ÁrepeaterTrackByIndex, 
╔Á╔ÁresetView, ╔Á╔ÁresolveBody, ╔Á╔ÁresolveDocument, ╔Á╔ÁresolveWindow, ╔Á╔ÁrestoreView, ╔Á╔ÁsanitizeHtml, 
╔Á╔ÁsanitizeResourceUrl, ╔Á╔ÁsanitizeScript, ╔Á╔ÁsanitizeStyle, ╔Á╔ÁsanitizeUrl, ╔Á╔ÁsanitizeUrlOrResourceUrl, 
╔Á╔ÁsetComponentScope, ╔Á╔ÁsetNgModuleScope, ╔Á╔ÁstoreLet, ╔Á╔ÁstyleMap, ╔Á╔ÁstyleMapInterpolate1, 
╔Á╔ÁstyleMapInterpolate2, ╔Á╔ÁstyleMapInterpolate3, ╔Á╔ÁstyleMapInterpolate4, ╔Á╔ÁstyleMapInterpolate5, 
╔Á╔ÁstyleMapInterpolate6, ╔Á╔ÁstyleMapInterpolate7, ╔Á╔ÁstyleMapInterpolate8, ╔Á╔ÁstyleMapInterpolateV, ╔Á╔ÁstyleProp, 
╔Á╔ÁstylePropInterpolate1, ╔Á╔ÁstylePropInterpolate2, ╔Á╔ÁstylePropInterpolate3, ╔Á╔ÁstylePropInterpolate4, 
╔Á╔ÁstylePropInterpolate5, ╔Á╔ÁstylePropInterpolate6, ╔Á╔ÁstylePropInterpolate7, ╔Á╔ÁstylePropInterpolate8, 
╔Á╔ÁstylePropInterpolateV, ╔Á╔ÁsyntheticHostListener, ╔Á╔ÁsyntheticHostProperty, ╔Á╔Átemplate, 
╔Á╔ÁtemplateRefExtractor, ╔Á╔Átext, ╔Á╔ÁtextInterpolate, ╔Á╔ÁtextInterpolate1, ╔Á╔ÁtextInterpolate2, 
╔Á╔ÁtextInterpolate3, ╔Á╔ÁtextInterpolate4, ╔Á╔ÁtextInterpolate5, ╔Á╔ÁtextInterpolate6, ╔Á╔ÁtextInterpolate7, 
╔Á╔ÁtextInterpolate8, ╔Á╔ÁtextInterpolateV, ╔Á╔ÁtrustConstantHtml, ╔Á╔ÁtrustConstantResourceUrl, ╔Á╔ÁtwoWayBindingSet, 
╔Á╔ÁtwoWayListener, ╔Á╔ÁtwoWayProperty, ╔Á╔ÁvalidateIframeAttribute, ╔Á╔ÁviewQuery, ╔Á╔ÁviewQuerySignal)

../node_modules/@angular/cdk/fesm2022/overlay.mjs:2983:20-40 - Error: export '╔Á╔ÁInputFlags' (imported as 'i0') was 
not found in '@angular/core' (possible exports: ANIMATION_MODULE_TYPE, APP_BOOTSTRAP_LISTENER, APP_ID, 
APP_INITIALIZER, AfterRenderPhase, ApplicationInitStatus, ApplicationModule, ApplicationRef, Attribute, 
COMPILER_OPTIONS, CSP_NONCE, CUSTOM_ELEMENTS_SCHEMA, ChangeDetectionStrategy, ChangeDetectorRef, Compiler, 
CompilerFactory, Component, ComponentFactory, ComponentFactoryResolver, ComponentRef, ContentChild, ContentChildren, 
DEFAULT_CURRENCY_CODE, DebugElement, DebugEventListener, DebugNode, DefaultIterableDiffer, DestroyRef, Directive, 
ENVIRONMENT_INITIALIZER, ElementRef, EmbeddedViewRef, EnvironmentInjector, ErrorHandler, EventEmitter, 
ExperimentalPendingTasks, HOST_TAG_NAME, Host, HostAttributeToken, HostBinding, HostListener, INJECTOR, Inject, 
InjectFlags, Injectable, InjectionToken, Injector, Input, IterableDiffers, KeyValueDiffers, LOCALE_ID, 
MissingTranslationStrategy, ModuleWithComponentFactories, NO_ERRORS_SCHEMA, NgModule, NgModuleFactory, NgModuleRef, 
NgProbeToken, NgZone, Optional, Output, OutputEmitterRef, PACKAGE_ROOT_URL, PLATFORM_ID, PLATFORM_INITIALIZER, Pipe, 
PlatformRef, Query, QueryList, Renderer2, RendererFactory2, RendererStyleFlags2, Sanitizer, SecurityContext, Self, 
SimpleChange, SkipSelf, TRANSLATIONS, TRANSLATIONS_FORMAT, TemplateRef, Testability, TestabilityRegistry, 
TransferState, Type, VERSION, Version, ViewChild, ViewChildren, ViewContainerRef, ViewEncapsulation, ViewRef, 
afterNextRender, afterRender, asNativeElements, assertInInjectionContext, assertNotInReactiveContext, assertPlatform, 
booleanAttribute, computed, contentChild, contentChildren, createComponent, createEnvironmentInjector, createNgModule, 
createNgModuleRef, createPlatform, createPlatformFactory, defineInjectable, destroyPlatform, effect, enableProdMode, 
forwardRef, getDebugNode, getModuleFactory, getNgModuleById, getPlatform, importProvidersFrom, inject, input, 
isDevMode, isSignal, isStandalone, makeEnvironmentProviders, makeStateKey, mergeApplicationConfig, model, 
numberAttribute, output, platformCore, provideExperimentalCheckNoChangesForDebug, 
provideExperimentalZonelessChangeDetection, provideZoneChangeDetection, reflectComponentType, resolveForwardRef, 
runInInjectionContext, setTestabilityGetter, signal, untracked, viewChild, viewChildren, ╔ÁALLOW_MULTIPLE_PLATFORMS, 
╔ÁAfterRenderManager, ╔ÁCONTAINER_HEADER_OFFSET, ╔ÁChangeDetectionScheduler, ╔ÁChangeDetectionSchedulerImpl, 
╔ÁComponentFactory, ╔ÁConsole, ╔ÁDEFAULT_LOCALE_ID, ╔ÁDEFER_BLOCK_CONFIG, ╔ÁDEFER_BLOCK_DEPENDENCY_INTERCEPTOR, 
╔ÁDeferBlockBehavior, ╔ÁDeferBlockState, ╔ÁEffectScheduler, ╔ÁIMAGE_CONFIG, ╔ÁIMAGE_CONFIG_DEFAULTS, ╔ÁINJECTOR_SCOPE, 
╔ÁINPUT_SIGNAL_BRAND_WRITE_TYPE, ╔ÁINTERNAL_APPLICATION_ERROR_HANDLER, ╔ÁIS_HYDRATION_DOM_REUSE_ENABLED, 
╔ÁJSACTION_EVENT_CONTRACT, ╔ÁLContext, ╔ÁLifecycleHooksFeature, ╔ÁLocaleDataIndex, ╔ÁNG_COMP_DEF, ╔ÁNG_DIR_DEF, 
╔ÁNG_ELEMENT_ID, ╔ÁNG_INJ_DEF, ╔ÁNG_MOD_DEF, ╔ÁNG_PIPE_DEF, ╔ÁNG_PROV_DEF, ╔ÁNOT_FOUND_CHECK_ONLY_ELEMENT_INJECTOR, 
╔ÁNO_CHANGE, ╔ÁNgModuleFactory, ╔ÁNoopNgZone, ╔ÁPROVIDED_NG_ZONE, ╔ÁPendingTasks, ╔ÁReflectionCapabilities, 
╔ÁRender3ComponentFactory, ╔ÁRender3ComponentRef, ╔ÁRender3NgModuleRef, ╔ÁRuntimeError, ╔ÁSIGNAL, 
╔ÁSSR_CONTENT_INTEGRITY_MARKER, ╔ÁTESTABILITY, ╔ÁTESTABILITY_GETTER, ╔ÁUSE_RUNTIME_DEPS_TRACKER_FOR_JIT, ╔ÁViewRef, 
╔ÁXSS_SECURITY_URL, ╔ÁZONELESS_ENABLED, ╔Á_sanitizeHtml, ╔Á_sanitizeUrl, ╔ÁallowSanitizationBypassAndThrow, 
╔ÁannotateForHydration, ╔ÁbypassSanitizationTrustHtml, ╔ÁbypassSanitizationTrustResourceUrl, 
╔ÁbypassSanitizationTrustScript, ╔ÁbypassSanitizationTrustStyle, ╔ÁbypassSanitizationTrustUrl, 
╔ÁclearResolutionOfComponentResourcesQueue, ╔ÁcompileComponent, ╔ÁcompileDirective, ╔ÁcompileNgModule, 
╔ÁcompileNgModuleDefs, ╔ÁcompileNgModuleFactory, ╔ÁcompilePipe, ╔ÁconvertToBitFlags, ╔ÁcreateInjector, 
╔ÁdefaultIterableDiffers, ╔ÁdefaultKeyValueDiffers, ╔ÁdepsTracker, ╔ÁdetectChangesInViewIfRequired, ╔ÁdevModeEqual, 
╔ÁfindLocaleData, ╔ÁflushModuleScopingQueueAsMuchAsPossible, ╔ÁformatRuntimeError, 
╔ÁgenerateStandaloneInDeclarationsError, ╔ÁgetAsyncClassMetadataFn, ╔ÁgetDebugNode, ╔ÁgetDeferBlocks, ╔ÁgetDirectives, 
╔ÁgetHostElement, ╔ÁgetInjectableDef, ╔ÁgetLContext, ╔ÁgetLocaleCurrencyCode, ╔ÁgetLocalePluralCase, 
╔ÁgetOutputDestroyRef, ╔ÁgetSanitizationBypassType, ╔ÁgetUnknownElementStrictMode, ╔ÁgetUnknownPropertyStrictMode, 
╔Áglobal, ╔ÁinjectChangeDetectorRef, ╔ÁinternalCreateApplication, ╔ÁinternalProvideZoneChangeDetection, 
╔ÁisBoundToModule, ╔ÁisComponentDefPendingResolution, ╔ÁisEnvironmentProviders, ╔ÁisInjectable, ╔ÁisNgModule, 
╔ÁisPromise, ╔ÁisSubscribable, ╔ÁnoSideEffects, ╔ÁpatchComponentDefWithScope, ╔ÁperformanceMarkFeature, 
╔ÁreadHydrationInfo, ╔ÁregisterLocaleData, ╔ÁrenderDeferBlockState, ╔ÁresetCompiledComponents, ╔ÁresetJitOptions, 
╔ÁresolveComponentResources, ╔ÁrestoreComponentResolutionQueue, ╔ÁsetAllowDuplicateNgModuleIdsForTest, 
╔ÁsetAlternateWeakRefImpl, ╔ÁsetClassDebugInfo, ╔ÁsetClassMetadata, ╔ÁsetClassMetadataAsync, ╔ÁsetCurrentInjector, 
╔ÁsetDocument, ╔ÁsetInjectorProfilerContext, ╔ÁsetLocaleId, ╔ÁsetUnknownElementStrictMode, 
╔ÁsetUnknownPropertyStrictMode, ╔Ástore, ╔Ástringify, ╔ÁtransitiveScopesFor, ╔ÁtriggerResourceLoading, 
╔ÁtruncateMiddle, ╔ÁunregisterLocaleData, ╔ÁunwrapSafeValue, ╔ÁunwrapWritableSignal, ╔ÁwhenStable, ╔ÁwithDomHydration, 
╔ÁwithEventReplay, ╔ÁwithI18nSupport, ╔Á╔ÁCopyDefinitionFeature, ╔Á╔ÁFactoryTarget, ╔Á╔ÁHostDirectivesFeature, 
╔Á╔ÁInheritDefinitionFeature, ╔Á╔ÁInputTransformsFeature, ╔Á╔ÁNgOnChangesFeature, ╔Á╔ÁProvidersFeature, 
╔Á╔ÁStandaloneFeature, ╔Á╔Áadvance, ╔Á╔Áattribute, ╔Á╔ÁattributeInterpolate1, ╔Á╔ÁattributeInterpolate2, 
╔Á╔ÁattributeInterpolate3, ╔Á╔ÁattributeInterpolate4, ╔Á╔ÁattributeInterpolate5, ╔Á╔ÁattributeInterpolate6, 
╔Á╔ÁattributeInterpolate7, ╔Á╔ÁattributeInterpolate8, ╔Á╔ÁattributeInterpolateV, ╔Á╔ÁclassMap, 
╔Á╔ÁclassMapInterpolate1, ╔Á╔ÁclassMapInterpolate2, ╔Á╔ÁclassMapInterpolate3, ╔Á╔ÁclassMapInterpolate4, 
╔Á╔ÁclassMapInterpolate5, ╔Á╔ÁclassMapInterpolate6, ╔Á╔ÁclassMapInterpolate7, ╔Á╔ÁclassMapInterpolate8, 
╔Á╔ÁclassMapInterpolateV, ╔Á╔ÁclassProp, ╔Á╔ÁcomponentInstance, ╔Á╔Áconditional, ╔Á╔ÁcontentQuery, 
╔Á╔ÁcontentQuerySignal, ╔Á╔ÁdeclareLet, ╔Á╔Ádefer, ╔Á╔ÁdeferEnableTimerScheduling, ╔Á╔ÁdeferOnHover, ╔Á╔ÁdeferOnIdle, 
╔Á╔ÁdeferOnImmediate, ╔Á╔ÁdeferOnInteraction, ╔Á╔ÁdeferOnTimer, ╔Á╔ÁdeferOnViewport, ╔Á╔ÁdeferPrefetchOnHover, 
╔Á╔ÁdeferPrefetchOnIdle, ╔Á╔ÁdeferPrefetchOnImmediate, ╔Á╔ÁdeferPrefetchOnInteraction, ╔Á╔ÁdeferPrefetchOnTimer, 
╔Á╔ÁdeferPrefetchOnViewport, ╔Á╔ÁdeferPrefetchWhen, ╔Á╔ÁdeferWhen, ╔Á╔ÁdefineComponent, ╔Á╔ÁdefineDirective, 
╔Á╔ÁdefineInjectable, ╔Á╔ÁdefineInjector, ╔Á╔ÁdefineNgModule, ╔Á╔ÁdefinePipe, ╔Á╔ÁdirectiveInject, 
╔Á╔ÁdisableBindings, ╔Á╔Áelement, ╔Á╔ÁelementContainer, ╔Á╔ÁelementContainerEnd, ╔Á╔ÁelementContainerStart, 
╔Á╔ÁelementEnd, ╔Á╔ÁelementStart, ╔Á╔ÁenableBindings, ╔Á╔ÁgetComponentDepsFactory, ╔Á╔ÁgetCurrentView, 
╔Á╔ÁgetInheritedFactory, ╔Á╔ÁhostProperty, ╔Á╔Ái18n, ╔Á╔Ái18nApply, ╔Á╔Ái18nAttributes, ╔Á╔Ái18nEnd, ╔Á╔Ái18nExp, 
╔Á╔Ái18nPostprocess, ╔Á╔Ái18nStart, ╔Á╔Áinject, ╔Á╔ÁinjectAttribute, ╔Á╔ÁinvalidFactory, ╔Á╔ÁinvalidFactoryDep, 
╔Á╔Álistener, ╔Á╔ÁloadQuery, ╔Á╔ÁnamespaceHTML, ╔Á╔ÁnamespaceMathML, ╔Á╔ÁnamespaceSVG, ╔Á╔ÁnextContext, 
╔Á╔ÁngDeclareClassMetadata, ╔Á╔ÁngDeclareClassMetadataAsync, ╔Á╔ÁngDeclareComponent, ╔Á╔ÁngDeclareDirective, 
╔Á╔ÁngDeclareFactory, ╔Á╔ÁngDeclareInjectable, ╔Á╔ÁngDeclareInjector, ╔Á╔ÁngDeclareNgModule, ╔Á╔ÁngDeclarePipe, 
╔Á╔Ápipe, ╔Á╔ÁpipeBind1, ╔Á╔ÁpipeBind2, ╔Á╔ÁpipeBind3, ╔Á╔ÁpipeBind4, ╔Á╔ÁpipeBindV, ╔Á╔Áprojection, 
╔Á╔ÁprojectionDef, ╔Á╔Áproperty, ╔Á╔ÁpropertyInterpolate, ╔Á╔ÁpropertyInterpolate1, ╔Á╔ÁpropertyInterpolate2, 
╔Á╔ÁpropertyInterpolate3, ╔Á╔ÁpropertyInterpolate4, ╔Á╔ÁpropertyInterpolate5, ╔Á╔ÁpropertyInterpolate6, 
╔Á╔ÁpropertyInterpolate7, ╔Á╔ÁpropertyInterpolate8, ╔Á╔ÁpropertyInterpolateV, ╔Á╔ÁpureFunction0, ╔Á╔ÁpureFunction1, 
╔Á╔ÁpureFunction2, ╔Á╔ÁpureFunction3, ╔Á╔ÁpureFunction4, ╔Á╔ÁpureFunction5, ╔Á╔ÁpureFunction6, ╔Á╔ÁpureFunction7, 
╔Á╔ÁpureFunction8, ╔Á╔ÁpureFunctionV, ╔Á╔ÁqueryAdvance, ╔Á╔ÁqueryRefresh, ╔Á╔ÁreadContextLet, ╔Á╔Áreference, 
╔Á╔ÁregisterNgModuleType, ╔Á╔Árepeater, ╔Á╔ÁrepeaterCreate, ╔Á╔ÁrepeaterTrackByIdentity, ╔Á╔ÁrepeaterTrackByIndex, 
╔Á╔ÁresetView, ╔Á╔ÁresolveBody, ╔Á╔ÁresolveDocument, ╔Á╔ÁresolveWindow, ╔Á╔ÁrestoreView, ╔Á╔ÁsanitizeHtml, 
╔Á╔ÁsanitizeResourceUrl, ╔Á╔ÁsanitizeScript, ╔Á╔ÁsanitizeStyle, ╔Á╔ÁsanitizeUrl, ╔Á╔ÁsanitizeUrlOrResourceUrl, 
╔Á╔ÁsetComponentScope, ╔Á╔ÁsetNgModuleScope, ╔Á╔ÁstoreLet, ╔Á╔ÁstyleMap, ╔Á╔ÁstyleMapInterpolate1, 
╔Á╔ÁstyleMapInterpolate2, ╔Á╔ÁstyleMapInterpolate3, ╔Á╔ÁstyleMapInterpolate4, ╔Á╔ÁstyleMapInterpolate5, 
╔Á╔ÁstyleMapInterpolate6, ╔Á╔ÁstyleMapInterpolate7, ╔Á╔ÁstyleMapInterpolate8, ╔Á╔ÁstyleMapInterpolateV, ╔Á╔ÁstyleProp, 
╔Á╔ÁstylePropInterpolate1, ╔Á╔ÁstylePropInterpolate2, ╔Á╔ÁstylePropInterpolate3, ╔Á╔ÁstylePropInterpolate4, 
╔Á╔ÁstylePropInterpolate5, ╔Á╔ÁstylePropInterpolate6, ╔Á╔ÁstylePropInterpolate7, ╔Á╔ÁstylePropInterpolate8, 
╔Á╔ÁstylePropInterpolateV, ╔Á╔ÁsyntheticHostListener, ╔Á╔ÁsyntheticHostProperty, ╔Á╔Átemplate, 
╔Á╔ÁtemplateRefExtractor, ╔Á╔Átext, ╔Á╔ÁtextInterpolate, ╔Á╔ÁtextInterpolate1, ╔Á╔ÁtextInterpolate2, 
╔Á╔ÁtextInterpolate3, ╔Á╔ÁtextInterpolate4, ╔Á╔ÁtextInterpolate5, ╔Á╔ÁtextInterpolate6, ╔Á╔ÁtextInterpolate7, 
╔Á╔ÁtextInterpolate8, ╔Á╔ÁtextInterpolateV, ╔Á╔ÁtrustConstantHtml, ╔Á╔ÁtrustConstantResourceUrl, ╔Á╔ÁtwoWayBindingSet, 
╔Á╔ÁtwoWayListener, ╔Á╔ÁtwoWayProperty, ╔Á╔ÁvalidateIframeAttribute, ╔Á╔ÁviewQuery, ╔Á╔ÁviewQuerySignal)

../node_modules/@angular/cdk/fesm2022/overlay.mjs:2984:27-47 - Error: export '╔Á╔ÁInputFlags' (imported as 'i0') was 
not found in '@angular/core' (possible exports: ANIMATION_MODULE_TYPE, APP_BOOTSTRAP_LISTENER, APP_ID, 
APP_INITIALIZER, AfterRenderPhase, ApplicationInitStatus, ApplicationModule, ApplicationRef, Attribute, 
COMPILER_OPTIONS, CSP_NONCE, CUSTOM_ELEMENTS_SCHEMA, ChangeDetectionStrategy, ChangeDetectorRef, Compiler, 
CompilerFactory, Component, ComponentFactory, ComponentFactoryResolver, ComponentRef, ContentChild, ContentChildren, 
DEFAULT_CURRENCY_CODE, DebugElement, DebugEventListener, DebugNode, DefaultIterableDiffer, DestroyRef, Directive, 
ENVIRONMENT_INITIALIZER, ElementRef, EmbeddedViewRef, EnvironmentInjector, ErrorHandler, EventEmitter, 
ExperimentalPendingTasks, HOST_TAG_NAME, Host, HostAttributeToken, HostBinding, HostListener, INJECTOR, Inject, 
InjectFlags, Injectable, InjectionToken, Injector, Input, IterableDiffers, KeyValueDiffers, LOCALE_ID, 
MissingTranslationStrategy, ModuleWithComponentFactories, NO_ERRORS_SCHEMA, NgModule, NgModuleFactory, NgModuleRef, 
NgProbeToken, NgZone, Optional, Output, OutputEmitterRef, PACKAGE_ROOT_URL, PLATFORM_ID, PLATFORM_INITIALIZER, Pipe, 
PlatformRef, Query, QueryList, Renderer2, RendererFactory2, RendererStyleFlags2, Sanitizer, SecurityContext, Self, 
SimpleChange, SkipSelf, TRANSLATIONS, TRANSLATIONS_FORMAT, TemplateRef, Testability, TestabilityRegistry, 
TransferState, Type, VERSION, Version, ViewChild, ViewChildren, ViewContainerRef, ViewEncapsulation, ViewRef, 
afterNextRender, afterRender, asNativeElements, assertInInjectionContext, assertNotInReactiveContext, assertPlatform, 
booleanAttribute, computed, contentChild, contentChildren, createComponent, createEnvironmentInjector, createNgModule, 
createNgModuleRef, createPlatform, createPlatformFactory, defineInjectable, destroyPlatform, effect, enableProdMode, 
forwardRef, getDebugNode, getModuleFactory, getNgModuleById, getPlatform, importProvidersFrom, inject, input, 
isDevMode, isSignal, isStandalone, makeEnvironmentProviders, makeStateKey, mergeApplicationConfig, model, 
numberAttribute, output, platformCore, provideExperimentalCheckNoChangesForDebug, 
provideExperimentalZonelessChangeDetection, provideZoneChangeDetection, reflectComponentType, resolveForwardRef, 
runInInjectionContext, setTestabilityGetter, signal, untracked, viewChild, viewChildren, ╔ÁALLOW_MULTIPLE_PLATFORMS, 
╔ÁAfterRenderManager, ╔ÁCONTAINER_HEADER_OFFSET, ╔ÁChangeDetectionScheduler, ╔ÁChangeDetectionSchedulerImpl, 
╔ÁComponentFactory, ╔ÁConsole, ╔ÁDEFAULT_LOCALE_ID, ╔ÁDEFER_BLOCK_CONFIG, ╔ÁDEFER_BLOCK_DEPENDENCY_INTERCEPTOR, 
╔ÁDeferBlockBehavior, ╔ÁDeferBlockState, ╔ÁEffectScheduler, ╔ÁIMAGE_CONFIG, ╔ÁIMAGE_CONFIG_DEFAULTS, ╔ÁINJECTOR_SCOPE, 
╔ÁINPUT_SIGNAL_BRAND_WRITE_TYPE, ╔ÁINTERNAL_APPLICATION_ERROR_HANDLER, ╔ÁIS_HYDRATION_DOM_REUSE_ENABLED, 
╔ÁJSACTION_EVENT_CONTRACT, ╔ÁLContext, ╔ÁLifecycleHooksFeature, ╔ÁLocaleDataIndex, ╔ÁNG_COMP_DEF, ╔ÁNG_DIR_DEF, 
╔ÁNG_ELEMENT_ID, ╔ÁNG_INJ_DEF, ╔ÁNG_MOD_DEF, ╔ÁNG_PIPE_DEF, ╔ÁNG_PROV_DEF, ╔ÁNOT_FOUND_CHECK_ONLY_ELEMENT_INJECTOR, 
╔ÁNO_CHANGE, ╔ÁNgModuleFactory, ╔ÁNoopNgZone, ╔ÁPROVIDED_NG_ZONE, ╔ÁPendingTasks, ╔ÁReflectionCapabilities, 
╔ÁRender3ComponentFactory, ╔ÁRender3ComponentRef, ╔ÁRender3NgModuleRef, ╔ÁRuntimeError, ╔ÁSIGNAL, 
╔ÁSSR_CONTENT_INTEGRITY_MARKER, ╔ÁTESTABILITY, ╔ÁTESTABILITY_GETTER, ╔ÁUSE_RUNTIME_DEPS_TRACKER_FOR_JIT, ╔ÁViewRef, 
╔ÁXSS_SECURITY_URL, ╔ÁZONELESS_ENABLED, ╔Á_sanitizeHtml, ╔Á_sanitizeUrl, ╔ÁallowSanitizationBypassAndThrow, 
╔ÁannotateForHydration, ╔ÁbypassSanitizationTrustHtml, ╔ÁbypassSanitizationTrustResourceUrl, 
╔ÁbypassSanitizationTrustScript, ╔ÁbypassSanitizationTrustStyle, ╔ÁbypassSanitizationTrustUrl, 
╔ÁclearResolutionOfComponentResourcesQueue, ╔ÁcompileComponent, ╔ÁcompileDirective, ╔ÁcompileNgModule, 
╔ÁcompileNgModuleDefs, ╔ÁcompileNgModuleFactory, ╔ÁcompilePipe, ╔ÁconvertToBitFlags, ╔ÁcreateInjector, 
╔ÁdefaultIterableDiffers, ╔ÁdefaultKeyValueDiffers, ╔ÁdepsTracker, ╔ÁdetectChangesInViewIfRequired, ╔ÁdevModeEqual, 
╔ÁfindLocaleData, ╔ÁflushModuleScopingQueueAsMuchAsPossible, ╔ÁformatRuntimeError, 
╔ÁgenerateStandaloneInDeclarationsError, ╔ÁgetAsyncClassMetadataFn, ╔ÁgetDebugNode, ╔ÁgetDeferBlocks, ╔ÁgetDirectives, 
╔ÁgetHostElement, ╔ÁgetInjectableDef, ╔ÁgetLContext, ╔ÁgetLocaleCurrencyCode, ╔ÁgetLocalePluralCase, 
╔ÁgetOutputDestroyRef, ╔ÁgetSanitizationBypassType, ╔ÁgetUnknownElementStrictMode, ╔ÁgetUnknownPropertyStrictMode, 
╔Áglobal, ╔ÁinjectChangeDetectorRef, ╔ÁinternalCreateApplication, ╔ÁinternalProvideZoneChangeDetection, 
╔ÁisBoundToModule, ╔ÁisComponentDefPendingResolution, ╔ÁisEnvironmentProviders, ╔ÁisInjectable, ╔ÁisNgModule, 
╔ÁisPromise, ╔ÁisSubscribable, ╔ÁnoSideEffects, ╔ÁpatchComponentDefWithScope, ╔ÁperformanceMarkFeature, 
╔ÁreadHydrationInfo, ╔ÁregisterLocaleData, ╔ÁrenderDeferBlockState, ╔ÁresetCompiledComponents, ╔ÁresetJitOptions, 
╔ÁresolveComponentResources, ╔ÁrestoreComponentResolutionQueue, ╔ÁsetAllowDuplicateNgModuleIdsForTest, 
╔ÁsetAlternateWeakRefImpl, ╔ÁsetClassDebugInfo, ╔ÁsetClassMetadata, ╔ÁsetClassMetadataAsync, ╔ÁsetCurrentInjector, 
╔ÁsetDocument, ╔ÁsetInjectorProfilerContext, ╔ÁsetLocaleId, ╔ÁsetUnknownElementStrictMode, 
╔ÁsetUnknownPropertyStrictMode, ╔Ástore, ╔Ástringify, ╔ÁtransitiveScopesFor, ╔ÁtriggerResourceLoading, 
╔ÁtruncateMiddle, ╔ÁunregisterLocaleData, ╔ÁunwrapSafeValue, ╔ÁunwrapWritableSignal, ╔ÁwhenStable, ╔ÁwithDomHydration, 
╔ÁwithEventReplay, ╔ÁwithI18nSupport, ╔Á╔ÁCopyDefinitionFeature, ╔Á╔ÁFactoryTarget, ╔Á╔ÁHostDirectivesFeature, 
╔Á╔ÁInheritDefinitionFeature, ╔Á╔ÁInputTransformsFeature, ╔Á╔ÁNgOnChangesFeature, ╔Á╔ÁProvidersFeature, 
╔Á╔ÁStandaloneFeature, ╔Á╔Áadvance, ╔Á╔Áattribute, ╔Á╔ÁattributeInterpolate1, ╔Á╔ÁattributeInterpolate2, 
╔Á╔ÁattributeInterpolate3, ╔Á╔ÁattributeInterpolate4, ╔Á╔ÁattributeInterpolate5, ╔Á╔ÁattributeInterpolate6, 
╔Á╔ÁattributeInterpolate7, ╔Á╔ÁattributeInterpolate8, ╔Á╔ÁattributeInterpolateV, ╔Á╔ÁclassMap, 
╔Á╔ÁclassMapInterpolate1, ╔Á╔ÁclassMapInterpolate2, ╔Á╔ÁclassMapInterpolate3, ╔Á╔ÁclassMapInterpolate4, 
╔Á╔ÁclassMapInterpolate5, ╔Á╔ÁclassMapInterpolate6, ╔Á╔ÁclassMapInterpolate7, ╔Á╔ÁclassMapInterpolate8, 
╔Á╔ÁclassMapInterpolateV, ╔Á╔ÁclassProp, ╔Á╔ÁcomponentInstance, ╔Á╔Áconditional, ╔Á╔ÁcontentQuery, 
╔Á╔ÁcontentQuerySignal, ╔Á╔ÁdeclareLet, ╔Á╔Ádefer, ╔Á╔ÁdeferEnableTimerScheduling, ╔Á╔ÁdeferOnHover, ╔Á╔ÁdeferOnIdle, 
╔Á╔ÁdeferOnImmediate, ╔Á╔ÁdeferOnInteraction, ╔Á╔ÁdeferOnTimer, ╔Á╔ÁdeferOnViewport, ╔Á╔ÁdeferPrefetchOnHover, 
╔Á╔ÁdeferPrefetchOnIdle, ╔Á╔ÁdeferPrefetchOnImmediate, ╔Á╔ÁdeferPrefetchOnInteraction, ╔Á╔ÁdeferPrefetchOnTimer, 
╔Á╔ÁdeferPrefetchOnViewport, ╔Á╔ÁdeferPrefetchWhen, ╔Á╔ÁdeferWhen, ╔Á╔ÁdefineComponent, ╔Á╔ÁdefineDirective, 
╔Á╔ÁdefineInjectable, ╔Á╔ÁdefineInjector, ╔Á╔ÁdefineNgModule, ╔Á╔ÁdefinePipe, ╔Á╔ÁdirectiveInject, 
╔Á╔ÁdisableBindings, ╔Á╔Áelement, ╔Á╔ÁelementContainer, ╔Á╔ÁelementContainerEnd, ╔Á╔ÁelementContainerStart, 
╔Á╔ÁelementEnd, ╔Á╔ÁelementStart, ╔Á╔ÁenableBindings, ╔Á╔ÁgetComponentDepsFactory, ╔Á╔ÁgetCurrentView, 
╔Á╔ÁgetInheritedFactory, ╔Á╔ÁhostProperty, ╔Á╔Ái18n, ╔Á╔Ái18nApply, ╔Á╔Ái18nAttributes, ╔Á╔Ái18nEnd, ╔Á╔Ái18nExp, 
╔Á╔Ái18nPostprocess, ╔Á╔Ái18nStart, ╔Á╔Áinject, ╔Á╔ÁinjectAttribute, ╔Á╔ÁinvalidFactory, ╔Á╔ÁinvalidFactoryDep, 
╔Á╔Álistener, ╔Á╔ÁloadQuery, ╔Á╔ÁnamespaceHTML, ╔Á╔ÁnamespaceMathML, ╔Á╔ÁnamespaceSVG, ╔Á╔ÁnextContext, 
╔Á╔ÁngDeclareClassMetadata, ╔Á╔ÁngDeclareClassMetadataAsync, ╔Á╔ÁngDeclareComponent, ╔Á╔ÁngDeclareDirective, 
╔Á╔ÁngDeclareFactory, ╔Á╔ÁngDeclareInjectable, ╔Á╔ÁngDeclareInjector, ╔Á╔ÁngDeclareNgModule, ╔Á╔ÁngDeclarePipe, 
╔Á╔Ápipe, ╔Á╔ÁpipeBind1, ╔Á╔ÁpipeBind2, ╔Á╔ÁpipeBind3, ╔Á╔ÁpipeBind4, ╔Á╔ÁpipeBindV, ╔Á╔Áprojection, 
╔Á╔ÁprojectionDef, ╔Á╔Áproperty, ╔Á╔ÁpropertyInterpolate, ╔Á╔ÁpropertyInterpolate1, ╔Á╔ÁpropertyInterpolate2, 
╔Á╔ÁpropertyInterpolate3, ╔Á╔ÁpropertyInterpolate4, ╔Á╔ÁpropertyInterpolate5, ╔Á╔ÁpropertyInterpolate6, 
╔Á╔ÁpropertyInterpolate7, ╔Á╔ÁpropertyInterpolate8, ╔Á╔ÁpropertyInterpolateV, ╔Á╔ÁpureFunction0, ╔Á╔ÁpureFunction1, 
╔Á╔ÁpureFunction2, ╔Á╔ÁpureFunction3, ╔Á╔ÁpureFunction4, ╔Á╔ÁpureFunction5, ╔Á╔ÁpureFunction6, ╔Á╔ÁpureFunction7, 
╔Á╔ÁpureFunction8, ╔Á╔ÁpureFunctionV, ╔Á╔ÁqueryAdvance, ╔Á╔ÁqueryRefresh, ╔Á╔ÁreadContextLet, ╔Á╔Áreference, 
╔Á╔ÁregisterNgModuleType, ╔Á╔Árepeater, ╔Á╔ÁrepeaterCreate, ╔Á╔ÁrepeaterTrackByIdentity, ╔Á╔ÁrepeaterTrackByIndex, 
╔Á╔ÁresetView, ╔Á╔ÁresolveBody, ╔Á╔ÁresolveDocument, ╔Á╔ÁresolveWindow, ╔Á╔ÁrestoreView, ╔Á╔ÁsanitizeHtml, 
╔Á╔ÁsanitizeResourceUrl, ╔Á╔ÁsanitizeScript, ╔Á╔ÁsanitizeStyle, ╔Á╔ÁsanitizeUrl, ╔Á╔ÁsanitizeUrlOrResourceUrl, 
╔Á╔ÁsetComponentScope, ╔Á╔ÁsetNgModuleScope, ╔Á╔ÁstoreLet, ╔Á╔ÁstyleMap, ╔Á╔ÁstyleMapInterpolate1, 
╔Á╔ÁstyleMapInterpolate2, ╔Á╔ÁstyleMapInterpolate3, ╔Á╔ÁstyleMapInterpolate4, ╔Á╔ÁstyleMapInterpolate5, 
╔Á╔ÁstyleMapInterpolate6, ╔Á╔ÁstyleMapInterpolate7, ╔Á╔ÁstyleMapInterpolate8, ╔Á╔ÁstyleMapInterpolateV, ╔Á╔ÁstyleProp, 
╔Á╔ÁstylePropInterpolate1, ╔Á╔ÁstylePropInterpolate2, ╔Á╔ÁstylePropInterpolate3, ╔Á╔ÁstylePropInterpolate4, 
╔Á╔ÁstylePropInterpolate5, ╔Á╔ÁstylePropInterpolate6, ╔Á╔ÁstylePropInterpolate7, ╔Á╔ÁstylePropInterpolate8, 
╔Á╔ÁstylePropInterpolateV, ╔Á╔ÁsyntheticHostListener, ╔Á╔ÁsyntheticHostProperty, ╔Á╔Átemplate, 
╔Á╔ÁtemplateRefExtractor, ╔Á╔Átext, ╔Á╔ÁtextInterpolate, ╔Á╔ÁtextInterpolate1, ╔Á╔ÁtextInterpolate2, 
╔Á╔ÁtextInterpolate3, ╔Á╔ÁtextInterpolate4, ╔Á╔ÁtextInterpolate5, ╔Á╔ÁtextInterpolate6, ╔Á╔ÁtextInterpolate7, 
╔Á╔ÁtextInterpolate8, ╔Á╔ÁtextInterpolateV, ╔Á╔ÁtrustConstantHtml, ╔Á╔ÁtrustConstantResourceUrl, ╔Á╔ÁtwoWayBindingSet, 
╔Á╔ÁtwoWayListener, ╔Á╔ÁtwoWayProperty, ╔Á╔ÁvalidateIframeAttribute, ╔Á╔ÁviewQuery, ╔Á╔ÁviewQuerySignal)

../node_modules/@angular/cdk/fesm2022/overlay.mjs:2985:18-38 - Error: export '╔Á╔ÁInputFlags' (imported as 'i0') was 
not found in '@angular/core' (possible exports: ANIMATION_MODULE_TYPE, APP_BOOTSTRAP_LISTENER, APP_ID, 
APP_INITIALIZER, AfterRenderPhase, ApplicationInitStatus, ApplicationModule, ApplicationRef, Attribute, 
COMPILER_OPTIONS, CSP_NONCE, CUSTOM_ELEMENTS_SCHEMA, ChangeDetectionStrategy, ChangeDetectorRef, Compiler, 
CompilerFactory, Component, ComponentFactory, ComponentFactoryResolver, ComponentRef, ContentChild, ContentChildren, 
DEFAULT_CURRENCY_CODE, DebugElement, DebugEventListener, DebugNode, DefaultIterableDiffer, DestroyRef, Directive, 
ENVIRONMENT_INITIALIZER, ElementRef, EmbeddedViewRef, EnvironmentInjector, ErrorHandler, EventEmitter, 
ExperimentalPendingTasks, HOST_TAG_NAME, Host, HostAttributeToken, HostBinding, HostListener, INJECTOR, Inject, 
InjectFlags, Injectable, InjectionToken, Injector, Input, IterableDiffers, KeyValueDiffers, LOCALE_ID, 
MissingTranslationStrategy, ModuleWithComponentFactories, NO_ERRORS_SCHEMA, NgModule, NgModuleFactory, NgModuleRef, 
NgProbeToken, NgZone, Optional, Output, OutputEmitterRef, PACKAGE_ROOT_URL, PLATFORM_ID, PLATFORM_INITIALIZER, Pipe, 
PlatformRef, Query, QueryList, Renderer2, RendererFactory2, RendererStyleFlags2, Sanitizer, SecurityContext, Self, 
SimpleChange, SkipSelf, TRANSLATIONS, TRANSLATIONS_FORMAT, TemplateRef, Testability, TestabilityRegistry, 
TransferState, Type, VERSION, Version, ViewChild, ViewChildren, ViewContainerRef, ViewEncapsulation, ViewRef, 
afterNextRender, afterRender, asNativeElements, assertInInjectionContext, assertNotInReactiveContext, assertPlatform, 
booleanAttribute, computed, contentChild, contentChildren, createComponent, createEnvironmentInjector, createNgModule, 
createNgModuleRef, createPlatform, createPlatformFactory, defineInjectable, destroyPlatform, effect, enableProdMode, 
forwardRef, getDebugNode, getModuleFactory, getNgModuleById, getPlatform, importProvidersFrom, inject, input, 
isDevMode, isSignal, isStandalone, makeEnvironmentProviders, makeStateKey, mergeApplicationConfig, model, 
numberAttribute, output, platformCore, provideExperimentalCheckNoChangesForDebug, 
provideExperimentalZonelessChangeDetection, provideZoneChangeDetection, reflectComponentType, resolveForwardRef, 
runInInjectionContext, setTestabilityGetter, signal, untracked, viewChild, viewChildren, ╔ÁALLOW_MULTIPLE_PLATFORMS, 
╔ÁAfterRenderManager, ╔ÁCONTAINER_HEADER_OFFSET, ╔ÁChangeDetectionScheduler, ╔ÁChangeDetectionSchedulerImpl, 
╔ÁComponentFactory, ╔ÁConsole, ╔ÁDEFAULT_LOCALE_ID, ╔ÁDEFER_BLOCK_CONFIG, ╔ÁDEFER_BLOCK_DEPENDENCY_INTERCEPTOR, 
╔ÁDeferBlockBehavior, ╔ÁDeferBlockState, ╔ÁEffectScheduler, ╔ÁIMAGE_CONFIG, ╔ÁIMAGE_CONFIG_DEFAULTS, ╔ÁINJECTOR_SCOPE, 
╔ÁINPUT_SIGNAL_BRAND_WRITE_TYPE, ╔ÁINTERNAL_APPLICATION_ERROR_HANDLER, ╔ÁIS_HYDRATION_DOM_REUSE_ENABLED, 
╔ÁJSACTION_EVENT_CONTRACT, ╔ÁLContext, ╔ÁLifecycleHooksFeature, ╔ÁLocaleDataIndex, ╔ÁNG_COMP_DEF, ╔ÁNG_DIR_DEF, 
╔ÁNG_ELEMENT_ID, ╔ÁNG_INJ_DEF, ╔ÁNG_MOD_DEF, ╔ÁNG_PIPE_DEF, ╔ÁNG_PROV_DEF, ╔ÁNOT_FOUND_CHECK_ONLY_ELEMENT_INJECTOR, 
╔ÁNO_CHANGE, ╔ÁNgModuleFactory, ╔ÁNoopNgZone, ╔ÁPROVIDED_NG_ZONE, ╔ÁPendingTasks, ╔ÁReflectionCapabilities, 
╔ÁRender3ComponentFactory, ╔ÁRender3ComponentRef, ╔ÁRender3NgModuleRef, ╔ÁRuntimeError, ╔ÁSIGNAL, 
╔ÁSSR_CONTENT_INTEGRITY_MARKER, ╔ÁTESTABILITY, ╔ÁTESTABILITY_GETTER, ╔ÁUSE_RUNTIME_DEPS_TRACKER_FOR_JIT, ╔ÁViewRef, 
╔ÁXSS_SECURITY_URL, ╔ÁZONELESS_ENABLED, ╔Á_sanitizeHtml, ╔Á_sanitizeUrl, ╔ÁallowSanitizationBypassAndThrow, 
╔ÁannotateForHydration, ╔ÁbypassSanitizationTrustHtml, ╔ÁbypassSanitizationTrustResourceUrl, 
╔ÁbypassSanitizationTrustScript, ╔ÁbypassSanitizationTrustStyle, ╔ÁbypassSanitizationTrustUrl, 
╔ÁclearResolutionOfComponentResourcesQueue, ╔ÁcompileComponent, ╔ÁcompileDirective, ╔ÁcompileNgModule, 
╔ÁcompileNgModuleDefs, ╔ÁcompileNgModuleFactory, ╔ÁcompilePipe, ╔ÁconvertToBitFlags, ╔ÁcreateInjector, 
╔ÁdefaultIterableDiffers, ╔ÁdefaultKeyValueDiffers, ╔ÁdepsTracker, ╔ÁdetectChangesInViewIfRequired, ╔ÁdevModeEqual, 
╔ÁfindLocaleData, ╔ÁflushModuleScopingQueueAsMuchAsPossible, ╔ÁformatRuntimeError, 
╔ÁgenerateStandaloneInDeclarationsError, ╔ÁgetAsyncClassMetadataFn, ╔ÁgetDebugNode, ╔ÁgetDeferBlocks, ╔ÁgetDirectives, 
╔ÁgetHostElement, ╔ÁgetInjectableDef, ╔ÁgetLContext, ╔ÁgetLocaleCurrencyCode, ╔ÁgetLocalePluralCase, 
╔ÁgetOutputDestroyRef, ╔ÁgetSanitizationBypassType, ╔ÁgetUnknownElementStrictMode, ╔ÁgetUnknownPropertyStrictMode, 
╔Áglobal, ╔ÁinjectChangeDetectorRef, ╔ÁinternalCreateApplication, ╔ÁinternalProvideZoneChangeDetection, 
╔ÁisBoundToModule, ╔ÁisComponentDefPendingResolution, ╔ÁisEnvironmentProviders, ╔ÁisInjectable, ╔ÁisNgModule, 
╔ÁisPromise, ╔ÁisSubscribable, ╔ÁnoSideEffects, ╔ÁpatchComponentDefWithScope, ╔ÁperformanceMarkFeature, 
╔ÁreadHydrationInfo, ╔ÁregisterLocaleData, ╔ÁrenderDeferBlockState, ╔ÁresetCompiledComponents, ╔ÁresetJitOptions, 
╔ÁresolveComponentResources, ╔ÁrestoreComponentResolutionQueue, ╔ÁsetAllowDuplicateNgModuleIdsForTest, 
╔ÁsetAlternateWeakRefImpl, ╔ÁsetClassDebugInfo, ╔ÁsetClassMetadata, ╔ÁsetClassMetadataAsync, ╔ÁsetCurrentInjector, 
╔ÁsetDocument, ╔ÁsetInjectorProfilerContext, ╔ÁsetLocaleId, ╔ÁsetUnknownElementStrictMode, 
╔ÁsetUnknownPropertyStrictMode, ╔Ástore, ╔Ástringify, ╔ÁtransitiveScopesFor, ╔ÁtriggerResourceLoading, 
╔ÁtruncateMiddle, ╔ÁunregisterLocaleData, ╔ÁunwrapSafeValue, ╔ÁunwrapWritableSignal, ╔ÁwhenStable, ╔ÁwithDomHydration, 
╔ÁwithEventReplay, ╔ÁwithI18nSupport, ╔Á╔ÁCopyDefinitionFeature, ╔Á╔ÁFactoryTarget, ╔Á╔ÁHostDirectivesFeature, 
╔Á╔ÁInheritDefinitionFeature, ╔Á╔ÁInputTransformsFeature, ╔Á╔ÁNgOnChangesFeature, ╔Á╔ÁProvidersFeature, 
╔Á╔ÁStandaloneFeature, ╔Á╔Áadvance, ╔Á╔Áattribute, ╔Á╔ÁattributeInterpolate1, ╔Á╔ÁattributeInterpolate2, 
╔Á╔ÁattributeInterpolate3, ╔Á╔ÁattributeInterpolate4, ╔Á╔ÁattributeInterpolate5, ╔Á╔ÁattributeInterpolate6, 
╔Á╔ÁattributeInterpolate7, ╔Á╔ÁattributeInterpolate8, ╔Á╔ÁattributeInterpolateV, ╔Á╔ÁclassMap, 
╔Á╔ÁclassMapInterpolate1, ╔Á╔ÁclassMapInterpolate2, ╔Á╔ÁclassMapInterpolate3, ╔Á╔ÁclassMapInterpolate4, 
╔Á╔ÁclassMapInterpolate5, ╔Á╔ÁclassMapInterpolate6, ╔Á╔ÁclassMapInterpolate7, ╔Á╔ÁclassMapInterpolate8, 
╔Á╔ÁclassMapInterpolateV, ╔Á╔ÁclassProp, ╔Á╔ÁcomponentInstance, ╔Á╔Áconditional, ╔Á╔ÁcontentQuery, 
╔Á╔ÁcontentQuerySignal, ╔Á╔ÁdeclareLet, ╔Á╔Ádefer, ╔Á╔ÁdeferEnableTimerScheduling, ╔Á╔ÁdeferOnHover, ╔Á╔ÁdeferOnIdle, 
╔Á╔ÁdeferOnImmediate, ╔Á╔ÁdeferOnInteraction, ╔Á╔ÁdeferOnTimer, ╔Á╔ÁdeferOnViewport, ╔Á╔ÁdeferPrefetchOnHover, 
╔Á╔ÁdeferPrefetchOnIdle, ╔Á╔ÁdeferPrefetchOnImmediate, ╔Á╔ÁdeferPrefetchOnInteraction, ╔Á╔ÁdeferPrefetchOnTimer, 
╔Á╔ÁdeferPrefetchOnViewport, ╔Á╔ÁdeferPrefetchWhen, ╔Á╔ÁdeferWhen, ╔Á╔ÁdefineComponent, ╔Á╔ÁdefineDirective, 
╔Á╔ÁdefineInjectable, ╔Á╔ÁdefineInjector, ╔Á╔ÁdefineNgModule, ╔Á╔ÁdefinePipe, ╔Á╔ÁdirectiveInject, 
╔Á╔ÁdisableBindings, ╔Á╔Áelement, ╔Á╔ÁelementContainer, ╔Á╔ÁelementContainerEnd, ╔Á╔ÁelementContainerStart, 
╔Á╔ÁelementEnd, ╔Á╔ÁelementStart, ╔Á╔ÁenableBindings, ╔Á╔ÁgetComponentDepsFactory, ╔Á╔ÁgetCurrentView, 
╔Á╔ÁgetInheritedFactory, ╔Á╔ÁhostProperty, ╔Á╔Ái18n, ╔Á╔Ái18nApply, ╔Á╔Ái18nAttributes, ╔Á╔Ái18nEnd, ╔Á╔Ái18nExp, 
╔Á╔Ái18nPostprocess, ╔Á╔Ái18nStart, ╔Á╔Áinject, ╔Á╔ÁinjectAttribute, ╔Á╔ÁinvalidFactory, ╔Á╔ÁinvalidFactoryDep, 
╔Á╔Álistener, ╔Á╔ÁloadQuery, ╔Á╔ÁnamespaceHTML, ╔Á╔ÁnamespaceMathML, ╔Á╔ÁnamespaceSVG, ╔Á╔ÁnextContext, 
╔Á╔ÁngDeclareClassMetadata, ╔Á╔ÁngDeclareClassMetadataAsync, ╔Á╔ÁngDeclareComponent, ╔Á╔ÁngDeclareDirective, 
╔Á╔ÁngDeclareFactory, ╔Á╔ÁngDeclareInjectable, ╔Á╔ÁngDeclareInjector, ╔Á╔ÁngDeclareNgModule, ╔Á╔ÁngDeclarePipe, 
╔Á╔Ápipe, ╔Á╔ÁpipeBind1, ╔Á╔ÁpipeBind2, ╔Á╔ÁpipeBind3, ╔Á╔ÁpipeBind4, ╔Á╔ÁpipeBindV, ╔Á╔Áprojection, 
╔Á╔ÁprojectionDef, ╔Á╔Áproperty, ╔Á╔ÁpropertyInterpolate, ╔Á╔ÁpropertyInterpolate1, ╔Á╔ÁpropertyInterpolate2, 
╔Á╔ÁpropertyInterpolate3, ╔Á╔ÁpropertyInterpolate4, ╔Á╔ÁpropertyInterpolate5, ╔Á╔ÁpropertyInterpolate6, 
╔Á╔ÁpropertyInterpolate7, ╔Á╔ÁpropertyInterpolate8, ╔Á╔ÁpropertyInterpolateV, ╔Á╔ÁpureFunction0, ╔Á╔ÁpureFunction1, 
╔Á╔ÁpureFunction2, ╔Á╔ÁpureFunction3, ╔Á╔ÁpureFunction4, ╔Á╔ÁpureFunction5, ╔Á╔ÁpureFunction6, ╔Á╔ÁpureFunction7, 
╔Á╔ÁpureFunction8, ╔Á╔ÁpureFunctionV, ╔Á╔ÁqueryAdvance, ╔Á╔ÁqueryRefresh, ╔Á╔ÁreadContextLet, ╔Á╔Áreference, 
╔Á╔ÁregisterNgModuleType, ╔Á╔Árepeater, ╔Á╔ÁrepeaterCreate, ╔Á╔ÁrepeaterTrackByIdentity, ╔Á╔ÁrepeaterTrackByIndex, 
╔Á╔ÁresetView, ╔Á╔ÁresolveBody, ╔Á╔ÁresolveDocument, ╔Á╔ÁresolveWindow, ╔Á╔ÁrestoreView, ╔Á╔ÁsanitizeHtml, 
╔Á╔ÁsanitizeResourceUrl, ╔Á╔ÁsanitizeScript, ╔Á╔ÁsanitizeStyle, ╔Á╔ÁsanitizeUrl, ╔Á╔ÁsanitizeUrlOrResourceUrl, 
╔Á╔ÁsetComponentScope, ╔Á╔ÁsetNgModuleScope, ╔Á╔ÁstoreLet, ╔Á╔ÁstyleMap, ╔Á╔ÁstyleMapInterpolate1, 
╔Á╔ÁstyleMapInterpolate2, ╔Á╔ÁstyleMapInterpolate3, ╔Á╔ÁstyleMapInterpolate4, ╔Á╔ÁstyleMapInterpolate5, 
╔Á╔ÁstyleMapInterpolate6, ╔Á╔ÁstyleMapInterpolate7, ╔Á╔ÁstyleMapInterpolate8, ╔Á╔ÁstyleMapInterpolateV, ╔Á╔ÁstyleProp, 
╔Á╔ÁstylePropInterpolate1, ╔Á╔ÁstylePropInterpolate2, ╔Á╔ÁstylePropInterpolate3, ╔Á╔ÁstylePropInterpolate4, 
╔Á╔ÁstylePropInterpolate5, ╔Á╔ÁstylePropInterpolate6, ╔Á╔ÁstylePropInterpolate7, ╔Á╔ÁstylePropInterpolate8, 
╔Á╔ÁstylePropInterpolateV, ╔Á╔ÁsyntheticHostListener, ╔Á╔ÁsyntheticHostProperty, ╔Á╔Átemplate, 
╔Á╔ÁtemplateRefExtractor, ╔Á╔Átext, ╔Á╔ÁtextInterpolate, ╔Á╔ÁtextInterpolate1, ╔Á╔ÁtextInterpolate2, 
╔Á╔ÁtextInterpolate3, ╔Á╔ÁtextInterpolate4, ╔Á╔ÁtextInterpolate5, ╔Á╔ÁtextInterpolate6, ╔Á╔ÁtextInterpolate7, 
╔Á╔ÁtextInterpolate8, ╔Á╔ÁtextInterpolateV, ╔Á╔ÁtrustConstantHtml, ╔Á╔ÁtrustConstantResourceUrl, ╔Á╔ÁtwoWayBindingSet, 
╔Á╔ÁtwoWayListener, ╔Á╔ÁtwoWayProperty, ╔Á╔ÁvalidateIframeAttribute, ╔Á╔ÁviewQuery, ╔Á╔ÁviewQuerySignal)

../node_modules/@angular/cdk/fesm2022/overlay.mjs:2986:18-38 - Error: export '╔Á╔ÁInputFlags' (imported as 'i0') was 
not found in '@angular/core' (possible exports: ANIMATION_MODULE_TYPE, APP_BOOTSTRAP_LISTENER, APP_ID, 
APP_INITIALIZER, AfterRenderPhase, ApplicationInitStatus, ApplicationModule, ApplicationRef, Attribute, 
COMPILER_OPTIONS, CSP_NONCE, CUSTOM_ELEMENTS_SCHEMA, ChangeDetectionStrategy, ChangeDetectorRef, Compiler, 
CompilerFactory, Component, ComponentFactory, ComponentFactoryResolver, ComponentRef, ContentChild, ContentChildren, 
DEFAULT_CURRENCY_CODE, DebugElement, DebugEventListener, DebugNode, DefaultIterableDiffer, DestroyRef, Directive, 
ENVIRONMENT_INITIALIZER, ElementRef, EmbeddedViewRef, EnvironmentInjector, ErrorHandler, EventEmitter, 
ExperimentalPendingTasks, HOST_TAG_NAME, Host, HostAttributeToken, HostBinding, HostListener, INJECTOR, Inject, 
InjectFlags, Injectable, InjectionToken, Injector, Input, IterableDiffers, KeyValueDiffers, LOCALE_ID, 
MissingTranslationStrategy, ModuleWithComponentFactories, NO_ERRORS_SCHEMA, NgModule, NgModuleFactory, NgModuleRef, 
NgProbeToken, NgZone, Optional, Output, OutputEmitterRef, PACKAGE_ROOT_URL, PLATFORM_ID, PLATFORM_INITIALIZER, Pipe, 
PlatformRef, Query, QueryList, Renderer2, RendererFactory2, RendererStyleFlags2, Sanitizer, SecurityContext, Self, 
SimpleChange, SkipSelf, TRANSLATIONS, TRANSLATIONS_FORMAT, TemplateRef, Testability, TestabilityRegistry, 
TransferState, Type, VERSION, Version, ViewChild, ViewChildren, ViewContainerRef, ViewEncapsulation, ViewRef, 
afterNextRender, afterRender, asNativeElements, assertInInjectionContext, assertNotInReactiveContext, assertPlatform, 
booleanAttribute, computed, contentChild, contentChildren, createComponent, createEnvironmentInjector, createNgModule, 
createNgModuleRef, createPlatform, createPlatformFactory, defineInjectable, destroyPlatform, effect, enableProdMode, 
forwardRef, getDebugNode, getModuleFactory, getNgModuleById, getPlatform, importProvidersFrom, inject, input, 
isDevMode, isSignal, isStandalone, makeEnvironmentProviders, makeStateKey, mergeApplicationConfig, model, 
numberAttribute, output, platformCore, provideExperimentalCheckNoChangesForDebug, 
provideExperimentalZonelessChangeDetection, provideZoneChangeDetection, reflectComponentType, resolveForwardRef, 
runInInjectionContext, setTestabilityGetter, signal, untracked, viewChild, viewChildren, ╔ÁALLOW_MULTIPLE_PLATFORMS, 
╔ÁAfterRenderManager, ╔ÁCONTAINER_HEADER_OFFSET, ╔ÁChangeDetectionScheduler, ╔ÁChangeDetectionSchedulerImpl, 
╔ÁComponentFactory, ╔ÁConsole, ╔ÁDEFAULT_LOCALE_ID, ╔ÁDEFER_BLOCK_CONFIG, ╔ÁDEFER_BLOCK_DEPENDENCY_INTERCEPTOR, 
╔ÁDeferBlockBehavior, ╔ÁDeferBlockState, ╔ÁEffectScheduler, ╔ÁIMAGE_CONFIG, ╔ÁIMAGE_CONFIG_DEFAULTS, ╔ÁINJECTOR_SCOPE, 
╔ÁINPUT_SIGNAL_BRAND_WRITE_TYPE, ╔ÁINTERNAL_APPLICATION_ERROR_HANDLER, ╔ÁIS_HYDRATION_DOM_REUSE_ENABLED, 
╔ÁJSACTION_EVENT_CONTRACT, ╔ÁLContext, ╔ÁLifecycleHooksFeature, ╔ÁLocaleDataIndex, ╔ÁNG_COMP_DEF, ╔ÁNG_DIR_DEF, 
╔ÁNG_ELEMENT_ID, ╔ÁNG_INJ_DEF, ╔ÁNG_MOD_DEF, ╔ÁNG_PIPE_DEF, ╔ÁNG_PROV_DEF, ╔ÁNOT_FOUND_CHECK_ONLY_ELEMENT_INJECTOR, 
╔ÁNO_CHANGE, ╔ÁNgModuleFactory, ╔ÁNoopNgZone, ╔ÁPROVIDED_NG_ZONE, ╔ÁPendingTasks, ╔ÁReflectionCapabilities, 
╔ÁRender3ComponentFactory, ╔ÁRender3ComponentRef, ╔ÁRender3NgModuleRef, ╔ÁRuntimeError, ╔ÁSIGNAL, 
╔ÁSSR_CONTENT_INTEGRITY_MARKER, ╔ÁTESTABILITY, ╔ÁTESTABILITY_GETTER, ╔ÁUSE_RUNTIME_DEPS_TRACKER_FOR_JIT, ╔ÁViewRef, 
╔ÁXSS_SECURITY_URL, ╔ÁZONELESS_ENABLED, ╔Á_sanitizeHtml, ╔Á_sanitizeUrl, ╔ÁallowSanitizationBypassAndThrow, 
╔ÁannotateForHydration, ╔ÁbypassSanitizationTrustHtml, ╔ÁbypassSanitizationTrustResourceUrl, 
╔ÁbypassSanitizationTrustScript, ╔ÁbypassSanitizationTrustStyle, ╔ÁbypassSanitizationTrustUrl, 
╔ÁclearResolutionOfComponentResourcesQueue, ╔ÁcompileComponent, ╔ÁcompileDirective, ╔ÁcompileNgModule, 
╔ÁcompileNgModuleDefs, ╔ÁcompileNgModuleFactory, ╔ÁcompilePipe, ╔ÁconvertToBitFlags, ╔ÁcreateInjector, 
╔ÁdefaultIterableDiffers, ╔ÁdefaultKeyValueDiffers, ╔ÁdepsTracker, ╔ÁdetectChangesInViewIfRequired, ╔ÁdevModeEqual, 
╔ÁfindLocaleData, ╔ÁflushModuleScopingQueueAsMuchAsPossible, ╔ÁformatRuntimeError, 
╔ÁgenerateStandaloneInDeclarationsError, ╔ÁgetAsyncClassMetadataFn, ╔ÁgetDebugNode, ╔ÁgetDeferBlocks, ╔ÁgetDirectives, 
╔ÁgetHostElement, ╔ÁgetInjectableDef, ╔ÁgetLContext, ╔ÁgetLocaleCurrencyCode, ╔ÁgetLocalePluralCase, 
╔ÁgetOutputDestroyRef, ╔ÁgetSanitizationBypassType, ╔ÁgetUnknownElementStrictMode, ╔ÁgetUnknownPropertyStrictMode, 
╔Áglobal, ╔ÁinjectChangeDetectorRef, ╔ÁinternalCreateApplication, ╔ÁinternalProvideZoneChangeDetection, 
╔ÁisBoundToModule, ╔ÁisComponentDefPendingResolution, ╔ÁisEnvironmentProviders, ╔ÁisInjectable, ╔ÁisNgModule, 
╔ÁisPromise, ╔ÁisSubscribable, ╔ÁnoSideEffects, ╔ÁpatchComponentDefWithScope, ╔ÁperformanceMarkFeature, 
╔ÁreadHydrationInfo, ╔ÁregisterLocaleData, ╔ÁrenderDeferBlockState, ╔ÁresetCompiledComponents, ╔ÁresetJitOptions, 
╔ÁresolveComponentResources, ╔ÁrestoreComponentResolutionQueue, ╔ÁsetAllowDuplicateNgModuleIdsForTest, 
╔ÁsetAlternateWeakRefImpl, ╔ÁsetClassDebugInfo, ╔ÁsetClassMetadata, ╔ÁsetClassMetadataAsync, ╔ÁsetCurrentInjector, 
╔ÁsetDocument, ╔ÁsetInjectorProfilerContext, ╔ÁsetLocaleId, ╔ÁsetUnknownElementStrictMode, 
╔ÁsetUnknownPropertyStrictMode, ╔Ástore, ╔Ástringify, ╔ÁtransitiveScopesFor, ╔ÁtriggerResourceLoading, 
╔ÁtruncateMiddle, ╔ÁunregisterLocaleData, ╔ÁunwrapSafeValue, ╔ÁunwrapWritableSignal, ╔ÁwhenStable, ╔ÁwithDomHydration, 
╔ÁwithEventReplay, ╔ÁwithI18nSupport, ╔Á╔ÁCopyDefinitionFeature, ╔Á╔ÁFactoryTarget, ╔Á╔ÁHostDirectivesFeature, 
╔Á╔ÁInheritDefinitionFeature, ╔Á╔ÁInputTransformsFeature, ╔Á╔ÁNgOnChangesFeature, ╔Á╔ÁProvidersFeature, 
╔Á╔ÁStandaloneFeature, ╔Á╔Áadvance, ╔Á╔Áattribute, ╔Á╔ÁattributeInterpolate1, ╔Á╔ÁattributeInterpolate2, 
╔Á╔ÁattributeInterpolate3, ╔Á╔ÁattributeInterpolate4, ╔Á╔ÁattributeInterpolate5, ╔Á╔ÁattributeInterpolate6, 
╔Á╔ÁattributeInterpolate7, ╔Á╔ÁattributeInterpolate8, ╔Á╔ÁattributeInterpolateV, ╔Á╔ÁclassMap, 
╔Á╔ÁclassMapInterpolate1, ╔Á╔ÁclassMapInterpolate2, ╔Á╔ÁclassMapInterpolate3, ╔Á╔ÁclassMapInterpolate4, 
╔Á╔ÁclassMapInterpolate5, ╔Á╔ÁclassMapInterpolate6, ╔Á╔ÁclassMapInterpolate7, ╔Á╔ÁclassMapInterpolate8, 
╔Á╔ÁclassMapInterpolateV, ╔Á╔ÁclassProp, ╔Á╔ÁcomponentInstance, ╔Á╔Áconditional, ╔Á╔ÁcontentQuery, 
╔Á╔ÁcontentQuerySignal, ╔Á╔ÁdeclareLet, ╔Á╔Ádefer, ╔Á╔ÁdeferEnableTimerScheduling, ╔Á╔ÁdeferOnHover, ╔Á╔ÁdeferOnIdle, 
╔Á╔ÁdeferOnImmediate, ╔Á╔ÁdeferOnInteraction, ╔Á╔ÁdeferOnTimer, ╔Á╔ÁdeferOnViewport, ╔Á╔ÁdeferPrefetchOnHover, 
╔Á╔ÁdeferPrefetchOnIdle, ╔Á╔ÁdeferPrefetchOnImmediate, ╔Á╔ÁdeferPrefetchOnInteraction, ╔Á╔ÁdeferPrefetchOnTimer, 
╔Á╔ÁdeferPrefetchOnViewport, ╔Á╔ÁdeferPrefetchWhen, ╔Á╔ÁdeferWhen, ╔Á╔ÁdefineComponent, ╔Á╔ÁdefineDirective, 
╔Á╔ÁdefineInjectable, ╔Á╔ÁdefineInjector, ╔Á╔ÁdefineNgModule, ╔Á╔ÁdefinePipe, ╔Á╔ÁdirectiveInject, 
╔Á╔ÁdisableBindings, ╔Á╔Áelement, ╔Á╔ÁelementContainer, ╔Á╔ÁelementContainerEnd, ╔Á╔ÁelementContainerStart, 
╔Á╔ÁelementEnd, ╔Á╔ÁelementStart, ╔Á╔ÁenableBindings, ╔Á╔ÁgetComponentDepsFactory, ╔Á╔ÁgetCurrentView, 
╔Á╔ÁgetInheritedFactory, ╔Á╔ÁhostProperty, ╔Á╔Ái18n, ╔Á╔Ái18nApply, ╔Á╔Ái18nAttributes, ╔Á╔Ái18nEnd, ╔Á╔Ái18nExp, 
╔Á╔Ái18nPostprocess, ╔Á╔Ái18nStart, ╔Á╔Áinject, ╔Á╔ÁinjectAttribute, ╔Á╔ÁinvalidFactory, ╔Á╔ÁinvalidFactoryDep, 
╔Á╔Álistener, ╔Á╔ÁloadQuery, ╔Á╔ÁnamespaceHTML, ╔Á╔ÁnamespaceMathML, ╔Á╔ÁnamespaceSVG, ╔Á╔ÁnextContext, 
╔Á╔ÁngDeclareClassMetadata, ╔Á╔ÁngDeclareClassMetadataAsync, ╔Á╔ÁngDeclareComponent, ╔Á╔ÁngDeclareDirective, 
╔Á╔ÁngDeclareFactory, ╔Á╔ÁngDeclareInjectable, ╔Á╔ÁngDeclareInjector, ╔Á╔ÁngDeclareNgModule, ╔Á╔ÁngDeclarePipe, 
╔Á╔Ápipe, ╔Á╔ÁpipeBind1, ╔Á╔ÁpipeBind2, ╔Á╔ÁpipeBind3, ╔Á╔ÁpipeBind4, ╔Á╔ÁpipeBindV, ╔Á╔Áprojection, 
╔Á╔ÁprojectionDef, ╔Á╔Áproperty, ╔Á╔ÁpropertyInterpolate, ╔Á╔ÁpropertyInterpolate1, ╔Á╔ÁpropertyInterpolate2, 
╔Á╔ÁpropertyInterpolate3, ╔Á╔ÁpropertyInterpolate4, ╔Á╔ÁpropertyInterpolate5, ╔Á╔ÁpropertyInterpolate6, 
╔Á╔ÁpropertyInterpolate7, ╔Á╔ÁpropertyInterpolate8, ╔Á╔ÁpropertyInterpolateV, ╔Á╔ÁpureFunction0, ╔Á╔ÁpureFunction1, 
╔Á╔ÁpureFunction2, ╔Á╔ÁpureFunction3, ╔Á╔ÁpureFunction4, ╔Á╔ÁpureFunction5, ╔Á╔ÁpureFunction6, ╔Á╔ÁpureFunction7, 
╔Á╔ÁpureFunction8, ╔Á╔ÁpureFunctionV, ╔Á╔ÁqueryAdvance, ╔Á╔ÁqueryRefresh, ╔Á╔ÁreadContextLet, ╔Á╔Áreference, 
╔Á╔ÁregisterNgModuleType, ╔Á╔Árepeater, ╔Á╔ÁrepeaterCreate, ╔Á╔ÁrepeaterTrackByIdentity, ╔Á╔ÁrepeaterTrackByIndex, 
╔Á╔ÁresetView, ╔Á╔ÁresolveBody, ╔Á╔ÁresolveDocument, ╔Á╔ÁresolveWindow, ╔Á╔ÁrestoreView, ╔Á╔ÁsanitizeHtml, 
╔Á╔ÁsanitizeResourceUrl, ╔Á╔ÁsanitizeScript, ╔Á╔ÁsanitizeStyle, ╔Á╔ÁsanitizeUrl, ╔Á╔ÁsanitizeUrlOrResourceUrl, 
╔Á╔ÁsetComponentScope, ╔Á╔ÁsetNgModuleScope, ╔Á╔ÁstoreLet, ╔Á╔ÁstyleMap, ╔Á╔ÁstyleMapInterpolate1, 
╔Á╔ÁstyleMapInterpolate2, ╔Á╔ÁstyleMapInterpolate3, ╔Á╔ÁstyleMapInterpolate4, ╔Á╔ÁstyleMapInterpolate5, 
╔Á╔ÁstyleMapInterpolate6, ╔Á╔ÁstyleMapInterpolate7, ╔Á╔ÁstyleMapInterpolate8, ╔Á╔ÁstyleMapInterpolateV, ╔Á╔ÁstyleProp, 
╔Á╔ÁstylePropInterpolate1, ╔Á╔ÁstylePropInterpolate2, ╔Á╔ÁstylePropInterpolate3, ╔Á╔ÁstylePropInterpolate4, 
╔Á╔ÁstylePropInterpolate5, ╔Á╔ÁstylePropInterpolate6, ╔Á╔ÁstylePropInterpolate7, ╔Á╔ÁstylePropInterpolate8, 
╔Á╔ÁstylePropInterpolateV, ╔Á╔ÁsyntheticHostListener, ╔Á╔ÁsyntheticHostProperty, ╔Á╔Átemplate, 
╔Á╔ÁtemplateRefExtractor, ╔Á╔Átext, ╔Á╔ÁtextInterpolate, ╔Á╔ÁtextInterpolate1, ╔Á╔ÁtextInterpolate2, 
╔Á╔ÁtextInterpolate3, ╔Á╔ÁtextInterpolate4, ╔Á╔ÁtextInterpolate5, ╔Á╔ÁtextInterpolate6, ╔Á╔ÁtextInterpolate7, 
╔Á╔ÁtextInterpolate8, ╔Á╔ÁtextInterpolateV, ╔Á╔ÁtrustConstantHtml, ╔Á╔ÁtrustConstantResourceUrl, ╔Á╔ÁtwoWayBindingSet, 
╔Á╔ÁtwoWayListener, ╔Á╔ÁtwoWayProperty, ╔Á╔ÁvalidateIframeAttribute, ╔Á╔ÁviewQuery, ╔Á╔ÁviewQuerySignal)

../node_modules/@angular/cdk/fesm2022/overlay.mjs:2987:16-36 - Error: export '╔Á╔ÁInputFlags' (imported as 'i0') was 
not found in '@angular/core' (possible exports: ANIMATION_MODULE_TYPE, APP_BOOTSTRAP_LISTENER, APP_ID, 
APP_INITIALIZER, AfterRenderPhase, ApplicationInitStatus, ApplicationModule, ApplicationRef, Attribute, 
COMPILER_OPTIONS, CSP_NONCE, CUSTOM_ELEMENTS_SCHEMA, ChangeDetectionStrategy, ChangeDetectorRef, Compiler, 
CompilerFactory, Component, ComponentFactory, ComponentFactoryResolver, ComponentRef, ContentChild, ContentChildren, 
DEFAULT_CURRENCY_CODE, DebugElement, DebugEventListener, DebugNode, DefaultIterableDiffer, DestroyRef, Directive, 
ENVIRONMENT_INITIALIZER, ElementRef, EmbeddedViewRef, EnvironmentInjector, ErrorHandler, EventEmitter, 
ExperimentalPendingTasks, HOST_TAG_NAME, Host, HostAttributeToken, HostBinding, HostListener, INJECTOR, Inject, 
InjectFlags, Injectable, InjectionToken, Injector, Input, IterableDiffers, KeyValueDiffers, LOCALE_ID, 
MissingTranslationStrategy, ModuleWithComponentFactories, NO_ERRORS_SCHEMA, NgModule, NgModuleFactory, NgModuleRef, 
NgProbeToken, NgZone, Optional, Output, OutputEmitterRef, PACKAGE_ROOT_URL, PLATFORM_ID, PLATFORM_INITIALIZER, Pipe, 
PlatformRef, Query, QueryList, Renderer2, RendererFactory2, RendererStyleFlags2, Sanitizer, SecurityContext, Self, 
SimpleChange, SkipSelf, TRANSLATIONS, TRANSLATIONS_FORMAT, TemplateRef, Testability, TestabilityRegistry, 
TransferState, Type, VERSION, Version, ViewChild, ViewChildren, ViewContainerRef, ViewEncapsulation, ViewRef, 
afterNextRender, afterRender, asNativeElements, assertInInjectionContext, assertNotInReactiveContext, assertPlatform, 
booleanAttribute, computed, contentChild, contentChildren, createComponent, createEnvironmentInjector, createNgModule, 
createNgModuleRef, createPlatform, createPlatformFactory, defineInjectable, destroyPlatform, effect, enableProdMode, 
forwardRef, getDebugNode, getModuleFactory, getNgModuleById, getPlatform, importProvidersFrom, inject, input, 
isDevMode, isSignal, isStandalone, makeEnvironmentProviders, makeStateKey, mergeApplicationConfig, model, 
numberAttribute, output, platformCore, provideExperimentalCheckNoChangesForDebug, 
provideExperimentalZonelessChangeDetection, provideZoneChangeDetection, reflectComponentType, resolveForwardRef, 
runInInjectionContext, setTestabilityGetter, signal, untracked, viewChild, viewChildren, ╔ÁALLOW_MULTIPLE_PLATFORMS, 
╔ÁAfterRenderManager, ╔ÁCONTAINER_HEADER_OFFSET, ╔ÁChangeDetectionScheduler, ╔ÁChangeDetectionSchedulerImpl, 
╔ÁComponentFactory, ╔ÁConsole, ╔ÁDEFAULT_LOCALE_ID, ╔ÁDEFER_BLOCK_CONFIG, ╔ÁDEFER_BLOCK_DEPENDENCY_INTERCEPTOR, 
╔ÁDeferBlockBehavior, ╔ÁDeferBlockState, ╔ÁEffectScheduler, ╔ÁIMAGE_CONFIG, ╔ÁIMAGE_CONFIG_DEFAULTS, ╔ÁINJECTOR_SCOPE, 
╔ÁINPUT_SIGNAL_BRAND_WRITE_TYPE, ╔ÁINTERNAL_APPLICATION_ERROR_HANDLER, ╔ÁIS_HYDRATION_DOM_REUSE_ENABLED, 
╔ÁJSACTION_EVENT_CONTRACT, ╔ÁLContext, ╔ÁLifecycleHooksFeature, ╔ÁLocaleDataIndex, ╔ÁNG_COMP_DEF, ╔ÁNG_DIR_DEF, 
╔ÁNG_ELEMENT_ID, ╔ÁNG_INJ_DEF, ╔ÁNG_MOD_DEF, ╔ÁNG_PIPE_DEF, ╔ÁNG_PROV_DEF, ╔ÁNOT_FOUND_CHECK_ONLY_ELEMENT_INJECTOR, 
╔ÁNO_CHANGE, ╔ÁNgModuleFactory, ╔ÁNoopNgZone, ╔ÁPROVIDED_NG_ZONE, ╔ÁPendingTasks, ╔ÁReflectionCapabilities, 
╔ÁRender3ComponentFactory, ╔ÁRender3ComponentRef, ╔ÁRender3NgModuleRef, ╔ÁRuntimeError, ╔ÁSIGNAL, 
╔ÁSSR_CONTENT_INTEGRITY_MARKER, ╔ÁTESTABILITY, ╔ÁTESTABILITY_GETTER, ╔ÁUSE_RUNTIME_DEPS_TRACKER_FOR_JIT, ╔ÁViewRef, 
╔ÁXSS_SECURITY_URL, ╔ÁZONELESS_ENABLED, ╔Á_sanitizeHtml, ╔Á_sanitizeUrl, ╔ÁallowSanitizationBypassAndThrow, 
╔ÁannotateForHydration, ╔ÁbypassSanitizationTrustHtml, ╔ÁbypassSanitizationTrustResourceUrl, 
╔ÁbypassSanitizationTrustScript, ╔ÁbypassSanitizationTrustStyle, ╔ÁbypassSanitizationTrustUrl, 
╔ÁclearResolutionOfComponentResourcesQueue, ╔ÁcompileComponent, ╔ÁcompileDirective, ╔ÁcompileNgModule, 
╔ÁcompileNgModuleDefs, ╔ÁcompileNgModuleFactory, ╔ÁcompilePipe, ╔ÁconvertToBitFlags, ╔ÁcreateInjector, 
╔ÁdefaultIterableDiffers, ╔ÁdefaultKeyValueDiffers, ╔ÁdepsTracker, ╔ÁdetectChangesInViewIfRequired, ╔ÁdevModeEqual, 
╔ÁfindLocaleData, ╔ÁflushModuleScopingQueueAsMuchAsPossible, ╔ÁformatRuntimeError, 
╔ÁgenerateStandaloneInDeclarationsError, ╔ÁgetAsyncClassMetadataFn, ╔ÁgetDebugNode, ╔ÁgetDeferBlocks, ╔ÁgetDirectives, 
╔ÁgetHostElement, ╔ÁgetInjectableDef, ╔ÁgetLContext, ╔ÁgetLocaleCurrencyCode, ╔ÁgetLocalePluralCase, 
╔ÁgetOutputDestroyRef, ╔ÁgetSanitizationBypassType, ╔ÁgetUnknownElementStrictMode, ╔ÁgetUnknownPropertyStrictMode, 
╔Áglobal, ╔ÁinjectChangeDetectorRef, ╔ÁinternalCreateApplication, ╔ÁinternalProvideZoneChangeDetection, 
╔ÁisBoundToModule, ╔ÁisComponentDefPendingResolution, ╔ÁisEnvironmentProviders, ╔ÁisInjectable, ╔ÁisNgModule, 
╔ÁisPromise, ╔ÁisSubscribable, ╔ÁnoSideEffects, ╔ÁpatchComponentDefWithScope, ╔ÁperformanceMarkFeature, 
╔ÁreadHydrationInfo, ╔ÁregisterLocaleData, ╔ÁrenderDeferBlockState, ╔ÁresetCompiledComponents, ╔ÁresetJitOptions, 
╔ÁresolveComponentResources, ╔ÁrestoreComponentResolutionQueue, ╔ÁsetAllowDuplicateNgModuleIdsForTest, 
╔ÁsetAlternateWeakRefImpl, ╔ÁsetClassDebugInfo, ╔ÁsetClassMetadata, ╔ÁsetClassMetadataAsync, ╔ÁsetCurrentInjector, 
╔ÁsetDocument, ╔ÁsetInjectorProfilerContext, ╔ÁsetLocaleId, ╔ÁsetUnknownElementStrictMode, 
╔ÁsetUnknownPropertyStrictMode, ╔Ástore, ╔Ástringify, ╔ÁtransitiveScopesFor, ╔ÁtriggerResourceLoading, 
╔ÁtruncateMiddle, ╔ÁunregisterLocaleData, ╔ÁunwrapSafeValue, ╔ÁunwrapWritableSignal, ╔ÁwhenStable, ╔ÁwithDomHydration, 
╔ÁwithEventReplay, ╔ÁwithI18nSupport, ╔Á╔ÁCopyDefinitionFeature, ╔Á╔ÁFactoryTarget, ╔Á╔ÁHostDirectivesFeature, 
╔Á╔ÁInheritDefinitionFeature, ╔Á╔ÁInputTransformsFeature, ╔Á╔ÁNgOnChangesFeature, ╔Á╔ÁProvidersFeature, 
╔Á╔ÁStandaloneFeature, ╔Á╔Áadvance, ╔Á╔Áattribute, ╔Á╔ÁattributeInterpolate1, ╔Á╔ÁattributeInterpolate2, 
╔Á╔ÁattributeInterpolate3, ╔Á╔ÁattributeInterpolate4, ╔Á╔ÁattributeInterpolate5, ╔Á╔ÁattributeInterpolate6, 
╔Á╔ÁattributeInterpolate7, ╔Á╔ÁattributeInterpolate8, ╔Á╔ÁattributeInterpolateV, ╔Á╔ÁclassMap, 
╔Á╔ÁclassMapInterpolate1, ╔Á╔ÁclassMapInterpolate2, ╔Á╔ÁclassMapInterpolate3, ╔Á╔ÁclassMapInterpolate4, 
╔Á╔ÁclassMapInterpolate5, ╔Á╔ÁclassMapInterpolate6, ╔Á╔ÁclassMapInterpolate7, ╔Á╔ÁclassMapInterpolate8, 
╔Á╔ÁclassMapInterpolateV, ╔Á╔ÁclassProp, ╔Á╔ÁcomponentInstance, ╔Á╔Áconditional, ╔Á╔ÁcontentQuery, 
╔Á╔ÁcontentQuerySignal, ╔Á╔ÁdeclareLet, ╔Á╔Ádefer, ╔Á╔ÁdeferEnableTimerScheduling, ╔Á╔ÁdeferOnHover, ╔Á╔ÁdeferOnIdle, 
╔Á╔ÁdeferOnImmediate, ╔Á╔ÁdeferOnInteraction, ╔Á╔ÁdeferOnTimer, ╔Á╔ÁdeferOnViewport, ╔Á╔ÁdeferPrefetchOnHover, 
╔Á╔ÁdeferPrefetchOnIdle, ╔Á╔ÁdeferPrefetchOnImmediate, ╔Á╔ÁdeferPrefetchOnInteraction, ╔Á╔ÁdeferPrefetchOnTimer, 
╔Á╔ÁdeferPrefetchOnViewport, ╔Á╔ÁdeferPrefetchWhen, ╔Á╔ÁdeferWhen, ╔Á╔ÁdefineComponent, ╔Á╔ÁdefineDirective, 
╔Á╔ÁdefineInjectable, ╔Á╔ÁdefineInjector, ╔Á╔ÁdefineNgModule, ╔Á╔ÁdefinePipe, ╔Á╔ÁdirectiveInject, 
╔Á╔ÁdisableBindings, ╔Á╔Áelement, ╔Á╔ÁelementContainer, ╔Á╔ÁelementContainerEnd, ╔Á╔ÁelementContainerStart, 
╔Á╔ÁelementEnd, ╔Á╔ÁelementStart, ╔Á╔ÁenableBindings, ╔Á╔ÁgetComponentDepsFactory, ╔Á╔ÁgetCurrentView, 
╔Á╔ÁgetInheritedFactory, ╔Á╔ÁhostProperty, ╔Á╔Ái18n, ╔Á╔Ái18nApply, ╔Á╔Ái18nAttributes, ╔Á╔Ái18nEnd, ╔Á╔Ái18nExp, 
╔Á╔Ái18nPostprocess, ╔Á╔Ái18nStart, ╔Á╔Áinject, ╔Á╔ÁinjectAttribute, ╔Á╔ÁinvalidFactory, ╔Á╔ÁinvalidFactoryDep, 
╔Á╔Álistener, ╔Á╔ÁloadQuery, ╔Á╔ÁnamespaceHTML, ╔Á╔ÁnamespaceMathML, ╔Á╔ÁnamespaceSVG, ╔Á╔ÁnextContext, 
╔Á╔ÁngDeclareClassMetadata, ╔Á╔ÁngDeclareClassMetadataAsync, ╔Á╔ÁngDeclareComponent, ╔Á╔ÁngDeclareDirective, 
╔Á╔ÁngDeclareFactory, ╔Á╔ÁngDeclareInjectable, ╔Á╔ÁngDeclareInjector, ╔Á╔ÁngDeclareNgModule, ╔Á╔ÁngDeclarePipe, 
╔Á╔Ápipe, ╔Á╔ÁpipeBind1, ╔Á╔ÁpipeBind2, ╔Á╔ÁpipeBind3, ╔Á╔ÁpipeBind4, ╔Á╔ÁpipeBindV, ╔Á╔Áprojection, 
╔Á╔ÁprojectionDef, ╔Á╔Áproperty, ╔Á╔ÁpropertyInterpolate, ╔Á╔ÁpropertyInterpolate1, ╔Á╔ÁpropertyInterpolate2, 
╔Á╔ÁpropertyInterpolate3, ╔Á╔ÁpropertyInterpolate4, ╔Á╔ÁpropertyInterpolate5, ╔Á╔ÁpropertyInterpolate6, 
╔Á╔ÁpropertyInterpolate7, ╔Á╔ÁpropertyInterpolate8, ╔Á╔ÁpropertyInterpolateV, ╔Á╔ÁpureFunction0, ╔Á╔ÁpureFunction1, 
╔Á╔ÁpureFunction2, ╔Á╔ÁpureFunction3, ╔Á╔ÁpureFunction4, ╔Á╔ÁpureFunction5, ╔Á╔ÁpureFunction6, ╔Á╔ÁpureFunction7, 
╔Á╔ÁpureFunction8, ╔Á╔ÁpureFunctionV, ╔Á╔ÁqueryAdvance, ╔Á╔ÁqueryRefresh, ╔Á╔ÁreadContextLet, ╔Á╔Áreference, 
╔Á╔ÁregisterNgModuleType, ╔Á╔Árepeater, ╔Á╔ÁrepeaterCreate, ╔Á╔ÁrepeaterTrackByIdentity, ╔Á╔ÁrepeaterTrackByIndex, 
╔Á╔ÁresetView, ╔Á╔ÁresolveBody, ╔Á╔ÁresolveDocument, ╔Á╔ÁresolveWindow, ╔Á╔ÁrestoreView, ╔Á╔ÁsanitizeHtml, 
╔Á╔ÁsanitizeResourceUrl, ╔Á╔ÁsanitizeScript, ╔Á╔ÁsanitizeStyle, ╔Á╔ÁsanitizeUrl, ╔Á╔ÁsanitizeUrlOrResourceUrl, 
╔Á╔ÁsetComponentScope, ╔Á╔ÁsetNgModuleScope, ╔Á╔ÁstoreLet, ╔Á╔ÁstyleMap, ╔Á╔ÁstyleMapInterpolate1, 
╔Á╔ÁstyleMapInterpolate2, ╔Á╔ÁstyleMapInterpolate3, ╔Á╔ÁstyleMapInterpolate4, ╔Á╔ÁstyleMapInterpolate5, 
╔Á╔ÁstyleMapInterpolate6, ╔Á╔ÁstyleMapInterpolate7, ╔Á╔ÁstyleMapInterpolate8, ╔Á╔ÁstyleMapInterpolateV, ╔Á╔ÁstyleProp, 
╔Á╔ÁstylePropInterpolate1, ╔Á╔ÁstylePropInterpolate2, ╔Á╔ÁstylePropInterpolate3, ╔Á╔ÁstylePropInterpolate4, 
╔Á╔ÁstylePropInterpolate5, ╔Á╔ÁstylePropInterpolate6, ╔Á╔ÁstylePropInterpolate7, ╔Á╔ÁstylePropInterpolate8, 
╔Á╔ÁstylePropInterpolateV, ╔Á╔ÁsyntheticHostListener, ╔Á╔ÁsyntheticHostProperty, ╔Á╔Átemplate, 
╔Á╔ÁtemplateRefExtractor, ╔Á╔Átext, ╔Á╔ÁtextInterpolate, ╔Á╔ÁtextInterpolate1, ╔Á╔ÁtextInterpolate2, 
╔Á╔ÁtextInterpolate3, ╔Á╔ÁtextInterpolate4, ╔Á╔ÁtextInterpolate5, ╔Á╔ÁtextInterpolate6, ╔Á╔ÁtextInterpolate7, 
╔Á╔ÁtextInterpolate8, ╔Á╔ÁtextInterpolateV, ╔Á╔ÁtrustConstantHtml, ╔Á╔ÁtrustConstantResourceUrl, ╔Á╔ÁtwoWayBindingSet, 
╔Á╔ÁtwoWayListener, ╔Á╔ÁtwoWayProperty, ╔Á╔ÁvalidateIframeAttribute, ╔Á╔ÁviewQuery, ╔Á╔ÁviewQuerySignal)

../node_modules/@angular/cdk/fesm2022/overlay.mjs:2988:17-37 - Error: export '╔Á╔ÁInputFlags' (imported as 'i0') was 
not found in '@angular/core' (possible exports: ANIMATION_MODULE_TYPE, APP_BOOTSTRAP_LISTENER, APP_ID, 
APP_INITIALIZER, AfterRenderPhase, ApplicationInitStatus, ApplicationModule, ApplicationRef, Attribute, 
COMPILER_OPTIONS, CSP_NONCE, CUSTOM_ELEMENTS_SCHEMA, ChangeDetectionStrategy, ChangeDetectorRef, Compiler, 
CompilerFactory, Component, ComponentFactory, ComponentFactoryResolver, ComponentRef, ContentChild, ContentChildren, 
DEFAULT_CURRENCY_CODE, DebugElement, DebugEventListener, DebugNode, DefaultIterableDiffer, DestroyRef, Directive, 
ENVIRONMENT_INITIALIZER, ElementRef, EmbeddedViewRef, EnvironmentInjector, ErrorHandler, EventEmitter, 
ExperimentalPendingTasks, HOST_TAG_NAME, Host, HostAttributeToken, HostBinding, HostListener, INJECTOR, Inject, 
InjectFlags, Injectable, InjectionToken, Injector, Input, IterableDiffers, KeyValueDiffers, LOCALE_ID, 
MissingTranslationStrategy, ModuleWithComponentFactories, NO_ERRORS_SCHEMA, NgModule, NgModuleFactory, NgModuleRef, 
NgProbeToken, NgZone, Optional, Output, OutputEmitterRef, PACKAGE_ROOT_URL, PLATFORM_ID, PLATFORM_INITIALIZER, Pipe, 
PlatformRef, Query, QueryList, Renderer2, RendererFactory2, RendererStyleFlags2, Sanitizer, SecurityContext, Self, 
SimpleChange, SkipSelf, TRANSLATIONS, TRANSLATIONS_FORMAT, TemplateRef, Testability, TestabilityRegistry, 
TransferState, Type, VERSION, Version, ViewChild, ViewChildren, ViewContainerRef, ViewEncapsulation, ViewRef, 
afterNextRender, afterRender, asNativeElements, assertInInjectionContext, assertNotInReactiveContext, assertPlatform, 
booleanAttribute, computed, contentChild, contentChildren, createComponent, createEnvironmentInjector, createNgModule, 
createNgModuleRef, createPlatform, createPlatformFactory, defineInjectable, destroyPlatform, effect, enableProdMode, 
forwardRef, getDebugNode, getModuleFactory, getNgModuleById, getPlatform, importProvidersFrom, inject, input, 
isDevMode, isSignal, isStandalone, makeEnvironmentProviders, makeStateKey, mergeApplicationConfig, model, 
numberAttribute, output, platformCore, provideExperimentalCheckNoChangesForDebug, 
provideExperimentalZonelessChangeDetection, provideZoneChangeDetection, reflectComponentType, resolveForwardRef, 
runInInjectionContext, setTestabilityGetter, signal, untracked, viewChild, viewChildren, ╔ÁALLOW_MULTIPLE_PLATFORMS, 
╔ÁAfterRenderManager, ╔ÁCONTAINER_HEADER_OFFSET, ╔ÁChangeDetectionScheduler, ╔ÁChangeDetectionSchedulerImpl, 
╔ÁComponentFactory, ╔ÁConsole, ╔ÁDEFAULT_LOCALE_ID, ╔ÁDEFER_BLOCK_CONFIG, ╔ÁDEFER_BLOCK_DEPENDENCY_INTERCEPTOR, 
╔ÁDeferBlockBehavior, ╔ÁDeferBlockState, ╔ÁEffectScheduler, ╔ÁIMAGE_CONFIG, ╔ÁIMAGE_CONFIG_DEFAULTS, ╔ÁINJECTOR_SCOPE, 
╔ÁINPUT_SIGNAL_BRAND_WRITE_TYPE, ╔ÁINTERNAL_APPLICATION_ERROR_HANDLER, ╔ÁIS_HYDRATION_DOM_REUSE_ENABLED, 
╔ÁJSACTION_EVENT_CONTRACT, ╔ÁLContext, ╔ÁLifecycleHooksFeature, ╔ÁLocaleDataIndex, ╔ÁNG_COMP_DEF, ╔ÁNG_DIR_DEF, 
╔ÁNG_ELEMENT_ID, ╔ÁNG_INJ_DEF, ╔ÁNG_MOD_DEF, ╔ÁNG_PIPE_DEF, ╔ÁNG_PROV_DEF, ╔ÁNOT_FOUND_CHECK_ONLY_ELEMENT_INJECTOR, 
╔ÁNO_CHANGE, ╔ÁNgModuleFactory, ╔ÁNoopNgZone, ╔ÁPROVIDED_NG_ZONE, ╔ÁPendingTasks, ╔ÁReflectionCapabilities, 
╔ÁRender3ComponentFactory, ╔ÁRender3ComponentRef, ╔ÁRender3NgModuleRef, ╔ÁRuntimeError, ╔ÁSIGNAL, 
╔ÁSSR_CONTENT_INTEGRITY_MARKER, ╔ÁTESTABILITY, ╔ÁTESTABILITY_GETTER, ╔ÁUSE_RUNTIME_DEPS_TRACKER_FOR_JIT, ╔ÁViewRef, 
╔ÁXSS_SECURITY_URL, ╔ÁZONELESS_ENABLED, ╔Á_sanitizeHtml, ╔Á_sanitizeUrl, ╔ÁallowSanitizationBypassAndThrow, 
╔ÁannotateForHydration, ╔ÁbypassSanitizationTrustHtml, ╔ÁbypassSanitizationTrustResourceUrl, 
╔ÁbypassSanitizationTrustScript, ╔ÁbypassSanitizationTrustStyle, ╔ÁbypassSanitizationTrustUrl, 
╔ÁclearResolutionOfComponentResourcesQueue, ╔ÁcompileComponent, ╔ÁcompileDirective, ╔ÁcompileNgModule, 
╔ÁcompileNgModuleDefs, ╔ÁcompileNgModuleFactory, ╔ÁcompilePipe, ╔ÁconvertToBitFlags, ╔ÁcreateInjector, 
╔ÁdefaultIterableDiffers, ╔ÁdefaultKeyValueDiffers, ╔ÁdepsTracker, ╔ÁdetectChangesInViewIfRequired, ╔ÁdevModeEqual, 
╔ÁfindLocaleData, ╔ÁflushModuleScopingQueueAsMuchAsPossible, ╔ÁformatRuntimeError, 
╔ÁgenerateStandaloneInDeclarationsError, ╔ÁgetAsyncClassMetadataFn, ╔ÁgetDebugNode, ╔ÁgetDeferBlocks, ╔ÁgetDirectives, 
╔ÁgetHostElement, ╔ÁgetInjectableDef, ╔ÁgetLContext, ╔ÁgetLocaleCurrencyCode, ╔ÁgetLocalePluralCase, 
╔ÁgetOutputDestroyRef, ╔ÁgetSanitizationBypassType, ╔ÁgetUnknownElementStrictMode, ╔ÁgetUnknownPropertyStrictMode, 
╔Áglobal, ╔ÁinjectChangeDetectorRef, ╔ÁinternalCreateApplication, ╔ÁinternalProvideZoneChangeDetection, 
╔ÁisBoundToModule, ╔ÁisComponentDefPendingResolution, ╔ÁisEnvironmentProviders, ╔ÁisInjectable, ╔ÁisNgModule, 
╔ÁisPromise, ╔ÁisSubscribable, ╔ÁnoSideEffects, ╔ÁpatchComponentDefWithScope, ╔ÁperformanceMarkFeature, 
╔ÁreadHydrationInfo, ╔ÁregisterLocaleData, ╔ÁrenderDeferBlockState, ╔ÁresetCompiledComponents, ╔ÁresetJitOptions, 
╔ÁresolveComponentResources, ╔ÁrestoreComponentResolutionQueue, ╔ÁsetAllowDuplicateNgModuleIdsForTest, 
╔ÁsetAlternateWeakRefImpl, ╔ÁsetClassDebugInfo, ╔ÁsetClassMetadata, ╔ÁsetClassMetadataAsync, ╔ÁsetCurrentInjector, 
╔ÁsetDocument, ╔ÁsetInjectorProfilerContext, ╔ÁsetLocaleId, ╔ÁsetUnknownElementStrictMode, 
╔ÁsetUnknownPropertyStrictMode, ╔Ástore, ╔Ástringify, ╔ÁtransitiveScopesFor, ╔ÁtriggerResourceLoading, 
╔ÁtruncateMiddle, ╔ÁunregisterLocaleData, ╔ÁunwrapSafeValue, ╔ÁunwrapWritableSignal, ╔ÁwhenStable, ╔ÁwithDomHydration, 
╔ÁwithEventReplay, ╔ÁwithI18nSupport, ╔Á╔ÁCopyDefinitionFeature, ╔Á╔ÁFactoryTarget, ╔Á╔ÁHostDirectivesFeature, 
╔Á╔ÁInheritDefinitionFeature, ╔Á╔ÁInputTransformsFeature, ╔Á╔ÁNgOnChangesFeature, ╔Á╔ÁProvidersFeature, 
╔Á╔ÁStandaloneFeature, ╔Á╔Áadvance, ╔Á╔Áattribute, ╔Á╔ÁattributeInterpolate1, ╔Á╔ÁattributeInterpolate2, 
╔Á╔ÁattributeInterpolate3, ╔Á╔ÁattributeInterpolate4, ╔Á╔ÁattributeInterpolate5, ╔Á╔ÁattributeInterpolate6, 
╔Á╔ÁattributeInterpolate7, ╔Á╔ÁattributeInterpolate8, ╔Á╔ÁattributeInterpolateV, ╔Á╔ÁclassMap, 
╔Á╔ÁclassMapInterpolate1, ╔Á╔ÁclassMapInterpolate2, ╔Á╔ÁclassMapInterpolate3, ╔Á╔ÁclassMapInterpolate4, 
╔Á╔ÁclassMapInterpolate5, ╔Á╔ÁclassMapInterpolate6, ╔Á╔ÁclassMapInterpolate7, ╔Á╔ÁclassMapInterpolate8, 
╔Á╔ÁclassMapInterpolateV, ╔Á╔ÁclassProp, ╔Á╔ÁcomponentInstance, ╔Á╔Áconditional, ╔Á╔ÁcontentQuery, 
╔Á╔ÁcontentQuerySignal, ╔Á╔ÁdeclareLet, ╔Á╔Ádefer, ╔Á╔ÁdeferEnableTimerScheduling, ╔Á╔ÁdeferOnHover, ╔Á╔ÁdeferOnIdle, 
╔Á╔ÁdeferOnImmediate, ╔Á╔ÁdeferOnInteraction, ╔Á╔ÁdeferOnTimer, ╔Á╔ÁdeferOnViewport, ╔Á╔ÁdeferPrefetchOnHover, 
╔Á╔ÁdeferPrefetchOnIdle, ╔Á╔ÁdeferPrefetchOnImmediate, ╔Á╔ÁdeferPrefetchOnInteraction, ╔Á╔ÁdeferPrefetchOnTimer, 
╔Á╔ÁdeferPrefetchOnViewport, ╔Á╔ÁdeferPrefetchWhen, ╔Á╔ÁdeferWhen, ╔Á╔ÁdefineComponent, ╔Á╔ÁdefineDirective, 
╔Á╔ÁdefineInjectable, ╔Á╔ÁdefineInjector, ╔Á╔ÁdefineNgModule, ╔Á╔ÁdefinePipe, ╔Á╔ÁdirectiveInject, 
╔Á╔ÁdisableBindings, ╔Á╔Áelement, ╔Á╔ÁelementContainer, ╔Á╔ÁelementContainerEnd, ╔Á╔ÁelementContainerStart, 
╔Á╔ÁelementEnd, ╔Á╔ÁelementStart, ╔Á╔ÁenableBindings, ╔Á╔ÁgetComponentDepsFactory, ╔Á╔ÁgetCurrentView, 
╔Á╔ÁgetInheritedFactory, ╔Á╔ÁhostProperty, ╔Á╔Ái18n, ╔Á╔Ái18nApply, ╔Á╔Ái18nAttributes, ╔Á╔Ái18nEnd, ╔Á╔Ái18nExp, 
╔Á╔Ái18nPostprocess, ╔Á╔Ái18nStart, ╔Á╔Áinject, ╔Á╔ÁinjectAttribute, ╔Á╔ÁinvalidFactory, ╔Á╔ÁinvalidFactoryDep, 
╔Á╔Álistener, ╔Á╔ÁloadQuery, ╔Á╔ÁnamespaceHTML, ╔Á╔ÁnamespaceMathML, ╔Á╔ÁnamespaceSVG, ╔Á╔ÁnextContext, 
╔Á╔ÁngDeclareClassMetadata, ╔Á╔ÁngDeclareClassMetadataAsync, ╔Á╔ÁngDeclareComponent, ╔Á╔ÁngDeclareDirective, 
╔Á╔ÁngDeclareFactory, ╔Á╔ÁngDeclareInjectable, ╔Á╔ÁngDeclareInjector, ╔Á╔ÁngDeclareNgModule, ╔Á╔ÁngDeclarePipe, 
╔Á╔Ápipe, ╔Á╔ÁpipeBind1, ╔Á╔ÁpipeBind2, ╔Á╔ÁpipeBind3, ╔Á╔ÁpipeBind4, ╔Á╔ÁpipeBindV, ╔Á╔Áprojection, 
╔Á╔ÁprojectionDef, ╔Á╔Áproperty, ╔Á╔ÁpropertyInterpolate, ╔Á╔ÁpropertyInterpolate1, ╔Á╔ÁpropertyInterpolate2, 
╔Á╔ÁpropertyInterpolate3, ╔Á╔ÁpropertyInterpolate4, ╔Á╔ÁpropertyInterpolate5, ╔Á╔ÁpropertyInterpolate6, 
╔Á╔ÁpropertyInterpolate7, ╔Á╔ÁpropertyInterpolate8, ╔Á╔ÁpropertyInterpolateV, ╔Á╔ÁpureFunction0, ╔Á╔ÁpureFunction1, 
╔Á╔ÁpureFunction2, ╔Á╔ÁpureFunction3, ╔Á╔ÁpureFunction4, ╔Á╔ÁpureFunction5, ╔Á╔ÁpureFunction6, ╔Á╔ÁpureFunction7, 
╔Á╔ÁpureFunction8, ╔Á╔ÁpureFunctionV, ╔Á╔ÁqueryAdvance, ╔Á╔ÁqueryRefresh, ╔Á╔ÁreadContextLet, ╔Á╔Áreference, 
╔Á╔ÁregisterNgModuleType, ╔Á╔Árepeater, ╔Á╔ÁrepeaterCreate, ╔Á╔ÁrepeaterTrackByIdentity, ╔Á╔ÁrepeaterTrackByIndex, 
╔Á╔ÁresetView, ╔Á╔ÁresolveBody, ╔Á╔ÁresolveDocument, ╔Á╔ÁresolveWindow, ╔Á╔ÁrestoreView, ╔Á╔ÁsanitizeHtml, 
╔Á╔ÁsanitizeResourceUrl, ╔Á╔ÁsanitizeScript, ╔Á╔ÁsanitizeStyle, ╔Á╔ÁsanitizeUrl, ╔Á╔ÁsanitizeUrlOrResourceUrl, 
╔Á╔ÁsetComponentScope, ╔Á╔ÁsetNgModuleScope, ╔Á╔ÁstoreLet, ╔Á╔ÁstyleMap, ╔Á╔ÁstyleMapInterpolate1, 
╔Á╔ÁstyleMapInterpolate2, ╔Á╔ÁstyleMapInterpolate3, ╔Á╔ÁstyleMapInterpolate4, ╔Á╔ÁstyleMapInterpolate5, 
╔Á╔ÁstyleMapInterpolate6, ╔Á╔ÁstyleMapInterpolate7, ╔Á╔ÁstyleMapInterpolate8, ╔Á╔ÁstyleMapInterpolateV, ╔Á╔ÁstyleProp, 
╔Á╔ÁstylePropInterpolate1, ╔Á╔ÁstylePropInterpolate2, ╔Á╔ÁstylePropInterpolate3, ╔Á╔ÁstylePropInterpolate4, 
╔Á╔ÁstylePropInterpolate5, ╔Á╔ÁstylePropInterpolate6, ╔Á╔ÁstylePropInterpolate7, ╔Á╔ÁstylePropInterpolate8, 
╔Á╔ÁstylePropInterpolateV, ╔Á╔ÁsyntheticHostListener, ╔Á╔ÁsyntheticHostProperty, ╔Á╔Átemplate, 
╔Á╔ÁtemplateRefExtractor, ╔Á╔Átext, ╔Á╔ÁtextInterpolate, ╔Á╔ÁtextInterpolate1, ╔Á╔ÁtextInterpolate2, 
╔Á╔ÁtextInterpolate3, ╔Á╔ÁtextInterpolate4, ╔Á╔ÁtextInterpolate5, ╔Á╔ÁtextInterpolate6, ╔Á╔ÁtextInterpolate7, 
╔Á╔ÁtextInterpolate8, ╔Á╔ÁtextInterpolateV, ╔Á╔ÁtrustConstantHtml, ╔Á╔ÁtrustConstantResourceUrl, ╔Á╔ÁtwoWayBindingSet, 
╔Á╔ÁtwoWayListener, ╔Á╔ÁtwoWayProperty, ╔Á╔ÁvalidateIframeAttribute, ╔Á╔ÁviewQuery, ╔Á╔ÁviewQuerySignal)

../node_modules/@angular/cdk/fesm2022/overlay.mjs:2989:19-39 - Error: export '╔Á╔ÁInputFlags' (imported as 'i0') was 
not found in '@angular/core' (possible exports: ANIMATION_MODULE_TYPE, APP_BOOTSTRAP_LISTENER, APP_ID, 
APP_INITIALIZER, AfterRenderPhase, ApplicationInitStatus, ApplicationModule, ApplicationRef, Attribute, 
COMPILER_OPTIONS, CSP_NONCE, CUSTOM_ELEMENTS_SCHEMA, ChangeDetectionStrategy, ChangeDetectorRef, Compiler, 
CompilerFactory, Component, ComponentFactory, ComponentFactoryResolver, ComponentRef, ContentChild, ContentChildren, 
DEFAULT_CURRENCY_CODE, DebugElement, DebugEventListener, DebugNode, DefaultIterableDiffer, DestroyRef, Directive, 
ENVIRONMENT_INITIALIZER, ElementRef, EmbeddedViewRef, EnvironmentInjector, ErrorHandler, EventEmitter, 
ExperimentalPendingTasks, HOST_TAG_NAME, Host, HostAttributeToken, HostBinding, HostListener, INJECTOR, Inject, 
InjectFlags, Injectable, InjectionToken, Injector, Input, IterableDiffers, KeyValueDiffers, LOCALE_ID, 
MissingTranslationStrategy, ModuleWithComponentFactories, NO_ERRORS_SCHEMA, NgModule, NgModuleFactory, NgModuleRef, 
NgProbeToken, NgZone, Optional, Output, OutputEmitterRef, PACKAGE_ROOT_URL, PLATFORM_ID, PLATFORM_INITIALIZER, Pipe, 
PlatformRef, Query, QueryList, Renderer2, RendererFactory2, RendererStyleFlags2, Sanitizer, SecurityContext, Self, 
SimpleChange, SkipSelf, TRANSLATIONS, TRANSLATIONS_FORMAT, TemplateRef, Testability, TestabilityRegistry, 
TransferState, Type, VERSION, Version, ViewChild, ViewChildren, ViewContainerRef, ViewEncapsulation, ViewRef, 
afterNextRender, afterRender, asNativeElements, assertInInjectionContext, assertNotInReactiveContext, assertPlatform, 
booleanAttribute, computed, contentChild, contentChildren, createComponent, createEnvironmentInjector, createNgModule, 
createNgModuleRef, createPlatform, createPlatformFactory, defineInjectable, destroyPlatform, effect, enableProdMode, 
forwardRef, getDebugNode, getModuleFactory, getNgModuleById, getPlatform, importProvidersFrom, inject, input, 
isDevMode, isSignal, isStandalone, makeEnvironmentProviders, makeStateKey, mergeApplicationConfig, model, 
numberAttribute, output, platformCore, provideExperimentalCheckNoChangesForDebug, 
provideExperimentalZonelessChangeDetection, provideZoneChangeDetection, reflectComponentType, resolveForwardRef, 
runInInjectionContext, setTestabilityGetter, signal, untracked, viewChild, viewChildren, ╔ÁALLOW_MULTIPLE_PLATFORMS, 
╔ÁAfterRenderManager, ╔ÁCONTAINER_HEADER_OFFSET, ╔ÁChangeDetectionScheduler, ╔ÁChangeDetectionSchedulerImpl, 
╔ÁComponentFactory, ╔ÁConsole, ╔ÁDEFAULT_LOCALE_ID, ╔ÁDEFER_BLOCK_CONFIG, ╔ÁDEFER_BLOCK_DEPENDENCY_INTERCEPTOR, 
╔ÁDeferBlockBehavior, ╔ÁDeferBlockState, ╔ÁEffectScheduler, ╔ÁIMAGE_CONFIG, ╔ÁIMAGE_CONFIG_DEFAULTS, ╔ÁINJECTOR_SCOPE, 
╔ÁINPUT_SIGNAL_BRAND_WRITE_TYPE, ╔ÁINTERNAL_APPLICATION_ERROR_HANDLER, ╔ÁIS_HYDRATION_DOM_REUSE_ENABLED, 
╔ÁJSACTION_EVENT_CONTRACT, ╔ÁLContext, ╔ÁLifecycleHooksFeature, ╔ÁLocaleDataIndex, ╔ÁNG_COMP_DEF, ╔ÁNG_DIR_DEF, 
╔ÁNG_ELEMENT_ID, ╔ÁNG_INJ_DEF, ╔ÁNG_MOD_DEF, ╔ÁNG_PIPE_DEF, ╔ÁNG_PROV_DEF, ╔ÁNOT_FOUND_CHECK_ONLY_ELEMENT_INJECTOR, 
╔ÁNO_CHANGE, ╔ÁNgModuleFactory, ╔ÁNoopNgZone, ╔ÁPROVIDED_NG_ZONE, ╔ÁPendingTasks, ╔ÁReflectionCapabilities, 
╔ÁRender3ComponentFactory, ╔ÁRender3ComponentRef, ╔ÁRender3NgModuleRef, ╔ÁRuntimeError, ╔ÁSIGNAL, 
╔ÁSSR_CONTENT_INTEGRITY_MARKER, ╔ÁTESTABILITY, ╔ÁTESTABILITY_GETTER, ╔ÁUSE_RUNTIME_DEPS_TRACKER_FOR_JIT, ╔ÁViewRef, 
╔ÁXSS_SECURITY_URL, ╔ÁZONELESS_ENABLED, ╔Á_sanitizeHtml, ╔Á_sanitizeUrl, ╔ÁallowSanitizationBypassAndThrow, 
╔ÁannotateForHydration, ╔ÁbypassSanitizationTrustHtml, ╔ÁbypassSanitizationTrustResourceUrl, 
╔ÁbypassSanitizationTrustScript, ╔ÁbypassSanitizationTrustStyle, ╔ÁbypassSanitizationTrustUrl, 
╔ÁclearResolutionOfComponentResourcesQueue, ╔ÁcompileComponent, ╔ÁcompileDirective, ╔ÁcompileNgModule, 
╔ÁcompileNgModuleDefs, ╔ÁcompileNgModuleFactory, ╔ÁcompilePipe, ╔ÁconvertToBitFlags, ╔ÁcreateInjector, 
╔ÁdefaultIterableDiffers, ╔ÁdefaultKeyValueDiffers, ╔ÁdepsTracker, ╔ÁdetectChangesInViewIfRequired, ╔ÁdevModeEqual, 
╔ÁfindLocaleData, ╔ÁflushModuleScopingQueueAsMuchAsPossible, ╔ÁformatRuntimeError, 
╔ÁgenerateStandaloneInDeclarationsError, ╔ÁgetAsyncClassMetadataFn, ╔ÁgetDebugNode, ╔ÁgetDeferBlocks, ╔ÁgetDirectives, 
╔ÁgetHostElement, ╔ÁgetInjectableDef, ╔ÁgetLContext, ╔ÁgetLocaleCurrencyCode, ╔ÁgetLocalePluralCase, 
╔ÁgetOutputDestroyRef, ╔ÁgetSanitizationBypassType, ╔ÁgetUnknownElementStrictMode, ╔ÁgetUnknownPropertyStrictMode, 
╔Áglobal, ╔ÁinjectChangeDetectorRef, ╔ÁinternalCreateApplication, ╔ÁinternalProvideZoneChangeDetection, 
╔ÁisBoundToModule, ╔ÁisComponentDefPendingResolution, ╔ÁisEnvironmentProviders, ╔ÁisInjectable, ╔ÁisNgModule, 
╔ÁisPromise, ╔ÁisSubscribable, ╔ÁnoSideEffects, ╔ÁpatchComponentDefWithScope, ╔ÁperformanceMarkFeature, 
╔ÁreadHydrationInfo, ╔ÁregisterLocaleData, ╔ÁrenderDeferBlockState, ╔ÁresetCompiledComponents, ╔ÁresetJitOptions, 
╔ÁresolveComponentResources, ╔ÁrestoreComponentResolutionQueue, ╔ÁsetAllowDuplicateNgModuleIdsForTest, 
╔ÁsetAlternateWeakRefImpl, ╔ÁsetClassDebugInfo, ╔ÁsetClassMetadata, ╔ÁsetClassMetadataAsync, ╔ÁsetCurrentInjector, 
╔ÁsetDocument, ╔ÁsetInjectorProfilerContext, ╔ÁsetLocaleId, ╔ÁsetUnknownElementStrictMode, 
╔ÁsetUnknownPropertyStrictMode, ╔Ástore, ╔Ástringify, ╔ÁtransitiveScopesFor, ╔ÁtriggerResourceLoading, 
╔ÁtruncateMiddle, ╔ÁunregisterLocaleData, ╔ÁunwrapSafeValue, ╔ÁunwrapWritableSignal, ╔ÁwhenStable, ╔ÁwithDomHydration, 
╔ÁwithEventReplay, ╔ÁwithI18nSupport, ╔Á╔ÁCopyDefinitionFeature, ╔Á╔ÁFactoryTarget, ╔Á╔ÁHostDirectivesFeature, 
╔Á╔ÁInheritDefinitionFeature, ╔Á╔ÁInputTransformsFeature, ╔Á╔ÁNgOnChangesFeature, ╔Á╔ÁProvidersFeature, 
╔Á╔ÁStandaloneFeature, ╔Á╔Áadvance, ╔Á╔Áattribute, ╔Á╔ÁattributeInterpolate1, ╔Á╔ÁattributeInterpolate2, 
╔Á╔ÁattributeInterpolate3, ╔Á╔ÁattributeInterpolate4, ╔Á╔ÁattributeInterpolate5, ╔Á╔ÁattributeInterpolate6, 
╔Á╔ÁattributeInterpolate7, ╔Á╔ÁattributeInterpolate8, ╔Á╔ÁattributeInterpolateV, ╔Á╔ÁclassMap, 
╔Á╔ÁclassMapInterpolate1, ╔Á╔ÁclassMapInterpolate2, ╔Á╔ÁclassMapInterpolate3, ╔Á╔ÁclassMapInterpolate4, 
╔Á╔ÁclassMapInterpolate5, ╔Á╔ÁclassMapInterpolate6, ╔Á╔ÁclassMapInterpolate7, ╔Á╔ÁclassMapInterpolate8, 
╔Á╔ÁclassMapInterpolateV, ╔Á╔ÁclassProp, ╔Á╔ÁcomponentInstance, ╔Á╔Áconditional, ╔Á╔ÁcontentQuery, 
╔Á╔ÁcontentQuerySignal, ╔Á╔ÁdeclareLet, ╔Á╔Ádefer, ╔Á╔ÁdeferEnableTimerScheduling, ╔Á╔ÁdeferOnHover, ╔Á╔ÁdeferOnIdle, 
╔Á╔ÁdeferOnImmediate, ╔Á╔ÁdeferOnInteraction, ╔Á╔ÁdeferOnTimer, ╔Á╔ÁdeferOnViewport, ╔Á╔ÁdeferPrefetchOnHover, 
╔Á╔ÁdeferPrefetchOnIdle, ╔Á╔ÁdeferPrefetchOnImmediate, ╔Á╔ÁdeferPrefetchOnInteraction, ╔Á╔ÁdeferPrefetchOnTimer, 
╔Á╔ÁdeferPrefetchOnViewport, ╔Á╔ÁdeferPrefetchWhen, ╔Á╔ÁdeferWhen, ╔Á╔ÁdefineComponent, ╔Á╔ÁdefineDirective, 
╔Á╔ÁdefineInjectable, ╔Á╔ÁdefineInjector, ╔Á╔ÁdefineNgModule, ╔Á╔ÁdefinePipe, ╔Á╔ÁdirectiveInject, 
╔Á╔ÁdisableBindings, ╔Á╔Áelement, ╔Á╔ÁelementContainer, ╔Á╔ÁelementContainerEnd, ╔Á╔ÁelementContainerStart, 
╔Á╔ÁelementEnd, ╔Á╔ÁelementStart, ╔Á╔ÁenableBindings, ╔Á╔ÁgetComponentDepsFactory, ╔Á╔ÁgetCurrentView, 
╔Á╔ÁgetInheritedFactory, ╔Á╔ÁhostProperty, ╔Á╔Ái18n, ╔Á╔Ái18nApply, ╔Á╔Ái18nAttributes, ╔Á╔Ái18nEnd, ╔Á╔Ái18nExp, 
╔Á╔Ái18nPostprocess, ╔Á╔Ái18nStart, ╔Á╔Áinject, ╔Á╔ÁinjectAttribute, ╔Á╔ÁinvalidFactory, ╔Á╔ÁinvalidFactoryDep, 
╔Á╔Álistener, ╔Á╔ÁloadQuery, ╔Á╔ÁnamespaceHTML, ╔Á╔ÁnamespaceMathML, ╔Á╔ÁnamespaceSVG, ╔Á╔ÁnextContext, 
╔Á╔ÁngDeclareClassMetadata, ╔Á╔ÁngDeclareClassMetadataAsync, ╔Á╔ÁngDeclareComponent, ╔Á╔ÁngDeclareDirective, 
╔Á╔ÁngDeclareFactory, ╔Á╔ÁngDeclareInjectable, ╔Á╔ÁngDeclareInjector, ╔Á╔ÁngDeclareNgModule, ╔Á╔ÁngDeclarePipe, 
╔Á╔Ápipe, ╔Á╔ÁpipeBind1, ╔Á╔ÁpipeBind2, ╔Á╔ÁpipeBind3, ╔Á╔ÁpipeBind4, ╔Á╔ÁpipeBindV, ╔Á╔Áprojection, 
╔Á╔ÁprojectionDef, ╔Á╔Áproperty, ╔Á╔ÁpropertyInterpolate, ╔Á╔ÁpropertyInterpolate1, ╔Á╔ÁpropertyInterpolate2, 
╔Á╔ÁpropertyInterpolate3, ╔Á╔ÁpropertyInterpolate4, ╔Á╔ÁpropertyInterpolate5, ╔Á╔ÁpropertyInterpolate6, 
╔Á╔ÁpropertyInterpolate7, ╔Á╔ÁpropertyInterpolate8, ╔Á╔ÁpropertyInterpolateV, ╔Á╔ÁpureFunction0, ╔Á╔ÁpureFunction1, 
╔Á╔ÁpureFunction2, ╔Á╔ÁpureFunction3, ╔Á╔ÁpureFunction4, ╔Á╔ÁpureFunction5, ╔Á╔ÁpureFunction6, ╔Á╔ÁpureFunction7, 
╔Á╔ÁpureFunction8, ╔Á╔ÁpureFunctionV, ╔Á╔ÁqueryAdvance, ╔Á╔ÁqueryRefresh, ╔Á╔ÁreadContextLet, ╔Á╔Áreference, 
╔Á╔ÁregisterNgModuleType, ╔Á╔Árepeater, ╔Á╔ÁrepeaterCreate, ╔Á╔ÁrepeaterTrackByIdentity, ╔Á╔ÁrepeaterTrackByIndex, 
╔Á╔ÁresetView, ╔Á╔ÁresolveBody, ╔Á╔ÁresolveDocument, ╔Á╔ÁresolveWindow, ╔Á╔ÁrestoreView, ╔Á╔ÁsanitizeHtml, 
╔Á╔ÁsanitizeResourceUrl, ╔Á╔ÁsanitizeScript, ╔Á╔ÁsanitizeStyle, ╔Á╔ÁsanitizeUrl, ╔Á╔ÁsanitizeUrlOrResourceUrl, 
╔Á╔ÁsetComponentScope, ╔Á╔ÁsetNgModuleScope, ╔Á╔ÁstoreLet, ╔Á╔ÁstyleMap, ╔Á╔ÁstyleMapInterpolate1, 
╔Á╔ÁstyleMapInterpolate2, ╔Á╔ÁstyleMapInterpolate3, ╔Á╔ÁstyleMapInterpolate4, ╔Á╔ÁstyleMapInterpolate5, 
╔Á╔ÁstyleMapInterpolate6, ╔Á╔ÁstyleMapInterpolate7, ╔Á╔ÁstyleMapInterpolate8, ╔Á╔ÁstyleMapInterpolateV, ╔Á╔ÁstyleProp, 
╔Á╔ÁstylePropInterpolate1, ╔Á╔ÁstylePropInterpolate2, ╔Á╔ÁstylePropInterpolate3, ╔Á╔ÁstylePropInterpolate4, 
╔Á╔ÁstylePropInterpolate5, ╔Á╔ÁstylePropInterpolate6, ╔Á╔ÁstylePropInterpolate7, ╔Á╔ÁstylePropInterpolate8, 
╔Á╔ÁstylePropInterpolateV, ╔Á╔ÁsyntheticHostListener, ╔Á╔ÁsyntheticHostProperty, ╔Á╔Átemplate, 
╔Á╔ÁtemplateRefExtractor, ╔Á╔Átext, ╔Á╔ÁtextInterpolate, ╔Á╔ÁtextInterpolate1, ╔Á╔ÁtextInterpolate2, 
╔Á╔ÁtextInterpolate3, ╔Á╔ÁtextInterpolate4, ╔Á╔ÁtextInterpolate5, ╔Á╔ÁtextInterpolate6, ╔Á╔ÁtextInterpolate7, 
╔Á╔ÁtextInterpolate8, ╔Á╔ÁtextInterpolateV, ╔Á╔ÁtrustConstantHtml, ╔Á╔ÁtrustConstantResourceUrl, ╔Á╔ÁtwoWayBindingSet, 
╔Á╔ÁtwoWayListener, ╔Á╔ÁtwoWayProperty, ╔Á╔ÁvalidateIframeAttribute, ╔Á╔ÁviewQuery, ╔Á╔ÁviewQuerySignal)

../node_modules/@angular/cdk/fesm2022/overlay.mjs:2990:20-40 - Error: export '╔Á╔ÁInputFlags' (imported as 'i0') was 
not found in '@angular/core' (possible exports: ANIMATION_MODULE_TYPE, APP_BOOTSTRAP_LISTENER, APP_ID, 
APP_INITIALIZER, AfterRenderPhase, ApplicationInitStatus, ApplicationModule, ApplicationRef, Attribute, 
COMPILER_OPTIONS, CSP_NONCE, CUSTOM_ELEMENTS_SCHEMA, ChangeDetectionStrategy, ChangeDetectorRef, Compiler, 
CompilerFactory, Component, ComponentFactory, ComponentFactoryResolver, ComponentRef, ContentChild, ContentChildren, 
DEFAULT_CURRENCY_CODE, DebugElement, DebugEventListener, DebugNode, DefaultIterableDiffer, DestroyRef, Directive, 
ENVIRONMENT_INITIALIZER, ElementRef, EmbeddedViewRef, EnvironmentInjector, ErrorHandler, EventEmitter, 
ExperimentalPendingTasks, HOST_TAG_NAME, Host, HostAttributeToken, HostBinding, HostListener, INJECTOR, Inject, 
InjectFlags, Injectable, InjectionToken, Injector, Input, IterableDiffers, KeyValueDiffers, LOCALE_ID, 
MissingTranslationStrategy, ModuleWithComponentFactories, NO_ERRORS_SCHEMA, NgModule, NgModuleFactory, NgModuleRef, 
NgProbeToken, NgZone, Optional, Output, OutputEmitterRef, PACKAGE_ROOT_URL, PLATFORM_ID, PLATFORM_INITIALIZER, Pipe, 
PlatformRef, Query, QueryList, Renderer2, RendererFactory2, RendererStyleFlags2, Sanitizer, SecurityContext, Self, 
SimpleChange, SkipSelf, TRANSLATIONS, TRANSLATIONS_FORMAT, TemplateRef, Testability, TestabilityRegistry, 
TransferState, Type, VERSION, Version, ViewChild, ViewChildren, ViewContainerRef, ViewEncapsulation, ViewRef, 
afterNextRender, afterRender, asNativeElements, assertInInjectionContext, assertNotInReactiveContext, assertPlatform, 
booleanAttribute, computed, contentChild, contentChildren, createComponent, createEnvironmentInjector, createNgModule, 
createNgModuleRef, createPlatform, createPlatformFactory, defineInjectable, destroyPlatform, effect, enableProdMode, 
forwardRef, getDebugNode, getModuleFactory, getNgModuleById, getPlatform, importProvidersFrom, inject, input, 
isDevMode, isSignal, isStandalone, makeEnvironmentProviders, makeStateKey, mergeApplicationConfig, model, 
numberAttribute, output, platformCore, provideExperimentalCheckNoChangesForDebug, 
provideExperimentalZonelessChangeDetection, provideZoneChangeDetection, reflectComponentType, resolveForwardRef, 
runInInjectionContext, setTestabilityGetter, signal, untracked, viewChild, viewChildren, ╔ÁALLOW_MULTIPLE_PLATFORMS, 
╔ÁAfterRenderManager, ╔ÁCONTAINER_HEADER_OFFSET, ╔ÁChangeDetectionScheduler, ╔ÁChangeDetectionSchedulerImpl, 
╔ÁComponentFactory, ╔ÁConsole, ╔ÁDEFAULT_LOCALE_ID, ╔ÁDEFER_BLOCK_CONFIG, ╔ÁDEFER_BLOCK_DEPENDENCY_INTERCEPTOR, 
╔ÁDeferBlockBehavior, ╔ÁDeferBlockState, ╔ÁEffectScheduler, ╔ÁIMAGE_CONFIG, ╔ÁIMAGE_CONFIG_DEFAULTS, ╔ÁINJECTOR_SCOPE, 
╔ÁINPUT_SIGNAL_BRAND_WRITE_TYPE, ╔ÁINTERNAL_APPLICATION_ERROR_HANDLER, ╔ÁIS_HYDRATION_DOM_REUSE_ENABLED, 
╔ÁJSACTION_EVENT_CONTRACT, ╔ÁLContext, ╔ÁLifecycleHooksFeature, ╔ÁLocaleDataIndex, ╔ÁNG_COMP_DEF, ╔ÁNG_DIR_DEF, 
╔ÁNG_ELEMENT_ID, ╔ÁNG_INJ_DEF, ╔ÁNG_MOD_DEF, ╔ÁNG_PIPE_DEF, ╔ÁNG_PROV_DEF, ╔ÁNOT_FOUND_CHECK_ONLY_ELEMENT_INJECTOR, 
╔ÁNO_CHANGE, ╔ÁNgModuleFactory, ╔ÁNoopNgZone, ╔ÁPROVIDED_NG_ZONE, ╔ÁPendingTasks, ╔ÁReflectionCapabilities, 
╔ÁRender3ComponentFactory, ╔ÁRender3ComponentRef, ╔ÁRender3NgModuleRef, ╔ÁRuntimeError, ╔ÁSIGNAL, 
╔ÁSSR_CONTENT_INTEGRITY_MARKER, ╔ÁTESTABILITY, ╔ÁTESTABILITY_GETTER, ╔ÁUSE_RUNTIME_DEPS_TRACKER_FOR_JIT, ╔ÁViewRef, 
╔ÁXSS_SECURITY_URL, ╔ÁZONELESS_ENABLED, ╔Á_sanitizeHtml, ╔Á_sanitizeUrl, ╔ÁallowSanitizationBypassAndThrow, 
╔ÁannotateForHydration, ╔ÁbypassSanitizationTrustHtml, ╔ÁbypassSanitizationTrustResourceUrl, 
╔ÁbypassSanitizationTrustScript, ╔ÁbypassSanitizationTrustStyle, ╔ÁbypassSanitizationTrustUrl, 
╔ÁclearResolutionOfComponentResourcesQueue, ╔ÁcompileComponent, ╔ÁcompileDirective, ╔ÁcompileNgModule, 
╔ÁcompileNgModuleDefs, ╔ÁcompileNgModuleFactory, ╔ÁcompilePipe, ╔ÁconvertToBitFlags, ╔ÁcreateInjector, 
╔ÁdefaultIterableDiffers, ╔ÁdefaultKeyValueDiffers, ╔ÁdepsTracker, ╔ÁdetectChangesInViewIfRequired, ╔ÁdevModeEqual, 
╔ÁfindLocaleData, ╔ÁflushModuleScopingQueueAsMuchAsPossible, ╔ÁformatRuntimeError, 
╔ÁgenerateStandaloneInDeclarationsError, ╔ÁgetAsyncClassMetadataFn, ╔ÁgetDebugNode, ╔ÁgetDeferBlocks, ╔ÁgetDirectives, 
╔ÁgetHostElement, ╔ÁgetInjectableDef, ╔ÁgetLContext, ╔ÁgetLocaleCurrencyCode, ╔ÁgetLocalePluralCase, 
╔ÁgetOutputDestroyRef, ╔ÁgetSanitizationBypassType, ╔ÁgetUnknownElementStrictMode, ╔ÁgetUnknownPropertyStrictMode, 
╔Áglobal, ╔ÁinjectChangeDetectorRef, ╔ÁinternalCreateApplication, ╔ÁinternalProvideZoneChangeDetection, 
╔ÁisBoundToModule, ╔ÁisComponentDefPendingResolution, ╔ÁisEnvironmentProviders, ╔ÁisInjectable, ╔ÁisNgModule, 
╔ÁisPromise, ╔ÁisSubscribable, ╔ÁnoSideEffects, ╔ÁpatchComponentDefWithScope, ╔ÁperformanceMarkFeature, 
╔ÁreadHydrationInfo, ╔ÁregisterLocaleData, ╔ÁrenderDeferBlockState, ╔ÁresetCompiledComponents, ╔ÁresetJitOptions, 
╔ÁresolveComponentResources, ╔ÁrestoreComponentResolutionQueue, ╔ÁsetAllowDuplicateNgModuleIdsForTest, 
╔ÁsetAlternateWeakRefImpl, ╔ÁsetClassDebugInfo, ╔ÁsetClassMetadata, ╔ÁsetClassMetadataAsync, ╔ÁsetCurrentInjector, 
╔ÁsetDocument, ╔ÁsetInjectorProfilerContext, ╔ÁsetLocaleId, ╔ÁsetUnknownElementStrictMode, 
╔ÁsetUnknownPropertyStrictMode, ╔Ástore, ╔Ástringify, ╔ÁtransitiveScopesFor, ╔ÁtriggerResourceLoading, 
╔ÁtruncateMiddle, ╔ÁunregisterLocaleData, ╔ÁunwrapSafeValue, ╔ÁunwrapWritableSignal, ╔ÁwhenStable, ╔ÁwithDomHydration, 
╔ÁwithEventReplay, ╔ÁwithI18nSupport, ╔Á╔ÁCopyDefinitionFeature, ╔Á╔ÁFactoryTarget, ╔Á╔ÁHostDirectivesFeature, 
╔Á╔ÁInheritDefinitionFeature, ╔Á╔ÁInputTransformsFeature, ╔Á╔ÁNgOnChangesFeature, ╔Á╔ÁProvidersFeature, 
╔Á╔ÁStandaloneFeature, ╔Á╔Áadvance, ╔Á╔Áattribute, ╔Á╔ÁattributeInterpolate1, ╔Á╔ÁattributeInterpolate2, 
╔Á╔ÁattributeInterpolate3, ╔Á╔ÁattributeInterpolate4, ╔Á╔ÁattributeInterpolate5, ╔Á╔ÁattributeInterpolate6, 
╔Á╔ÁattributeInterpolate7, ╔Á╔ÁattributeInterpolate8, ╔Á╔ÁattributeInterpolateV, ╔Á╔ÁclassMap, 
╔Á╔ÁclassMapInterpolate1, ╔Á╔ÁclassMapInterpolate2, ╔Á╔ÁclassMapInterpolate3, ╔Á╔ÁclassMapInterpolate4, 
╔Á╔ÁclassMapInterpolate5, ╔Á╔ÁclassMapInterpolate6, ╔Á╔ÁclassMapInterpolate7, ╔Á╔ÁclassMapInterpolate8, 
╔Á╔ÁclassMapInterpolateV, ╔Á╔ÁclassProp, ╔Á╔ÁcomponentInstance, ╔Á╔Áconditional, ╔Á╔ÁcontentQuery, 
╔Á╔ÁcontentQuerySignal, ╔Á╔ÁdeclareLet, ╔Á╔Ádefer, ╔Á╔ÁdeferEnableTimerScheduling, ╔Á╔ÁdeferOnHover, ╔Á╔ÁdeferOnIdle, 
╔Á╔ÁdeferOnImmediate, ╔Á╔ÁdeferOnInteraction, ╔Á╔ÁdeferOnTimer, ╔Á╔ÁdeferOnViewport, ╔Á╔ÁdeferPrefetchOnHover, 
╔Á╔ÁdeferPrefetchOnIdle, ╔Á╔ÁdeferPrefetchOnImmediate, ╔Á╔ÁdeferPrefetchOnInteraction, ╔Á╔ÁdeferPrefetchOnTimer, 
╔Á╔ÁdeferPrefetchOnViewport, ╔Á╔ÁdeferPrefetchWhen, ╔Á╔ÁdeferWhen, ╔Á╔ÁdefineComponent, ╔Á╔ÁdefineDirective, 
╔Á╔ÁdefineInjectable, ╔Á╔ÁdefineInjector, ╔Á╔ÁdefineNgModule, ╔Á╔ÁdefinePipe, ╔Á╔ÁdirectiveInject, 
╔Á╔ÁdisableBindings, ╔Á╔Áelement, ╔Á╔ÁelementContainer, ╔Á╔ÁelementContainerEnd, ╔Á╔ÁelementContainerStart, 
╔Á╔ÁelementEnd, ╔Á╔ÁelementStart, ╔Á╔ÁenableBindings, ╔Á╔ÁgetComponentDepsFactory, ╔Á╔ÁgetCurrentView, 
╔Á╔ÁgetInheritedFactory, ╔Á╔ÁhostProperty, ╔Á╔Ái18n, ╔Á╔Ái18nApply, ╔Á╔Ái18nAttributes, ╔Á╔Ái18nEnd, ╔Á╔Ái18nExp, 
╔Á╔Ái18nPostprocess, ╔Á╔Ái18nStart, ╔Á╔Áinject, ╔Á╔ÁinjectAttribute, ╔Á╔ÁinvalidFactory, ╔Á╔ÁinvalidFactoryDep, 
╔Á╔Álistener, ╔Á╔ÁloadQuery, ╔Á╔ÁnamespaceHTML, ╔Á╔ÁnamespaceMathML, ╔Á╔ÁnamespaceSVG, ╔Á╔ÁnextContext, 
╔Á╔ÁngDeclareClassMetadata, ╔Á╔ÁngDeclareClassMetadataAsync, ╔Á╔ÁngDeclareComponent, ╔Á╔ÁngDeclareDirective, 
╔Á╔ÁngDeclareFactory, ╔Á╔ÁngDeclareInjectable, ╔Á╔ÁngDeclareInjector, ╔Á╔ÁngDeclareNgModule, ╔Á╔ÁngDeclarePipe, 
╔Á╔Ápipe, ╔Á╔ÁpipeBind1, ╔Á╔ÁpipeBind2, ╔Á╔ÁpipeBind3, ╔Á╔ÁpipeBind4, ╔Á╔ÁpipeBindV, ╔Á╔Áprojection, 
╔Á╔ÁprojectionDef, ╔Á╔Áproperty, ╔Á╔ÁpropertyInterpolate, ╔Á╔ÁpropertyInterpolate1, ╔Á╔ÁpropertyInterpolate2, 
╔Á╔ÁpropertyInterpolate3, ╔Á╔ÁpropertyInterpolate4, ╔Á╔ÁpropertyInterpolate5, ╔Á╔ÁpropertyInterpolate6, 
╔Á╔ÁpropertyInterpolate7, ╔Á╔ÁpropertyInterpolate8, ╔Á╔ÁpropertyInterpolateV, ╔Á╔ÁpureFunction0, ╔Á╔ÁpureFunction1, 
╔Á╔ÁpureFunction2, ╔Á╔ÁpureFunction3, ╔Á╔ÁpureFunction4, ╔Á╔ÁpureFunction5, ╔Á╔ÁpureFunction6, ╔Á╔ÁpureFunction7, 
╔Á╔ÁpureFunction8, ╔Á╔ÁpureFunctionV, ╔Á╔ÁqueryAdvance, ╔Á╔ÁqueryRefresh, ╔Á╔ÁreadContextLet, ╔Á╔Áreference, 
╔Á╔ÁregisterNgModuleType, ╔Á╔Árepeater, ╔Á╔ÁrepeaterCreate, ╔Á╔ÁrepeaterTrackByIdentity, ╔Á╔ÁrepeaterTrackByIndex, 
╔Á╔ÁresetView, ╔Á╔ÁresolveBody, ╔Á╔ÁresolveDocument, ╔Á╔ÁresolveWindow, ╔Á╔ÁrestoreView, ╔Á╔ÁsanitizeHtml, 
╔Á╔ÁsanitizeResourceUrl, ╔Á╔ÁsanitizeScript, ╔Á╔ÁsanitizeStyle, ╔Á╔ÁsanitizeUrl, ╔Á╔ÁsanitizeUrlOrResourceUrl, 
╔Á╔ÁsetComponentScope, ╔Á╔ÁsetNgModuleScope, ╔Á╔ÁstoreLet, ╔Á╔ÁstyleMap, ╔Á╔ÁstyleMapInterpolate1, 
╔Á╔ÁstyleMapInterpolate2, ╔Á╔ÁstyleMapInterpolate3, ╔Á╔ÁstyleMapInterpolate4, ╔Á╔ÁstyleMapInterpolate5, 
╔Á╔ÁstyleMapInterpolate6, ╔Á╔ÁstyleMapInterpolate7, ╔Á╔ÁstyleMapInterpolate8, ╔Á╔ÁstyleMapInterpolateV, ╔Á╔ÁstyleProp, 
╔Á╔ÁstylePropInterpolate1, ╔Á╔ÁstylePropInterpolate2, ╔Á╔ÁstylePropInterpolate3, ╔Á╔ÁstylePropInterpolate4, 
╔Á╔ÁstylePropInterpolate5, ╔Á╔ÁstylePropInterpolate6, ╔Á╔ÁstylePropInterpolate7, ╔Á╔ÁstylePropInterpolate8, 
╔Á╔ÁstylePropInterpolateV, ╔Á╔ÁsyntheticHostListener, ╔Á╔ÁsyntheticHostProperty, ╔Á╔Átemplate, 
╔Á╔ÁtemplateRefExtractor, ╔Á╔Átext, ╔Á╔ÁtextInterpolate, ╔Á╔ÁtextInterpolate1, ╔Á╔ÁtextInterpolate2, 
╔Á╔ÁtextInterpolate3, ╔Á╔ÁtextInterpolate4, ╔Á╔ÁtextInterpolate5, ╔Á╔ÁtextInterpolate6, ╔Á╔ÁtextInterpolate7, 
╔Á╔ÁtextInterpolate8, ╔Á╔ÁtextInterpolateV, ╔Á╔ÁtrustConstantHtml, ╔Á╔ÁtrustConstantResourceUrl, ╔Á╔ÁtwoWayBindingSet, 
╔Á╔ÁtwoWayListener, ╔Á╔ÁtwoWayProperty, ╔Á╔ÁvalidateIframeAttribute, ╔Á╔ÁviewQuery, ╔Á╔ÁviewQuerySignal)

../node_modules/@angular/cdk/fesm2022/overlay.mjs:2991:24-44 - Error: export '╔Á╔ÁInputFlags' (imported as 'i0') was 
not found in '@angular/core' (possible exports: ANIMATION_MODULE_TYPE, APP_BOOTSTRAP_LISTENER, APP_ID, 
APP_INITIALIZER, AfterRenderPhase, ApplicationInitStatus, ApplicationModule, ApplicationRef, Attribute, 
COMPILER_OPTIONS, CSP_NONCE, CUSTOM_ELEMENTS_SCHEMA, ChangeDetectionStrategy, ChangeDetectorRef, Compiler, 
CompilerFactory, Component, ComponentFactory, ComponentFactoryResolver, ComponentRef, ContentChild, ContentChildren, 
DEFAULT_CURRENCY_CODE, DebugElement, DebugEventListener, DebugNode, DefaultIterableDiffer, DestroyRef, Directive, 
ENVIRONMENT_INITIALIZER, ElementRef, EmbeddedViewRef, EnvironmentInjector, ErrorHandler, EventEmitter, 
ExperimentalPendingTasks, HOST_TAG_NAME, Host, HostAttributeToken, HostBinding, HostListener, INJECTOR, Inject, 
InjectFlags, Injectable, InjectionToken, Injector, Input, IterableDiffers, KeyValueDiffers, LOCALE_ID, 
MissingTranslationStrategy, ModuleWithComponentFactories, NO_ERRORS_SCHEMA, NgModule, NgModuleFactory, NgModuleRef, 
NgProbeToken, NgZone, Optional, Output, OutputEmitterRef, PACKAGE_ROOT_URL, PLATFORM_ID, PLATFORM_INITIALIZER, Pipe, 
PlatformRef, Query, QueryList, Renderer2, RendererFactory2, RendererStyleFlags2, Sanitizer, SecurityContext, Self, 
SimpleChange, SkipSelf, TRANSLATIONS, TRANSLATIONS_FORMAT, TemplateRef, Testability, TestabilityRegistry, 
TransferState, Type, VERSION, Version, ViewChild, ViewChildren, ViewContainerRef, ViewEncapsulation, ViewRef, 
afterNextRender, afterRender, asNativeElements, assertInInjectionContext, assertNotInReactiveContext, assertPlatform, 
booleanAttribute, computed, contentChild, contentChildren, createComponent, createEnvironmentInjector, createNgModule, 
createNgModuleRef, createPlatform, createPlatformFactory, defineInjectable, destroyPlatform, effect, enableProdMode, 
forwardRef, getDebugNode, getModuleFactory, getNgModuleById, getPlatform, importProvidersFrom, inject, input, 
isDevMode, isSignal, isStandalone, makeEnvironmentProviders, makeStateKey, mergeApplicationConfig, model, 
numberAttribute, output, platformCore, provideExperimentalCheckNoChangesForDebug, 
provideExperimentalZonelessChangeDetection, provideZoneChangeDetection, reflectComponentType, resolveForwardRef, 
runInInjectionContext, setTestabilityGetter, signal, untracked, viewChild, viewChildren, ╔ÁALLOW_MULTIPLE_PLATFORMS, 
╔ÁAfterRenderManager, ╔ÁCONTAINER_HEADER_OFFSET, ╔ÁChangeDetectionScheduler, ╔ÁChangeDetectionSchedulerImpl, 
╔ÁComponentFactory, ╔ÁConsole, ╔ÁDEFAULT_LOCALE_ID, ╔ÁDEFER_BLOCK_CONFIG, ╔ÁDEFER_BLOCK_DEPENDENCY_INTERCEPTOR, 
╔ÁDeferBlockBehavior, ╔ÁDeferBlockState, ╔ÁEffectScheduler, ╔ÁIMAGE_CONFIG, ╔ÁIMAGE_CONFIG_DEFAULTS, ╔ÁINJECTOR_SCOPE, 
╔ÁINPUT_SIGNAL_BRAND_WRITE_TYPE, ╔ÁINTERNAL_APPLICATION_ERROR_HANDLER, ╔ÁIS_HYDRATION_DOM_REUSE_ENABLED, 
╔ÁJSACTION_EVENT_CONTRACT, ╔ÁLContext, ╔ÁLifecycleHooksFeature, ╔ÁLocaleDataIndex, ╔ÁNG_COMP_DEF, ╔ÁNG_DIR_DEF, 
╔ÁNG_ELEMENT_ID, ╔ÁNG_INJ_DEF, ╔ÁNG_MOD_DEF, ╔ÁNG_PIPE_DEF, ╔ÁNG_PROV_DEF, ╔ÁNOT_FOUND_CHECK_ONLY_ELEMENT_INJECTOR, 
╔ÁNO_CHANGE, ╔ÁNgModuleFactory, ╔ÁNoopNgZone, ╔ÁPROVIDED_NG_ZONE, ╔ÁPendingTasks, ╔ÁReflectionCapabilities, 
╔ÁRender3ComponentFactory, ╔ÁRender3ComponentRef, ╔ÁRender3NgModuleRef, ╔ÁRuntimeError, ╔ÁSIGNAL, 
╔ÁSSR_CONTENT_INTEGRITY_MARKER, ╔ÁTESTABILITY, ╔ÁTESTABILITY_GETTER, ╔ÁUSE_RUNTIME_DEPS_TRACKER_FOR_JIT, ╔ÁViewRef, 
╔ÁXSS_SECURITY_URL, ╔ÁZONELESS_ENABLED, ╔Á_sanitizeHtml, ╔Á_sanitizeUrl, ╔ÁallowSanitizationBypassAndThrow, 
╔ÁannotateForHydration, ╔ÁbypassSanitizationTrustHtml, ╔ÁbypassSanitizationTrustResourceUrl, 
╔ÁbypassSanitizationTrustScript, ╔ÁbypassSanitizationTrustStyle, ╔ÁbypassSanitizationTrustUrl, 
╔ÁclearResolutionOfComponentResourcesQueue, ╔ÁcompileComponent, ╔ÁcompileDirective, ╔ÁcompileNgModule, 
╔ÁcompileNgModuleDefs, ╔ÁcompileNgModuleFactory, ╔ÁcompilePipe, ╔ÁconvertToBitFlags, ╔ÁcreateInjector, 
╔ÁdefaultIterableDiffers, ╔ÁdefaultKeyValueDiffers, ╔ÁdepsTracker, ╔ÁdetectChangesInViewIfRequired, ╔ÁdevModeEqual, 
╔ÁfindLocaleData, ╔ÁflushModuleScopingQueueAsMuchAsPossible, ╔ÁformatRuntimeError, 
╔ÁgenerateStandaloneInDeclarationsError, ╔ÁgetAsyncClassMetadataFn, ╔ÁgetDebugNode, ╔ÁgetDeferBlocks, ╔ÁgetDirectives, 
╔ÁgetHostElement, ╔ÁgetInjectableDef, ╔ÁgetLContext, ╔ÁgetLocaleCurrencyCode, ╔ÁgetLocalePluralCase, 
╔ÁgetOutputDestroyRef, ╔ÁgetSanitizationBypassType, ╔ÁgetUnknownElementStrictMode, ╔ÁgetUnknownPropertyStrictMode, 
╔Áglobal, ╔ÁinjectChangeDetectorRef, ╔ÁinternalCreateApplication, ╔ÁinternalProvideZoneChangeDetection, 
╔ÁisBoundToModule, ╔ÁisComponentDefPendingResolution, ╔ÁisEnvironmentProviders, ╔ÁisInjectable, ╔ÁisNgModule, 
╔ÁisPromise, ╔ÁisSubscribable, ╔ÁnoSideEffects, ╔ÁpatchComponentDefWithScope, ╔ÁperformanceMarkFeature, 
╔ÁreadHydrationInfo, ╔ÁregisterLocaleData, ╔ÁrenderDeferBlockState, ╔ÁresetCompiledComponents, ╔ÁresetJitOptions, 
╔ÁresolveComponentResources, ╔ÁrestoreComponentResolutionQueue, ╔ÁsetAllowDuplicateNgModuleIdsForTest, 
╔ÁsetAlternateWeakRefImpl, ╔ÁsetClassDebugInfo, ╔ÁsetClassMetadata, ╔ÁsetClassMetadataAsync, ╔ÁsetCurrentInjector, 
╔ÁsetDocument, ╔ÁsetInjectorProfilerContext, ╔ÁsetLocaleId, ╔ÁsetUnknownElementStrictMode, 
╔ÁsetUnknownPropertyStrictMode, ╔Ástore, ╔Ástringify, ╔ÁtransitiveScopesFor, ╔ÁtriggerResourceLoading, 
╔ÁtruncateMiddle, ╔ÁunregisterLocaleData, ╔ÁunwrapSafeValue, ╔ÁunwrapWritableSignal, ╔ÁwhenStable, ╔ÁwithDomHydration, 
╔ÁwithEventReplay, ╔ÁwithI18nSupport, ╔Á╔ÁCopyDefinitionFeature, ╔Á╔ÁFactoryTarget, ╔Á╔ÁHostDirectivesFeature, 
╔Á╔ÁInheritDefinitionFeature, ╔Á╔ÁInputTransformsFeature, ╔Á╔ÁNgOnChangesFeature, ╔Á╔ÁProvidersFeature, 
╔Á╔ÁStandaloneFeature, ╔Á╔Áadvance, ╔Á╔Áattribute, ╔Á╔ÁattributeInterpolate1, ╔Á╔ÁattributeInterpolate2, 
╔Á╔ÁattributeInterpolate3, ╔Á╔ÁattributeInterpolate4, ╔Á╔ÁattributeInterpolate5, ╔Á╔ÁattributeInterpolate6, 
╔Á╔ÁattributeInterpolate7, ╔Á╔ÁattributeInterpolate8, ╔Á╔ÁattributeInterpolateV, ╔Á╔ÁclassMap, 
╔Á╔ÁclassMapInterpolate1, ╔Á╔ÁclassMapInterpolate2, ╔Á╔ÁclassMapInterpolate3, ╔Á╔ÁclassMapInterpolate4, 
╔Á╔ÁclassMapInterpolate5, ╔Á╔ÁclassMapInterpolate6, ╔Á╔ÁclassMapInterpolate7, ╔Á╔ÁclassMapInterpolate8, 
╔Á╔ÁclassMapInterpolateV, ╔Á╔ÁclassProp, ╔Á╔ÁcomponentInstance, ╔Á╔Áconditional, ╔Á╔ÁcontentQuery, 
╔Á╔ÁcontentQuerySignal, ╔Á╔ÁdeclareLet, ╔Á╔Ádefer, ╔Á╔ÁdeferEnableTimerScheduling, ╔Á╔ÁdeferOnHover, ╔Á╔ÁdeferOnIdle, 
╔Á╔ÁdeferOnImmediate, ╔Á╔ÁdeferOnInteraction, ╔Á╔ÁdeferOnTimer, ╔Á╔ÁdeferOnViewport, ╔Á╔ÁdeferPrefetchOnHover, 
╔Á╔ÁdeferPrefetchOnIdle, ╔Á╔ÁdeferPrefetchOnImmediate, ╔Á╔ÁdeferPrefetchOnInteraction, ╔Á╔ÁdeferPrefetchOnTimer, 
╔Á╔ÁdeferPrefetchOnViewport, ╔Á╔ÁdeferPrefetchWhen, ╔Á╔ÁdeferWhen, ╔Á╔ÁdefineComponent, ╔Á╔ÁdefineDirective, 
╔Á╔ÁdefineInjectable, ╔Á╔ÁdefineInjector, ╔Á╔ÁdefineNgModule, ╔Á╔ÁdefinePipe, ╔Á╔ÁdirectiveInject, 
╔Á╔ÁdisableBindings, ╔Á╔Áelement, ╔Á╔ÁelementContainer, ╔Á╔ÁelementContainerEnd, ╔Á╔ÁelementContainerStart, 
╔Á╔ÁelementEnd, ╔Á╔ÁelementStart, ╔Á╔ÁenableBindings, ╔Á╔ÁgetComponentDepsFactory, ╔Á╔ÁgetCurrentView, 
╔Á╔ÁgetInheritedFactory, ╔Á╔ÁhostProperty, ╔Á╔Ái18n, ╔Á╔Ái18nApply, ╔Á╔Ái18nAttributes, ╔Á╔Ái18nEnd, ╔Á╔Ái18nExp, 
╔Á╔Ái18nPostprocess, ╔Á╔Ái18nStart, ╔Á╔Áinject, ╔Á╔ÁinjectAttribute, ╔Á╔ÁinvalidFactory, ╔Á╔ÁinvalidFactoryDep, 
╔Á╔Álistener, ╔Á╔ÁloadQuery, ╔Á╔ÁnamespaceHTML, ╔Á╔ÁnamespaceMathML, ╔Á╔ÁnamespaceSVG, ╔Á╔ÁnextContext, 
╔Á╔ÁngDeclareClassMetadata, ╔Á╔ÁngDeclareClassMetadataAsync, ╔Á╔ÁngDeclareComponent, ╔Á╔ÁngDeclareDirective, 
╔Á╔ÁngDeclareFactory, ╔Á╔ÁngDeclareInjectable, ╔Á╔ÁngDeclareInjector, ╔Á╔ÁngDeclareNgModule, ╔Á╔ÁngDeclarePipe, 
╔Á╔Ápipe, ╔Á╔ÁpipeBind1, ╔Á╔ÁpipeBind2, ╔Á╔ÁpipeBind3, ╔Á╔ÁpipeBind4, ╔Á╔ÁpipeBindV, ╔Á╔Áprojection, 
╔Á╔ÁprojectionDef, ╔Á╔Áproperty, ╔Á╔ÁpropertyInterpolate, ╔Á╔ÁpropertyInterpolate1, ╔Á╔ÁpropertyInterpolate2, 
╔Á╔ÁpropertyInterpolate3, ╔Á╔ÁpropertyInterpolate4, ╔Á╔ÁpropertyInterpolate5, ╔Á╔ÁpropertyInterpolate6, 
╔Á╔ÁpropertyInterpolate7, ╔Á╔ÁpropertyInterpolate8, ╔Á╔ÁpropertyInterpolateV, ╔Á╔ÁpureFunction0, ╔Á╔ÁpureFunction1, 
╔Á╔ÁpureFunction2, ╔Á╔ÁpureFunction3, ╔Á╔ÁpureFunction4, ╔Á╔ÁpureFunction5, ╔Á╔ÁpureFunction6, ╔Á╔ÁpureFunction7, 
╔Á╔ÁpureFunction8, ╔Á╔ÁpureFunctionV, ╔Á╔ÁqueryAdvance, ╔Á╔ÁqueryRefresh, ╔Á╔ÁreadContextLet, ╔Á╔Áreference, 
╔Á╔ÁregisterNgModuleType, ╔Á╔Árepeater, ╔Á╔ÁrepeaterCreate, ╔Á╔ÁrepeaterTrackByIdentity, ╔Á╔ÁrepeaterTrackByIndex, 
╔Á╔ÁresetView, ╔Á╔ÁresolveBody, ╔Á╔ÁresolveDocument, ╔Á╔ÁresolveWindow, ╔Á╔ÁrestoreView, ╔Á╔ÁsanitizeHtml, 
╔Á╔ÁsanitizeResourceUrl, ╔Á╔ÁsanitizeScript, ╔Á╔ÁsanitizeStyle, ╔Á╔ÁsanitizeUrl, ╔Á╔ÁsanitizeUrlOrResourceUrl, 
╔Á╔ÁsetComponentScope, ╔Á╔ÁsetNgModuleScope, ╔Á╔ÁstoreLet, ╔Á╔ÁstyleMap, ╔Á╔ÁstyleMapInterpolate1, 
╔Á╔ÁstyleMapInterpolate2, ╔Á╔ÁstyleMapInterpolate3, ╔Á╔ÁstyleMapInterpolate4, ╔Á╔ÁstyleMapInterpolate5, 
╔Á╔ÁstyleMapInterpolate6, ╔Á╔ÁstyleMapInterpolate7, ╔Á╔ÁstyleMapInterpolate8, ╔Á╔ÁstyleMapInterpolateV, ╔Á╔ÁstyleProp, 
╔Á╔ÁstylePropInterpolate1, ╔Á╔ÁstylePropInterpolate2, ╔Á╔ÁstylePropInterpolate3, ╔Á╔ÁstylePropInterpolate4, 
╔Á╔ÁstylePropInterpolate5, ╔Á╔ÁstylePropInterpolate6, ╔Á╔ÁstylePropInterpolate7, ╔Á╔ÁstylePropInterpolate8, 
╔Á╔ÁstylePropInterpolateV, ╔Á╔ÁsyntheticHostListener, ╔Á╔ÁsyntheticHostProperty, ╔Á╔Átemplate, 
╔Á╔ÁtemplateRefExtractor, ╔Á╔Átext, ╔Á╔ÁtextInterpolate, ╔Á╔ÁtextInterpolate1, ╔Á╔ÁtextInterpolate2, 
╔Á╔ÁtextInterpolate3, ╔Á╔ÁtextInterpolate4, ╔Á╔ÁtextInterpolate5, ╔Á╔ÁtextInterpolate6, ╔Á╔ÁtextInterpolate7, 
╔Á╔ÁtextInterpolate8, ╔Á╔ÁtextInterpolateV, ╔Á╔ÁtrustConstantHtml, ╔Á╔ÁtrustConstantResourceUrl, ╔Á╔ÁtwoWayBindingSet, 
╔Á╔ÁtwoWayListener, ╔Á╔ÁtwoWayProperty, ╔Á╔ÁvalidateIframeAttribute, ╔Á╔ÁviewQuery, ╔Á╔ÁviewQuerySignal)

../node_modules/@angular/cdk/fesm2022/overlay.mjs:2992:21-41 - Error: export '╔Á╔ÁInputFlags' (imported as 'i0') was 
not found in '@angular/core' (possible exports: ANIMATION_MODULE_TYPE, APP_BOOTSTRAP_LISTENER, APP_ID, 
APP_INITIALIZER, AfterRenderPhase, ApplicationInitStatus, ApplicationModule, ApplicationRef, Attribute, 
COMPILER_OPTIONS, CSP_NONCE, CUSTOM_ELEMENTS_SCHEMA, ChangeDetectionStrategy, ChangeDetectorRef, Compiler, 
CompilerFactory, Component, ComponentFactory, ComponentFactoryResolver, ComponentRef, ContentChild, ContentChildren, 
DEFAULT_CURRENCY_CODE, DebugElement, DebugEventListener, DebugNode, DefaultIterableDiffer, DestroyRef, Directive, 
ENVIRONMENT_INITIALIZER, ElementRef, EmbeddedViewRef, EnvironmentInjector, ErrorHandler, EventEmitter, 
ExperimentalPendingTasks, HOST_TAG_NAME, Host, HostAttributeToken, HostBinding, HostListener, INJECTOR, Inject, 
InjectFlags, Injectable, InjectionToken, Injector, Input, IterableDiffers, KeyValueDiffers, LOCALE_ID, 
MissingTranslationStrategy, ModuleWithComponentFactories, NO_ERRORS_SCHEMA, NgModule, NgModuleFactory, NgModuleRef, 
NgProbeToken, NgZone, Optional, Output, OutputEmitterRef, PACKAGE_ROOT_URL, PLATFORM_ID, PLATFORM_INITIALIZER, Pipe, 
PlatformRef, Query, QueryList, Renderer2, RendererFactory2, RendererStyleFlags2, Sanitizer, SecurityContext, Self, 
SimpleChange, SkipSelf, TRANSLATIONS, TRANSLATIONS_FORMAT, TemplateRef, Testability, TestabilityRegistry, 
TransferState, Type, VERSION, Version, ViewChild, ViewChildren, ViewContainerRef, ViewEncapsulation, ViewRef, 
afterNextRender, afterRender, asNativeElements, assertInInjectionContext, assertNotInReactiveContext, assertPlatform, 
booleanAttribute, computed, contentChild, contentChildren, createComponent, createEnvironmentInjector, createNgModule, 
createNgModuleRef, createPlatform, createPlatformFactory, defineInjectable, destroyPlatform, effect, enableProdMode, 
forwardRef, getDebugNode, getModuleFactory, getNgModuleById, getPlatform, importProvidersFrom, inject, input, 
isDevMode, isSignal, isStandalone, makeEnvironmentProviders, makeStateKey, mergeApplicationConfig, model, 
numberAttribute, output, platformCore, provideExperimentalCheckNoChangesForDebug, 
provideExperimentalZonelessChangeDetection, provideZoneChangeDetection, reflectComponentType, resolveForwardRef, 
runInInjectionContext, setTestabilityGetter, signal, untracked, viewChild, viewChildren, ╔ÁALLOW_MULTIPLE_PLATFORMS, 
╔ÁAfterRenderManager, ╔ÁCONTAINER_HEADER_OFFSET, ╔ÁChangeDetectionScheduler, ╔ÁChangeDetectionSchedulerImpl, 
╔ÁComponentFactory, ╔ÁConsole, ╔ÁDEFAULT_LOCALE_ID, ╔ÁDEFER_BLOCK_CONFIG, ╔ÁDEFER_BLOCK_DEPENDENCY_INTERCEPTOR, 
╔ÁDeferBlockBehavior, ╔ÁDeferBlockState, ╔ÁEffectScheduler, ╔ÁIMAGE_CONFIG, ╔ÁIMAGE_CONFIG_DEFAULTS, ╔ÁINJECTOR_SCOPE, 
╔ÁINPUT_SIGNAL_BRAND_WRITE_TYPE, ╔ÁINTERNAL_APPLICATION_ERROR_HANDLER, ╔ÁIS_HYDRATION_DOM_REUSE_ENABLED, 
╔ÁJSACTION_EVENT_CONTRACT, ╔ÁLContext, ╔ÁLifecycleHooksFeature, ╔ÁLocaleDataIndex, ╔ÁNG_COMP_DEF, ╔ÁNG_DIR_DEF, 
╔ÁNG_ELEMENT_ID, ╔ÁNG_INJ_DEF, ╔ÁNG_MOD_DEF, ╔ÁNG_PIPE_DEF, ╔ÁNG_PROV_DEF, ╔ÁNOT_FOUND_CHECK_ONLY_ELEMENT_INJECTOR, 
╔ÁNO_CHANGE, ╔ÁNgModuleFactory, ╔ÁNoopNgZone, ╔ÁPROVIDED_NG_ZONE, ╔ÁPendingTasks, ╔ÁReflectionCapabilities, 
╔ÁRender3ComponentFactory, ╔ÁRender3ComponentRef, ╔ÁRender3NgModuleRef, ╔ÁRuntimeError, ╔ÁSIGNAL, 
╔ÁSSR_CONTENT_INTEGRITY_MARKER, ╔ÁTESTABILITY, ╔ÁTESTABILITY_GETTER, ╔ÁUSE_RUNTIME_DEPS_TRACKER_FOR_JIT, ╔ÁViewRef, 
╔ÁXSS_SECURITY_URL, ╔ÁZONELESS_ENABLED, ╔Á_sanitizeHtml, ╔Á_sanitizeUrl, ╔ÁallowSanitizationBypassAndThrow, 
╔ÁannotateForHydration, ╔ÁbypassSanitizationTrustHtml, ╔ÁbypassSanitizationTrustResourceUrl, 
╔ÁbypassSanitizationTrustScript, ╔ÁbypassSanitizationTrustStyle, ╔ÁbypassSanitizationTrustUrl, 
╔ÁclearResolutionOfComponentResourcesQueue, ╔ÁcompileComponent, ╔ÁcompileDirective, ╔ÁcompileNgModule, 
╔ÁcompileNgModuleDefs, ╔ÁcompileNgModuleFactory, ╔ÁcompilePipe, ╔ÁconvertToBitFlags, ╔ÁcreateInjector, 
╔ÁdefaultIterableDiffers, ╔ÁdefaultKeyValueDiffers, ╔ÁdepsTracker, ╔ÁdetectChangesInViewIfRequired, ╔ÁdevModeEqual, 
╔ÁfindLocaleData, ╔ÁflushModuleScopingQueueAsMuchAsPossible, ╔ÁformatRuntimeError, 
╔ÁgenerateStandaloneInDeclarationsError, ╔ÁgetAsyncClassMetadataFn, ╔ÁgetDebugNode, ╔ÁgetDeferBlocks, ╔ÁgetDirectives, 
╔ÁgetHostElement, ╔ÁgetInjectableDef, ╔ÁgetLContext, ╔ÁgetLocaleCurrencyCode, ╔ÁgetLocalePluralCase, 
╔ÁgetOutputDestroyRef, ╔ÁgetSanitizationBypassType, ╔ÁgetUnknownElementStrictMode, ╔ÁgetUnknownPropertyStrictMode, 
╔Áglobal, ╔ÁinjectChangeDetectorRef, ╔ÁinternalCreateApplication, ╔ÁinternalProvideZoneChangeDetection, 
╔ÁisBoundToModule, ╔ÁisComponentDefPendingResolution, ╔ÁisEnvironmentProviders, ╔ÁisInjectable, ╔ÁisNgModule, 
╔ÁisPromise, ╔ÁisSubscribable, ╔ÁnoSideEffects, ╔ÁpatchComponentDefWithScope, ╔ÁperformanceMarkFeature, 
╔ÁreadHydrationInfo, ╔ÁregisterLocaleData, ╔ÁrenderDeferBlockState, ╔ÁresetCompiledComponents, ╔ÁresetJitOptions, 
╔ÁresolveComponentResources, ╔ÁrestoreComponentResolutionQueue, ╔ÁsetAllowDuplicateNgModuleIdsForTest, 
╔ÁsetAlternateWeakRefImpl, ╔ÁsetClassDebugInfo, ╔ÁsetClassMetadata, ╔ÁsetClassMetadataAsync, ╔ÁsetCurrentInjector, 
╔ÁsetDocument, ╔ÁsetInjectorProfilerContext, ╔ÁsetLocaleId, ╔ÁsetUnknownElementStrictMode, 
╔ÁsetUnknownPropertyStrictMode, ╔Ástore, ╔Ástringify, ╔ÁtransitiveScopesFor, ╔ÁtriggerResourceLoading, 
╔ÁtruncateMiddle, ╔ÁunregisterLocaleData, ╔ÁunwrapSafeValue, ╔ÁunwrapWritableSignal, ╔ÁwhenStable, ╔ÁwithDomHydration, 
╔ÁwithEventReplay, ╔ÁwithI18nSupport, ╔Á╔ÁCopyDefinitionFeature, ╔Á╔ÁFactoryTarget, ╔Á╔ÁHostDirectivesFeature, 
╔Á╔ÁInheritDefinitionFeature, ╔Á╔ÁInputTransformsFeature, ╔Á╔ÁNgOnChangesFeature, ╔Á╔ÁProvidersFeature, 
╔Á╔ÁStandaloneFeature, ╔Á╔Áadvance, ╔Á╔Áattribute, ╔Á╔ÁattributeInterpolate1, ╔Á╔ÁattributeInterpolate2, 
╔Á╔ÁattributeInterpolate3, ╔Á╔ÁattributeInterpolate4, ╔Á╔ÁattributeInterpolate5, ╔Á╔ÁattributeInterpolate6, 
╔Á╔ÁattributeInterpolate7, ╔Á╔ÁattributeInterpolate8, ╔Á╔ÁattributeInterpolateV, ╔Á╔ÁclassMap, 
╔Á╔ÁclassMapInterpolate1, ╔Á╔ÁclassMapInterpolate2, ╔Á╔ÁclassMapInterpolate3, ╔Á╔ÁclassMapInterpolate4, 
╔Á╔ÁclassMapInterpolate5, ╔Á╔ÁclassMapInterpolate6, ╔Á╔ÁclassMapInterpolate7, ╔Á╔ÁclassMapInterpolate8, 
╔Á╔ÁclassMapInterpolateV, ╔Á╔ÁclassProp, ╔Á╔ÁcomponentInstance, ╔Á╔Áconditional, ╔Á╔ÁcontentQuery, 
╔Á╔ÁcontentQuerySignal, ╔Á╔ÁdeclareLet, ╔Á╔Ádefer, ╔Á╔ÁdeferEnableTimerScheduling, ╔Á╔ÁdeferOnHover, ╔Á╔ÁdeferOnIdle, 
╔Á╔ÁdeferOnImmediate, ╔Á╔ÁdeferOnInteraction, ╔Á╔ÁdeferOnTimer, ╔Á╔ÁdeferOnViewport, ╔Á╔ÁdeferPrefetchOnHover, 
╔Á╔ÁdeferPrefetchOnIdle, ╔Á╔ÁdeferPrefetchOnImmediate, ╔Á╔ÁdeferPrefetchOnInteraction, ╔Á╔ÁdeferPrefetchOnTimer, 
╔Á╔ÁdeferPrefetchOnViewport, ╔Á╔ÁdeferPrefetchWhen, ╔Á╔ÁdeferWhen, ╔Á╔ÁdefineComponent, ╔Á╔ÁdefineDirective, 
╔Á╔ÁdefineInjectable, ╔Á╔ÁdefineInjector, ╔Á╔ÁdefineNgModule, ╔Á╔ÁdefinePipe, ╔Á╔ÁdirectiveInject, 
╔Á╔ÁdisableBindings, ╔Á╔Áelement, ╔Á╔ÁelementContainer, ╔Á╔ÁelementContainerEnd, ╔Á╔ÁelementContainerStart, 
╔Á╔ÁelementEnd, ╔Á╔ÁelementStart, ╔Á╔ÁenableBindings, ╔Á╔ÁgetComponentDepsFactory, ╔Á╔ÁgetCurrentView, 
╔Á╔ÁgetInheritedFactory, ╔Á╔ÁhostProperty, ╔Á╔Ái18n, ╔Á╔Ái18nApply, ╔Á╔Ái18nAttributes, ╔Á╔Ái18nEnd, ╔Á╔Ái18nExp, 
╔Á╔Ái18nPostprocess, ╔Á╔Ái18nStart, ╔Á╔Áinject, ╔Á╔ÁinjectAttribute, ╔Á╔ÁinvalidFactory, ╔Á╔ÁinvalidFactoryDep, 
╔Á╔Álistener, ╔Á╔ÁloadQuery, ╔Á╔ÁnamespaceHTML, ╔Á╔ÁnamespaceMathML, ╔Á╔ÁnamespaceSVG, ╔Á╔ÁnextContext, 
╔Á╔ÁngDeclareClassMetadata, ╔Á╔ÁngDeclareClassMetadataAsync, ╔Á╔ÁngDeclareComponent, ╔Á╔ÁngDeclareDirective, 
╔Á╔ÁngDeclareFactory, ╔Á╔ÁngDeclareInjectable, ╔Á╔ÁngDeclareInjector, ╔Á╔ÁngDeclareNgModule, ╔Á╔ÁngDeclarePipe, 
╔Á╔Ápipe, ╔Á╔ÁpipeBind1, ╔Á╔ÁpipeBind2, ╔Á╔ÁpipeBind3, ╔Á╔ÁpipeBind4, ╔Á╔ÁpipeBindV, ╔Á╔Áprojection, 
╔Á╔ÁprojectionDef, ╔Á╔Áproperty, ╔Á╔ÁpropertyInterpolate, ╔Á╔ÁpropertyInterpolate1, ╔Á╔ÁpropertyInterpolate2, 
╔Á╔ÁpropertyInterpolate3, ╔Á╔ÁpropertyInterpolate4, ╔Á╔ÁpropertyInterpolate5, ╔Á╔ÁpropertyInterpolate6, 
╔Á╔ÁpropertyInterpolate7, ╔Á╔ÁpropertyInterpolate8, ╔Á╔ÁpropertyInterpolateV, ╔Á╔ÁpureFunction0, ╔Á╔ÁpureFunction1, 
╔Á╔ÁpureFunction2, ╔Á╔ÁpureFunction3, ╔Á╔ÁpureFunction4, ╔Á╔ÁpureFunction5, ╔Á╔ÁpureFunction6, ╔Á╔ÁpureFunction7, 
╔Á╔ÁpureFunction8, ╔Á╔ÁpureFunctionV, ╔Á╔ÁqueryAdvance, ╔Á╔ÁqueryRefresh, ╔Á╔ÁreadContextLet, ╔Á╔Áreference, 
╔Á╔ÁregisterNgModuleType, ╔Á╔Árepeater, ╔Á╔ÁrepeaterCreate, ╔Á╔ÁrepeaterTrackByIdentity, ╔Á╔ÁrepeaterTrackByIndex, 
╔Á╔ÁresetView, ╔Á╔ÁresolveBody, ╔Á╔ÁresolveDocument, ╔Á╔ÁresolveWindow, ╔Á╔ÁrestoreView, ╔Á╔ÁsanitizeHtml, 
╔Á╔ÁsanitizeResourceUrl, ╔Á╔ÁsanitizeScript, ╔Á╔ÁsanitizeStyle, ╔Á╔ÁsanitizeUrl, ╔Á╔ÁsanitizeUrlOrResourceUrl, 
╔Á╔ÁsetComponentScope, ╔Á╔ÁsetNgModuleScope, ╔Á╔ÁstoreLet, ╔Á╔ÁstyleMap, ╔Á╔ÁstyleMapInterpolate1, 
╔Á╔ÁstyleMapInterpolate2, ╔Á╔ÁstyleMapInterpolate3, ╔Á╔ÁstyleMapInterpolate4, ╔Á╔ÁstyleMapInterpolate5, 
╔Á╔ÁstyleMapInterpolate6, ╔Á╔ÁstyleMapInterpolate7, ╔Á╔ÁstyleMapInterpolate8, ╔Á╔ÁstyleMapInterpolateV, ╔Á╔ÁstyleProp, 
╔Á╔ÁstylePropInterpolate1, ╔Á╔ÁstylePropInterpolate2, ╔Á╔ÁstylePropInterpolate3, ╔Á╔ÁstylePropInterpolate4, 
╔Á╔ÁstylePropInterpolate5, ╔Á╔ÁstylePropInterpolate6, ╔Á╔ÁstylePropInterpolate7, ╔Á╔ÁstylePropInterpolate8, 
╔Á╔ÁstylePropInterpolateV, ╔Á╔ÁsyntheticHostListener, ╔Á╔ÁsyntheticHostProperty, ╔Á╔Átemplate, 
╔Á╔ÁtemplateRefExtractor, ╔Á╔Átext, ╔Á╔ÁtextInterpolate, ╔Á╔ÁtextInterpolate1, ╔Á╔ÁtextInterpolate2, 
╔Á╔ÁtextInterpolate3, ╔Á╔ÁtextInterpolate4, ╔Á╔ÁtextInterpolate5, ╔Á╔ÁtextInterpolate6, ╔Á╔ÁtextInterpolate7, 
╔Á╔ÁtextInterpolate8, ╔Á╔ÁtextInterpolateV, ╔Á╔ÁtrustConstantHtml, ╔Á╔ÁtrustConstantResourceUrl, ╔Á╔ÁtwoWayBindingSet, 
╔Á╔ÁtwoWayListener, ╔Á╔ÁtwoWayProperty, ╔Á╔ÁvalidateIframeAttribute, ╔Á╔ÁviewQuery, ╔Á╔ÁviewQuerySignal)

../node_modules/@angular/cdk/fesm2022/overlay.mjs:2993:25-45 - Error: export '╔Á╔ÁInputFlags' (imported as 'i0') was 
not found in '@angular/core' (possible exports: ANIMATION_MODULE_TYPE, APP_BOOTSTRAP_LISTENER, APP_ID, 
APP_INITIALIZER, AfterRenderPhase, ApplicationInitStatus, ApplicationModule, ApplicationRef, Attribute, 
COMPILER_OPTIONS, CSP_NONCE, CUSTOM_ELEMENTS_SCHEMA, ChangeDetectionStrategy, ChangeDetectorRef, Compiler, 
CompilerFactory, Component, ComponentFactory, ComponentFactoryResolver, ComponentRef, ContentChild, ContentChildren, 
DEFAULT_CURRENCY_CODE, DebugElement, DebugEventListener, DebugNode, DefaultIterableDiffer, DestroyRef, Directive, 
ENVIRONMENT_INITIALIZER, ElementRef, EmbeddedViewRef, EnvironmentInjector, ErrorHandler, EventEmitter, 
ExperimentalPendingTasks, HOST_TAG_NAME, Host, HostAttributeToken, HostBinding, HostListener, INJECTOR, Inject, 
InjectFlags, Injectable, InjectionToken, Injector, Input, IterableDiffers, KeyValueDiffers, LOCALE_ID, 
MissingTranslationStrategy, ModuleWithComponentFactories, NO_ERRORS_SCHEMA, NgModule, NgModuleFactory, NgModuleRef, 
NgProbeToken, NgZone, Optional, Output, OutputEmitterRef, PACKAGE_ROOT_URL, PLATFORM_ID, PLATFORM_INITIALIZER, Pipe, 
PlatformRef, Query, QueryList, Renderer2, RendererFactory2, RendererStyleFlags2, Sanitizer, SecurityContext, Self, 
SimpleChange, SkipSelf, TRANSLATIONS, TRANSLATIONS_FORMAT, TemplateRef, Testability, TestabilityRegistry, 
TransferState, Type, VERSION, Version, ViewChild, ViewChildren, ViewContainerRef, ViewEncapsulation, ViewRef, 
afterNextRender, afterRender, asNativeElements, assertInInjectionContext, assertNotInReactiveContext, assertPlatform, 
booleanAttribute, computed, contentChild, contentChildren, createComponent, createEnvironmentInjector, createNgModule, 
createNgModuleRef, createPlatform, createPlatformFactory, defineInjectable, destroyPlatform, effect, enableProdMode, 
forwardRef, getDebugNode, getModuleFactory, getNgModuleById, getPlatform, importProvidersFrom, inject, input, 
isDevMode, isSignal, isStandalone, makeEnvironmentProviders, makeStateKey, mergeApplicationConfig, model, 
numberAttribute, output, platformCore, provideExperimentalCheckNoChangesForDebug, 
provideExperimentalZonelessChangeDetection, provideZoneChangeDetection, reflectComponentType, resolveForwardRef, 
runInInjectionContext, setTestabilityGetter, signal, untracked, viewChild, viewChildren, ╔ÁALLOW_MULTIPLE_PLATFORMS, 
╔ÁAfterRenderManager, ╔ÁCONTAINER_HEADER_OFFSET, ╔ÁChangeDetectionScheduler, ╔ÁChangeDetectionSchedulerImpl, 
╔ÁComponentFactory, ╔ÁConsole, ╔ÁDEFAULT_LOCALE_ID, ╔ÁDEFER_BLOCK_CONFIG, ╔ÁDEFER_BLOCK_DEPENDENCY_INTERCEPTOR, 
╔ÁDeferBlockBehavior, ╔ÁDeferBlockState, ╔ÁEffectScheduler, ╔ÁIMAGE_CONFIG, ╔ÁIMAGE_CONFIG_DEFAULTS, ╔ÁINJECTOR_SCOPE, 
╔ÁINPUT_SIGNAL_BRAND_WRITE_TYPE, ╔ÁINTERNAL_APPLICATION_ERROR_HANDLER, ╔ÁIS_HYDRATION_DOM_REUSE_ENABLED, 
╔ÁJSACTION_EVENT_CONTRACT, ╔ÁLContext, ╔ÁLifecycleHooksFeature, ╔ÁLocaleDataIndex, ╔ÁNG_COMP_DEF, ╔ÁNG_DIR_DEF, 
╔ÁNG_ELEMENT_ID, ╔ÁNG_INJ_DEF, ╔ÁNG_MOD_DEF, ╔ÁNG_PIPE_DEF, ╔ÁNG_PROV_DEF, ╔ÁNOT_FOUND_CHECK_ONLY_ELEMENT_INJECTOR, 
╔ÁNO_CHANGE, ╔ÁNgModuleFactory, ╔ÁNoopNgZone, ╔ÁPROVIDED_NG_ZONE, ╔ÁPendingTasks, ╔ÁReflectionCapabilities, 
╔ÁRender3ComponentFactory, ╔ÁRender3ComponentRef, ╔ÁRender3NgModuleRef, ╔ÁRuntimeError, ╔ÁSIGNAL, 
╔ÁSSR_CONTENT_INTEGRITY_MARKER, ╔ÁTESTABILITY, ╔ÁTESTABILITY_GETTER, ╔ÁUSE_RUNTIME_DEPS_TRACKER_FOR_JIT, ╔ÁViewRef, 
╔ÁXSS_SECURITY_URL, ╔ÁZONELESS_ENABLED, ╔Á_sanitizeHtml, ╔Á_sanitizeUrl, ╔ÁallowSanitizationBypassAndThrow, 
╔ÁannotateForHydration, ╔ÁbypassSanitizationTrustHtml, ╔ÁbypassSanitizationTrustResourceUrl, 
╔ÁbypassSanitizationTrustScript, ╔ÁbypassSanitizationTrustStyle, ╔ÁbypassSanitizationTrustUrl, 
╔ÁclearResolutionOfComponentResourcesQueue, ╔ÁcompileComponent, ╔ÁcompileDirective, ╔ÁcompileNgModule, 
╔ÁcompileNgModuleDefs, ╔ÁcompileNgModuleFactory, ╔ÁcompilePipe, ╔ÁconvertToBitFlags, ╔ÁcreateInjector, 
╔ÁdefaultIterableDiffers, ╔ÁdefaultKeyValueDiffers, ╔ÁdepsTracker, ╔ÁdetectChangesInViewIfRequired, ╔ÁdevModeEqual, 
╔ÁfindLocaleData, ╔ÁflushModuleScopingQueueAsMuchAsPossible, ╔ÁformatRuntimeError, 
╔ÁgenerateStandaloneInDeclarationsError, ╔ÁgetAsyncClassMetadataFn, ╔ÁgetDebugNode, ╔ÁgetDeferBlocks, ╔ÁgetDirectives, 
╔ÁgetHostElement, ╔ÁgetInjectableDef, ╔ÁgetLContext, ╔ÁgetLocaleCurrencyCode, ╔ÁgetLocalePluralCase, 
╔ÁgetOutputDestroyRef, ╔ÁgetSanitizationBypassType, ╔ÁgetUnknownElementStrictMode, ╔ÁgetUnknownPropertyStrictMode, 
╔Áglobal, ╔ÁinjectChangeDetectorRef, ╔ÁinternalCreateApplication, ╔ÁinternalProvideZoneChangeDetection, 
╔ÁisBoundToModule, ╔ÁisComponentDefPendingResolution, ╔ÁisEnvironmentProviders, ╔ÁisInjectable, ╔ÁisNgModule, 
╔ÁisPromise, ╔ÁisSubscribable, ╔ÁnoSideEffects, ╔ÁpatchComponentDefWithScope, ╔ÁperformanceMarkFeature, 
╔ÁreadHydrationInfo, ╔ÁregisterLocaleData, ╔ÁrenderDeferBlockState, ╔ÁresetCompiledComponents, ╔ÁresetJitOptions, 
╔ÁresolveComponentResources, ╔ÁrestoreComponentResolutionQueue, ╔ÁsetAllowDuplicateNgModuleIdsForTest, 
╔ÁsetAlternateWeakRefImpl, ╔ÁsetClassDebugInfo, ╔ÁsetClassMetadata, ╔ÁsetClassMetadataAsync, ╔ÁsetCurrentInjector, 
╔ÁsetDocument, ╔ÁsetInjectorProfilerContext, ╔ÁsetLocaleId, ╔ÁsetUnknownElementStrictMode, 
╔ÁsetUnknownPropertyStrictMode, ╔Ástore, ╔Ástringify, ╔ÁtransitiveScopesFor, ╔ÁtriggerResourceLoading, 
╔ÁtruncateMiddle, ╔ÁunregisterLocaleData, ╔ÁunwrapSafeValue, ╔ÁunwrapWritableSignal, ╔ÁwhenStable, ╔ÁwithDomHydration, 
╔ÁwithEventReplay, ╔ÁwithI18nSupport, ╔Á╔ÁCopyDefinitionFeature, ╔Á╔ÁFactoryTarget, ╔Á╔ÁHostDirectivesFeature, 
╔Á╔ÁInheritDefinitionFeature, ╔Á╔ÁInputTransformsFeature, ╔Á╔ÁNgOnChangesFeature, ╔Á╔ÁProvidersFeature, 
╔Á╔ÁStandaloneFeature, ╔Á╔Áadvance, ╔Á╔Áattribute, ╔Á╔ÁattributeInterpolate1, ╔Á╔ÁattributeInterpolate2, 
╔Á╔ÁattributeInterpolate3, ╔Á╔ÁattributeInterpolate4, ╔Á╔ÁattributeInterpolate5, ╔Á╔ÁattributeInterpolate6, 
╔Á╔ÁattributeInterpolate7, ╔Á╔ÁattributeInterpolate8, ╔Á╔ÁattributeInterpolateV, ╔Á╔ÁclassMap, 
╔Á╔ÁclassMapInterpolate1, ╔Á╔ÁclassMapInterpolate2, ╔Á╔ÁclassMapInterpolate3, ╔Á╔ÁclassMapInterpolate4, 
╔Á╔ÁclassMapInterpolate5, ╔Á╔ÁclassMapInterpolate6, ╔Á╔ÁclassMapInterpolate7, ╔Á╔ÁclassMapInterpolate8, 
╔Á╔ÁclassMapInterpolateV, ╔Á╔ÁclassProp, ╔Á╔ÁcomponentInstance, ╔Á╔Áconditional, ╔Á╔ÁcontentQuery, 
╔Á╔ÁcontentQuerySignal, ╔Á╔ÁdeclareLet, ╔Á╔Ádefer, ╔Á╔ÁdeferEnableTimerScheduling, ╔Á╔ÁdeferOnHover, ╔Á╔ÁdeferOnIdle, 
╔Á╔ÁdeferOnImmediate, ╔Á╔ÁdeferOnInteraction, ╔Á╔ÁdeferOnTimer, ╔Á╔ÁdeferOnViewport, ╔Á╔ÁdeferPrefetchOnHover, 
╔Á╔ÁdeferPrefetchOnIdle, ╔Á╔ÁdeferPrefetchOnImmediate, ╔Á╔ÁdeferPrefetchOnInteraction, ╔Á╔ÁdeferPrefetchOnTimer, 
╔Á╔ÁdeferPrefetchOnViewport, ╔Á╔ÁdeferPrefetchWhen, ╔Á╔ÁdeferWhen, ╔Á╔ÁdefineComponent, ╔Á╔ÁdefineDirective, 
╔Á╔ÁdefineInjectable, ╔Á╔ÁdefineInjector, ╔Á╔ÁdefineNgModule, ╔Á╔ÁdefinePipe, ╔Á╔ÁdirectiveInject, 
╔Á╔ÁdisableBindings, ╔Á╔Áelement, ╔Á╔ÁelementContainer, ╔Á╔ÁelementContainerEnd, ╔Á╔ÁelementContainerStart, 
╔Á╔ÁelementEnd, ╔Á╔ÁelementStart, ╔Á╔ÁenableBindings, ╔Á╔ÁgetComponentDepsFactory, ╔Á╔ÁgetCurrentView, 
╔Á╔ÁgetInheritedFactory, ╔Á╔ÁhostProperty, ╔Á╔Ái18n, ╔Á╔Ái18nApply, ╔Á╔Ái18nAttributes, ╔Á╔Ái18nEnd, ╔Á╔Ái18nExp, 
╔Á╔Ái18nPostprocess, ╔Á╔Ái18nStart, ╔Á╔Áinject, ╔Á╔ÁinjectAttribute, ╔Á╔ÁinvalidFactory, ╔Á╔ÁinvalidFactoryDep, 
╔Á╔Álistener, ╔Á╔ÁloadQuery, ╔Á╔ÁnamespaceHTML, ╔Á╔ÁnamespaceMathML, ╔Á╔ÁnamespaceSVG, ╔Á╔ÁnextContext, 
╔Á╔ÁngDeclareClassMetadata, ╔Á╔ÁngDeclareClassMetadataAsync, ╔Á╔ÁngDeclareComponent, ╔Á╔ÁngDeclareDirective, 
╔Á╔ÁngDeclareFactory, ╔Á╔ÁngDeclareInjectable, ╔Á╔ÁngDeclareInjector, ╔Á╔ÁngDeclareNgModule, ╔Á╔ÁngDeclarePipe, 
╔Á╔Ápipe, ╔Á╔ÁpipeBind1, ╔Á╔ÁpipeBind2, ╔Á╔ÁpipeBind3, ╔Á╔ÁpipeBind4, ╔Á╔ÁpipeBindV, ╔Á╔Áprojection, 
╔Á╔ÁprojectionDef, ╔Á╔Áproperty, ╔Á╔ÁpropertyInterpolate, ╔Á╔ÁpropertyInterpolate1, ╔Á╔ÁpropertyInterpolate2, 
╔Á╔ÁpropertyInterpolate3, ╔Á╔ÁpropertyInterpolate4, ╔Á╔ÁpropertyInterpolate5, ╔Á╔ÁpropertyInterpolate6, 
╔Á╔ÁpropertyInterpolate7, ╔Á╔ÁpropertyInterpolate8, ╔Á╔ÁpropertyInterpolateV, ╔Á╔ÁpureFunction0, ╔Á╔ÁpureFunction1, 
╔Á╔ÁpureFunction2, ╔Á╔ÁpureFunction3, ╔Á╔ÁpureFunction4, ╔Á╔ÁpureFunction5, ╔Á╔ÁpureFunction6, ╔Á╔ÁpureFunction7, 
╔Á╔ÁpureFunction8, ╔Á╔ÁpureFunctionV, ╔Á╔ÁqueryAdvance, ╔Á╔ÁqueryRefresh, ╔Á╔ÁreadContextLet, ╔Á╔Áreference, 
╔Á╔ÁregisterNgModuleType, ╔Á╔Árepeater, ╔Á╔ÁrepeaterCreate, ╔Á╔ÁrepeaterTrackByIdentity, ╔Á╔ÁrepeaterTrackByIndex, 
╔Á╔ÁresetView, ╔Á╔ÁresolveBody, ╔Á╔ÁresolveDocument, ╔Á╔ÁresolveWindow, ╔Á╔ÁrestoreView, ╔Á╔ÁsanitizeHtml, 
╔Á╔ÁsanitizeResourceUrl, ╔Á╔ÁsanitizeScript, ╔Á╔ÁsanitizeStyle, ╔Á╔ÁsanitizeUrl, ╔Á╔ÁsanitizeUrlOrResourceUrl, 
╔Á╔ÁsetComponentScope, ╔Á╔ÁsetNgModuleScope, ╔Á╔ÁstoreLet, ╔Á╔ÁstyleMap, ╔Á╔ÁstyleMapInterpolate1, 
╔Á╔ÁstyleMapInterpolate2, ╔Á╔ÁstyleMapInterpolate3, ╔Á╔ÁstyleMapInterpolate4, ╔Á╔ÁstyleMapInterpolate5, 
╔Á╔ÁstyleMapInterpolate6, ╔Á╔ÁstyleMapInterpolate7, ╔Á╔ÁstyleMapInterpolate8, ╔Á╔ÁstyleMapInterpolateV, ╔Á╔ÁstyleProp, 
╔Á╔ÁstylePropInterpolate1, ╔Á╔ÁstylePropInterpolate2, ╔Á╔ÁstylePropInterpolate3, ╔Á╔ÁstylePropInterpolate4, 
╔Á╔ÁstylePropInterpolate5, ╔Á╔ÁstylePropInterpolate6, ╔Á╔ÁstylePropInterpolate7, ╔Á╔ÁstylePropInterpolate8, 
╔Á╔ÁstylePropInterpolateV, ╔Á╔ÁsyntheticHostListener, ╔Á╔ÁsyntheticHostProperty, ╔Á╔Átemplate, 
╔Á╔ÁtemplateRefExtractor, ╔Á╔Átext, ╔Á╔ÁtextInterpolate, ╔Á╔ÁtextInterpolate1, ╔Á╔ÁtextInterpolate2, 
╔Á╔ÁtextInterpolate3, ╔Á╔ÁtextInterpolate4, ╔Á╔ÁtextInterpolate5, ╔Á╔ÁtextInterpolate6, ╔Á╔ÁtextInterpolate7, 
╔Á╔ÁtextInterpolate8, ╔Á╔ÁtextInterpolateV, ╔Á╔ÁtrustConstantHtml, ╔Á╔ÁtrustConstantResourceUrl, ╔Á╔ÁtwoWayBindingSet, 
╔Á╔ÁtwoWayListener, ╔Á╔ÁtwoWayProperty, ╔Á╔ÁvalidateIframeAttribute, ╔Á╔ÁviewQuery, ╔Á╔ÁviewQuerySignal)

../node_modules/@angular/cdk/fesm2022/overlay.mjs:2994:25-45 - Error: export '╔Á╔ÁInputFlags' (imported as 'i0') was 
not found in '@angular/core' (possible exports: ANIMATION_MODULE_TYPE, APP_BOOTSTRAP_LISTENER, APP_ID, 
APP_INITIALIZER, AfterRenderPhase, ApplicationInitStatus, ApplicationModule, ApplicationRef, Attribute, 
COMPILER_OPTIONS, CSP_NONCE, CUSTOM_ELEMENTS_SCHEMA, ChangeDetectionStrategy, ChangeDetectorRef, Compiler, 
CompilerFactory, Component, ComponentFactory, ComponentFactoryResolver, ComponentRef, ContentChild, ContentChildren, 
DEFAULT_CURRENCY_CODE, DebugElement, DebugEventListener, DebugNode, DefaultIterableDiffer, DestroyRef, Directive, 
ENVIRONMENT_INITIALIZER, ElementRef, EmbeddedViewRef, EnvironmentInjector, ErrorHandler, EventEmitter, 
ExperimentalPendingTasks, HOST_TAG_NAME, Host, HostAttributeToken, HostBinding, HostListener, INJECTOR, Inject, 
InjectFlags, Injectable, InjectionToken, Injector, Input, IterableDiffers, KeyValueDiffers, LOCALE_ID, 
MissingTranslationStrategy, ModuleWithComponentFactories, NO_ERRORS_SCHEMA, NgModule, NgModuleFactory, NgModuleRef, 
NgProbeToken, NgZone, Optional, Output, OutputEmitterRef, PACKAGE_ROOT_URL, PLATFORM_ID, PLATFORM_INITIALIZER, Pipe, 
PlatformRef, Query, QueryList, Renderer2, RendererFactory2, RendererStyleFlags2, Sanitizer, SecurityContext, Self, 
SimpleChange, SkipSelf, TRANSLATIONS, TRANSLATIONS_FORMAT, TemplateRef, Testability, TestabilityRegistry, 
TransferState, Type, VERSION, Version, ViewChild, ViewChildren, ViewContainerRef, ViewEncapsulation, ViewRef, 
afterNextRender, afterRender, asNativeElements, assertInInjectionContext, assertNotInReactiveContext, assertPlatform, 
booleanAttribute, computed, contentChild, contentChildren, createComponent, createEnvironmentInjector, createNgModule, 
createNgModuleRef, createPlatform, createPlatformFactory, defineInjectable, destroyPlatform, effect, enableProdMode, 
forwardRef, getDebugNode, getModuleFactory, getNgModuleById, getPlatform, importProvidersFrom, inject, input, 
isDevMode, isSignal, isStandalone, makeEnvironmentProviders, makeStateKey, mergeApplicationConfig, model, 
numberAttribute, output, platformCore, provideExperimentalCheckNoChangesForDebug, 
provideExperimentalZonelessChangeDetection, provideZoneChangeDetection, reflectComponentType, resolveForwardRef, 
runInInjectionContext, setTestabilityGetter, signal, untracked, viewChild, viewChildren, ╔ÁALLOW_MULTIPLE_PLATFORMS, 
╔ÁAfterRenderManager, ╔ÁCONTAINER_HEADER_OFFSET, ╔ÁChangeDetectionScheduler, ╔ÁChangeDetectionSchedulerImpl, 
╔ÁComponentFactory, ╔ÁConsole, ╔ÁDEFAULT_LOCALE_ID, ╔ÁDEFER_BLOCK_CONFIG, ╔ÁDEFER_BLOCK_DEPENDENCY_INTERCEPTOR, 
╔ÁDeferBlockBehavior, ╔ÁDeferBlockState, ╔ÁEffectScheduler, ╔ÁIMAGE_CONFIG, ╔ÁIMAGE_CONFIG_DEFAULTS, ╔ÁINJECTOR_SCOPE, 
╔ÁINPUT_SIGNAL_BRAND_WRITE_TYPE, ╔ÁINTERNAL_APPLICATION_ERROR_HANDLER, ╔ÁIS_HYDRATION_DOM_REUSE_ENABLED, 
╔ÁJSACTION_EVENT_CONTRACT, ╔ÁLContext, ╔ÁLifecycleHooksFeature, ╔ÁLocaleDataIndex, ╔ÁNG_COMP_DEF, ╔ÁNG_DIR_DEF, 
╔ÁNG_ELEMENT_ID, ╔ÁNG_INJ_DEF, ╔ÁNG_MOD_DEF, ╔ÁNG_PIPE_DEF, ╔ÁNG_PROV_DEF, ╔ÁNOT_FOUND_CHECK_ONLY_ELEMENT_INJECTOR, 
╔ÁNO_CHANGE, ╔ÁNgModuleFactory, ╔ÁNoopNgZone, ╔ÁPROVIDED_NG_ZONE, ╔ÁPendingTasks, ╔ÁReflectionCapabilities, 
╔ÁRender3ComponentFactory, ╔ÁRender3ComponentRef, ╔ÁRender3NgModuleRef, ╔ÁRuntimeError, ╔ÁSIGNAL, 
╔ÁSSR_CONTENT_INTEGRITY_MARKER, ╔ÁTESTABILITY, ╔ÁTESTABILITY_GETTER, ╔ÁUSE_RUNTIME_DEPS_TRACKER_FOR_JIT, ╔ÁViewRef, 
╔ÁXSS_SECURITY_URL, ╔ÁZONELESS_ENABLED, ╔Á_sanitizeHtml, ╔Á_sanitizeUrl, ╔ÁallowSanitizationBypassAndThrow, 
╔ÁannotateForHydration, ╔ÁbypassSanitizationTrustHtml, ╔ÁbypassSanitizationTrustResourceUrl, 
╔ÁbypassSanitizationTrustScript, ╔ÁbypassSanitizationTrustStyle, ╔ÁbypassSanitizationTrustUrl, 
╔ÁclearResolutionOfComponentResourcesQueue, ╔ÁcompileComponent, ╔ÁcompileDirective, ╔ÁcompileNgModule, 
╔ÁcompileNgModuleDefs, ╔ÁcompileNgModuleFactory, ╔ÁcompilePipe, ╔ÁconvertToBitFlags, ╔ÁcreateInjector, 
╔ÁdefaultIterableDiffers, ╔ÁdefaultKeyValueDiffers, ╔ÁdepsTracker, ╔ÁdetectChangesInViewIfRequired, ╔ÁdevModeEqual, 
╔ÁfindLocaleData, ╔ÁflushModuleScopingQueueAsMuchAsPossible, ╔ÁformatRuntimeError, 
╔ÁgenerateStandaloneInDeclarationsError, ╔ÁgetAsyncClassMetadataFn, ╔ÁgetDebugNode, ╔ÁgetDeferBlocks, ╔ÁgetDirectives, 
╔ÁgetHostElement, ╔ÁgetInjectableDef, ╔ÁgetLContext, ╔ÁgetLocaleCurrencyCode, ╔ÁgetLocalePluralCase, 
╔ÁgetOutputDestroyRef, ╔ÁgetSanitizationBypassType, ╔ÁgetUnknownElementStrictMode, ╔ÁgetUnknownPropertyStrictMode, 
╔Áglobal, ╔ÁinjectChangeDetectorRef, ╔ÁinternalCreateApplication, ╔ÁinternalProvideZoneChangeDetection, 
╔ÁisBoundToModule, ╔ÁisComponentDefPendingResolution, ╔ÁisEnvironmentProviders, ╔ÁisInjectable, ╔ÁisNgModule, 
╔ÁisPromise, ╔ÁisSubscribable, ╔ÁnoSideEffects, ╔ÁpatchComponentDefWithScope, ╔ÁperformanceMarkFeature, 
╔ÁreadHydrationInfo, ╔ÁregisterLocaleData, ╔ÁrenderDeferBlockState, ╔ÁresetCompiledComponents, ╔ÁresetJitOptions, 
╔ÁresolveComponentResources, ╔ÁrestoreComponentResolutionQueue, ╔ÁsetAllowDuplicateNgModuleIdsForTest, 
╔ÁsetAlternateWeakRefImpl, ╔ÁsetClassDebugInfo, ╔ÁsetClassMetadata, ╔ÁsetClassMetadataAsync, ╔ÁsetCurrentInjector, 
╔ÁsetDocument, ╔ÁsetInjectorProfilerContext, ╔ÁsetLocaleId, ╔ÁsetUnknownElementStrictMode, 
╔ÁsetUnknownPropertyStrictMode, ╔Ástore, ╔Ástringify, ╔ÁtransitiveScopesFor, ╔ÁtriggerResourceLoading, 
╔ÁtruncateMiddle, ╔ÁunregisterLocaleData, ╔ÁunwrapSafeValue, ╔ÁunwrapWritableSignal, ╔ÁwhenStable, ╔ÁwithDomHydration, 
╔ÁwithEventReplay, ╔ÁwithI18nSupport, ╔Á╔ÁCopyDefinitionFeature, ╔Á╔ÁFactoryTarget, ╔Á╔ÁHostDirectivesFeature, 
╔Á╔ÁInheritDefinitionFeature, ╔Á╔ÁInputTransformsFeature, ╔Á╔ÁNgOnChangesFeature, ╔Á╔ÁProvidersFeature, 
╔Á╔ÁStandaloneFeature, ╔Á╔Áadvance, ╔Á╔Áattribute, ╔Á╔ÁattributeInterpolate1, ╔Á╔ÁattributeInterpolate2, 
╔Á╔ÁattributeInterpolate3, ╔Á╔ÁattributeInterpolate4, ╔Á╔ÁattributeInterpolate5, ╔Á╔ÁattributeInterpolate6, 
╔Á╔ÁattributeInterpolate7, ╔Á╔ÁattributeInterpolate8, ╔Á╔ÁattributeInterpolateV, ╔Á╔ÁclassMap, 
╔Á╔ÁclassMapInterpolate1, ╔Á╔ÁclassMapInterpolate2, ╔Á╔ÁclassMapInterpolate3, ╔Á╔ÁclassMapInterpolate4, 
╔Á╔ÁclassMapInterpolate5, ╔Á╔ÁclassMapInterpolate6, ╔Á╔ÁclassMapInterpolate7, ╔Á╔ÁclassMapInterpolate8, 
╔Á╔ÁclassMapInterpolateV, ╔Á╔ÁclassProp, ╔Á╔ÁcomponentInstance, ╔Á╔Áconditional, ╔Á╔ÁcontentQuery, 
╔Á╔ÁcontentQuerySignal, ╔Á╔ÁdeclareLet, ╔Á╔Ádefer, ╔Á╔ÁdeferEnableTimerScheduling, ╔Á╔ÁdeferOnHover, ╔Á╔ÁdeferOnIdle, 
╔Á╔ÁdeferOnImmediate, ╔Á╔ÁdeferOnInteraction, ╔Á╔ÁdeferOnTimer, ╔Á╔ÁdeferOnViewport, ╔Á╔ÁdeferPrefetchOnHover, 
╔Á╔ÁdeferPrefetchOnIdle, ╔Á╔ÁdeferPrefetchOnImmediate, ╔Á╔ÁdeferPrefetchOnInteraction, ╔Á╔ÁdeferPrefetchOnTimer, 
╔Á╔ÁdeferPrefetchOnViewport, ╔Á╔ÁdeferPrefetchWhen, ╔Á╔ÁdeferWhen, ╔Á╔ÁdefineComponent, ╔Á╔ÁdefineDirective, 
╔Á╔ÁdefineInjectable, ╔Á╔ÁdefineInjector, ╔Á╔ÁdefineNgModule, ╔Á╔ÁdefinePipe, ╔Á╔ÁdirectiveInject, 
╔Á╔ÁdisableBindings, ╔Á╔Áelement, ╔Á╔ÁelementContainer, ╔Á╔ÁelementContainerEnd, ╔Á╔ÁelementContainerStart, 
╔Á╔ÁelementEnd, ╔Á╔ÁelementStart, ╔Á╔ÁenableBindings, ╔Á╔ÁgetComponentDepsFactory, ╔Á╔ÁgetCurrentView, 
╔Á╔ÁgetInheritedFactory, ╔Á╔ÁhostProperty, ╔Á╔Ái18n, ╔Á╔Ái18nApply, ╔Á╔Ái18nAttributes, ╔Á╔Ái18nEnd, ╔Á╔Ái18nExp, 
╔Á╔Ái18nPostprocess, ╔Á╔Ái18nStart, ╔Á╔Áinject, ╔Á╔ÁinjectAttribute, ╔Á╔ÁinvalidFactory, ╔Á╔ÁinvalidFactoryDep, 
╔Á╔Álistener, ╔Á╔ÁloadQuery, ╔Á╔ÁnamespaceHTML, ╔Á╔ÁnamespaceMathML, ╔Á╔ÁnamespaceSVG, ╔Á╔ÁnextContext, 
╔Á╔ÁngDeclareClassMetadata, ╔Á╔ÁngDeclareClassMetadataAsync, ╔Á╔ÁngDeclareComponent, ╔Á╔ÁngDeclareDirective, 
╔Á╔ÁngDeclareFactory, ╔Á╔ÁngDeclareInjectable, ╔Á╔ÁngDeclareInjector, ╔Á╔ÁngDeclareNgModule, ╔Á╔ÁngDeclarePipe, 
╔Á╔Ápipe, ╔Á╔ÁpipeBind1, ╔Á╔ÁpipeBind2, ╔Á╔ÁpipeBind3, ╔Á╔ÁpipeBind4, ╔Á╔ÁpipeBindV, ╔Á╔Áprojection, 
╔Á╔ÁprojectionDef, ╔Á╔Áproperty, ╔Á╔ÁpropertyInterpolate, ╔Á╔ÁpropertyInterpolate1, ╔Á╔ÁpropertyInterpolate2, 
╔Á╔ÁpropertyInterpolate3, ╔Á╔ÁpropertyInterpolate4, ╔Á╔ÁpropertyInterpolate5, ╔Á╔ÁpropertyInterpolate6, 
╔Á╔ÁpropertyInterpolate7, ╔Á╔ÁpropertyInterpolate8, ╔Á╔ÁpropertyInterpolateV, ╔Á╔ÁpureFunction0, ╔Á╔ÁpureFunction1, 
╔Á╔ÁpureFunction2, ╔Á╔ÁpureFunction3, ╔Á╔ÁpureFunction4, ╔Á╔ÁpureFunction5, ╔Á╔ÁpureFunction6, ╔Á╔ÁpureFunction7, 
╔Á╔ÁpureFunction8, ╔Á╔ÁpureFunctionV, ╔Á╔ÁqueryAdvance, ╔Á╔ÁqueryRefresh, ╔Á╔ÁreadContextLet, ╔Á╔Áreference, 
╔Á╔ÁregisterNgModuleType, ╔Á╔Árepeater, ╔Á╔ÁrepeaterCreate, ╔Á╔ÁrepeaterTrackByIdentity, ╔Á╔ÁrepeaterTrackByIndex, 
╔Á╔ÁresetView, ╔Á╔ÁresolveBody, ╔Á╔ÁresolveDocument, ╔Á╔ÁresolveWindow, ╔Á╔ÁrestoreView, ╔Á╔ÁsanitizeHtml, 
╔Á╔ÁsanitizeResourceUrl, ╔Á╔ÁsanitizeScript, ╔Á╔ÁsanitizeStyle, ╔Á╔ÁsanitizeUrl, ╔Á╔ÁsanitizeUrlOrResourceUrl, 
╔Á╔ÁsetComponentScope, ╔Á╔ÁsetNgModuleScope, ╔Á╔ÁstoreLet, ╔Á╔ÁstyleMap, ╔Á╔ÁstyleMapInterpolate1, 
╔Á╔ÁstyleMapInterpolate2, ╔Á╔ÁstyleMapInterpolate3, ╔Á╔ÁstyleMapInterpolate4, ╔Á╔ÁstyleMapInterpolate5, 
╔Á╔ÁstyleMapInterpolate6, ╔Á╔ÁstyleMapInterpolate7, ╔Á╔ÁstyleMapInterpolate8, ╔Á╔ÁstyleMapInterpolateV, ╔Á╔ÁstyleProp, 
╔Á╔ÁstylePropInterpolate1, ╔Á╔ÁstylePropInterpolate2, ╔Á╔ÁstylePropInterpolate3, ╔Á╔ÁstylePropInterpolate4, 
╔Á╔ÁstylePropInterpolate5, ╔Á╔ÁstylePropInterpolate6, ╔Á╔ÁstylePropInterpolate7, ╔Á╔ÁstylePropInterpolate8, 
╔Á╔ÁstylePropInterpolateV, ╔Á╔ÁsyntheticHostListener, ╔Á╔ÁsyntheticHostProperty, ╔Á╔Átemplate, 
╔Á╔ÁtemplateRefExtractor, ╔Á╔Átext, ╔Á╔ÁtextInterpolate, ╔Á╔ÁtextInterpolate1, ╔Á╔ÁtextInterpolate2, 
╔Á╔ÁtextInterpolate3, ╔Á╔ÁtextInterpolate4, ╔Á╔ÁtextInterpolate5, ╔Á╔ÁtextInterpolate6, ╔Á╔ÁtextInterpolate7, 
╔Á╔ÁtextInterpolate8, ╔Á╔ÁtextInterpolateV, ╔Á╔ÁtrustConstantHtml, ╔Á╔ÁtrustConstantResourceUrl, ╔Á╔ÁtwoWayBindingSet, 
╔Á╔ÁtwoWayListener, ╔Á╔ÁtwoWayProperty, ╔Á╔ÁvalidateIframeAttribute, ╔Á╔ÁviewQuery, ╔Á╔ÁviewQuerySignal)

../node_modules/@angular/cdk/fesm2022/overlay.mjs:2995:15-35 - Error: export '╔Á╔ÁInputFlags' (imported as 'i0') was 
not found in '@angular/core' (possible exports: ANIMATION_MODULE_TYPE, APP_BOOTSTRAP_LISTENER, APP_ID, 
APP_INITIALIZER, AfterRenderPhase, ApplicationInitStatus, ApplicationModule, ApplicationRef, Attribute, 
COMPILER_OPTIONS, CSP_NONCE, CUSTOM_ELEMENTS_SCHEMA, ChangeDetectionStrategy, ChangeDetectorRef, Compiler, 
CompilerFactory, Component, ComponentFactory, ComponentFactoryResolver, ComponentRef, ContentChild, ContentChildren, 
DEFAULT_CURRENCY_CODE, DebugElement, DebugEventListener, DebugNode, DefaultIterableDiffer, DestroyRef, Directive, 
ENVIRONMENT_INITIALIZER, ElementRef, EmbeddedViewRef, EnvironmentInjector, ErrorHandler, EventEmitter, 
ExperimentalPendingTasks, HOST_TAG_NAME, Host, HostAttributeToken, HostBinding, HostListener, INJECTOR, Inject, 
InjectFlags, Injectable, InjectionToken, Injector, Input, IterableDiffers, KeyValueDiffers, LOCALE_ID, 
MissingTranslationStrategy, ModuleWithComponentFactories, NO_ERRORS_SCHEMA, NgModule, NgModuleFactory, NgModuleRef, 
NgProbeToken, NgZone, Optional, Output, OutputEmitterRef, PACKAGE_ROOT_URL, PLATFORM_ID, PLATFORM_INITIALIZER, Pipe, 
PlatformRef, Query, QueryList, Renderer2, RendererFactory2, RendererStyleFlags2, Sanitizer, SecurityContext, Self, 
SimpleChange, SkipSelf, TRANSLATIONS, TRANSLATIONS_FORMAT, TemplateRef, Testability, TestabilityRegistry, 
TransferState, Type, VERSION, Version, ViewChild, ViewChildren, ViewContainerRef, ViewEncapsulation, ViewRef, 
afterNextRender, afterRender, asNativeElements, assertInInjectionContext, assertNotInReactiveContext, assertPlatform, 
booleanAttribute, computed, contentChild, contentChildren, createComponent, createEnvironmentInjector, createNgModule, 
createNgModuleRef, createPlatform, createPlatformFactory, defineInjectable, destroyPlatform, effect, enableProdMode, 
forwardRef, getDebugNode, getModuleFactory, getNgModuleById, getPlatform, importProvidersFrom, inject, input, 
isDevMode, isSignal, isStandalone, makeEnvironmentProviders, makeStateKey, mergeApplicationConfig, model, 
numberAttribute, output, platformCore, provideExperimentalCheckNoChangesForDebug, 
provideExperimentalZonelessChangeDetection, provideZoneChangeDetection, reflectComponentType, resolveForwardRef, 
runInInjectionContext, setTestabilityGetter, signal, untracked, viewChild, viewChildren, ╔ÁALLOW_MULTIPLE_PLATFORMS, 
╔ÁAfterRenderManager, ╔ÁCONTAINER_HEADER_OFFSET, ╔ÁChangeDetectionScheduler, ╔ÁChangeDetectionSchedulerImpl, 
╔ÁComponentFactory, ╔ÁConsole, ╔ÁDEFAULT_LOCALE_ID, ╔ÁDEFER_BLOCK_CONFIG, ╔ÁDEFER_BLOCK_DEPENDENCY_INTERCEPTOR, 
╔ÁDeferBlockBehavior, ╔ÁDeferBlockState, ╔ÁEffectScheduler, ╔ÁIMAGE_CONFIG, ╔ÁIMAGE_CONFIG_DEFAULTS, ╔ÁINJECTOR_SCOPE, 
╔ÁINPUT_SIGNAL_BRAND_WRITE_TYPE, ╔ÁINTERNAL_APPLICATION_ERROR_HANDLER, ╔ÁIS_HYDRATION_DOM_REUSE_ENABLED, 
╔ÁJSACTION_EVENT_CONTRACT, ╔ÁLContext, ╔ÁLifecycleHooksFeature, ╔ÁLocaleDataIndex, ╔ÁNG_COMP_DEF, ╔ÁNG_DIR_DEF, 
╔ÁNG_ELEMENT_ID, ╔ÁNG_INJ_DEF, ╔ÁNG_MOD_DEF, ╔ÁNG_PIPE_DEF, ╔ÁNG_PROV_DEF, ╔ÁNOT_FOUND_CHECK_ONLY_ELEMENT_INJECTOR, 
╔ÁNO_CHANGE, ╔ÁNgModuleFactory, ╔ÁNoopNgZone, ╔ÁPROVIDED_NG_ZONE, ╔ÁPendingTasks, ╔ÁReflectionCapabilities, 
╔ÁRender3ComponentFactory, ╔ÁRender3ComponentRef, ╔ÁRender3NgModuleRef, ╔ÁRuntimeError, ╔ÁSIGNAL, 
╔ÁSSR_CONTENT_INTEGRITY_MARKER, ╔ÁTESTABILITY, ╔ÁTESTABILITY_GETTER, ╔ÁUSE_RUNTIME_DEPS_TRACKER_FOR_JIT, ╔ÁViewRef, 
╔ÁXSS_SECURITY_URL, ╔ÁZONELESS_ENABLED, ╔Á_sanitizeHtml, ╔Á_sanitizeUrl, ╔ÁallowSanitizationBypassAndThrow, 
╔ÁannotateForHydration, ╔ÁbypassSanitizationTrustHtml, ╔ÁbypassSanitizationTrustResourceUrl, 
╔ÁbypassSanitizationTrustScript, ╔ÁbypassSanitizationTrustStyle, ╔ÁbypassSanitizationTrustUrl, 
╔ÁclearResolutionOfComponentResourcesQueue, ╔ÁcompileComponent, ╔ÁcompileDirective, ╔ÁcompileNgModule, 
╔ÁcompileNgModuleDefs, ╔ÁcompileNgModuleFactory, ╔ÁcompilePipe, ╔ÁconvertToBitFlags, ╔ÁcreateInjector, 
╔ÁdefaultIterableDiffers, ╔ÁdefaultKeyValueDiffers, ╔ÁdepsTracker, ╔ÁdetectChangesInViewIfRequired, ╔ÁdevModeEqual, 
╔ÁfindLocaleData, ╔ÁflushModuleScopingQueueAsMuchAsPossible, ╔ÁformatRuntimeError, 
╔ÁgenerateStandaloneInDeclarationsError, ╔ÁgetAsyncClassMetadataFn, ╔ÁgetDebugNode, ╔ÁgetDeferBlocks, ╔ÁgetDirectives, 
╔ÁgetHostElement, ╔ÁgetInjectableDef, ╔ÁgetLContext, ╔ÁgetLocaleCurrencyCode, ╔ÁgetLocalePluralCase, 
╔ÁgetOutputDestroyRef, ╔ÁgetSanitizationBypassType, ╔ÁgetUnknownElementStrictMode, ╔ÁgetUnknownPropertyStrictMode, 
╔Áglobal, ╔ÁinjectChangeDetectorRef, ╔ÁinternalCreateApplication, ╔ÁinternalProvideZoneChangeDetection, 
╔ÁisBoundToModule, ╔ÁisComponentDefPendingResolution, ╔ÁisEnvironmentProviders, ╔ÁisInjectable, ╔ÁisNgModule, 
╔ÁisPromise, ╔ÁisSubscribable, ╔ÁnoSideEffects, ╔ÁpatchComponentDefWithScope, ╔ÁperformanceMarkFeature, 
╔ÁreadHydrationInfo, ╔ÁregisterLocaleData, ╔ÁrenderDeferBlockState, ╔ÁresetCompiledComponents, ╔ÁresetJitOptions, 
╔ÁresolveComponentResources, ╔ÁrestoreComponentResolutionQueue, ╔ÁsetAllowDuplicateNgModuleIdsForTest, 
╔ÁsetAlternateWeakRefImpl, ╔ÁsetClassDebugInfo, ╔ÁsetClassMetadata, ╔ÁsetClassMetadataAsync, ╔ÁsetCurrentInjector, 
╔ÁsetDocument, ╔ÁsetInjectorProfilerContext, ╔ÁsetLocaleId, ╔ÁsetUnknownElementStrictMode, 
╔ÁsetUnknownPropertyStrictMode, ╔Ástore, ╔Ástringify, ╔ÁtransitiveScopesFor, ╔ÁtriggerResourceLoading, 
╔ÁtruncateMiddle, ╔ÁunregisterLocaleData, ╔ÁunwrapSafeValue, ╔ÁunwrapWritableSignal, ╔ÁwhenStable, ╔ÁwithDomHydration, 
╔ÁwithEventReplay, ╔ÁwithI18nSupport, ╔Á╔ÁCopyDefinitionFeature, ╔Á╔ÁFactoryTarget, ╔Á╔ÁHostDirectivesFeature, 
╔Á╔ÁInheritDefinitionFeature, ╔Á╔ÁInputTransformsFeature, ╔Á╔ÁNgOnChangesFeature, ╔Á╔ÁProvidersFeature, 
╔Á╔ÁStandaloneFeature, ╔Á╔Áadvance, ╔Á╔Áattribute, ╔Á╔ÁattributeInterpolate1, ╔Á╔ÁattributeInterpolate2, 
╔Á╔ÁattributeInterpolate3, ╔Á╔ÁattributeInterpolate4, ╔Á╔ÁattributeInterpolate5, ╔Á╔ÁattributeInterpolate6, 
╔Á╔ÁattributeInterpolate7, ╔Á╔ÁattributeInterpolate8, ╔Á╔ÁattributeInterpolateV, ╔Á╔ÁclassMap, 
╔Á╔ÁclassMapInterpolate1, ╔Á╔ÁclassMapInterpolate2, ╔Á╔ÁclassMapInterpolate3, ╔Á╔ÁclassMapInterpolate4, 
╔Á╔ÁclassMapInterpolate5, ╔Á╔ÁclassMapInterpolate6, ╔Á╔ÁclassMapInterpolate7, ╔Á╔ÁclassMapInterpolate8, 
╔Á╔ÁclassMapInterpolateV, ╔Á╔ÁclassProp, ╔Á╔ÁcomponentInstance, ╔Á╔Áconditional, ╔Á╔ÁcontentQuery, 
╔Á╔ÁcontentQuerySignal, ╔Á╔ÁdeclareLet, ╔Á╔Ádefer, ╔Á╔ÁdeferEnableTimerScheduling, ╔Á╔ÁdeferOnHover, ╔Á╔ÁdeferOnIdle, 
╔Á╔ÁdeferOnImmediate, ╔Á╔ÁdeferOnInteraction, ╔Á╔ÁdeferOnTimer, ╔Á╔ÁdeferOnViewport, ╔Á╔ÁdeferPrefetchOnHover, 
╔Á╔ÁdeferPrefetchOnIdle, ╔Á╔ÁdeferPrefetchOnImmediate, ╔Á╔ÁdeferPrefetchOnInteraction, ╔Á╔ÁdeferPrefetchOnTimer, 
╔Á╔ÁdeferPrefetchOnViewport, ╔Á╔ÁdeferPrefetchWhen, ╔Á╔ÁdeferWhen, ╔Á╔ÁdefineComponent, ╔Á╔ÁdefineDirective, 
╔Á╔ÁdefineInjectable, ╔Á╔ÁdefineInjector, ╔Á╔ÁdefineNgModule, ╔Á╔ÁdefinePipe, ╔Á╔ÁdirectiveInject, 
╔Á╔ÁdisableBindings, ╔Á╔Áelement, ╔Á╔ÁelementContainer, ╔Á╔ÁelementContainerEnd, ╔Á╔ÁelementContainerStart, 
╔Á╔ÁelementEnd, ╔Á╔ÁelementStart, ╔Á╔ÁenableBindings, ╔Á╔ÁgetComponentDepsFactory, ╔Á╔ÁgetCurrentView, 
╔Á╔ÁgetInheritedFactory, ╔Á╔ÁhostProperty, ╔Á╔Ái18n, ╔Á╔Ái18nApply, ╔Á╔Ái18nAttributes, ╔Á╔Ái18nEnd, ╔Á╔Ái18nExp, 
╔Á╔Ái18nPostprocess, ╔Á╔Ái18nStart, ╔Á╔Áinject, ╔Á╔ÁinjectAttribute, ╔Á╔ÁinvalidFactory, ╔Á╔ÁinvalidFactoryDep, 
╔Á╔Álistener, ╔Á╔ÁloadQuery, ╔Á╔ÁnamespaceHTML, ╔Á╔ÁnamespaceMathML, ╔Á╔ÁnamespaceSVG, ╔Á╔ÁnextContext, 
╔Á╔ÁngDeclareClassMetadata, ╔Á╔ÁngDeclareClassMetadataAsync, ╔Á╔ÁngDeclareComponent, ╔Á╔ÁngDeclareDirective, 
╔Á╔ÁngDeclareFactory, ╔Á╔ÁngDeclareInjectable, ╔Á╔ÁngDeclareInjector, ╔Á╔ÁngDeclareNgModule, ╔Á╔ÁngDeclarePipe, 
╔Á╔Ápipe, ╔Á╔ÁpipeBind1, ╔Á╔ÁpipeBind2, ╔Á╔ÁpipeBind3, ╔Á╔ÁpipeBind4, ╔Á╔ÁpipeBindV, ╔Á╔Áprojection, 
╔Á╔ÁprojectionDef, ╔Á╔Áproperty, ╔Á╔ÁpropertyInterpolate, ╔Á╔ÁpropertyInterpolate1, ╔Á╔ÁpropertyInterpolate2, 
╔Á╔ÁpropertyInterpolate3, ╔Á╔ÁpropertyInterpolate4, ╔Á╔ÁpropertyInterpolate5, ╔Á╔ÁpropertyInterpolate6, 
╔Á╔ÁpropertyInterpolate7, ╔Á╔ÁpropertyInterpolate8, ╔Á╔ÁpropertyInterpolateV, ╔Á╔ÁpureFunction0, ╔Á╔ÁpureFunction1, 
╔Á╔ÁpureFunction2, ╔Á╔ÁpureFunction3, ╔Á╔ÁpureFunction4, ╔Á╔ÁpureFunction5, ╔Á╔ÁpureFunction6, ╔Á╔ÁpureFunction7, 
╔Á╔ÁpureFunction8, ╔Á╔ÁpureFunctionV, ╔Á╔ÁqueryAdvance, ╔Á╔ÁqueryRefresh, ╔Á╔ÁreadContextLet, ╔Á╔Áreference, 
╔Á╔ÁregisterNgModuleType, ╔Á╔Árepeater, ╔Á╔ÁrepeaterCreate, ╔Á╔ÁrepeaterTrackByIdentity, ╔Á╔ÁrepeaterTrackByIndex, 
╔Á╔ÁresetView, ╔Á╔ÁresolveBody, ╔Á╔ÁresolveDocument, ╔Á╔ÁresolveWindow, ╔Á╔ÁrestoreView, ╔Á╔ÁsanitizeHtml, 
╔Á╔ÁsanitizeResourceUrl, ╔Á╔ÁsanitizeScript, ╔Á╔ÁsanitizeStyle, ╔Á╔ÁsanitizeUrl, ╔Á╔ÁsanitizeUrlOrResourceUrl, 
╔Á╔ÁsetComponentScope, ╔Á╔ÁsetNgModuleScope, ╔Á╔ÁstoreLet, ╔Á╔ÁstyleMap, ╔Á╔ÁstyleMapInterpolate1, 
╔Á╔ÁstyleMapInterpolate2, ╔Á╔ÁstyleMapInterpolate3, ╔Á╔ÁstyleMapInterpolate4, ╔Á╔ÁstyleMapInterpolate5, 
╔Á╔ÁstyleMapInterpolate6, ╔Á╔ÁstyleMapInterpolate7, ╔Á╔ÁstyleMapInterpolate8, ╔Á╔ÁstyleMapInterpolateV, ╔Á╔ÁstyleProp, 
╔Á╔ÁstylePropInterpolate1, ╔Á╔ÁstylePropInterpolate2, ╔Á╔ÁstylePropInterpolate3, ╔Á╔ÁstylePropInterpolate4, 
╔Á╔ÁstylePropInterpolate5, ╔Á╔ÁstylePropInterpolate6, ╔Á╔ÁstylePropInterpolate7, ╔Á╔ÁstylePropInterpolate8, 
╔Á╔ÁstylePropInterpolateV, ╔Á╔ÁsyntheticHostListener, ╔Á╔ÁsyntheticHostProperty, ╔Á╔Átemplate, 
╔Á╔ÁtemplateRefExtractor, ╔Á╔Átext, ╔Á╔ÁtextInterpolate, ╔Á╔ÁtextInterpolate1, ╔Á╔ÁtextInterpolate2, 
╔Á╔ÁtextInterpolate3, ╔Á╔ÁtextInterpolate4, ╔Á╔ÁtextInterpolate5, ╔Á╔ÁtextInterpolate6, ╔Á╔ÁtextInterpolate7, 
╔Á╔ÁtextInterpolate8, ╔Á╔ÁtextInterpolateV, ╔Á╔ÁtrustConstantHtml, ╔Á╔ÁtrustConstantResourceUrl, ╔Á╔ÁtwoWayBindingSet, 
╔Á╔ÁtwoWayListener, ╔Á╔ÁtwoWayProperty, ╔Á╔ÁvalidateIframeAttribute, ╔Á╔ÁviewQuery, ╔Á╔ÁviewQuerySignal)

../node_modules/@angular/cdk/fesm2022/overlay.mjs:2996:23-43 - Error: export '╔Á╔ÁInputFlags' (imported as 'i0') was 
not found in '@angular/core' (possible exports: ANIMATION_MODULE_TYPE, APP_BOOTSTRAP_LISTENER, APP_ID, 
APP_INITIALIZER, AfterRenderPhase, ApplicationInitStatus, ApplicationModule, ApplicationRef, Attribute, 
COMPILER_OPTIONS, CSP_NONCE, CUSTOM_ELEMENTS_SCHEMA, ChangeDetectionStrategy, ChangeDetectorRef, Compiler, 
CompilerFactory, Component, ComponentFactory, ComponentFactoryResolver, ComponentRef, ContentChild, ContentChildren, 
DEFAULT_CURRENCY_CODE, DebugElement, DebugEventListener, DebugNode, DefaultIterableDiffer, DestroyRef, Directive, 
ENVIRONMENT_INITIALIZER, ElementRef, EmbeddedViewRef, EnvironmentInjector, ErrorHandler, EventEmitter, 
ExperimentalPendingTasks, HOST_TAG_NAME, Host, HostAttributeToken, HostBinding, HostListener, INJECTOR, Inject, 
InjectFlags, Injectable, InjectionToken, Injector, Input, IterableDiffers, KeyValueDiffers, LOCALE_ID, 
MissingTranslationStrategy, ModuleWithComponentFactories, NO_ERRORS_SCHEMA, NgModule, NgModuleFactory, NgModuleRef, 
NgProbeToken, NgZone, Optional, Output, OutputEmitterRef, PACKAGE_ROOT_URL, PLATFORM_ID, PLATFORM_INITIALIZER, Pipe, 
PlatformRef, Query, QueryList, Renderer2, RendererFactory2, RendererStyleFlags2, Sanitizer, SecurityContext, Self, 
SimpleChange, SkipSelf, TRANSLATIONS, TRANSLATIONS_FORMAT, TemplateRef, Testability, TestabilityRegistry, 
TransferState, Type, VERSION, Version, ViewChild, ViewChildren, ViewContainerRef, ViewEncapsulation, ViewRef, 
afterNextRender, afterRender, asNativeElements, assertInInjectionContext, assertNotInReactiveContext, assertPlatform, 
booleanAttribute, computed, contentChild, contentChildren, createComponent, createEnvironmentInjector, createNgModule, 
createNgModuleRef, createPlatform, createPlatformFactory, defineInjectable, destroyPlatform, effect, enableProdMode, 
forwardRef, getDebugNode, getModuleFactory, getNgModuleById, getPlatform, importProvidersFrom, inject, input, 
isDevMode, isSignal, isStandalone, makeEnvironmentProviders, makeStateKey, mergeApplicationConfig, model, 
numberAttribute, output, platformCore, provideExperimentalCheckNoChangesForDebug, 
provideExperimentalZonelessChangeDetection, provideZoneChangeDetection, reflectComponentType, resolveForwardRef, 
runInInjectionContext, setTestabilityGetter, signal, untracked, viewChild, viewChildren, ╔ÁALLOW_MULTIPLE_PLATFORMS, 
╔ÁAfterRenderManager, ╔ÁCONTAINER_HEADER_OFFSET, ╔ÁChangeDetectionScheduler, ╔ÁChangeDetectionSchedulerImpl, 
╔ÁComponentFactory, ╔ÁConsole, ╔ÁDEFAULT_LOCALE_ID, ╔ÁDEFER_BLOCK_CONFIG, ╔ÁDEFER_BLOCK_DEPENDENCY_INTERCEPTOR, 
╔ÁDeferBlockBehavior, ╔ÁDeferBlockState, ╔ÁEffectScheduler, ╔ÁIMAGE_CONFIG, ╔ÁIMAGE_CONFIG_DEFAULTS, ╔ÁINJECTOR_SCOPE, 
╔ÁINPUT_SIGNAL_BRAND_WRITE_TYPE, ╔ÁINTERNAL_APPLICATION_ERROR_HANDLER, ╔ÁIS_HYDRATION_DOM_REUSE_ENABLED, 
╔ÁJSACTION_EVENT_CONTRACT, ╔ÁLContext, ╔ÁLifecycleHooksFeature, ╔ÁLocaleDataIndex, ╔ÁNG_COMP_DEF, ╔ÁNG_DIR_DEF, 
╔ÁNG_ELEMENT_ID, ╔ÁNG_INJ_DEF, ╔ÁNG_MOD_DEF, ╔ÁNG_PIPE_DEF, ╔ÁNG_PROV_DEF, ╔ÁNOT_FOUND_CHECK_ONLY_ELEMENT_INJECTOR, 
╔ÁNO_CHANGE, ╔ÁNgModuleFactory, ╔ÁNoopNgZone, ╔ÁPROVIDED_NG_ZONE, ╔ÁPendingTasks, ╔ÁReflectionCapabilities, 
╔ÁRender3ComponentFactory, ╔ÁRender3ComponentRef, ╔ÁRender3NgModuleRef, ╔ÁRuntimeError, ╔ÁSIGNAL, 
╔ÁSSR_CONTENT_INTEGRITY_MARKER, ╔ÁTESTABILITY, ╔ÁTESTABILITY_GETTER, ╔ÁUSE_RUNTIME_DEPS_TRACKER_FOR_JIT, ╔ÁViewRef, 
╔ÁXSS_SECURITY_URL, ╔ÁZONELESS_ENABLED, ╔Á_sanitizeHtml, ╔Á_sanitizeUrl, ╔ÁallowSanitizationBypassAndThrow, 
╔ÁannotateForHydration, ╔ÁbypassSanitizationTrustHtml, ╔ÁbypassSanitizationTrustResourceUrl, 
╔ÁbypassSanitizationTrustScript, ╔ÁbypassSanitizationTrustStyle, ╔ÁbypassSanitizationTrustUrl, 
╔ÁclearResolutionOfComponentResourcesQueue, ╔ÁcompileComponent, ╔ÁcompileDirective, ╔ÁcompileNgModule, 
╔ÁcompileNgModuleDefs, ╔ÁcompileNgModuleFactory, ╔ÁcompilePipe, ╔ÁconvertToBitFlags, ╔ÁcreateInjector, 
╔ÁdefaultIterableDiffers, ╔ÁdefaultKeyValueDiffers, ╔ÁdepsTracker, ╔ÁdetectChangesInViewIfRequired, ╔ÁdevModeEqual, 
╔ÁfindLocaleData, ╔ÁflushModuleScopingQueueAsMuchAsPossible, ╔ÁformatRuntimeError, 
╔ÁgenerateStandaloneInDeclarationsError, ╔ÁgetAsyncClassMetadataFn, ╔ÁgetDebugNode, ╔ÁgetDeferBlocks, ╔ÁgetDirectives, 
╔ÁgetHostElement, ╔ÁgetInjectableDef, ╔ÁgetLContext, ╔ÁgetLocaleCurrencyCode, ╔ÁgetLocalePluralCase, 
╔ÁgetOutputDestroyRef, ╔ÁgetSanitizationBypassType, ╔ÁgetUnknownElementStrictMode, ╔ÁgetUnknownPropertyStrictMode, 
╔Áglobal, ╔ÁinjectChangeDetectorRef, ╔ÁinternalCreateApplication, ╔ÁinternalProvideZoneChangeDetection, 
╔ÁisBoundToModule, ╔ÁisComponentDefPendingResolution, ╔ÁisEnvironmentProviders, ╔ÁisInjectable, ╔ÁisNgModule, 
╔ÁisPromise, ╔ÁisSubscribable, ╔ÁnoSideEffects, ╔ÁpatchComponentDefWithScope, ╔ÁperformanceMarkFeature, 
╔ÁreadHydrationInfo, ╔ÁregisterLocaleData, ╔ÁrenderDeferBlockState, ╔ÁresetCompiledComponents, ╔ÁresetJitOptions, 
╔ÁresolveComponentResources, ╔ÁrestoreComponentResolutionQueue, ╔ÁsetAllowDuplicateNgModuleIdsForTest, 
╔ÁsetAlternateWeakRefImpl, ╔ÁsetClassDebugInfo, ╔ÁsetClassMetadata, ╔ÁsetClassMetadataAsync, ╔ÁsetCurrentInjector, 
╔ÁsetDocument, ╔ÁsetInjectorProfilerContext, ╔ÁsetLocaleId, ╔ÁsetUnknownElementStrictMode, 
╔ÁsetUnknownPropertyStrictMode, ╔Ástore, ╔Ástringify, ╔ÁtransitiveScopesFor, ╔ÁtriggerResourceLoading, 
╔ÁtruncateMiddle, ╔ÁunregisterLocaleData, ╔ÁunwrapSafeValue, ╔ÁunwrapWritableSignal, ╔ÁwhenStable, ╔ÁwithDomHydration, 
╔ÁwithEventReplay, ╔ÁwithI18nSupport, ╔Á╔ÁCopyDefinitionFeature, ╔Á╔ÁFactoryTarget, ╔Á╔ÁHostDirectivesFeature, 
╔Á╔ÁInheritDefinitionFeature, ╔Á╔ÁInputTransformsFeature, ╔Á╔ÁNgOnChangesFeature, ╔Á╔ÁProvidersFeature, 
╔Á╔ÁStandaloneFeature, ╔Á╔Áadvance, ╔Á╔Áattribute, ╔Á╔ÁattributeInterpolate1, ╔Á╔ÁattributeInterpolate2, 
╔Á╔ÁattributeInterpolate3, ╔Á╔ÁattributeInterpolate4, ╔Á╔ÁattributeInterpolate5, ╔Á╔ÁattributeInterpolate6, 
╔Á╔ÁattributeInterpolate7, ╔Á╔ÁattributeInterpolate8, ╔Á╔ÁattributeInterpolateV, ╔Á╔ÁclassMap, 
╔Á╔ÁclassMapInterpolate1, ╔Á╔ÁclassMapInterpolate2, ╔Á╔ÁclassMapInterpolate3, ╔Á╔ÁclassMapInterpolate4, 
╔Á╔ÁclassMapInterpolate5, ╔Á╔ÁclassMapInterpolate6, ╔Á╔ÁclassMapInterpolate7, ╔Á╔ÁclassMapInterpolate8, 
╔Á╔ÁclassMapInterpolateV, ╔Á╔ÁclassProp, ╔Á╔ÁcomponentInstance, ╔Á╔Áconditional, ╔Á╔ÁcontentQuery, 
╔Á╔ÁcontentQuerySignal, ╔Á╔ÁdeclareLet, ╔Á╔Ádefer, ╔Á╔ÁdeferEnableTimerScheduling, ╔Á╔ÁdeferOnHover, ╔Á╔ÁdeferOnIdle, 
╔Á╔ÁdeferOnImmediate, ╔Á╔ÁdeferOnInteraction, ╔Á╔ÁdeferOnTimer, ╔Á╔ÁdeferOnViewport, ╔Á╔ÁdeferPrefetchOnHover, 
╔Á╔ÁdeferPrefetchOnIdle, ╔Á╔ÁdeferPrefetchOnImmediate, ╔Á╔ÁdeferPrefetchOnInteraction, ╔Á╔ÁdeferPrefetchOnTimer, 
╔Á╔ÁdeferPrefetchOnViewport, ╔Á╔ÁdeferPrefetchWhen, ╔Á╔ÁdeferWhen, ╔Á╔ÁdefineComponent, ╔Á╔ÁdefineDirective, 
╔Á╔ÁdefineInjectable, ╔Á╔ÁdefineInjector, ╔Á╔ÁdefineNgModule, ╔Á╔ÁdefinePipe, ╔Á╔ÁdirectiveInject, 
╔Á╔ÁdisableBindings, ╔Á╔Áelement, ╔Á╔ÁelementContainer, ╔Á╔ÁelementContainerEnd, ╔Á╔ÁelementContainerStart, 
╔Á╔ÁelementEnd, ╔Á╔ÁelementStart, ╔Á╔ÁenableBindings, ╔Á╔ÁgetComponentDepsFactory, ╔Á╔ÁgetCurrentView, 
╔Á╔ÁgetInheritedFactory, ╔Á╔ÁhostProperty, ╔Á╔Ái18n, ╔Á╔Ái18nApply, ╔Á╔Ái18nAttributes, ╔Á╔Ái18nEnd, ╔Á╔Ái18nExp, 
╔Á╔Ái18nPostprocess, ╔Á╔Ái18nStart, ╔Á╔Áinject, ╔Á╔ÁinjectAttribute, ╔Á╔ÁinvalidFactory, ╔Á╔ÁinvalidFactoryDep, 
╔Á╔Álistener, ╔Á╔ÁloadQuery, ╔Á╔ÁnamespaceHTML, ╔Á╔ÁnamespaceMathML, ╔Á╔ÁnamespaceSVG, ╔Á╔ÁnextContext, 
╔Á╔ÁngDeclareClassMetadata, ╔Á╔ÁngDeclareClassMetadataAsync, ╔Á╔ÁngDeclareComponent, ╔Á╔ÁngDeclareDirective, 
╔Á╔ÁngDeclareFactory, ╔Á╔ÁngDeclareInjectable, ╔Á╔ÁngDeclareInjector, ╔Á╔ÁngDeclareNgModule, ╔Á╔ÁngDeclarePipe, 
╔Á╔Ápipe, ╔Á╔ÁpipeBind1, ╔Á╔ÁpipeBind2, ╔Á╔ÁpipeBind3, ╔Á╔ÁpipeBind4, ╔Á╔ÁpipeBindV, ╔Á╔Áprojection, 
╔Á╔ÁprojectionDef, ╔Á╔Áproperty, ╔Á╔ÁpropertyInterpolate, ╔Á╔ÁpropertyInterpolate1, ╔Á╔ÁpropertyInterpolate2, 
╔Á╔ÁpropertyInterpolate3, ╔Á╔ÁpropertyInterpolate4, ╔Á╔ÁpropertyInterpolate5, ╔Á╔ÁpropertyInterpolate6, 
╔Á╔ÁpropertyInterpolate7, ╔Á╔ÁpropertyInterpolate8, ╔Á╔ÁpropertyInterpolateV, ╔Á╔ÁpureFunction0, ╔Á╔ÁpureFunction1, 
╔Á╔ÁpureFunction2, ╔Á╔ÁpureFunction3, ╔Á╔ÁpureFunction4, ╔Á╔ÁpureFunction5, ╔Á╔ÁpureFunction6, ╔Á╔ÁpureFunction7, 
╔Á╔ÁpureFunction8, ╔Á╔ÁpureFunctionV, ╔Á╔ÁqueryAdvance, ╔Á╔ÁqueryRefresh, ╔Á╔ÁreadContextLet, ╔Á╔Áreference, 
╔Á╔ÁregisterNgModuleType, ╔Á╔Árepeater, ╔Á╔ÁrepeaterCreate, ╔Á╔ÁrepeaterTrackByIdentity, ╔Á╔ÁrepeaterTrackByIndex, 
╔Á╔ÁresetView, ╔Á╔ÁresolveBody, ╔Á╔ÁresolveDocument, ╔Á╔ÁresolveWindow, ╔Á╔ÁrestoreView, ╔Á╔ÁsanitizeHtml, 
╔Á╔ÁsanitizeResourceUrl, ╔Á╔ÁsanitizeScript, ╔Á╔ÁsanitizeStyle, ╔Á╔ÁsanitizeUrl, ╔Á╔ÁsanitizeUrlOrResourceUrl, 
╔Á╔ÁsetComponentScope, ╔Á╔ÁsetNgModuleScope, ╔Á╔ÁstoreLet, ╔Á╔ÁstyleMap, ╔Á╔ÁstyleMapInterpolate1, 
╔Á╔ÁstyleMapInterpolate2, ╔Á╔ÁstyleMapInterpolate3, ╔Á╔ÁstyleMapInterpolate4, ╔Á╔ÁstyleMapInterpolate5, 
╔Á╔ÁstyleMapInterpolate6, ╔Á╔ÁstyleMapInterpolate7, ╔Á╔ÁstyleMapInterpolate8, ╔Á╔ÁstyleMapInterpolateV, ╔Á╔ÁstyleProp, 
╔Á╔ÁstylePropInterpolate1, ╔Á╔ÁstylePropInterpolate2, ╔Á╔ÁstylePropInterpolate3, ╔Á╔ÁstylePropInterpolate4, 
╔Á╔ÁstylePropInterpolate5, ╔Á╔ÁstylePropInterpolate6, ╔Á╔ÁstylePropInterpolate7, ╔Á╔ÁstylePropInterpolate8, 
╔Á╔ÁstylePropInterpolateV, ╔Á╔ÁsyntheticHostListener, ╔Á╔ÁsyntheticHostProperty, ╔Á╔Átemplate, 
╔Á╔ÁtemplateRefExtractor, ╔Á╔Átext, ╔Á╔ÁtextInterpolate, ╔Á╔ÁtextInterpolate1, ╔Á╔ÁtextInterpolate2, 
╔Á╔ÁtextInterpolate3, ╔Á╔ÁtextInterpolate4, ╔Á╔ÁtextInterpolate5, ╔Á╔ÁtextInterpolate6, ╔Á╔ÁtextInterpolate7, 
╔Á╔ÁtextInterpolate8, ╔Á╔ÁtextInterpolateV, ╔Á╔ÁtrustConstantHtml, ╔Á╔ÁtrustConstantResourceUrl, ╔Á╔ÁtwoWayBindingSet, 
╔Á╔ÁtwoWayListener, ╔Á╔ÁtwoWayProperty, ╔Á╔ÁvalidateIframeAttribute, ╔Á╔ÁviewQuery, ╔Á╔ÁviewQuerySignal)

../node_modules/@angular/cdk/fesm2022/overlay.mjs:2997:34-54 - Error: export '╔Á╔ÁInputFlags' (imported as 'i0') was 
not found in '@angular/core' (possible exports: ANIMATION_MODULE_TYPE, APP_BOOTSTRAP_LISTENER, APP_ID, 
APP_INITIALIZER, AfterRenderPhase, ApplicationInitStatus, ApplicationModule, ApplicationRef, Attribute, 
COMPILER_OPTIONS, CSP_NONCE, CUSTOM_ELEMENTS_SCHEMA, ChangeDetectionStrategy, ChangeDetectorRef, Compiler, 
CompilerFactory, Component, ComponentFactory, ComponentFactoryResolver, ComponentRef, ContentChild, ContentChildren, 
DEFAULT_CURRENCY_CODE, DebugElement, DebugEventListener, DebugNode, DefaultIterableDiffer, DestroyRef, Directive, 
ENVIRONMENT_INITIALIZER, ElementRef, EmbeddedViewRef, EnvironmentInjector, ErrorHandler, EventEmitter, 
ExperimentalPendingTasks, HOST_TAG_NAME, Host, HostAttributeToken, HostBinding, HostListener, INJECTOR, Inject, 
InjectFlags, Injectable, InjectionToken, Injector, Input, IterableDiffers, KeyValueDiffers, LOCALE_ID, 
MissingTranslationStrategy, ModuleWithComponentFactories, NO_ERRORS_SCHEMA, NgModule, NgModuleFactory, NgModuleRef, 
NgProbeToken, NgZone, Optional, Output, OutputEmitterRef, PACKAGE_ROOT_URL, PLATFORM_ID, PLATFORM_INITIALIZER, Pipe, 
PlatformRef, Query, QueryList, Renderer2, RendererFactory2, RendererStyleFlags2, Sanitizer, SecurityContext, Self, 
SimpleChange, SkipSelf, TRANSLATIONS, TRANSLATIONS_FORMAT, TemplateRef, Testability, TestabilityRegistry, 
TransferState, Type, VERSION, Version, ViewChild, ViewChildren, ViewContainerRef, ViewEncapsulation, ViewRef, 
afterNextRender, afterRender, asNativeElements, assertInInjectionContext, assertNotInReactiveContext, assertPlatform, 
booleanAttribute, computed, contentChild, contentChildren, createComponent, createEnvironmentInjector, createNgModule, 
createNgModuleRef, createPlatform, createPlatformFactory, defineInjectable, destroyPlatform, effect, enableProdMode, 
forwardRef, getDebugNode, getModuleFactory, getNgModuleById, getPlatform, importProvidersFrom, inject, input, 
isDevMode, isSignal, isStandalone, makeEnvironmentProviders, makeStateKey, mergeApplicationConfig, model, 
numberAttribute, output, platformCore, provideExperimentalCheckNoChangesForDebug, 
provideExperimentalZonelessChangeDetection, provideZoneChangeDetection, reflectComponentType, resolveForwardRef, 
runInInjectionContext, setTestabilityGetter, signal, untracked, viewChild, viewChildren, ╔ÁALLOW_MULTIPLE_PLATFORMS, 
╔ÁAfterRenderManager, ╔ÁCONTAINER_HEADER_OFFSET, ╔ÁChangeDetectionScheduler, ╔ÁChangeDetectionSchedulerImpl, 
╔ÁComponentFactory, ╔ÁConsole, ╔ÁDEFAULT_LOCALE_ID, ╔ÁDEFER_BLOCK_CONFIG, ╔ÁDEFER_BLOCK_DEPENDENCY_INTERCEPTOR, 
╔ÁDeferBlockBehavior, ╔ÁDeferBlockState, ╔ÁEffectScheduler, ╔ÁIMAGE_CONFIG, ╔ÁIMAGE_CONFIG_DEFAULTS, ╔ÁINJECTOR_SCOPE, 
╔ÁINPUT_SIGNAL_BRAND_WRITE_TYPE, ╔ÁINTERNAL_APPLICATION_ERROR_HANDLER, ╔ÁIS_HYDRATION_DOM_REUSE_ENABLED, 
╔ÁJSACTION_EVENT_CONTRACT, ╔ÁLContext, ╔ÁLifecycleHooksFeature, ╔ÁLocaleDataIndex, ╔ÁNG_COMP_DEF, ╔ÁNG_DIR_DEF, 
╔ÁNG_ELEMENT_ID, ╔ÁNG_INJ_DEF, ╔ÁNG_MOD_DEF, ╔ÁNG_PIPE_DEF, ╔ÁNG_PROV_DEF, ╔ÁNOT_FOUND_CHECK_ONLY_ELEMENT_INJECTOR, 
╔ÁNO_CHANGE, ╔ÁNgModuleFactory, ╔ÁNoopNgZone, ╔ÁPROVIDED_NG_ZONE, ╔ÁPendingTasks, ╔ÁReflectionCapabilities, 
╔ÁRender3ComponentFactory, ╔ÁRender3ComponentRef, ╔ÁRender3NgModuleRef, ╔ÁRuntimeError, ╔ÁSIGNAL, 
╔ÁSSR_CONTENT_INTEGRITY_MARKER, ╔ÁTESTABILITY, ╔ÁTESTABILITY_GETTER, ╔ÁUSE_RUNTIME_DEPS_TRACKER_FOR_JIT, ╔ÁViewRef, 
╔ÁXSS_SECURITY_URL, ╔ÁZONELESS_ENABLED, ╔Á_sanitizeHtml, ╔Á_sanitizeUrl, ╔ÁallowSanitizationBypassAndThrow, 
╔ÁannotateForHydration, ╔ÁbypassSanitizationTrustHtml, ╔ÁbypassSanitizationTrustResourceUrl, 
╔ÁbypassSanitizationTrustScript, ╔ÁbypassSanitizationTrustStyle, ╔ÁbypassSanitizationTrustUrl, 
╔ÁclearResolutionOfComponentResourcesQueue, ╔ÁcompileComponent, ╔ÁcompileDirective, ╔ÁcompileNgModule, 
╔ÁcompileNgModuleDefs, ╔ÁcompileNgModuleFactory, ╔ÁcompilePipe, ╔ÁconvertToBitFlags, ╔ÁcreateInjector, 
╔ÁdefaultIterableDiffers, ╔ÁdefaultKeyValueDiffers, ╔ÁdepsTracker, ╔ÁdetectChangesInViewIfRequired, ╔ÁdevModeEqual, 
╔ÁfindLocaleData, ╔ÁflushModuleScopingQueueAsMuchAsPossible, ╔ÁformatRuntimeError, 
╔ÁgenerateStandaloneInDeclarationsError, ╔ÁgetAsyncClassMetadataFn, ╔ÁgetDebugNode, ╔ÁgetDeferBlocks, ╔ÁgetDirectives, 
╔ÁgetHostElement, ╔ÁgetInjectableDef, ╔ÁgetLContext, ╔ÁgetLocaleCurrencyCode, ╔ÁgetLocalePluralCase, 
╔ÁgetOutputDestroyRef, ╔ÁgetSanitizationBypassType, ╔ÁgetUnknownElementStrictMode, ╔ÁgetUnknownPropertyStrictMode, 
╔Áglobal, ╔ÁinjectChangeDetectorRef, ╔ÁinternalCreateApplication, ╔ÁinternalProvideZoneChangeDetection, 
╔ÁisBoundToModule, ╔ÁisComponentDefPendingResolution, ╔ÁisEnvironmentProviders, ╔ÁisInjectable, ╔ÁisNgModule, 
╔ÁisPromise, ╔ÁisSubscribable, ╔ÁnoSideEffects, ╔ÁpatchComponentDefWithScope, ╔ÁperformanceMarkFeature, 
╔ÁreadHydrationInfo, ╔ÁregisterLocaleData, ╔ÁrenderDeferBlockState, ╔ÁresetCompiledComponents, ╔ÁresetJitOptions, 
╔ÁresolveComponentResources, ╔ÁrestoreComponentResolutionQueue, ╔ÁsetAllowDuplicateNgModuleIdsForTest, 
╔ÁsetAlternateWeakRefImpl, ╔ÁsetClassDebugInfo, ╔ÁsetClassMetadata, ╔ÁsetClassMetadataAsync, ╔ÁsetCurrentInjector, 
╔ÁsetDocument, ╔ÁsetInjectorProfilerContext, ╔ÁsetLocaleId, ╔ÁsetUnknownElementStrictMode, 
╔ÁsetUnknownPropertyStrictMode, ╔Ástore, ╔Ástringify, ╔ÁtransitiveScopesFor, ╔ÁtriggerResourceLoading, 
╔ÁtruncateMiddle, ╔ÁunregisterLocaleData, ╔ÁunwrapSafeValue, ╔ÁunwrapWritableSignal, ╔ÁwhenStable, ╔ÁwithDomHydration, 
╔ÁwithEventReplay, ╔ÁwithI18nSupport, ╔Á╔ÁCopyDefinitionFeature, ╔Á╔ÁFactoryTarget, ╔Á╔ÁHostDirectivesFeature, 
╔Á╔ÁInheritDefinitionFeature, ╔Á╔ÁInputTransformsFeature, ╔Á╔ÁNgOnChangesFeature, ╔Á╔ÁProvidersFeature, 
╔Á╔ÁStandaloneFeature, ╔Á╔Áadvance, ╔Á╔Áattribute, ╔Á╔ÁattributeInterpolate1, ╔Á╔ÁattributeInterpolate2, 
╔Á╔ÁattributeInterpolate3, ╔Á╔ÁattributeInterpolate4, ╔Á╔ÁattributeInterpolate5, ╔Á╔ÁattributeInterpolate6, 
╔Á╔ÁattributeInterpolate7, ╔Á╔ÁattributeInterpolate8, ╔Á╔ÁattributeInterpolateV, ╔Á╔ÁclassMap, 
╔Á╔ÁclassMapInterpolate1, ╔Á╔ÁclassMapInterpolate2, ╔Á╔ÁclassMapInterpolate3, ╔Á╔ÁclassMapInterpolate4, 
╔Á╔ÁclassMapInterpolate5, ╔Á╔ÁclassMapInterpolate6, ╔Á╔ÁclassMapInterpolate7, ╔Á╔ÁclassMapInterpolate8, 
╔Á╔ÁclassMapInterpolateV, ╔Á╔ÁclassProp, ╔Á╔ÁcomponentInstance, ╔Á╔Áconditional, ╔Á╔ÁcontentQuery, 
╔Á╔ÁcontentQuerySignal, ╔Á╔ÁdeclareLet, ╔Á╔Ádefer, ╔Á╔ÁdeferEnableTimerScheduling, ╔Á╔ÁdeferOnHover, ╔Á╔ÁdeferOnIdle, 
╔Á╔ÁdeferOnImmediate, ╔Á╔ÁdeferOnInteraction, ╔Á╔ÁdeferOnTimer, ╔Á╔ÁdeferOnViewport, ╔Á╔ÁdeferPrefetchOnHover, 
╔Á╔ÁdeferPrefetchOnIdle, ╔Á╔ÁdeferPrefetchOnImmediate, ╔Á╔ÁdeferPrefetchOnInteraction, ╔Á╔ÁdeferPrefetchOnTimer, 
╔Á╔ÁdeferPrefetchOnViewport, ╔Á╔ÁdeferPrefetchWhen, ╔Á╔ÁdeferWhen, ╔Á╔ÁdefineComponent, ╔Á╔ÁdefineDirective, 
╔Á╔ÁdefineInjectable, ╔Á╔ÁdefineInjector, ╔Á╔ÁdefineNgModule, ╔Á╔ÁdefinePipe, ╔Á╔ÁdirectiveInject, 
╔Á╔ÁdisableBindings, ╔Á╔Áelement, ╔Á╔ÁelementContainer, ╔Á╔ÁelementContainerEnd, ╔Á╔ÁelementContainerStart, 
╔Á╔ÁelementEnd, ╔Á╔ÁelementStart, ╔Á╔ÁenableBindings, ╔Á╔ÁgetComponentDepsFactory, ╔Á╔ÁgetCurrentView, 
╔Á╔ÁgetInheritedFactory, ╔Á╔ÁhostProperty, ╔Á╔Ái18n, ╔Á╔Ái18nApply, ╔Á╔Ái18nAttributes, ╔Á╔Ái18nEnd, ╔Á╔Ái18nExp, 
╔Á╔Ái18nPostprocess, ╔Á╔Ái18nStart, ╔Á╔Áinject, ╔Á╔ÁinjectAttribute, ╔Á╔ÁinvalidFactory, ╔Á╔ÁinvalidFactoryDep, 
╔Á╔Álistener, ╔Á╔ÁloadQuery, ╔Á╔ÁnamespaceHTML, ╔Á╔ÁnamespaceMathML, ╔Á╔ÁnamespaceSVG, ╔Á╔ÁnextContext, 
╔Á╔ÁngDeclareClassMetadata, ╔Á╔ÁngDeclareClassMetadataAsync, ╔Á╔ÁngDeclareComponent, ╔Á╔ÁngDeclareDirective, 
╔Á╔ÁngDeclareFactory, ╔Á╔ÁngDeclareInjectable, ╔Á╔ÁngDeclareInjector, ╔Á╔ÁngDeclareNgModule, ╔Á╔ÁngDeclarePipe, 
╔Á╔Ápipe, ╔Á╔ÁpipeBind1, ╔Á╔ÁpipeBind2, ╔Á╔ÁpipeBind3, ╔Á╔ÁpipeBind4, ╔Á╔ÁpipeBindV, ╔Á╔Áprojection, 
╔Á╔ÁprojectionDef, ╔Á╔Áproperty, ╔Á╔ÁpropertyInterpolate, ╔Á╔ÁpropertyInterpolate1, ╔Á╔ÁpropertyInterpolate2, 
╔Á╔ÁpropertyInterpolate3, ╔Á╔ÁpropertyInterpolate4, ╔Á╔ÁpropertyInterpolate5, ╔Á╔ÁpropertyInterpolate6, 
╔Á╔ÁpropertyInterpolate7, ╔Á╔ÁpropertyInterpolate8, ╔Á╔ÁpropertyInterpolateV, ╔Á╔ÁpureFunction0, ╔Á╔ÁpureFunction1, 
╔Á╔ÁpureFunction2, ╔Á╔ÁpureFunction3, ╔Á╔ÁpureFunction4, ╔Á╔ÁpureFunction5, ╔Á╔ÁpureFunction6, ╔Á╔ÁpureFunction7, 
╔Á╔ÁpureFunction8, ╔Á╔ÁpureFunctionV, ╔Á╔ÁqueryAdvance, ╔Á╔ÁqueryRefresh, ╔Á╔ÁreadContextLet, ╔Á╔Áreference, 
╔Á╔ÁregisterNgModuleType, ╔Á╔Árepeater, ╔Á╔ÁrepeaterCreate, ╔Á╔ÁrepeaterTrackByIdentity, ╔Á╔ÁrepeaterTrackByIndex, 
╔Á╔ÁresetView, ╔Á╔ÁresolveBody, ╔Á╔ÁresolveDocument, ╔Á╔ÁresolveWindow, ╔Á╔ÁrestoreView, ╔Á╔ÁsanitizeHtml, 
╔Á╔ÁsanitizeResourceUrl, ╔Á╔ÁsanitizeScript, ╔Á╔ÁsanitizeStyle, ╔Á╔ÁsanitizeUrl, ╔Á╔ÁsanitizeUrlOrResourceUrl, 
╔Á╔ÁsetComponentScope, ╔Á╔ÁsetNgModuleScope, ╔Á╔ÁstoreLet, ╔Á╔ÁstyleMap, ╔Á╔ÁstyleMapInterpolate1, 
╔Á╔ÁstyleMapInterpolate2, ╔Á╔ÁstyleMapInterpolate3, ╔Á╔ÁstyleMapInterpolate4, ╔Á╔ÁstyleMapInterpolate5, 
╔Á╔ÁstyleMapInterpolate6, ╔Á╔ÁstyleMapInterpolate7, ╔Á╔ÁstyleMapInterpolate8, ╔Á╔ÁstyleMapInterpolateV, ╔Á╔ÁstyleProp, 
╔Á╔ÁstylePropInterpolate1, ╔Á╔ÁstylePropInterpolate2, ╔Á╔ÁstylePropInterpolate3, ╔Á╔ÁstylePropInterpolate4, 
╔Á╔ÁstylePropInterpolate5, ╔Á╔ÁstylePropInterpolate6, ╔Á╔ÁstylePropInterpolate7, ╔Á╔ÁstylePropInterpolate8, 
╔Á╔ÁstylePropInterpolateV, ╔Á╔ÁsyntheticHostListener, ╔Á╔ÁsyntheticHostProperty, ╔Á╔Átemplate, 
╔Á╔ÁtemplateRefExtractor, ╔Á╔Átext, ╔Á╔ÁtextInterpolate, ╔Á╔ÁtextInterpolate1, ╔Á╔ÁtextInterpolate2, 
╔Á╔ÁtextInterpolate3, ╔Á╔ÁtextInterpolate4, ╔Á╔ÁtextInterpolate5, ╔Á╔ÁtextInterpolate6, ╔Á╔ÁtextInterpolate7, 
╔Á╔ÁtextInterpolate8, ╔Á╔ÁtextInterpolateV, ╔Á╔ÁtrustConstantHtml, ╔Á╔ÁtrustConstantResourceUrl, ╔Á╔ÁtwoWayBindingSet, 
╔Á╔ÁtwoWayListener, ╔Á╔ÁtwoWayProperty, ╔Á╔ÁvalidateIframeAttribute, ╔Á╔ÁviewQuery, ╔Á╔ÁviewQuerySignal)

../node_modules/@angular/cdk/fesm2022/overlay.mjs:2998:22-64 - Error: export '╔Á╔ÁInputFlags' (imported as 'i0') was 
not found in '@angular/core' (possible exports: ANIMATION_MODULE_TYPE, APP_BOOTSTRAP_LISTENER, APP_ID, 
APP_INITIALIZER, AfterRenderPhase, ApplicationInitStatus, ApplicationModule, ApplicationRef, Attribute, 
COMPILER_OPTIONS, CSP_NONCE, CUSTOM_ELEMENTS_SCHEMA, ChangeDetectionStrategy, ChangeDetectorRef, Compiler, 
CompilerFactory, Component, ComponentFactory, ComponentFactoryResolver, ComponentRef, ContentChild, ContentChildren, 
DEFAULT_CURRENCY_CODE, DebugElement, DebugEventListener, DebugNode, DefaultIterableDiffer, DestroyRef, Directive, 
ENVIRONMENT_INITIALIZER, ElementRef, EmbeddedViewRef, EnvironmentInjector, ErrorHandler, EventEmitter, 
ExperimentalPendingTasks, HOST_TAG_NAME, Host, HostAttributeToken, HostBinding, HostListener, INJECTOR, Inject, 
InjectFlags, Injectable, InjectionToken, Injector, Input, IterableDiffers, KeyValueDiffers, LOCALE_ID, 
MissingTranslationStrategy, ModuleWithComponentFactories, NO_ERRORS_SCHEMA, NgModule, NgModuleFactory, NgModuleRef, 
NgProbeToken, NgZone, Optional, Output, OutputEmitterRef, PACKAGE_ROOT_URL, PLATFORM_ID, PLATFORM_INITIALIZER, Pipe, 
PlatformRef, Query, QueryList, Renderer2, RendererFactory2, RendererStyleFlags2, Sanitizer, SecurityContext, Self, 
SimpleChange, SkipSelf, TRANSLATIONS, TRANSLATIONS_FORMAT, TemplateRef, Testability, TestabilityRegistry, 
TransferState, Type, VERSION, Version, ViewChild, ViewChildren, ViewContainerRef, ViewEncapsulation, ViewRef, 
afterNextRender, afterRender, asNativeElements, assertInInjectionContext, assertNotInReactiveContext, assertPlatform, 
booleanAttribute, computed, contentChild, contentChildren, createComponent, createEnvironmentInjector, createNgModule, 
createNgModuleRef, createPlatform, createPlatformFactory, defineInjectable, destroyPlatform, effect, enableProdMode, 
forwardRef, getDebugNode, getModuleFactory, getNgModuleById, getPlatform, importProvidersFrom, inject, input, 
isDevMode, isSignal, isStandalone, makeEnvironmentProviders, makeStateKey, mergeApplicationConfig, model, 
numberAttribute, output, platformCore, provideExperimentalCheckNoChangesForDebug, 
provideExperimentalZonelessChangeDetection, provideZoneChangeDetection, reflectComponentType, resolveForwardRef, 
runInInjectionContext, setTestabilityGetter, signal, untracked, viewChild, viewChildren, ╔ÁALLOW_MULTIPLE_PLATFORMS, 
╔ÁAfterRenderManager, ╔ÁCONTAINER_HEADER_OFFSET, ╔ÁChangeDetectionScheduler, ╔ÁChangeDetectionSchedulerImpl, 
╔ÁComponentFactory, ╔ÁConsole, ╔ÁDEFAULT_LOCALE_ID, ╔ÁDEFER_BLOCK_CONFIG, ╔ÁDEFER_BLOCK_DEPENDENCY_INTERCEPTOR, 
╔ÁDeferBlockBehavior, ╔ÁDeferBlockState, ╔ÁEffectScheduler, ╔ÁIMAGE_CONFIG, ╔ÁIMAGE_CONFIG_DEFAULTS, ╔ÁINJECTOR_SCOPE, 
╔ÁINPUT_SIGNAL_BRAND_WRITE_TYPE, ╔ÁINTERNAL_APPLICATION_ERROR_HANDLER, ╔ÁIS_HYDRATION_DOM_REUSE_ENABLED, 
╔ÁJSACTION_EVENT_CONTRACT, ╔ÁLContext, ╔ÁLifecycleHooksFeature, ╔ÁLocaleDataIndex, ╔ÁNG_COMP_DEF, ╔ÁNG_DIR_DEF, 
╔ÁNG_ELEMENT_ID, ╔ÁNG_INJ_DEF, ╔ÁNG_MOD_DEF, ╔ÁNG_PIPE_DEF, ╔ÁNG_PROV_DEF, ╔ÁNOT_FOUND_CHECK_ONLY_ELEMENT_INJECTOR, 
╔ÁNO_CHANGE, ╔ÁNgModuleFactory, ╔ÁNoopNgZone, ╔ÁPROVIDED_NG_ZONE, ╔ÁPendingTasks, ╔ÁReflectionCapabilities, 
╔ÁRender3ComponentFactory, ╔ÁRender3ComponentRef, ╔ÁRender3NgModuleRef, ╔ÁRuntimeError, ╔ÁSIGNAL, 
╔ÁSSR_CONTENT_INTEGRITY_MARKER, ╔ÁTESTABILITY, ╔ÁTESTABILITY_GETTER, ╔ÁUSE_RUNTIME_DEPS_TRACKER_FOR_JIT, ╔ÁViewRef, 
╔ÁXSS_SECURITY_URL, ╔ÁZONELESS_ENABLED, ╔Á_sanitizeHtml, ╔Á_sanitizeUrl, ╔ÁallowSanitizationBypassAndThrow, 
╔ÁannotateForHydration, ╔ÁbypassSanitizationTrustHtml, ╔ÁbypassSanitizationTrustResourceUrl, 
╔ÁbypassSanitizationTrustScript, ╔ÁbypassSanitizationTrustStyle, ╔ÁbypassSanitizationTrustUrl, 
╔ÁclearResolutionOfComponentResourcesQueue, ╔ÁcompileComponent, ╔ÁcompileDirective, ╔ÁcompileNgModule, 
╔ÁcompileNgModuleDefs, ╔ÁcompileNgModuleFactory, ╔ÁcompilePipe, ╔ÁconvertToBitFlags, ╔ÁcreateInjector, 
╔ÁdefaultIterableDiffers, ╔ÁdefaultKeyValueDiffers, ╔ÁdepsTracker, ╔ÁdetectChangesInViewIfRequired, ╔ÁdevModeEqual, 
╔ÁfindLocaleData, ╔ÁflushModuleScopingQueueAsMuchAsPossible, ╔ÁformatRuntimeError, 
╔ÁgenerateStandaloneInDeclarationsError, ╔ÁgetAsyncClassMetadataFn, ╔ÁgetDebugNode, ╔ÁgetDeferBlocks, ╔ÁgetDirectives, 
╔ÁgetHostElement, ╔ÁgetInjectableDef, ╔ÁgetLContext, ╔ÁgetLocaleCurrencyCode, ╔ÁgetLocalePluralCase, 
╔ÁgetOutputDestroyRef, ╔ÁgetSanitizationBypassType, ╔ÁgetUnknownElementStrictMode, ╔ÁgetUnknownPropertyStrictMode, 
╔Áglobal, ╔ÁinjectChangeDetectorRef, ╔ÁinternalCreateApplication, ╔ÁinternalProvideZoneChangeDetection, 
╔ÁisBoundToModule, ╔ÁisComponentDefPendingResolution, ╔ÁisEnvironmentProviders, ╔ÁisInjectable, ╔ÁisNgModule, 
╔ÁisPromise, ╔ÁisSubscribable, ╔ÁnoSideEffects, ╔ÁpatchComponentDefWithScope, ╔ÁperformanceMarkFeature, 
╔ÁreadHydrationInfo, ╔ÁregisterLocaleData, ╔ÁrenderDeferBlockState, ╔ÁresetCompiledComponents, ╔ÁresetJitOptions, 
╔ÁresolveComponentResources, ╔ÁrestoreComponentResolutionQueue, ╔ÁsetAllowDuplicateNgModuleIdsForTest, 
╔ÁsetAlternateWeakRefImpl, ╔ÁsetClassDebugInfo, ╔ÁsetClassMetadata, ╔ÁsetClassMetadataAsync, ╔ÁsetCurrentInjector, 
╔ÁsetDocument, ╔ÁsetInjectorProfilerContext, ╔ÁsetLocaleId, ╔ÁsetUnknownElementStrictMode, 
╔ÁsetUnknownPropertyStrictMode, ╔Ástore, ╔Ástringify, ╔ÁtransitiveScopesFor, ╔ÁtriggerResourceLoading, 
╔ÁtruncateMiddle, ╔ÁunregisterLocaleData, ╔ÁunwrapSafeValue, ╔ÁunwrapWritableSignal, ╔ÁwhenStable, ╔ÁwithDomHydration, 
╔ÁwithEventReplay, ╔ÁwithI18nSupport, ╔Á╔ÁCopyDefinitionFeature, ╔Á╔ÁFactoryTarget, ╔Á╔ÁHostDirectivesFeature, 
╔Á╔ÁInheritDefinitionFeature, ╔Á╔ÁInputTransformsFeature, ╔Á╔ÁNgOnChangesFeature, ╔Á╔ÁProvidersFeature, 
╔Á╔ÁStandaloneFeature, ╔Á╔Áadvance, ╔Á╔Áattribute, ╔Á╔ÁattributeInterpolate1, ╔Á╔ÁattributeInterpolate2, 
╔Á╔ÁattributeInterpolate3, ╔Á╔ÁattributeInterpolate4, ╔Á╔ÁattributeInterpolate5, ╔Á╔ÁattributeInterpolate6, 
╔Á╔ÁattributeInterpolate7, ╔Á╔ÁattributeInterpolate8, ╔Á╔ÁattributeInterpolateV, ╔Á╔ÁclassMap, 
╔Á╔ÁclassMapInterpolate1, ╔Á╔ÁclassMapInterpolate2, ╔Á╔ÁclassMapInterpolate3, ╔Á╔ÁclassMapInterpolate4, 
╔Á╔ÁclassMapInterpolate5, ╔Á╔ÁclassMapInterpolate6, ╔Á╔ÁclassMapInterpolate7, ╔Á╔ÁclassMapInterpolate8, 
╔Á╔ÁclassMapInterpolateV, ╔Á╔ÁclassProp, ╔Á╔ÁcomponentInstance, ╔Á╔Áconditional, ╔Á╔ÁcontentQuery, 
╔Á╔ÁcontentQuerySignal, ╔Á╔ÁdeclareLet, ╔Á╔Ádefer, ╔Á╔ÁdeferEnableTimerScheduling, ╔Á╔ÁdeferOnHover, ╔Á╔ÁdeferOnIdle, 
╔Á╔ÁdeferOnImmediate, ╔Á╔ÁdeferOnInteraction, ╔Á╔ÁdeferOnTimer, ╔Á╔ÁdeferOnViewport, ╔Á╔ÁdeferPrefetchOnHover, 
╔Á╔ÁdeferPrefetchOnIdle, ╔Á╔ÁdeferPrefetchOnImmediate, ╔Á╔ÁdeferPrefetchOnInteraction, ╔Á╔ÁdeferPrefetchOnTimer, 
╔Á╔ÁdeferPrefetchOnViewport, ╔Á╔ÁdeferPrefetchWhen, ╔Á╔ÁdeferWhen, ╔Á╔ÁdefineComponent, ╔Á╔ÁdefineDirective, 
╔Á╔ÁdefineInjectable, ╔Á╔ÁdefineInjector, ╔Á╔ÁdefineNgModule, ╔Á╔ÁdefinePipe, ╔Á╔ÁdirectiveInject, 
╔Á╔ÁdisableBindings, ╔Á╔Áelement, ╔Á╔ÁelementContainer, ╔Á╔ÁelementContainerEnd, ╔Á╔ÁelementContainerStart, 
╔Á╔ÁelementEnd, ╔Á╔ÁelementStart, ╔Á╔ÁenableBindings, ╔Á╔ÁgetComponentDepsFactory, ╔Á╔ÁgetCurrentView, 
╔Á╔ÁgetInheritedFactory, ╔Á╔ÁhostProperty, ╔Á╔Ái18n, ╔Á╔Ái18nApply, ╔Á╔Ái18nAttributes, ╔Á╔Ái18nEnd, ╔Á╔Ái18nExp, 
╔Á╔Ái18nPostprocess, ╔Á╔Ái18nStart, ╔Á╔Áinject, ╔Á╔ÁinjectAttribute, ╔Á╔ÁinvalidFactory, ╔Á╔ÁinvalidFactoryDep, 
╔Á╔Álistener, ╔Á╔ÁloadQuery, ╔Á╔ÁnamespaceHTML, ╔Á╔ÁnamespaceMathML, ╔Á╔ÁnamespaceSVG, ╔Á╔ÁnextContext, 
╔Á╔ÁngDeclareClassMetadata, ╔Á╔ÁngDeclareClassMetadataAsync, ╔Á╔ÁngDeclareComponent, ╔Á╔ÁngDeclareDirective, 
╔Á╔ÁngDeclareFactory, ╔Á╔ÁngDeclareInjectable, ╔Á╔ÁngDeclareInjector, ╔Á╔ÁngDeclareNgModule, ╔Á╔ÁngDeclarePipe, 
╔Á╔Ápipe, ╔Á╔ÁpipeBind1, ╔Á╔ÁpipeBind2, ╔Á╔ÁpipeBind3, ╔Á╔ÁpipeBind4, ╔Á╔ÁpipeBindV, ╔Á╔Áprojection, 
╔Á╔ÁprojectionDef, ╔Á╔Áproperty, ╔Á╔ÁpropertyInterpolate, ╔Á╔ÁpropertyInterpolate1, ╔Á╔ÁpropertyInterpolate2, 
╔Á╔ÁpropertyInterpolate3, ╔Á╔ÁpropertyInterpolate4, ╔Á╔ÁpropertyInterpolate5, ╔Á╔ÁpropertyInterpolate6, 
╔Á╔ÁpropertyInterpolate7, ╔Á╔ÁpropertyInterpolate8, ╔Á╔ÁpropertyInterpolateV, ╔Á╔ÁpureFunction0, ╔Á╔ÁpureFunction1, 
╔Á╔ÁpureFunction2, ╔Á╔ÁpureFunction3, ╔Á╔ÁpureFunction4, ╔Á╔ÁpureFunction5, ╔Á╔ÁpureFunction6, ╔Á╔ÁpureFunction7, 
╔Á╔ÁpureFunction8, ╔Á╔ÁpureFunctionV, ╔Á╔ÁqueryAdvance, ╔Á╔ÁqueryRefresh, ╔Á╔ÁreadContextLet, ╔Á╔Áreference, 
╔Á╔ÁregisterNgModuleType, ╔Á╔Árepeater, ╔Á╔ÁrepeaterCreate, ╔Á╔ÁrepeaterTrackByIdentity, ╔Á╔ÁrepeaterTrackByIndex, 
╔Á╔ÁresetView, ╔Á╔ÁresolveBody, ╔Á╔ÁresolveDocument, ╔Á╔ÁresolveWindow, ╔Á╔ÁrestoreView, ╔Á╔ÁsanitizeHtml, 
╔Á╔ÁsanitizeResourceUrl, ╔Á╔ÁsanitizeScript, ╔Á╔ÁsanitizeStyle, ╔Á╔ÁsanitizeUrl, ╔Á╔ÁsanitizeUrlOrResourceUrl, 
╔Á╔ÁsetComponentScope, ╔Á╔ÁsetNgModuleScope, ╔Á╔ÁstoreLet, ╔Á╔ÁstyleMap, ╔Á╔ÁstyleMapInterpolate1, 
╔Á╔ÁstyleMapInterpolate2, ╔Á╔ÁstyleMapInterpolate3, ╔Á╔ÁstyleMapInterpolate4, ╔Á╔ÁstyleMapInterpolate5, 
╔Á╔ÁstyleMapInterpolate6, ╔Á╔ÁstyleMapInterpolate7, ╔Á╔ÁstyleMapInterpolate8, ╔Á╔ÁstyleMapInterpolateV, ╔Á╔ÁstyleProp, 
╔Á╔ÁstylePropInterpolate1, ╔Á╔ÁstylePropInterpolate2, ╔Á╔ÁstylePropInterpolate3, ╔Á╔ÁstylePropInterpolate4, 
╔Á╔ÁstylePropInterpolate5, ╔Á╔ÁstylePropInterpolate6, ╔Á╔ÁstylePropInterpolate7, ╔Á╔ÁstylePropInterpolate8, 
╔Á╔ÁstylePropInterpolateV, ╔Á╔ÁsyntheticHostListener, ╔Á╔ÁsyntheticHostProperty, ╔Á╔Átemplate, 
╔Á╔ÁtemplateRefExtractor, ╔Á╔Átext, ╔Á╔ÁtextInterpolate, ╔Á╔ÁtextInterpolate1, ╔Á╔ÁtextInterpolate2, 
╔Á╔ÁtextInterpolate3, ╔Á╔ÁtextInterpolate4, ╔Á╔ÁtextInterpolate5, ╔Á╔ÁtextInterpolate6, ╔Á╔ÁtextInterpolate7, 
╔Á╔ÁtextInterpolate8, ╔Á╔ÁtextInterpolateV, ╔Á╔ÁtrustConstantHtml, ╔Á╔ÁtrustConstantResourceUrl, ╔Á╔ÁtwoWayBindingSet, 
╔Á╔ÁtwoWayListener, ╔Á╔ÁtwoWayProperty, ╔Á╔ÁvalidateIframeAttribute, ╔Á╔ÁviewQuery, ╔Á╔ÁviewQuerySignal)

../node_modules/@angular/cdk/fesm2022/overlay.mjs:2999:23-65 - Error: export '╔Á╔ÁInputFlags' (imported as 'i0') was 
not found in '@angular/core' (possible exports: ANIMATION_MODULE_TYPE, APP_BOOTSTRAP_LISTENER, APP_ID, 
APP_INITIALIZER, AfterRenderPhase, ApplicationInitStatus, ApplicationModule, ApplicationRef, Attribute, 
COMPILER_OPTIONS, CSP_NONCE, CUSTOM_ELEMENTS_SCHEMA, ChangeDetectionStrategy, ChangeDetectorRef, Compiler, 
CompilerFactory, Component, ComponentFactory, ComponentFactoryResolver, ComponentRef, ContentChild, ContentChildren, 
DEFAULT_CURRENCY_CODE, DebugElement, DebugEventListener, DebugNode, DefaultIterableDiffer, DestroyRef, Directive, 
ENVIRONMENT_INITIALIZER, ElementRef, EmbeddedViewRef, EnvironmentInjector, ErrorHandler, EventEmitter, 
ExperimentalPendingTasks, HOST_TAG_NAME, Host, HostAttributeToken, HostBinding, HostListener, INJECTOR, Inject, 
InjectFlags, Injectable, InjectionToken, Injector, Input, IterableDiffers, KeyValueDiffers, LOCALE_ID, 
MissingTranslationStrategy, ModuleWithComponentFactories, NO_ERRORS_SCHEMA, NgModule, NgModuleFactory, NgModuleRef, 
NgProbeToken, NgZone, Optional, Output, OutputEmitterRef, PACKAGE_ROOT_URL, PLATFORM_ID, PLATFORM_INITIALIZER, Pipe, 
PlatformRef, Query, QueryList, Renderer2, RendererFactory2, RendererStyleFlags2, Sanitizer, SecurityContext, Self, 
SimpleChange, SkipSelf, TRANSLATIONS, TRANSLATIONS_FORMAT, TemplateRef, Testability, TestabilityRegistry, 
TransferState, Type, VERSION, Version, ViewChild, ViewChildren, ViewContainerRef, ViewEncapsulation, ViewRef, 
afterNextRender, afterRender, asNativeElements, assertInInjectionContext, assertNotInReactiveContext, assertPlatform, 
booleanAttribute, computed, contentChild, contentChildren, createComponent, createEnvironmentInjector, createNgModule, 
createNgModuleRef, createPlatform, createPlatformFactory, defineInjectable, destroyPlatform, effect, enableProdMode, 
forwardRef, getDebugNode, getModuleFactory, getNgModuleById, getPlatform, importProvidersFrom, inject, input, 
isDevMode, isSignal, isStandalone, makeEnvironmentProviders, makeStateKey, mergeApplicationConfig, model, 
numberAttribute, output, platformCore, provideExperimentalCheckNoChangesForDebug, 
provideExperimentalZonelessChangeDetection, provideZoneChangeDetection, reflectComponentType, resolveForwardRef, 
runInInjectionContext, setTestabilityGetter, signal, untracked, viewChild, viewChildren, ╔ÁALLOW_MULTIPLE_PLATFORMS, 
╔ÁAfterRenderManager, ╔ÁCONTAINER_HEADER_OFFSET, ╔ÁChangeDetectionScheduler, ╔ÁChangeDetectionSchedulerImpl, 
╔ÁComponentFactory, ╔ÁConsole, ╔ÁDEFAULT_LOCALE_ID, ╔ÁDEFER_BLOCK_CONFIG, ╔ÁDEFER_BLOCK_DEPENDENCY_INTERCEPTOR, 
╔ÁDeferBlockBehavior, ╔ÁDeferBlockState, ╔ÁEffectScheduler, ╔ÁIMAGE_CONFIG, ╔ÁIMAGE_CONFIG_DEFAULTS, ╔ÁINJECTOR_SCOPE, 
╔ÁINPUT_SIGNAL_BRAND_WRITE_TYPE, ╔ÁINTERNAL_APPLICATION_ERROR_HANDLER, ╔ÁIS_HYDRATION_DOM_REUSE_ENABLED, 
╔ÁJSACTION_EVENT_CONTRACT, ╔ÁLContext, ╔ÁLifecycleHooksFeature, ╔ÁLocaleDataIndex, ╔ÁNG_COMP_DEF, ╔ÁNG_DIR_DEF, 
╔ÁNG_ELEMENT_ID, ╔ÁNG_INJ_DEF, ╔ÁNG_MOD_DEF, ╔ÁNG_PIPE_DEF, ╔ÁNG_PROV_DEF, ╔ÁNOT_FOUND_CHECK_ONLY_ELEMENT_INJECTOR, 
╔ÁNO_CHANGE, ╔ÁNgModuleFactory, ╔ÁNoopNgZone, ╔ÁPROVIDED_NG_ZONE, ╔ÁPendingTasks, ╔ÁReflectionCapabilities, 
╔ÁRender3ComponentFactory, ╔ÁRender3ComponentRef, ╔ÁRender3NgModuleRef, ╔ÁRuntimeError, ╔ÁSIGNAL, 
╔ÁSSR_CONTENT_INTEGRITY_MARKER, ╔ÁTESTABILITY, ╔ÁTESTABILITY_GETTER, ╔ÁUSE_RUNTIME_DEPS_TRACKER_FOR_JIT, ╔ÁViewRef, 
╔ÁXSS_SECURITY_URL, ╔ÁZONELESS_ENABLED, ╔Á_sanitizeHtml, ╔Á_sanitizeUrl, ╔ÁallowSanitizationBypassAndThrow, 
╔ÁannotateForHydration, ╔ÁbypassSanitizationTrustHtml, ╔ÁbypassSanitizationTrustResourceUrl, 
╔ÁbypassSanitizationTrustScript, ╔ÁbypassSanitizationTrustStyle, ╔ÁbypassSanitizationTrustUrl, 
╔ÁclearResolutionOfComponentResourcesQueue, ╔ÁcompileComponent, ╔ÁcompileDirective, ╔ÁcompileNgModule, 
╔ÁcompileNgModuleDefs, ╔ÁcompileNgModuleFactory, ╔ÁcompilePipe, ╔ÁconvertToBitFlags, ╔ÁcreateInjector, 
╔ÁdefaultIterableDiffers, ╔ÁdefaultKeyValueDiffers, ╔ÁdepsTracker, ╔ÁdetectChangesInViewIfRequired, ╔ÁdevModeEqual, 
╔ÁfindLocaleData, ╔ÁflushModuleScopingQueueAsMuchAsPossible, ╔ÁformatRuntimeError, 
╔ÁgenerateStandaloneInDeclarationsError, ╔ÁgetAsyncClassMetadataFn, ╔ÁgetDebugNode, ╔ÁgetDeferBlocks, ╔ÁgetDirectives, 
╔ÁgetHostElement, ╔ÁgetInjectableDef, ╔ÁgetLContext, ╔ÁgetLocaleCurrencyCode, ╔ÁgetLocalePluralCase, 
╔ÁgetOutputDestroyRef, ╔ÁgetSanitizationBypassType, ╔ÁgetUnknownElementStrictMode, ╔ÁgetUnknownPropertyStrictMode, 
╔Áglobal, ╔ÁinjectChangeDetectorRef, ╔ÁinternalCreateApplication, ╔ÁinternalProvideZoneChangeDetection, 
╔ÁisBoundToModule, ╔ÁisComponentDefPendingResolution, ╔ÁisEnvironmentProviders, ╔ÁisInjectable, ╔ÁisNgModule, 
╔ÁisPromise, ╔ÁisSubscribable, ╔ÁnoSideEffects, ╔ÁpatchComponentDefWithScope, ╔ÁperformanceMarkFeature, 
╔ÁreadHydrationInfo, ╔ÁregisterLocaleData, ╔ÁrenderDeferBlockState, ╔ÁresetCompiledComponents, ╔ÁresetJitOptions, 
╔ÁresolveComponentResources, ╔ÁrestoreComponentResolutionQueue, ╔ÁsetAllowDuplicateNgModuleIdsForTest, 
╔ÁsetAlternateWeakRefImpl, ╔ÁsetClassDebugInfo, ╔ÁsetClassMetadata, ╔ÁsetClassMetadataAsync, ╔ÁsetCurrentInjector, 
╔ÁsetDocument, ╔ÁsetInjectorProfilerContext, ╔ÁsetLocaleId, ╔ÁsetUnknownElementStrictMode, 
╔ÁsetUnknownPropertyStrictMode, ╔Ástore, ╔Ástringify, ╔ÁtransitiveScopesFor, ╔ÁtriggerResourceLoading, 
╔ÁtruncateMiddle, ╔ÁunregisterLocaleData, ╔ÁunwrapSafeValue, ╔ÁunwrapWritableSignal, ╔ÁwhenStable, ╔ÁwithDomHydration, 
╔ÁwithEventReplay, ╔ÁwithI18nSupport, ╔Á╔ÁCopyDefinitionFeature, ╔Á╔ÁFactoryTarget, ╔Á╔ÁHostDirectivesFeature, 
╔Á╔ÁInheritDefinitionFeature, ╔Á╔ÁInputTransformsFeature, ╔Á╔ÁNgOnChangesFeature, ╔Á╔ÁProvidersFeature, 
╔Á╔ÁStandaloneFeature, ╔Á╔Áadvance, ╔Á╔Áattribute, ╔Á╔ÁattributeInterpolate1, ╔Á╔ÁattributeInterpolate2, 
╔Á╔ÁattributeInterpolate3, ╔Á╔ÁattributeInterpolate4, ╔Á╔ÁattributeInterpolate5, ╔Á╔ÁattributeInterpolate6, 
╔Á╔ÁattributeInterpolate7, ╔Á╔ÁattributeInterpolate8, ╔Á╔ÁattributeInterpolateV, ╔Á╔ÁclassMap, 
╔Á╔ÁclassMapInterpolate1, ╔Á╔ÁclassMapInterpolate2, ╔Á╔ÁclassMapInterpolate3, ╔Á╔ÁclassMapInterpolate4, 
╔Á╔ÁclassMapInterpolate5, ╔Á╔ÁclassMapInterpolate6, ╔Á╔ÁclassMapInterpolate7, ╔Á╔ÁclassMapInterpolate8, 
╔Á╔ÁclassMapInterpolateV, ╔Á╔ÁclassProp, ╔Á╔ÁcomponentInstance, ╔Á╔Áconditional, ╔Á╔ÁcontentQuery, 
╔Á╔ÁcontentQuerySignal, ╔Á╔ÁdeclareLet, ╔Á╔Ádefer, ╔Á╔ÁdeferEnableTimerScheduling, ╔Á╔ÁdeferOnHover, ╔Á╔ÁdeferOnIdle, 
╔Á╔ÁdeferOnImmediate, ╔Á╔ÁdeferOnInteraction, ╔Á╔ÁdeferOnTimer, ╔Á╔ÁdeferOnViewport, ╔Á╔ÁdeferPrefetchOnHover, 
╔Á╔ÁdeferPrefetchOnIdle, ╔Á╔ÁdeferPrefetchOnImmediate, ╔Á╔ÁdeferPrefetchOnInteraction, ╔Á╔ÁdeferPrefetchOnTimer, 
╔Á╔ÁdeferPrefetchOnViewport, ╔Á╔ÁdeferPrefetchWhen, ╔Á╔ÁdeferWhen, ╔Á╔ÁdefineComponent, ╔Á╔ÁdefineDirective, 
╔Á╔ÁdefineInjectable, ╔Á╔ÁdefineInjector, ╔Á╔ÁdefineNgModule, ╔Á╔ÁdefinePipe, ╔Á╔ÁdirectiveInject, 
╔Á╔ÁdisableBindings, ╔Á╔Áelement, ╔Á╔ÁelementContainer, ╔Á╔ÁelementContainerEnd, ╔Á╔ÁelementContainerStart, 
╔Á╔ÁelementEnd, ╔Á╔ÁelementStart, ╔Á╔ÁenableBindings, ╔Á╔ÁgetComponentDepsFactory, ╔Á╔ÁgetCurrentView, 
╔Á╔ÁgetInheritedFactory, ╔Á╔ÁhostProperty, ╔Á╔Ái18n, ╔Á╔Ái18nApply, ╔Á╔Ái18nAttributes, ╔Á╔Ái18nEnd, ╔Á╔Ái18nExp, 
╔Á╔Ái18nPostprocess, ╔Á╔Ái18nStart, ╔Á╔Áinject, ╔Á╔ÁinjectAttribute, ╔Á╔ÁinvalidFactory, ╔Á╔ÁinvalidFactoryDep, 
╔Á╔Álistener, ╔Á╔ÁloadQuery, ╔Á╔ÁnamespaceHTML, ╔Á╔ÁnamespaceMathML, ╔Á╔ÁnamespaceSVG, ╔Á╔ÁnextContext, 
╔Á╔ÁngDeclareClassMetadata, ╔Á╔ÁngDeclareClassMetadataAsync, ╔Á╔ÁngDeclareComponent, ╔Á╔ÁngDeclareDirective, 
╔Á╔ÁngDeclareFactory, ╔Á╔ÁngDeclareInjectable, ╔Á╔ÁngDeclareInjector, ╔Á╔ÁngDeclareNgModule, ╔Á╔ÁngDeclarePipe, 
╔Á╔Ápipe, ╔Á╔ÁpipeBind1, ╔Á╔ÁpipeBind2, ╔Á╔ÁpipeBind3, ╔Á╔ÁpipeBind4, ╔Á╔ÁpipeBindV, ╔Á╔Áprojection, 
╔Á╔ÁprojectionDef, ╔Á╔Áproperty, ╔Á╔ÁpropertyInterpolate, ╔Á╔ÁpropertyInterpolate1, ╔Á╔ÁpropertyInterpolate2, 
╔Á╔ÁpropertyInterpolate3, ╔Á╔ÁpropertyInterpolate4, ╔Á╔ÁpropertyInterpolate5, ╔Á╔ÁpropertyInterpolate6, 
╔Á╔ÁpropertyInterpolate7, ╔Á╔ÁpropertyInterpolate8, ╔Á╔ÁpropertyInterpolateV, ╔Á╔ÁpureFunction0, ╔Á╔ÁpureFunction1, 
╔Á╔ÁpureFunction2, ╔Á╔ÁpureFunction3, ╔Á╔ÁpureFunction4, ╔Á╔ÁpureFunction5, ╔Á╔ÁpureFunction6, ╔Á╔ÁpureFunction7, 
╔Á╔ÁpureFunction8, ╔Á╔ÁpureFunctionV, ╔Á╔ÁqueryAdvance, ╔Á╔ÁqueryRefresh, ╔Á╔ÁreadContextLet, ╔Á╔Áreference, 
╔Á╔ÁregisterNgModuleType, ╔Á╔Árepeater, ╔Á╔ÁrepeaterCreate, ╔Á╔ÁrepeaterTrackByIdentity, ╔Á╔ÁrepeaterTrackByIndex, 
╔Á╔ÁresetView, ╔Á╔ÁresolveBody, ╔Á╔ÁresolveDocument, ╔Á╔ÁresolveWindow, ╔Á╔ÁrestoreView, ╔Á╔ÁsanitizeHtml, 
╔Á╔ÁsanitizeResourceUrl, ╔Á╔ÁsanitizeScript, ╔Á╔ÁsanitizeStyle, ╔Á╔ÁsanitizeUrl, ╔Á╔ÁsanitizeUrlOrResourceUrl, 
╔Á╔ÁsetComponentScope, ╔Á╔ÁsetNgModuleScope, ╔Á╔ÁstoreLet, ╔Á╔ÁstyleMap, ╔Á╔ÁstyleMapInterpolate1, 
╔Á╔ÁstyleMapInterpolate2, ╔Á╔ÁstyleMapInterpolate3, ╔Á╔ÁstyleMapInterpolate4, ╔Á╔ÁstyleMapInterpolate5, 
╔Á╔ÁstyleMapInterpolate6, ╔Á╔ÁstyleMapInterpolate7, ╔Á╔ÁstyleMapInterpolate8, ╔Á╔ÁstyleMapInterpolateV, ╔Á╔ÁstyleProp, 
╔Á╔ÁstylePropInterpolate1, ╔Á╔ÁstylePropInterpolate2, ╔Á╔ÁstylePropInterpolate3, ╔Á╔ÁstylePropInterpolate4, 
╔Á╔ÁstylePropInterpolate5, ╔Á╔ÁstylePropInterpolate6, ╔Á╔ÁstylePropInterpolate7, ╔Á╔ÁstylePropInterpolate8, 
╔Á╔ÁstylePropInterpolateV, ╔Á╔ÁsyntheticHostListener, ╔Á╔ÁsyntheticHostProperty, ╔Á╔Átemplate, 
╔Á╔ÁtemplateRefExtractor, ╔Á╔Átext, ╔Á╔ÁtextInterpolate, ╔Á╔ÁtextInterpolate1, ╔Á╔ÁtextInterpolate2, 
╔Á╔ÁtextInterpolate3, ╔Á╔ÁtextInterpolate4, ╔Á╔ÁtextInterpolate5, ╔Á╔ÁtextInterpolate6, ╔Á╔ÁtextInterpolate7, 
╔Á╔ÁtextInterpolate8, ╔Á╔ÁtextInterpolateV, ╔Á╔ÁtrustConstantHtml, ╔Á╔ÁtrustConstantResourceUrl, ╔Á╔ÁtwoWayBindingSet, 
╔Á╔ÁtwoWayListener, ╔Á╔ÁtwoWayProperty, ╔Á╔ÁvalidateIframeAttribute, ╔Á╔ÁviewQuery, ╔Á╔ÁviewQuerySignal)

../node_modules/@angular/cdk/fesm2022/overlay.mjs:3000:29-71 - Error: export '╔Á╔ÁInputFlags' (imported as 'i0') was 
not found in '@angular/core' (possible exports: ANIMATION_MODULE_TYPE, APP_BOOTSTRAP_LISTENER, APP_ID, 
APP_INITIALIZER, AfterRenderPhase, ApplicationInitStatus, ApplicationModule, ApplicationRef, Attribute, 
COMPILER_OPTIONS, CSP_NONCE, CUSTOM_ELEMENTS_SCHEMA, ChangeDetectionStrategy, ChangeDetectorRef, Compiler, 
CompilerFactory, Component, ComponentFactory, ComponentFactoryResolver, ComponentRef, ContentChild, ContentChildren, 
DEFAULT_CURRENCY_CODE, DebugElement, DebugEventListener, DebugNode, DefaultIterableDiffer, DestroyRef, Directive, 
ENVIRONMENT_INITIALIZER, ElementRef, EmbeddedViewRef, EnvironmentInjector, ErrorHandler, EventEmitter, 
ExperimentalPendingTasks, HOST_TAG_NAME, Host, HostAttributeToken, HostBinding, HostListener, INJECTOR, Inject, 
InjectFlags, Injectable, InjectionToken, Injector, Input, IterableDiffers, KeyValueDiffers, LOCALE_ID, 
MissingTranslationStrategy, ModuleWithComponentFactories, NO_ERRORS_SCHEMA, NgModule, NgModuleFactory, NgModuleRef, 
NgProbeToken, NgZone, Optional, Output, OutputEmitterRef, PACKAGE_ROOT_URL, PLATFORM_ID, PLATFORM_INITIALIZER, Pipe, 
PlatformRef, Query, QueryList, Renderer2, RendererFactory2, RendererStyleFlags2, Sanitizer, SecurityContext, Self, 
SimpleChange, SkipSelf, TRANSLATIONS, TRANSLATIONS_FORMAT, TemplateRef, Testability, TestabilityRegistry, 
TransferState, Type, VERSION, Version, ViewChild, ViewChildren, ViewContainerRef, ViewEncapsulation, ViewRef, 
afterNextRender, afterRender, asNativeElements, assertInInjectionContext, assertNotInReactiveContext, assertPlatform, 
booleanAttribute, computed, contentChild, contentChildren, createComponent, createEnvironmentInjector, createNgModule, 
createNgModuleRef, createPlatform, createPlatformFactory, defineInjectable, destroyPlatform, effect, enableProdMode, 
forwardRef, getDebugNode, getModuleFactory, getNgModuleById, getPlatform, importProvidersFrom, inject, input, 
isDevMode, isSignal, isStandalone, makeEnvironmentProviders, makeStateKey, mergeApplicationConfig, model, 
numberAttribute, output, platformCore, provideExperimentalCheckNoChangesForDebug, 
provideExperimentalZonelessChangeDetection, provideZoneChangeDetection, reflectComponentType, resolveForwardRef, 
runInInjectionContext, setTestabilityGetter, signal, untracked, viewChild, viewChildren, ╔ÁALLOW_MULTIPLE_PLATFORMS, 
╔ÁAfterRenderManager, ╔ÁCONTAINER_HEADER_OFFSET, ╔ÁChangeDetectionScheduler, ╔ÁChangeDetectionSchedulerImpl, 
╔ÁComponentFactory, ╔ÁConsole, ╔ÁDEFAULT_LOCALE_ID, ╔ÁDEFER_BLOCK_CONFIG, ╔ÁDEFER_BLOCK_DEPENDENCY_INTERCEPTOR, 
╔ÁDeferBlockBehavior, ╔ÁDeferBlockState, ╔ÁEffectScheduler, ╔ÁIMAGE_CONFIG, ╔ÁIMAGE_CONFIG_DEFAULTS, ╔ÁINJECTOR_SCOPE, 
╔ÁINPUT_SIGNAL_BRAND_WRITE_TYPE, ╔ÁINTERNAL_APPLICATION_ERROR_HANDLER, ╔ÁIS_HYDRATION_DOM_REUSE_ENABLED, 
╔ÁJSACTION_EVENT_CONTRACT, ╔ÁLContext, ╔ÁLifecycleHooksFeature, ╔ÁLocaleDataIndex, ╔ÁNG_COMP_DEF, ╔ÁNG_DIR_DEF, 
╔ÁNG_ELEMENT_ID, ╔ÁNG_INJ_DEF, ╔ÁNG_MOD_DEF, ╔ÁNG_PIPE_DEF, ╔ÁNG_PROV_DEF, ╔ÁNOT_FOUND_CHECK_ONLY_ELEMENT_INJECTOR, 
╔ÁNO_CHANGE, ╔ÁNgModuleFactory, ╔ÁNoopNgZone, ╔ÁPROVIDED_NG_ZONE, ╔ÁPendingTasks, ╔ÁReflectionCapabilities, 
╔ÁRender3ComponentFactory, ╔ÁRender3ComponentRef, ╔ÁRender3NgModuleRef, ╔ÁRuntimeError, ╔ÁSIGNAL, 
╔ÁSSR_CONTENT_INTEGRITY_MARKER, ╔ÁTESTABILITY, ╔ÁTESTABILITY_GETTER, ╔ÁUSE_RUNTIME_DEPS_TRACKER_FOR_JIT, ╔ÁViewRef, 
╔ÁXSS_SECURITY_URL, ╔ÁZONELESS_ENABLED, ╔Á_sanitizeHtml, ╔Á_sanitizeUrl, ╔ÁallowSanitizationBypassAndThrow, 
╔ÁannotateForHydration, ╔ÁbypassSanitizationTrustHtml, ╔ÁbypassSanitizationTrustResourceUrl, 
╔ÁbypassSanitizationTrustScript, ╔ÁbypassSanitizationTrustStyle, ╔ÁbypassSanitizationTrustUrl, 
╔ÁclearResolutionOfComponentResourcesQueue, ╔ÁcompileComponent, ╔ÁcompileDirective, ╔ÁcompileNgModule, 
╔ÁcompileNgModuleDefs, ╔ÁcompileNgModuleFactory, ╔ÁcompilePipe, ╔ÁconvertToBitFlags, ╔ÁcreateInjector, 
╔ÁdefaultIterableDiffers, ╔ÁdefaultKeyValueDiffers, ╔ÁdepsTracker, ╔ÁdetectChangesInViewIfRequired, ╔ÁdevModeEqual, 
╔ÁfindLocaleData, ╔ÁflushModuleScopingQueueAsMuchAsPossible, ╔ÁformatRuntimeError, 
╔ÁgenerateStandaloneInDeclarationsError, ╔ÁgetAsyncClassMetadataFn, ╔ÁgetDebugNode, ╔ÁgetDeferBlocks, ╔ÁgetDirectives, 
╔ÁgetHostElement, ╔ÁgetInjectableDef, ╔ÁgetLContext, ╔ÁgetLocaleCurrencyCode, ╔ÁgetLocalePluralCase, 
╔ÁgetOutputDestroyRef, ╔ÁgetSanitizationBypassType, ╔ÁgetUnknownElementStrictMode, ╔ÁgetUnknownPropertyStrictMode, 
╔Áglobal, ╔ÁinjectChangeDetectorRef, ╔ÁinternalCreateApplication, ╔ÁinternalProvideZoneChangeDetection, 
╔ÁisBoundToModule, ╔ÁisComponentDefPendingResolution, ╔ÁisEnvironmentProviders, ╔ÁisInjectable, ╔ÁisNgModule, 
╔ÁisPromise, ╔ÁisSubscribable, ╔ÁnoSideEffects, ╔ÁpatchComponentDefWithScope, ╔ÁperformanceMarkFeature, 
╔ÁreadHydrationInfo, ╔ÁregisterLocaleData, ╔ÁrenderDeferBlockState, ╔ÁresetCompiledComponents, ╔ÁresetJitOptions, 
╔ÁresolveComponentResources, ╔ÁrestoreComponentResolutionQueue, ╔ÁsetAllowDuplicateNgModuleIdsForTest, 
╔ÁsetAlternateWeakRefImpl, ╔ÁsetClassDebugInfo, ╔ÁsetClassMetadata, ╔ÁsetClassMetadataAsync, ╔ÁsetCurrentInjector, 
╔ÁsetDocument, ╔ÁsetInjectorProfilerContext, ╔ÁsetLocaleId, ╔ÁsetUnknownElementStrictMode, 
╔ÁsetUnknownPropertyStrictMode, ╔Ástore, ╔Ástringify, ╔ÁtransitiveScopesFor, ╔ÁtriggerResourceLoading, 
╔ÁtruncateMiddle, ╔ÁunregisterLocaleData, ╔ÁunwrapSafeValue, ╔ÁunwrapWritableSignal, ╔ÁwhenStable, ╔ÁwithDomHydration, 
╔ÁwithEventReplay, ╔ÁwithI18nSupport, ╔Á╔ÁCopyDefinitionFeature, ╔Á╔ÁFactoryTarget, ╔Á╔ÁHostDirectivesFeature, 
╔Á╔ÁInheritDefinitionFeature, ╔Á╔ÁInputTransformsFeature, ╔Á╔ÁNgOnChangesFeature, ╔Á╔ÁProvidersFeature, 
╔Á╔ÁStandaloneFeature, ╔Á╔Áadvance, ╔Á╔Áattribute, ╔Á╔ÁattributeInterpolate1, ╔Á╔ÁattributeInterpolate2, 
╔Á╔ÁattributeInterpolate3, ╔Á╔ÁattributeInterpolate4, ╔Á╔ÁattributeInterpolate5, ╔Á╔ÁattributeInterpolate6, 
╔Á╔ÁattributeInterpolate7, ╔Á╔ÁattributeInterpolate8, ╔Á╔ÁattributeInterpolateV, ╔Á╔ÁclassMap, 
╔Á╔ÁclassMapInterpolate1, ╔Á╔ÁclassMapInterpolate2, ╔Á╔ÁclassMapInterpolate3, ╔Á╔ÁclassMapInterpolate4, 
╔Á╔ÁclassMapInterpolate5, ╔Á╔ÁclassMapInterpolate6, ╔Á╔ÁclassMapInterpolate7, ╔Á╔ÁclassMapInterpolate8, 
╔Á╔ÁclassMapInterpolateV, ╔Á╔ÁclassProp, ╔Á╔ÁcomponentInstance, ╔Á╔Áconditional, ╔Á╔ÁcontentQuery, 
╔Á╔ÁcontentQuerySignal, ╔Á╔ÁdeclareLet, ╔Á╔Ádefer, ╔Á╔ÁdeferEnableTimerScheduling, ╔Á╔ÁdeferOnHover, ╔Á╔ÁdeferOnIdle, 
╔Á╔ÁdeferOnImmediate, ╔Á╔ÁdeferOnInteraction, ╔Á╔ÁdeferOnTimer, ╔Á╔ÁdeferOnViewport, ╔Á╔ÁdeferPrefetchOnHover, 
╔Á╔ÁdeferPrefetchOnIdle, ╔Á╔ÁdeferPrefetchOnImmediate, ╔Á╔ÁdeferPrefetchOnInteraction, ╔Á╔ÁdeferPrefetchOnTimer, 
╔Á╔ÁdeferPrefetchOnViewport, ╔Á╔ÁdeferPrefetchWhen, ╔Á╔ÁdeferWhen, ╔Á╔ÁdefineComponent, ╔Á╔ÁdefineDirective, 
╔Á╔ÁdefineInjectable, ╔Á╔ÁdefineInjector, ╔Á╔ÁdefineNgModule, ╔Á╔ÁdefinePipe, ╔Á╔ÁdirectiveInject, 
╔Á╔ÁdisableBindings, ╔Á╔Áelement, ╔Á╔ÁelementContainer, ╔Á╔ÁelementContainerEnd, ╔Á╔ÁelementContainerStart, 
╔Á╔ÁelementEnd, ╔Á╔ÁelementStart, ╔Á╔ÁenableBindings, ╔Á╔ÁgetComponentDepsFactory, ╔Á╔ÁgetCurrentView, 
╔Á╔ÁgetInheritedFactory, ╔Á╔ÁhostProperty, ╔Á╔Ái18n, ╔Á╔Ái18nApply, ╔Á╔Ái18nAttributes, ╔Á╔Ái18nEnd, ╔Á╔Ái18nExp, 
╔Á╔Ái18nPostprocess, ╔Á╔Ái18nStart, ╔Á╔Áinject, ╔Á╔ÁinjectAttribute, ╔Á╔ÁinvalidFactory, ╔Á╔ÁinvalidFactoryDep, 
╔Á╔Álistener, ╔Á╔ÁloadQuery, ╔Á╔ÁnamespaceHTML, ╔Á╔ÁnamespaceMathML, ╔Á╔ÁnamespaceSVG, ╔Á╔ÁnextContext, 
╔Á╔ÁngDeclareClassMetadata, ╔Á╔ÁngDeclareClassMetadataAsync, ╔Á╔ÁngDeclareComponent, ╔Á╔ÁngDeclareDirective, 
╔Á╔ÁngDeclareFactory, ╔Á╔ÁngDeclareInjectable, ╔Á╔ÁngDeclareInjector, ╔Á╔ÁngDeclareNgModule, ╔Á╔ÁngDeclarePipe, 
╔Á╔Ápipe, ╔Á╔ÁpipeBind1, ╔Á╔ÁpipeBind2, ╔Á╔ÁpipeBind3, ╔Á╔ÁpipeBind4, ╔Á╔ÁpipeBindV, ╔Á╔Áprojection, 
╔Á╔ÁprojectionDef, ╔Á╔Áproperty, ╔Á╔ÁpropertyInterpolate, ╔Á╔ÁpropertyInterpolate1, ╔Á╔ÁpropertyInterpolate2, 
╔Á╔ÁpropertyInterpolate3, ╔Á╔ÁpropertyInterpolate4, ╔Á╔ÁpropertyInterpolate5, ╔Á╔ÁpropertyInterpolate6, 
╔Á╔ÁpropertyInterpolate7, ╔Á╔ÁpropertyInterpolate8, ╔Á╔ÁpropertyInterpolateV, ╔Á╔ÁpureFunction0, ╔Á╔ÁpureFunction1, 
╔Á╔ÁpureFunction2, ╔Á╔ÁpureFunction3, ╔Á╔ÁpureFunction4, ╔Á╔ÁpureFunction5, ╔Á╔ÁpureFunction6, ╔Á╔ÁpureFunction7, 
╔Á╔ÁpureFunction8, ╔Á╔ÁpureFunctionV, ╔Á╔ÁqueryAdvance, ╔Á╔ÁqueryRefresh, ╔Á╔ÁreadContextLet, ╔Á╔Áreference, 
╔Á╔ÁregisterNgModuleType, ╔Á╔Árepeater, ╔Á╔ÁrepeaterCreate, ╔Á╔ÁrepeaterTrackByIdentity, ╔Á╔ÁrepeaterTrackByIndex, 
╔Á╔ÁresetView, ╔Á╔ÁresolveBody, ╔Á╔ÁresolveDocument, ╔Á╔ÁresolveWindow, ╔Á╔ÁrestoreView, ╔Á╔ÁsanitizeHtml, 
╔Á╔ÁsanitizeResourceUrl, ╔Á╔ÁsanitizeScript, ╔Á╔ÁsanitizeStyle, ╔Á╔ÁsanitizeUrl, ╔Á╔ÁsanitizeUrlOrResourceUrl, 
╔Á╔ÁsetComponentScope, ╔Á╔ÁsetNgModuleScope, ╔Á╔ÁstoreLet, ╔Á╔ÁstyleMap, ╔Á╔ÁstyleMapInterpolate1, 
╔Á╔ÁstyleMapInterpolate2, ╔Á╔ÁstyleMapInterpolate3, ╔Á╔ÁstyleMapInterpolate4, ╔Á╔ÁstyleMapInterpolate5, 
╔Á╔ÁstyleMapInterpolate6, ╔Á╔ÁstyleMapInterpolate7, ╔Á╔ÁstyleMapInterpolate8, ╔Á╔ÁstyleMapInterpolateV, ╔Á╔ÁstyleProp, 
╔Á╔ÁstylePropInterpolate1, ╔Á╔ÁstylePropInterpolate2, ╔Á╔ÁstylePropInterpolate3, ╔Á╔ÁstylePropInterpolate4, 
╔Á╔ÁstylePropInterpolate5, ╔Á╔ÁstylePropInterpolate6, ╔Á╔ÁstylePropInterpolate7, ╔Á╔ÁstylePropInterpolate8, 
╔Á╔ÁstylePropInterpolateV, ╔Á╔ÁsyntheticHostListener, ╔Á╔ÁsyntheticHostProperty, ╔Á╔Átemplate, 
╔Á╔ÁtemplateRefExtractor, ╔Á╔Átext, ╔Á╔ÁtextInterpolate, ╔Á╔ÁtextInterpolate1, ╔Á╔ÁtextInterpolate2, 
╔Á╔ÁtextInterpolate3, ╔Á╔ÁtextInterpolate4, ╔Á╔ÁtextInterpolate5, ╔Á╔ÁtextInterpolate6, ╔Á╔ÁtextInterpolate7, 
╔Á╔ÁtextInterpolate8, ╔Á╔ÁtextInterpolateV, ╔Á╔ÁtrustConstantHtml, ╔Á╔ÁtrustConstantResourceUrl, ╔Á╔ÁtwoWayBindingSet, 
╔Á╔ÁtwoWayListener, ╔Á╔ÁtwoWayProperty, ╔Á╔ÁvalidateIframeAttribute, ╔Á╔ÁviewQuery, ╔Á╔ÁviewQuerySignal)

../node_modules/@angular/cdk/fesm2022/overlay.mjs:3001:24-66 - Error: export '╔Á╔ÁInputFlags' (imported as 'i0') was 
not found in '@angular/core' (possible exports: ANIMATION_MODULE_TYPE, APP_BOOTSTRAP_LISTENER, APP_ID, 
APP_INITIALIZER, AfterRenderPhase, ApplicationInitStatus, ApplicationModule, ApplicationRef, Attribute, 
COMPILER_OPTIONS, CSP_NONCE, CUSTOM_ELEMENTS_SCHEMA, ChangeDetectionStrategy, ChangeDetectorRef, Compiler, 
CompilerFactory, Component, ComponentFactory, ComponentFactoryResolver, ComponentRef, ContentChild, ContentChildren, 
DEFAULT_CURRENCY_CODE, DebugElement, DebugEventListener, DebugNode, DefaultIterableDiffer, DestroyRef, Directive, 
ENVIRONMENT_INITIALIZER, ElementRef, EmbeddedViewRef, EnvironmentInjector, ErrorHandler, EventEmitter, 
ExperimentalPendingTasks, HOST_TAG_NAME, Host, HostAttributeToken, HostBinding, HostListener, INJECTOR, Inject, 
InjectFlags, Injectable, InjectionToken, Injector, Input, IterableDiffers, KeyValueDiffers, LOCALE_ID, 
MissingTranslationStrategy, ModuleWithComponentFactories, NO_ERRORS_SCHEMA, NgModule, NgModuleFactory, NgModuleRef, 
NgProbeToken, NgZone, Optional, Output, OutputEmitterRef, PACKAGE_ROOT_URL, PLATFORM_ID, PLATFORM_INITIALIZER, Pipe, 
PlatformRef, Query, QueryList, Renderer2, RendererFactory2, RendererStyleFlags2, Sanitizer, SecurityContext, Self, 
SimpleChange, SkipSelf, TRANSLATIONS, TRANSLATIONS_FORMAT, TemplateRef, Testability, TestabilityRegistry, 
TransferState, Type, VERSION, Version, ViewChild, ViewChildren, ViewContainerRef, ViewEncapsulation, ViewRef, 
afterNextRender, afterRender, asNativeElements, assertInInjectionContext, assertNotInReactiveContext, assertPlatform, 
booleanAttribute, computed, contentChild, contentChildren, createComponent, createEnvironmentInjector, createNgModule, 
createNgModuleRef, createPlatform, createPlatformFactory, defineInjectable, destroyPlatform, effect, enableProdMode, 
forwardRef, getDebugNode, getModuleFactory, getNgModuleById, getPlatform, importProvidersFrom, inject, input, 
isDevMode, isSignal, isStandalone, makeEnvironmentProviders, makeStateKey, mergeApplicationConfig, model, 
numberAttribute, output, platformCore, provideExperimentalCheckNoChangesForDebug, 
provideExperimentalZonelessChangeDetection, provideZoneChangeDetection, reflectComponentType, resolveForwardRef, 
runInInjectionContext, setTestabilityGetter, signal, untracked, viewChild, viewChildren, ╔ÁALLOW_MULTIPLE_PLATFORMS, 
╔ÁAfterRenderManager, ╔ÁCONTAINER_HEADER_OFFSET, ╔ÁChangeDetectionScheduler, ╔ÁChangeDetectionSchedulerImpl, 
╔ÁComponentFactory, ╔ÁConsole, ╔ÁDEFAULT_LOCALE_ID, ╔ÁDEFER_BLOCK_CONFIG, ╔ÁDEFER_BLOCK_DEPENDENCY_INTERCEPTOR, 
╔ÁDeferBlockBehavior, ╔ÁDeferBlockState, ╔ÁEffectScheduler, ╔ÁIMAGE_CONFIG, ╔ÁIMAGE_CONFIG_DEFAULTS, ╔ÁINJECTOR_SCOPE, 
╔ÁINPUT_SIGNAL_BRAND_WRITE_TYPE, ╔ÁINTERNAL_APPLICATION_ERROR_HANDLER, ╔ÁIS_HYDRATION_DOM_REUSE_ENABLED, 
╔ÁJSACTION_EVENT_CONTRACT, ╔ÁLContext, ╔ÁLifecycleHooksFeature, ╔ÁLocaleDataIndex, ╔ÁNG_COMP_DEF, ╔ÁNG_DIR_DEF, 
╔ÁNG_ELEMENT_ID, ╔ÁNG_INJ_DEF, ╔ÁNG_MOD_DEF, ╔ÁNG_PIPE_DEF, ╔ÁNG_PROV_DEF, ╔ÁNOT_FOUND_CHECK_ONLY_ELEMENT_INJECTOR, 
╔ÁNO_CHANGE, ╔ÁNgModuleFactory, ╔ÁNoopNgZone, ╔ÁPROVIDED_NG_ZONE, ╔ÁPendingTasks, ╔ÁReflectionCapabilities, 
╔ÁRender3ComponentFactory, ╔ÁRender3ComponentRef, ╔ÁRender3NgModuleRef, ╔ÁRuntimeError, ╔ÁSIGNAL, 
╔ÁSSR_CONTENT_INTEGRITY_MARKER, ╔ÁTESTABILITY, ╔ÁTESTABILITY_GETTER, ╔ÁUSE_RUNTIME_DEPS_TRACKER_FOR_JIT, ╔ÁViewRef, 
╔ÁXSS_SECURITY_URL, ╔ÁZONELESS_ENABLED, ╔Á_sanitizeHtml, ╔Á_sanitizeUrl, ╔ÁallowSanitizationBypassAndThrow, 
╔ÁannotateForHydration, ╔ÁbypassSanitizationTrustHtml, ╔ÁbypassSanitizationTrustResourceUrl, 
╔ÁbypassSanitizationTrustScript, ╔ÁbypassSanitizationTrustStyle, ╔ÁbypassSanitizationTrustUrl, 
╔ÁclearResolutionOfComponentResourcesQueue, ╔ÁcompileComponent, ╔ÁcompileDirective, ╔ÁcompileNgModule, 
╔ÁcompileNgModuleDefs, ╔ÁcompileNgModuleFactory, ╔ÁcompilePipe, ╔ÁconvertToBitFlags, ╔ÁcreateInjector, 
╔ÁdefaultIterableDiffers, ╔ÁdefaultKeyValueDiffers, ╔ÁdepsTracker, ╔ÁdetectChangesInViewIfRequired, ╔ÁdevModeEqual, 
╔ÁfindLocaleData, ╔ÁflushModuleScopingQueueAsMuchAsPossible, ╔ÁformatRuntimeError, 
╔ÁgenerateStandaloneInDeclarationsError, ╔ÁgetAsyncClassMetadataFn, ╔ÁgetDebugNode, ╔ÁgetDeferBlocks, ╔ÁgetDirectives, 
╔ÁgetHostElement, ╔ÁgetInjectableDef, ╔ÁgetLContext, ╔ÁgetLocaleCurrencyCode, ╔ÁgetLocalePluralCase, 
╔ÁgetOutputDestroyRef, ╔ÁgetSanitizationBypassType, ╔ÁgetUnknownElementStrictMode, ╔ÁgetUnknownPropertyStrictMode, 
╔Áglobal, ╔ÁinjectChangeDetectorRef, ╔ÁinternalCreateApplication, ╔ÁinternalProvideZoneChangeDetection, 
╔ÁisBoundToModule, ╔ÁisComponentDefPendingResolution, ╔ÁisEnvironmentProviders, ╔ÁisInjectable, ╔ÁisNgModule, 
╔ÁisPromise, ╔ÁisSubscribable, ╔ÁnoSideEffects, ╔ÁpatchComponentDefWithScope, ╔ÁperformanceMarkFeature, 
╔ÁreadHydrationInfo, ╔ÁregisterLocaleData, ╔ÁrenderDeferBlockState, ╔ÁresetCompiledComponents, ╔ÁresetJitOptions, 
╔ÁresolveComponentResources, ╔ÁrestoreComponentResolutionQueue, ╔ÁsetAllowDuplicateNgModuleIdsForTest, 
╔ÁsetAlternateWeakRefImpl, ╔ÁsetClassDebugInfo, ╔ÁsetClassMetadata, ╔ÁsetClassMetadataAsync, ╔ÁsetCurrentInjector, 
╔ÁsetDocument, ╔ÁsetInjectorProfilerContext, ╔ÁsetLocaleId, ╔ÁsetUnknownElementStrictMode, 
╔ÁsetUnknownPropertyStrictMode, ╔Ástore, ╔Ástringify, ╔ÁtransitiveScopesFor, ╔ÁtriggerResourceLoading, 
╔ÁtruncateMiddle, ╔ÁunregisterLocaleData, ╔ÁunwrapSafeValue, ╔ÁunwrapWritableSignal, ╔ÁwhenStable, ╔ÁwithDomHydration, 
╔ÁwithEventReplay, ╔ÁwithI18nSupport, ╔Á╔ÁCopyDefinitionFeature, ╔Á╔ÁFactoryTarget, ╔Á╔ÁHostDirectivesFeature, 
╔Á╔ÁInheritDefinitionFeature, ╔Á╔ÁInputTransformsFeature, ╔Á╔ÁNgOnChangesFeature, ╔Á╔ÁProvidersFeature, 
╔Á╔ÁStandaloneFeature, ╔Á╔Áadvance, ╔Á╔Áattribute, ╔Á╔ÁattributeInterpolate1, ╔Á╔ÁattributeInterpolate2, 
╔Á╔ÁattributeInterpolate3, ╔Á╔ÁattributeInterpolate4, ╔Á╔ÁattributeInterpolate5, ╔Á╔ÁattributeInterpolate6, 
╔Á╔ÁattributeInterpolate7, ╔Á╔ÁattributeInterpolate8, ╔Á╔ÁattributeInterpolateV, ╔Á╔ÁclassMap, 
╔Á╔ÁclassMapInterpolate1, ╔Á╔ÁclassMapInterpolate2, ╔Á╔ÁclassMapInterpolate3, ╔Á╔ÁclassMapInterpolate4, 
╔Á╔ÁclassMapInterpolate5, ╔Á╔ÁclassMapInterpolate6, ╔Á╔ÁclassMapInterpolate7, ╔Á╔ÁclassMapInterpolate8, 
╔Á╔ÁclassMapInterpolateV, ╔Á╔ÁclassProp, ╔Á╔ÁcomponentInstance, ╔Á╔Áconditional, ╔Á╔ÁcontentQuery, 
╔Á╔ÁcontentQuerySignal, ╔Á╔ÁdeclareLet, ╔Á╔Ádefer, ╔Á╔ÁdeferEnableTimerScheduling, ╔Á╔ÁdeferOnHover, ╔Á╔ÁdeferOnIdle, 
╔Á╔ÁdeferOnImmediate, ╔Á╔ÁdeferOnInteraction, ╔Á╔ÁdeferOnTimer, ╔Á╔ÁdeferOnViewport, ╔Á╔ÁdeferPrefetchOnHover, 
╔Á╔ÁdeferPrefetchOnIdle, ╔Á╔ÁdeferPrefetchOnImmediate, ╔Á╔ÁdeferPrefetchOnInteraction, ╔Á╔ÁdeferPrefetchOnTimer, 
╔Á╔ÁdeferPrefetchOnViewport, ╔Á╔ÁdeferPrefetchWhen, ╔Á╔ÁdeferWhen, ╔Á╔ÁdefineComponent, ╔Á╔ÁdefineDirective, 
╔Á╔ÁdefineInjectable, ╔Á╔ÁdefineInjector, ╔Á╔ÁdefineNgModule, ╔Á╔ÁdefinePipe, ╔Á╔ÁdirectiveInject, 
╔Á╔ÁdisableBindings, ╔Á╔Áelement, ╔Á╔ÁelementContainer, ╔Á╔ÁelementContainerEnd, ╔Á╔ÁelementContainerStart, 
╔Á╔ÁelementEnd, ╔Á╔ÁelementStart, ╔Á╔ÁenableBindings, ╔Á╔ÁgetComponentDepsFactory, ╔Á╔ÁgetCurrentView, 
╔Á╔ÁgetInheritedFactory, ╔Á╔ÁhostProperty, ╔Á╔Ái18n, ╔Á╔Ái18nApply, ╔Á╔Ái18nAttributes, ╔Á╔Ái18nEnd, ╔Á╔Ái18nExp, 
╔Á╔Ái18nPostprocess, ╔Á╔Ái18nStart, ╔Á╔Áinject, ╔Á╔ÁinjectAttribute, ╔Á╔ÁinvalidFactory, ╔Á╔ÁinvalidFactoryDep, 
╔Á╔Álistener, ╔Á╔ÁloadQuery, ╔Á╔ÁnamespaceHTML, ╔Á╔ÁnamespaceMathML, ╔Á╔ÁnamespaceSVG, ╔Á╔ÁnextContext, 
╔Á╔ÁngDeclareClassMetadata, ╔Á╔ÁngDeclareClassMetadataAsync, ╔Á╔ÁngDeclareComponent, ╔Á╔ÁngDeclareDirective, 
╔Á╔ÁngDeclareFactory, ╔Á╔ÁngDeclareInjectable, ╔Á╔ÁngDeclareInjector, ╔Á╔ÁngDeclareNgModule, ╔Á╔ÁngDeclarePipe, 
╔Á╔Ápipe, ╔Á╔ÁpipeBind1, ╔Á╔ÁpipeBind2, ╔Á╔ÁpipeBind3, ╔Á╔ÁpipeBind4, ╔Á╔ÁpipeBindV, ╔Á╔Áprojection, 
╔Á╔ÁprojectionDef, ╔Á╔Áproperty, ╔Á╔ÁpropertyInterpolate, ╔Á╔ÁpropertyInterpolate1, ╔Á╔ÁpropertyInterpolate2, 
╔Á╔ÁpropertyInterpolate3, ╔Á╔ÁpropertyInterpolate4, ╔Á╔ÁpropertyInterpolate5, ╔Á╔ÁpropertyInterpolate6, 
╔Á╔ÁpropertyInterpolate7, ╔Á╔ÁpropertyInterpolate8, ╔Á╔ÁpropertyInterpolateV, ╔Á╔ÁpureFunction0, ╔Á╔ÁpureFunction1, 
╔Á╔ÁpureFunction2, ╔Á╔ÁpureFunction3, ╔Á╔ÁpureFunction4, ╔Á╔ÁpureFunction5, ╔Á╔ÁpureFunction6, ╔Á╔ÁpureFunction7, 
╔Á╔ÁpureFunction8, ╔Á╔ÁpureFunctionV, ╔Á╔ÁqueryAdvance, ╔Á╔ÁqueryRefresh, ╔Á╔ÁreadContextLet, ╔Á╔Áreference, 
╔Á╔ÁregisterNgModuleType, ╔Á╔Árepeater, ╔Á╔ÁrepeaterCreate, ╔Á╔ÁrepeaterTrackByIdentity, ╔Á╔ÁrepeaterTrackByIndex, 
╔Á╔ÁresetView, ╔Á╔ÁresolveBody, ╔Á╔ÁresolveDocument, ╔Á╔ÁresolveWindow, ╔Á╔ÁrestoreView, ╔Á╔ÁsanitizeHtml, 
╔Á╔ÁsanitizeResourceUrl, ╔Á╔ÁsanitizeScript, ╔Á╔ÁsanitizeStyle, ╔Á╔ÁsanitizeUrl, ╔Á╔ÁsanitizeUrlOrResourceUrl, 
╔Á╔ÁsetComponentScope, ╔Á╔ÁsetNgModuleScope, ╔Á╔ÁstoreLet, ╔Á╔ÁstyleMap, ╔Á╔ÁstyleMapInterpolate1, 
╔Á╔ÁstyleMapInterpolate2, ╔Á╔ÁstyleMapInterpolate3, ╔Á╔ÁstyleMapInterpolate4, ╔Á╔ÁstyleMapInterpolate5, 
╔Á╔ÁstyleMapInterpolate6, ╔Á╔ÁstyleMapInterpolate7, ╔Á╔ÁstyleMapInterpolate8, ╔Á╔ÁstyleMapInterpolateV, ╔Á╔ÁstyleProp, 
╔Á╔ÁstylePropInterpolate1, ╔Á╔ÁstylePropInterpolate2, ╔Á╔ÁstylePropInterpolate3, ╔Á╔ÁstylePropInterpolate4, 
╔Á╔ÁstylePropInterpolate5, ╔Á╔ÁstylePropInterpolate6, ╔Á╔ÁstylePropInterpolate7, ╔Á╔ÁstylePropInterpolate8, 
╔Á╔ÁstylePropInterpolateV, ╔Á╔ÁsyntheticHostListener, ╔Á╔ÁsyntheticHostProperty, ╔Á╔Átemplate, 
╔Á╔ÁtemplateRefExtractor, ╔Á╔Átext, ╔Á╔ÁtextInterpolate, ╔Á╔ÁtextInterpolate1, ╔Á╔ÁtextInterpolate2, 
╔Á╔ÁtextInterpolate3, ╔Á╔ÁtextInterpolate4, ╔Á╔ÁtextInterpolate5, ╔Á╔ÁtextInterpolate6, ╔Á╔ÁtextInterpolate7, 
╔Á╔ÁtextInterpolate8, ╔Á╔ÁtextInterpolateV, ╔Á╔ÁtrustConstantHtml, ╔Á╔ÁtrustConstantResourceUrl, ╔Á╔ÁtwoWayBindingSet, 
╔Á╔ÁtwoWayListener, ╔Á╔ÁtwoWayProperty, ╔Á╔ÁvalidateIframeAttribute, ╔Á╔ÁviewQuery, ╔Á╔ÁviewQuerySignal)

../node_modules/@angular/cdk/fesm2022/overlay.mjs:3002:15-57 - Error: export '╔Á╔ÁInputFlags' (imported as 'i0') was 
not found in '@angular/core' (possible exports: ANIMATION_MODULE_TYPE, APP_BOOTSTRAP_LISTENER, APP_ID, 
APP_INITIALIZER, AfterRenderPhase, ApplicationInitStatus, ApplicationModule, ApplicationRef, Attribute, 
COMPILER_OPTIONS, CSP_NONCE, CUSTOM_ELEMENTS_SCHEMA, ChangeDetectionStrategy, ChangeDetectorRef, Compiler, 
CompilerFactory, Component, ComponentFactory, ComponentFactoryResolver, ComponentRef, ContentChild, ContentChildren, 
DEFAULT_CURRENCY_CODE, DebugElement, DebugEventListener, DebugNode, DefaultIterableDiffer, DestroyRef, Directive, 
ENVIRONMENT_INITIALIZER, ElementRef, EmbeddedViewRef, EnvironmentInjector, ErrorHandler, EventEmitter, 
ExperimentalPendingTasks, HOST_TAG_NAME, Host, HostAttributeToken, HostBinding, HostListener, INJECTOR, Inject, 
InjectFlags, Injectable, InjectionToken, Injector, Input, IterableDiffers, KeyValueDiffers, LOCALE_ID, 
MissingTranslationStrategy, ModuleWithComponentFactories, NO_ERRORS_SCHEMA, NgModule, NgModuleFactory, NgModuleRef, 
NgProbeToken, NgZone, Optional, Output, OutputEmitterRef, PACKAGE_ROOT_URL, PLATFORM_ID, PLATFORM_INITIALIZER, Pipe, 
PlatformRef, Query, QueryList, Renderer2, RendererFactory2, RendererStyleFlags2, Sanitizer, SecurityContext, Self, 
SimpleChange, SkipSelf, TRANSLATIONS, TRANSLATIONS_FORMAT, TemplateRef, Testability, TestabilityRegistry, 
TransferState, Type, VERSION, Version, ViewChild, ViewChildren, ViewContainerRef, ViewEncapsulation, ViewRef, 
afterNextRender, afterRender, asNativeElements, assertInInjectionContext, assertNotInReactiveContext, assertPlatform, 
booleanAttribute, computed, contentChild, contentChildren, createComponent, createEnvironmentInjector, createNgModule, 
createNgModuleRef, createPlatform, createPlatformFactory, defineInjectable, destroyPlatform, effect, enableProdMode, 
forwardRef, getDebugNode, getModuleFactory, getNgModuleById, getPlatform, importProvidersFrom, inject, input, 
isDevMode, isSignal, isStandalone, makeEnvironmentProviders, makeStateKey, mergeApplicationConfig, model, 
numberAttribute, output, platformCore, provideExperimentalCheckNoChangesForDebug, 
provideExperimentalZonelessChangeDetection, provideZoneChangeDetection, reflectComponentType, resolveForwardRef, 
runInInjectionContext, setTestabilityGetter, signal, untracked, viewChild, viewChildren, ╔ÁALLOW_MULTIPLE_PLATFORMS, 
╔ÁAfterRenderManager, ╔ÁCONTAINER_HEADER_OFFSET, ╔ÁChangeDetectionScheduler, ╔ÁChangeDetectionSchedulerImpl, 
╔ÁComponentFactory, ╔ÁConsole, ╔ÁDEFAULT_LOCALE_ID, ╔ÁDEFER_BLOCK_CONFIG, ╔ÁDEFER_BLOCK_DEPENDENCY_INTERCEPTOR, 
╔ÁDeferBlockBehavior, ╔ÁDeferBlockState, ╔ÁEffectScheduler, ╔ÁIMAGE_CONFIG, ╔ÁIMAGE_CONFIG_DEFAULTS, ╔ÁINJECTOR_SCOPE, 
╔ÁINPUT_SIGNAL_BRAND_WRITE_TYPE, ╔ÁINTERNAL_APPLICATION_ERROR_HANDLER, ╔ÁIS_HYDRATION_DOM_REUSE_ENABLED, 
╔ÁJSACTION_EVENT_CONTRACT, ╔ÁLContext, ╔ÁLifecycleHooksFeature, ╔ÁLocaleDataIndex, ╔ÁNG_COMP_DEF, ╔ÁNG_DIR_DEF, 
╔ÁNG_ELEMENT_ID, ╔ÁNG_INJ_DEF, ╔ÁNG_MOD_DEF, ╔ÁNG_PIPE_DEF, ╔ÁNG_PROV_DEF, ╔ÁNOT_FOUND_CHECK_ONLY_ELEMENT_INJECTOR, 
╔ÁNO_CHANGE, ╔ÁNgModuleFactory, ╔ÁNoopNgZone, ╔ÁPROVIDED_NG_ZONE, ╔ÁPendingTasks, ╔ÁReflectionCapabilities, 
╔ÁRender3ComponentFactory, ╔ÁRender3ComponentRef, ╔ÁRender3NgModuleRef, ╔ÁRuntimeError, ╔ÁSIGNAL, 
╔ÁSSR_CONTENT_INTEGRITY_MARKER, ╔ÁTESTABILITY, ╔ÁTESTABILITY_GETTER, ╔ÁUSE_RUNTIME_DEPS_TRACKER_FOR_JIT, ╔ÁViewRef, 
╔ÁXSS_SECURITY_URL, ╔ÁZONELESS_ENABLED, ╔Á_sanitizeHtml, ╔Á_sanitizeUrl, ╔ÁallowSanitizationBypassAndThrow, 
╔ÁannotateForHydration, ╔ÁbypassSanitizationTrustHtml, ╔ÁbypassSanitizationTrustResourceUrl, 
╔ÁbypassSanitizationTrustScript, ╔ÁbypassSanitizationTrustStyle, ╔ÁbypassSanitizationTrustUrl, 
╔ÁclearResolutionOfComponentResourcesQueue, ╔ÁcompileComponent, ╔ÁcompileDirective, ╔ÁcompileNgModule, 
╔ÁcompileNgModuleDefs, ╔ÁcompileNgModuleFactory, ╔ÁcompilePipe, ╔ÁconvertToBitFlags, ╔ÁcreateInjector, 
╔ÁdefaultIterableDiffers, ╔ÁdefaultKeyValueDiffers, ╔ÁdepsTracker, ╔ÁdetectChangesInViewIfRequired, ╔ÁdevModeEqual, 
╔ÁfindLocaleData, ╔ÁflushModuleScopingQueueAsMuchAsPossible, ╔ÁformatRuntimeError, 
╔ÁgenerateStandaloneInDeclarationsError, ╔ÁgetAsyncClassMetadataFn, ╔ÁgetDebugNode, ╔ÁgetDeferBlocks, ╔ÁgetDirectives, 
╔ÁgetHostElement, ╔ÁgetInjectableDef, ╔ÁgetLContext, ╔ÁgetLocaleCurrencyCode, ╔ÁgetLocalePluralCase, 
╔ÁgetOutputDestroyRef, ╔ÁgetSanitizationBypassType, ╔ÁgetUnknownElementStrictMode, ╔ÁgetUnknownPropertyStrictMode, 
╔Áglobal, ╔ÁinjectChangeDetectorRef, ╔ÁinternalCreateApplication, ╔ÁinternalProvideZoneChangeDetection, 
╔ÁisBoundToModule, ╔ÁisComponentDefPendingResolution, ╔ÁisEnvironmentProviders, ╔ÁisInjectable, ╔ÁisNgModule, 
╔ÁisPromise, ╔ÁisSubscribable, ╔ÁnoSideEffects, ╔ÁpatchComponentDefWithScope, ╔ÁperformanceMarkFeature, 
╔ÁreadHydrationInfo, ╔ÁregisterLocaleData, ╔ÁrenderDeferBlockState, ╔ÁresetCompiledComponents, ╔ÁresetJitOptions, 
╔ÁresolveComponentResources, ╔ÁrestoreComponentResolutionQueue, ╔ÁsetAllowDuplicateNgModuleIdsForTest, 
╔ÁsetAlternateWeakRefImpl, ╔ÁsetClassDebugInfo, ╔ÁsetClassMetadata, ╔ÁsetClassMetadataAsync, ╔ÁsetCurrentInjector, 
╔ÁsetDocument, ╔ÁsetInjectorProfilerContext, ╔ÁsetLocaleId, ╔ÁsetUnknownElementStrictMode, 
╔ÁsetUnknownPropertyStrictMode, ╔Ástore, ╔Ástringify, ╔ÁtransitiveScopesFor, ╔ÁtriggerResourceLoading, 
╔ÁtruncateMiddle, ╔ÁunregisterLocaleData, ╔ÁunwrapSafeValue, ╔ÁunwrapWritableSignal, ╔ÁwhenStable, ╔ÁwithDomHydration, 
╔ÁwithEventReplay, ╔ÁwithI18nSupport, ╔Á╔ÁCopyDefinitionFeature, ╔Á╔ÁFactoryTarget, ╔Á╔ÁHostDirectivesFeature, 
╔Á╔ÁInheritDefinitionFeature, ╔Á╔ÁInputTransformsFeature, ╔Á╔ÁNgOnChangesFeature, ╔Á╔ÁProvidersFeature, 
╔Á╔ÁStandaloneFeature, ╔Á╔Áadvance, ╔Á╔Áattribute, ╔Á╔ÁattributeInterpolate1, ╔Á╔ÁattributeInterpolate2, 
╔Á╔ÁattributeInterpolate3, ╔Á╔ÁattributeInterpolate4, ╔Á╔ÁattributeInterpolate5, ╔Á╔ÁattributeInterpolate6, 
╔Á╔ÁattributeInterpolate7, ╔Á╔ÁattributeInterpolate8, ╔Á╔ÁattributeInterpolateV, ╔Á╔ÁclassMap, 
╔Á╔ÁclassMapInterpolate1, ╔Á╔ÁclassMapInterpolate2, ╔Á╔ÁclassMapInterpolate3, ╔Á╔ÁclassMapInterpolate4, 
╔Á╔ÁclassMapInterpolate5, ╔Á╔ÁclassMapInterpolate6, ╔Á╔ÁclassMapInterpolate7, ╔Á╔ÁclassMapInterpolate8, 
╔Á╔ÁclassMapInterpolateV, ╔Á╔ÁclassProp, ╔Á╔ÁcomponentInstance, ╔Á╔Áconditional, ╔Á╔ÁcontentQuery, 
╔Á╔ÁcontentQuerySignal, ╔Á╔ÁdeclareLet, ╔Á╔Ádefer, ╔Á╔ÁdeferEnableTimerScheduling, ╔Á╔ÁdeferOnHover, ╔Á╔ÁdeferOnIdle, 
╔Á╔ÁdeferOnImmediate, ╔Á╔ÁdeferOnInteraction, ╔Á╔ÁdeferOnTimer, ╔Á╔ÁdeferOnViewport, ╔Á╔ÁdeferPrefetchOnHover, 
╔Á╔ÁdeferPrefetchOnIdle, ╔Á╔ÁdeferPrefetchOnImmediate, ╔Á╔ÁdeferPrefetchOnInteraction, ╔Á╔ÁdeferPrefetchOnTimer, 
╔Á╔ÁdeferPrefetchOnViewport, ╔Á╔ÁdeferPrefetchWhen, ╔Á╔ÁdeferWhen, ╔Á╔ÁdefineComponent, ╔Á╔ÁdefineDirective, 
╔Á╔ÁdefineInjectable, ╔Á╔ÁdefineInjector, ╔Á╔ÁdefineNgModule, ╔Á╔ÁdefinePipe, ╔Á╔ÁdirectiveInject, 
╔Á╔ÁdisableBindings, ╔Á╔Áelement, ╔Á╔ÁelementContainer, ╔Á╔ÁelementContainerEnd, ╔Á╔ÁelementContainerStart, 
╔Á╔ÁelementEnd, ╔Á╔ÁelementStart, ╔Á╔ÁenableBindings, ╔Á╔ÁgetComponentDepsFactory, ╔Á╔ÁgetCurrentView, 
╔Á╔ÁgetInheritedFactory, ╔Á╔ÁhostProperty, ╔Á╔Ái18n, ╔Á╔Ái18nApply, ╔Á╔Ái18nAttributes, ╔Á╔Ái18nEnd, ╔Á╔Ái18nExp, 
╔Á╔Ái18nPostprocess, ╔Á╔Ái18nStart, ╔Á╔Áinject, ╔Á╔ÁinjectAttribute, ╔Á╔ÁinvalidFactory, ╔Á╔ÁinvalidFactoryDep, 
╔Á╔Álistener, ╔Á╔ÁloadQuery, ╔Á╔ÁnamespaceHTML, ╔Á╔ÁnamespaceMathML, ╔Á╔ÁnamespaceSVG, ╔Á╔ÁnextContext, 
╔Á╔ÁngDeclareClassMetadata, ╔Á╔ÁngDeclareClassMetadataAsync, ╔Á╔ÁngDeclareComponent, ╔Á╔ÁngDeclareDirective, 
╔Á╔ÁngDeclareFactory, ╔Á╔ÁngDeclareInjectable, ╔Á╔ÁngDeclareInjector, ╔Á╔ÁngDeclareNgModule, ╔Á╔ÁngDeclarePipe, 
╔Á╔Ápipe, ╔Á╔ÁpipeBind1, ╔Á╔ÁpipeBind2, ╔Á╔ÁpipeBind3, ╔Á╔ÁpipeBind4, ╔Á╔ÁpipeBindV, ╔Á╔Áprojection, 
╔Á╔ÁprojectionDef, ╔Á╔Áproperty, ╔Á╔ÁpropertyInterpolate, ╔Á╔ÁpropertyInterpolate1, ╔Á╔ÁpropertyInterpolate2, 
╔Á╔ÁpropertyInterpolate3, ╔Á╔ÁpropertyInterpolate4, ╔Á╔ÁpropertyInterpolate5, ╔Á╔ÁpropertyInterpolate6, 
╔Á╔ÁpropertyInterpolate7, ╔Á╔ÁpropertyInterpolate8, ╔Á╔ÁpropertyInterpolateV, ╔Á╔ÁpureFunction0, ╔Á╔ÁpureFunction1, 
╔Á╔ÁpureFunction2, ╔Á╔ÁpureFunction3, ╔Á╔ÁpureFunction4, ╔Á╔ÁpureFunction5, ╔Á╔ÁpureFunction6, ╔Á╔ÁpureFunction7, 
╔Á╔ÁpureFunction8, ╔Á╔ÁpureFunctionV, ╔Á╔ÁqueryAdvance, ╔Á╔ÁqueryRefresh, ╔Á╔ÁreadContextLet, ╔Á╔Áreference, 
╔Á╔ÁregisterNgModuleType, ╔Á╔Árepeater, ╔Á╔ÁrepeaterCreate, ╔Á╔ÁrepeaterTrackByIdentity, ╔Á╔ÁrepeaterTrackByIndex, 
╔Á╔ÁresetView, ╔Á╔ÁresolveBody, ╔Á╔ÁresolveDocument, ╔Á╔ÁresolveWindow, ╔Á╔ÁrestoreView, ╔Á╔ÁsanitizeHtml, 
╔Á╔ÁsanitizeResourceUrl, ╔Á╔ÁsanitizeScript, ╔Á╔ÁsanitizeStyle, ╔Á╔ÁsanitizeUrl, ╔Á╔ÁsanitizeUrlOrResourceUrl, 
╔Á╔ÁsetComponentScope, ╔Á╔ÁsetNgModuleScope, ╔Á╔ÁstoreLet, ╔Á╔ÁstyleMap, ╔Á╔ÁstyleMapInterpolate1, 
╔Á╔ÁstyleMapInterpolate2, ╔Á╔ÁstyleMapInterpolate3, ╔Á╔ÁstyleMapInterpolate4, ╔Á╔ÁstyleMapInterpolate5, 
╔Á╔ÁstyleMapInterpolate6, ╔Á╔ÁstyleMapInterpolate7, ╔Á╔ÁstyleMapInterpolate8, ╔Á╔ÁstyleMapInterpolateV, ╔Á╔ÁstyleProp, 
╔Á╔ÁstylePropInterpolate1, ╔Á╔ÁstylePropInterpolate2, ╔Á╔ÁstylePropInterpolate3, ╔Á╔ÁstylePropInterpolate4, 
╔Á╔ÁstylePropInterpolate5, ╔Á╔ÁstylePropInterpolate6, ╔Á╔ÁstylePropInterpolate7, ╔Á╔ÁstylePropInterpolate8, 
╔Á╔ÁstylePropInterpolateV, ╔Á╔ÁsyntheticHostListener, ╔Á╔ÁsyntheticHostProperty, ╔Á╔Átemplate, 
╔Á╔ÁtemplateRefExtractor, ╔Á╔Átext, ╔Á╔ÁtextInterpolate, ╔Á╔ÁtextInterpolate1, ╔Á╔ÁtextInterpolate2, 
╔Á╔ÁtextInterpolate3, ╔Á╔ÁtextInterpolate4, ╔Á╔ÁtextInterpolate5, ╔Á╔ÁtextInterpolate6, ╔Á╔ÁtextInterpolate7, 
╔Á╔ÁtextInterpolate8, ╔Á╔ÁtextInterpolateV, ╔Á╔ÁtrustConstantHtml, ╔Á╔ÁtrustConstantResourceUrl, ╔Á╔ÁtwoWayBindingSet, 
╔Á╔ÁtwoWayListener, ╔Á╔ÁtwoWayProperty, ╔Á╔ÁvalidateIframeAttribute, ╔Á╔ÁviewQuery, ╔Á╔ÁviewQuerySignal)

../node_modules/@angular/cdk/fesm2022/overlay.mjs:3003:30-72 - Error: export '╔Á╔ÁInputFlags' (imported as 'i0') was 
not found in '@angular/core' (possible exports: ANIMATION_MODULE_TYPE, APP_BOOTSTRAP_LISTENER, APP_ID, 
APP_INITIALIZER, AfterRenderPhase, ApplicationInitStatus, ApplicationModule, ApplicationRef, Attribute, 
COMPILER_OPTIONS, CSP_NONCE, CUSTOM_ELEMENTS_SCHEMA, ChangeDetectionStrategy, ChangeDetectorRef, Compiler, 
CompilerFactory, Component, ComponentFactory, ComponentFactoryResolver, ComponentRef, ContentChild, ContentChildren, 
DEFAULT_CURRENCY_CODE, DebugElement, DebugEventListener, DebugNode, DefaultIterableDiffer, DestroyRef, Directive, 
ENVIRONMENT_INITIALIZER, ElementRef, EmbeddedViewRef, EnvironmentInjector, ErrorHandler, EventEmitter, 
ExperimentalPendingTasks, HOST_TAG_NAME, Host, HostAttributeToken, HostBinding, HostListener, INJECTOR, Inject, 
InjectFlags, Injectable, InjectionToken, Injector, Input, IterableDiffers, KeyValueDiffers, LOCALE_ID, 
MissingTranslationStrategy, ModuleWithComponentFactories, NO_ERRORS_SCHEMA, NgModule, NgModuleFactory, NgModuleRef, 
NgProbeToken, NgZone, Optional, Output, OutputEmitterRef, PACKAGE_ROOT_URL, PLATFORM_ID, PLATFORM_INITIALIZER, Pipe, 
PlatformRef, Query, QueryList, Renderer2, RendererFactory2, RendererStyleFlags2, Sanitizer, SecurityContext, Self, 
SimpleChange, SkipSelf, TRANSLATIONS, TRANSLATIONS_FORMAT, TemplateRef, Testability, TestabilityRegistry, 
TransferState, Type, VERSION, Version, ViewChild, ViewChildren, ViewContainerRef, ViewEncapsulation, ViewRef, 
afterNextRender, afterRender, asNativeElements, assertInInjectionContext, assertNotInReactiveContext, assertPlatform, 
booleanAttribute, computed, contentChild, contentChildren, createComponent, createEnvironmentInjector, createNgModule, 
createNgModuleRef, createPlatform, createPlatformFactory, defineInjectable, destroyPlatform, effect, enableProdMode, 
forwardRef, getDebugNode, getModuleFactory, getNgModuleById, getPlatform, importProvidersFrom, inject, input, 
isDevMode, isSignal, isStandalone, makeEnvironmentProviders, makeStateKey, mergeApplicationConfig, model, 
numberAttribute, output, platformCore, provideExperimentalCheckNoChangesForDebug, 
provideExperimentalZonelessChangeDetection, provideZoneChangeDetection, reflectComponentType, resolveForwardRef, 
runInInjectionContext, setTestabilityGetter, signal, untracked, viewChild, viewChildren, ╔ÁALLOW_MULTIPLE_PLATFORMS, 
╔ÁAfterRenderManager, ╔ÁCONTAINER_HEADER_OFFSET, ╔ÁChangeDetectionScheduler, ╔ÁChangeDetectionSchedulerImpl, 
╔ÁComponentFactory, ╔ÁConsole, ╔ÁDEFAULT_LOCALE_ID, ╔ÁDEFER_BLOCK_CONFIG, ╔ÁDEFER_BLOCK_DEPENDENCY_INTERCEPTOR, 
╔ÁDeferBlockBehavior, ╔ÁDeferBlockState, ╔ÁEffectScheduler, ╔ÁIMAGE_CONFIG, ╔ÁIMAGE_CONFIG_DEFAULTS, ╔ÁINJECTOR_SCOPE, 
╔ÁINPUT_SIGNAL_BRAND_WRITE_TYPE, ╔ÁINTERNAL_APPLICATION_ERROR_HANDLER, ╔ÁIS_HYDRATION_DOM_REUSE_ENABLED, 
╔ÁJSACTION_EVENT_CONTRACT, ╔ÁLContext, ╔ÁLifecycleHooksFeature, ╔ÁLocaleDataIndex, ╔ÁNG_COMP_DEF, ╔ÁNG_DIR_DEF, 
╔ÁNG_ELEMENT_ID, ╔ÁNG_INJ_DEF, ╔ÁNG_MOD_DEF, ╔ÁNG_PIPE_DEF, ╔ÁNG_PROV_DEF, ╔ÁNOT_FOUND_CHECK_ONLY_ELEMENT_INJECTOR, 
╔ÁNO_CHANGE, ╔ÁNgModuleFactory, ╔ÁNoopNgZone, ╔ÁPROVIDED_NG_ZONE, ╔ÁPendingTasks, ╔ÁReflectionCapabilities, 
╔ÁRender3ComponentFactory, ╔ÁRender3ComponentRef, ╔ÁRender3NgModuleRef, ╔ÁRuntimeError, ╔ÁSIGNAL, 
╔ÁSSR_CONTENT_INTEGRITY_MARKER, ╔ÁTESTABILITY, ╔ÁTESTABILITY_GETTER, ╔ÁUSE_RUNTIME_DEPS_TRACKER_FOR_JIT, ╔ÁViewRef, 
╔ÁXSS_SECURITY_URL, ╔ÁZONELESS_ENABLED, ╔Á_sanitizeHtml, ╔Á_sanitizeUrl, ╔ÁallowSanitizationBypassAndThrow, 
╔ÁannotateForHydration, ╔ÁbypassSanitizationTrustHtml, ╔ÁbypassSanitizationTrustResourceUrl, 
╔ÁbypassSanitizationTrustScript, ╔ÁbypassSanitizationTrustStyle, ╔ÁbypassSanitizationTrustUrl, 
╔ÁclearResolutionOfComponentResourcesQueue, ╔ÁcompileComponent, ╔ÁcompileDirective, ╔ÁcompileNgModule, 
╔ÁcompileNgModuleDefs, ╔ÁcompileNgModuleFactory, ╔ÁcompilePipe, ╔ÁconvertToBitFlags, ╔ÁcreateInjector, 
╔ÁdefaultIterableDiffers, ╔ÁdefaultKeyValueDiffers, ╔ÁdepsTracker, ╔ÁdetectChangesInViewIfRequired, ╔ÁdevModeEqual, 
╔ÁfindLocaleData, ╔ÁflushModuleScopingQueueAsMuchAsPossible, ╔ÁformatRuntimeError, 
╔ÁgenerateStandaloneInDeclarationsError, ╔ÁgetAsyncClassMetadataFn, ╔ÁgetDebugNode, ╔ÁgetDeferBlocks, ╔ÁgetDirectives, 
╔ÁgetHostElement, ╔ÁgetInjectableDef, ╔ÁgetLContext, ╔ÁgetLocaleCurrencyCode, ╔ÁgetLocalePluralCase, 
╔ÁgetOutputDestroyRef, ╔ÁgetSanitizationBypassType, ╔ÁgetUnknownElementStrictMode, ╔ÁgetUnknownPropertyStrictMode, 
╔Áglobal, ╔ÁinjectChangeDetectorRef, ╔ÁinternalCreateApplication, ╔ÁinternalProvideZoneChangeDetection, 
╔ÁisBoundToModule, ╔ÁisComponentDefPendingResolution, ╔ÁisEnvironmentProviders, ╔ÁisInjectable, ╔ÁisNgModule, 
╔ÁisPromise, ╔ÁisSubscribable, ╔ÁnoSideEffects, ╔ÁpatchComponentDefWithScope, ╔ÁperformanceMarkFeature, 
╔ÁreadHydrationInfo, ╔ÁregisterLocaleData, ╔ÁrenderDeferBlockState, ╔ÁresetCompiledComponents, ╔ÁresetJitOptions, 
╔ÁresolveComponentResources, ╔ÁrestoreComponentResolutionQueue, ╔ÁsetAllowDuplicateNgModuleIdsForTest, 
╔ÁsetAlternateWeakRefImpl, ╔ÁsetClassDebugInfo, ╔ÁsetClassMetadata, ╔ÁsetClassMetadataAsync, ╔ÁsetCurrentInjector, 
╔ÁsetDocument, ╔ÁsetInjectorProfilerContext, ╔ÁsetLocaleId, ╔ÁsetUnknownElementStrictMode, 
╔ÁsetUnknownPropertyStrictMode, ╔Ástore, ╔Ástringify, ╔ÁtransitiveScopesFor, ╔ÁtriggerResourceLoading, 
╔ÁtruncateMiddle, ╔ÁunregisterLocaleData, ╔ÁunwrapSafeValue, ╔ÁunwrapWritableSignal, ╔ÁwhenStable, ╔ÁwithDomHydration, 
╔ÁwithEventReplay, ╔ÁwithI18nSupport, ╔Á╔ÁCopyDefinitionFeature, ╔Á╔ÁFactoryTarget, ╔Á╔ÁHostDirectivesFeature, 
╔Á╔ÁInheritDefinitionFeature, ╔Á╔ÁInputTransformsFeature, ╔Á╔ÁNgOnChangesFeature, ╔Á╔ÁProvidersFeature, 
╔Á╔ÁStandaloneFeature, ╔Á╔Áadvance, ╔Á╔Áattribute, ╔Á╔ÁattributeInterpolate1, ╔Á╔ÁattributeInterpolate2, 
╔Á╔ÁattributeInterpolate3, ╔Á╔ÁattributeInterpolate4, ╔Á╔ÁattributeInterpolate5, ╔Á╔ÁattributeInterpolate6, 
╔Á╔ÁattributeInterpolate7, ╔Á╔ÁattributeInterpolate8, ╔Á╔ÁattributeInterpolateV, ╔Á╔ÁclassMap, 
╔Á╔ÁclassMapInterpolate1, ╔Á╔ÁclassMapInterpolate2, ╔Á╔ÁclassMapInterpolate3, ╔Á╔ÁclassMapInterpolate4, 
╔Á╔ÁclassMapInterpolate5, ╔Á╔ÁclassMapInterpolate6, ╔Á╔ÁclassMapInterpolate7, ╔Á╔ÁclassMapInterpolate8, 
╔Á╔ÁclassMapInterpolateV, ╔Á╔ÁclassProp, ╔Á╔ÁcomponentInstance, ╔Á╔Áconditional, ╔Á╔ÁcontentQuery, 
╔Á╔ÁcontentQuerySignal, ╔Á╔ÁdeclareLet, ╔Á╔Ádefer, ╔Á╔ÁdeferEnableTimerScheduling, ╔Á╔ÁdeferOnHover, ╔Á╔ÁdeferOnIdle, 
╔Á╔ÁdeferOnImmediate, ╔Á╔ÁdeferOnInteraction, ╔Á╔ÁdeferOnTimer, ╔Á╔ÁdeferOnViewport, ╔Á╔ÁdeferPrefetchOnHover, 
╔Á╔ÁdeferPrefetchOnIdle, ╔Á╔ÁdeferPrefetchOnImmediate, ╔Á╔ÁdeferPrefetchOnInteraction, ╔Á╔ÁdeferPrefetchOnTimer, 
╔Á╔ÁdeferPrefetchOnViewport, ╔Á╔ÁdeferPrefetchWhen, ╔Á╔ÁdeferWhen, ╔Á╔ÁdefineComponent, ╔Á╔ÁdefineDirective, 
╔Á╔ÁdefineInjectable, ╔Á╔ÁdefineInjector, ╔Á╔ÁdefineNgModule, ╔Á╔ÁdefinePipe, ╔Á╔ÁdirectiveInject, 
╔Á╔ÁdisableBindings, ╔Á╔Áelement, ╔Á╔ÁelementContainer, ╔Á╔ÁelementContainerEnd, ╔Á╔ÁelementContainerStart, 
╔Á╔ÁelementEnd, ╔Á╔ÁelementStart, ╔Á╔ÁenableBindings, ╔Á╔ÁgetComponentDepsFactory, ╔Á╔ÁgetCurrentView, 
╔Á╔ÁgetInheritedFactory, ╔Á╔ÁhostProperty, ╔Á╔Ái18n, ╔Á╔Ái18nApply, ╔Á╔Ái18nAttributes, ╔Á╔Ái18nEnd, ╔Á╔Ái18nExp, 
╔Á╔Ái18nPostprocess, ╔Á╔Ái18nStart, ╔Á╔Áinject, ╔Á╔ÁinjectAttribute, ╔Á╔ÁinvalidFactory, ╔Á╔ÁinvalidFactoryDep, 
╔Á╔Álistener, ╔Á╔ÁloadQuery, ╔Á╔ÁnamespaceHTML, ╔Á╔ÁnamespaceMathML, ╔Á╔ÁnamespaceSVG, ╔Á╔ÁnextContext, 
╔Á╔ÁngDeclareClassMetadata, ╔Á╔ÁngDeclareClassMetadataAsync, ╔Á╔ÁngDeclareComponent, ╔Á╔ÁngDeclareDirective, 
╔Á╔ÁngDeclareFactory, ╔Á╔ÁngDeclareInjectable, ╔Á╔ÁngDeclareInjector, ╔Á╔ÁngDeclareNgModule, ╔Á╔ÁngDeclarePipe, 
╔Á╔Ápipe, ╔Á╔ÁpipeBind1, ╔Á╔ÁpipeBind2, ╔Á╔ÁpipeBind3, ╔Á╔ÁpipeBind4, ╔Á╔ÁpipeBindV, ╔Á╔Áprojection, 
╔Á╔ÁprojectionDef, ╔Á╔Áproperty, ╔Á╔ÁpropertyInterpolate, ╔Á╔ÁpropertyInterpolate1, ╔Á╔ÁpropertyInterpolate2, 
╔Á╔ÁpropertyInterpolate3, ╔Á╔ÁpropertyInterpolate4, ╔Á╔ÁpropertyInterpolate5, ╔Á╔ÁpropertyInterpolate6, 
╔Á╔ÁpropertyInterpolate7, ╔Á╔ÁpropertyInterpolate8, ╔Á╔ÁpropertyInterpolateV, ╔Á╔ÁpureFunction0, ╔Á╔ÁpureFunction1, 
╔Á╔ÁpureFunction2, ╔Á╔ÁpureFunction3, ╔Á╔ÁpureFunction4, ╔Á╔ÁpureFunction5, ╔Á╔ÁpureFunction6, ╔Á╔ÁpureFunction7, 
╔Á╔ÁpureFunction8, ╔Á╔ÁpureFunctionV, ╔Á╔ÁqueryAdvance, ╔Á╔ÁqueryRefresh, ╔Á╔ÁreadContextLet, ╔Á╔Áreference, 
╔Á╔ÁregisterNgModuleType, ╔Á╔Árepeater, ╔Á╔ÁrepeaterCreate, ╔Á╔ÁrepeaterTrackByIdentity, ╔Á╔ÁrepeaterTrackByIndex, 
╔Á╔ÁresetView, ╔Á╔ÁresolveBody, ╔Á╔ÁresolveDocument, ╔Á╔ÁresolveWindow, ╔Á╔ÁrestoreView, ╔Á╔ÁsanitizeHtml, 
╔Á╔ÁsanitizeResourceUrl, ╔Á╔ÁsanitizeScript, ╔Á╔ÁsanitizeStyle, ╔Á╔ÁsanitizeUrl, ╔Á╔ÁsanitizeUrlOrResourceUrl, 
╔Á╔ÁsetComponentScope, ╔Á╔ÁsetNgModuleScope, ╔Á╔ÁstoreLet, ╔Á╔ÁstyleMap, ╔Á╔ÁstyleMapInterpolate1, 
╔Á╔ÁstyleMapInterpolate2, ╔Á╔ÁstyleMapInterpolate3, ╔Á╔ÁstyleMapInterpolate4, ╔Á╔ÁstyleMapInterpolate5, 
╔Á╔ÁstyleMapInterpolate6, ╔Á╔ÁstyleMapInterpolate7, ╔Á╔ÁstyleMapInterpolate8, ╔Á╔ÁstyleMapInterpolateV, ╔Á╔ÁstyleProp, 
╔Á╔ÁstylePropInterpolate1, ╔Á╔ÁstylePropInterpolate2, ╔Á╔ÁstylePropInterpolate3, ╔Á╔ÁstylePropInterpolate4, 
╔Á╔ÁstylePropInterpolate5, ╔Á╔ÁstylePropInterpolate6, ╔Á╔ÁstylePropInterpolate7, ╔Á╔ÁstylePropInterpolate8, 
╔Á╔ÁstylePropInterpolateV, ╔Á╔ÁsyntheticHostListener, ╔Á╔ÁsyntheticHostProperty, ╔Á╔Átemplate, 
╔Á╔ÁtemplateRefExtractor, ╔Á╔Átext, ╔Á╔ÁtextInterpolate, ╔Á╔ÁtextInterpolate1, ╔Á╔ÁtextInterpolate2, 
╔Á╔ÁtextInterpolate3, ╔Á╔ÁtextInterpolate4, ╔Á╔ÁtextInterpolate5, ╔Á╔ÁtextInterpolate6, ╔Á╔ÁtextInterpolate7, 
╔Á╔ÁtextInterpolate8, ╔Á╔ÁtextInterpolateV, ╔Á╔ÁtrustConstantHtml, ╔Á╔ÁtrustConstantResourceUrl, ╔Á╔ÁtwoWayBindingSet, 
╔Á╔ÁtwoWayListener, ╔Á╔ÁtwoWayProperty, ╔Á╔ÁvalidateIframeAttribute, ╔Á╔ÁviewQuery, ╔Á╔ÁviewQuerySignal)

../node_modules/@angular/cdk/fesm2022/portal.mjs:585:17-37 - Error: export '╔Á╔ÁInputFlags' (imported as 'i0') was not 
found in '@angular/core' (possible exports: ANIMATION_MODULE_TYPE, APP_BOOTSTRAP_LISTENER, APP_ID, APP_INITIALIZER, 
AfterRenderPhase, ApplicationInitStatus, ApplicationModule, ApplicationRef, Attribute, COMPILER_OPTIONS, CSP_NONCE, 
CUSTOM_ELEMENTS_SCHEMA, ChangeDetectionStrategy, ChangeDetectorRef, Compiler, CompilerFactory, Component, 
ComponentFactory, ComponentFactoryResolver, ComponentRef, ContentChild, ContentChildren, DEFAULT_CURRENCY_CODE, 
DebugElement, DebugEventListener, DebugNode, DefaultIterableDiffer, DestroyRef, Directive, ENVIRONMENT_INITIALIZER, 
ElementRef, EmbeddedViewRef, EnvironmentInjector, ErrorHandler, EventEmitter, ExperimentalPendingTasks, HOST_TAG_NAME, 
Host, HostAttributeToken, HostBinding, HostListener, INJECTOR, Inject, InjectFlags, Injectable, InjectionToken, 
Injector, Input, IterableDiffers, KeyValueDiffers, LOCALE_ID, MissingTranslationStrategy, 
ModuleWithComponentFactories, NO_ERRORS_SCHEMA, NgModule, NgModuleFactory, NgModuleRef, NgProbeToken, NgZone, 
Optional, Output, OutputEmitterRef, PACKAGE_ROOT_URL, PLATFORM_ID, PLATFORM_INITIALIZER, Pipe, PlatformRef, Query, 
QueryList, Renderer2, RendererFactory2, RendererStyleFlags2, Sanitizer, SecurityContext, Self, SimpleChange, SkipSelf, 
TRANSLATIONS, TRANSLATIONS_FORMAT, TemplateRef, Testability, TestabilityRegistry, TransferState, Type, VERSION, 
Version, ViewChild, ViewChildren, ViewContainerRef, ViewEncapsulation, ViewRef, afterNextRender, afterRender, 
asNativeElements, assertInInjectionContext, assertNotInReactiveContext, assertPlatform, booleanAttribute, computed, 
contentChild, contentChildren, createComponent, createEnvironmentInjector, createNgModule, createNgModuleRef, 
createPlatform, createPlatformFactory, defineInjectable, destroyPlatform, effect, enableProdMode, forwardRef, 
getDebugNode, getModuleFactory, getNgModuleById, getPlatform, importProvidersFrom, inject, input, isDevMode, isSignal, 
isStandalone, makeEnvironmentProviders, makeStateKey, mergeApplicationConfig, model, numberAttribute, output, 
platformCore, provideExperimentalCheckNoChangesForDebug, provideExperimentalZonelessChangeDetection, 
provideZoneChangeDetection, reflectComponentType, resolveForwardRef, runInInjectionContext, setTestabilityGetter, 
signal, untracked, viewChild, viewChildren, ╔ÁALLOW_MULTIPLE_PLATFORMS, ╔ÁAfterRenderManager, 
╔ÁCONTAINER_HEADER_OFFSET, ╔ÁChangeDetectionScheduler, ╔ÁChangeDetectionSchedulerImpl, ╔ÁComponentFactory, ╔ÁConsole, 
╔ÁDEFAULT_LOCALE_ID, ╔ÁDEFER_BLOCK_CONFIG, ╔ÁDEFER_BLOCK_DEPENDENCY_INTERCEPTOR, ╔ÁDeferBlockBehavior, 
╔ÁDeferBlockState, ╔ÁEffectScheduler, ╔ÁIMAGE_CONFIG, ╔ÁIMAGE_CONFIG_DEFAULTS, ╔ÁINJECTOR_SCOPE, 
╔ÁINPUT_SIGNAL_BRAND_WRITE_TYPE, ╔ÁINTERNAL_APPLICATION_ERROR_HANDLER, ╔ÁIS_HYDRATION_DOM_REUSE_ENABLED, 
╔ÁJSACTION_EVENT_CONTRACT, ╔ÁLContext, ╔ÁLifecycleHooksFeature, ╔ÁLocaleDataIndex, ╔ÁNG_COMP_DEF, ╔ÁNG_DIR_DEF, 
╔ÁNG_ELEMENT_ID, ╔ÁNG_INJ_DEF, ╔ÁNG_MOD_DEF, ╔ÁNG_PIPE_DEF, ╔ÁNG_PROV_DEF, ╔ÁNOT_FOUND_CHECK_ONLY_ELEMENT_INJECTOR, 
╔ÁNO_CHANGE, ╔ÁNgModuleFactory, ╔ÁNoopNgZone, ╔ÁPROVIDED_NG_ZONE, ╔ÁPendingTasks, ╔ÁReflectionCapabilities, 
╔ÁRender3ComponentFactory, ╔ÁRender3ComponentRef, ╔ÁRender3NgModuleRef, ╔ÁRuntimeError, ╔ÁSIGNAL, 
╔ÁSSR_CONTENT_INTEGRITY_MARKER, ╔ÁTESTABILITY, ╔ÁTESTABILITY_GETTER, ╔ÁUSE_RUNTIME_DEPS_TRACKER_FOR_JIT, ╔ÁViewRef, 
╔ÁXSS_SECURITY_URL, ╔ÁZONELESS_ENABLED, ╔Á_sanitizeHtml, ╔Á_sanitizeUrl, ╔ÁallowSanitizationBypassAndThrow, 
╔ÁannotateForHydration, ╔ÁbypassSanitizationTrustHtml, ╔ÁbypassSanitizationTrustResourceUrl, 
╔ÁbypassSanitizationTrustScript, ╔ÁbypassSanitizationTrustStyle, ╔ÁbypassSanitizationTrustUrl, 
╔ÁclearResolutionOfComponentResourcesQueue, ╔ÁcompileComponent, ╔ÁcompileDirective, ╔ÁcompileNgModule, 
╔ÁcompileNgModuleDefs, ╔ÁcompileNgModuleFactory, ╔ÁcompilePipe, ╔ÁconvertToBitFlags, ╔ÁcreateInjector, 
╔ÁdefaultIterableDiffers, ╔ÁdefaultKeyValueDiffers, ╔ÁdepsTracker, ╔ÁdetectChangesInViewIfRequired, ╔ÁdevModeEqual, 
╔ÁfindLocaleData, ╔ÁflushModuleScopingQueueAsMuchAsPossible, ╔ÁformatRuntimeError, 
╔ÁgenerateStandaloneInDeclarationsError, ╔ÁgetAsyncClassMetadataFn, ╔ÁgetDebugNode, ╔ÁgetDeferBlocks, ╔ÁgetDirectives, 
╔ÁgetHostElement, ╔ÁgetInjectableDef, ╔ÁgetLContext, ╔ÁgetLocaleCurrencyCode, ╔ÁgetLocalePluralCase, 
╔ÁgetOutputDestroyRef, ╔ÁgetSanitizationBypassType, ╔ÁgetUnknownElementStrictMode, ╔ÁgetUnknownPropertyStrictMode, 
╔Áglobal, ╔ÁinjectChangeDetectorRef, ╔ÁinternalCreateApplication, ╔ÁinternalProvideZoneChangeDetection, 
╔ÁisBoundToModule, ╔ÁisComponentDefPendingResolution, ╔ÁisEnvironmentProviders, ╔ÁisInjectable, ╔ÁisNgModule, 
╔ÁisPromise, ╔ÁisSubscribable, ╔ÁnoSideEffects, ╔ÁpatchComponentDefWithScope, ╔ÁperformanceMarkFeature, 
╔ÁreadHydrationInfo, ╔ÁregisterLocaleData, ╔ÁrenderDeferBlockState, ╔ÁresetCompiledComponents, ╔ÁresetJitOptions, 
╔ÁresolveComponentResources, ╔ÁrestoreComponentResolutionQueue, ╔ÁsetAllowDuplicateNgModuleIdsForTest, 
╔ÁsetAlternateWeakRefImpl, ╔ÁsetClassDebugInfo, ╔ÁsetClassMetadata, ╔ÁsetClassMetadataAsync, ╔ÁsetCurrentInjector, 
╔ÁsetDocument, ╔ÁsetInjectorProfilerContext, ╔ÁsetLocaleId, ╔ÁsetUnknownElementStrictMode, 
╔ÁsetUnknownPropertyStrictMode, ╔Ástore, ╔Ástringify, ╔ÁtransitiveScopesFor, ╔ÁtriggerResourceLoading, 
╔ÁtruncateMiddle, ╔ÁunregisterLocaleData, ╔ÁunwrapSafeValue, ╔ÁunwrapWritableSignal, ╔ÁwhenStable, ╔ÁwithDomHydration, 
╔ÁwithEventReplay, ╔ÁwithI18nSupport, ╔Á╔ÁCopyDefinitionFeature, ╔Á╔ÁFactoryTarget, ╔Á╔ÁHostDirectivesFeature, 
╔Á╔ÁInheritDefinitionFeature, ╔Á╔ÁInputTransformsFeature, ╔Á╔ÁNgOnChangesFeature, ╔Á╔ÁProvidersFeature, 
╔Á╔ÁStandaloneFeature, ╔Á╔Áadvance, ╔Á╔Áattribute, ╔Á╔ÁattributeInterpolate1, ╔Á╔ÁattributeInterpolate2, 
╔Á╔ÁattributeInterpolate3, ╔Á╔ÁattributeInterpolate4, ╔Á╔ÁattributeInterpolate5, ╔Á╔ÁattributeInterpolate6, 
╔Á╔ÁattributeInterpolate7, ╔Á╔ÁattributeInterpolate8, ╔Á╔ÁattributeInterpolateV, ╔Á╔ÁclassMap, 
╔Á╔ÁclassMapInterpolate1, ╔Á╔ÁclassMapInterpolate2, ╔Á╔ÁclassMapInterpolate3, ╔Á╔ÁclassMapInterpolate4, 
╔Á╔ÁclassMapInterpolate5, ╔Á╔ÁclassMapInterpolate6, ╔Á╔ÁclassMapInterpolate7, ╔Á╔ÁclassMapInterpolate8, 
╔Á╔ÁclassMapInterpolateV, ╔Á╔ÁclassProp, ╔Á╔ÁcomponentInstance, ╔Á╔Áconditional, ╔Á╔ÁcontentQuery, 
╔Á╔ÁcontentQuerySignal, ╔Á╔ÁdeclareLet, ╔Á╔Ádefer, ╔Á╔ÁdeferEnableTimerScheduling, ╔Á╔ÁdeferOnHover, ╔Á╔ÁdeferOnIdle, 
╔Á╔ÁdeferOnImmediate, ╔Á╔ÁdeferOnInteraction, ╔Á╔ÁdeferOnTimer, ╔Á╔ÁdeferOnViewport, ╔Á╔ÁdeferPrefetchOnHover, 
╔Á╔ÁdeferPrefetchOnIdle, ╔Á╔ÁdeferPrefetchOnImmediate, ╔Á╔ÁdeferPrefetchOnInteraction, ╔Á╔ÁdeferPrefetchOnTimer, 
╔Á╔ÁdeferPrefetchOnViewport, ╔Á╔ÁdeferPrefetchWhen, ╔Á╔ÁdeferWhen, ╔Á╔ÁdefineComponent, ╔Á╔ÁdefineDirective, 
╔Á╔ÁdefineInjectable, ╔Á╔ÁdefineInjector, ╔Á╔ÁdefineNgModule, ╔Á╔ÁdefinePipe, ╔Á╔ÁdirectiveInject, 
╔Á╔ÁdisableBindings, ╔Á╔Áelement, ╔Á╔ÁelementContainer, ╔Á╔ÁelementContainerEnd, ╔Á╔ÁelementContainerStart, 
╔Á╔ÁelementEnd, ╔Á╔ÁelementStart, ╔Á╔ÁenableBindings, ╔Á╔ÁgetComponentDepsFactory, ╔Á╔ÁgetCurrentView, 
╔Á╔ÁgetInheritedFactory, ╔Á╔ÁhostProperty, ╔Á╔Ái18n, ╔Á╔Ái18nApply, ╔Á╔Ái18nAttributes, ╔Á╔Ái18nEnd, ╔Á╔Ái18nExp, 
╔Á╔Ái18nPostprocess, ╔Á╔Ái18nStart, ╔Á╔Áinject, ╔Á╔ÁinjectAttribute, ╔Á╔ÁinvalidFactory, ╔Á╔ÁinvalidFactoryDep, 
╔Á╔Álistener, ╔Á╔ÁloadQuery, ╔Á╔ÁnamespaceHTML, ╔Á╔ÁnamespaceMathML, ╔Á╔ÁnamespaceSVG, ╔Á╔ÁnextContext, 
╔Á╔ÁngDeclareClassMetadata, ╔Á╔ÁngDeclareClassMetadataAsync, ╔Á╔ÁngDeclareComponent, ╔Á╔ÁngDeclareDirective, 
╔Á╔ÁngDeclareFactory, ╔Á╔ÁngDeclareInjectable, ╔Á╔ÁngDeclareInjector, ╔Á╔ÁngDeclareNgModule, ╔Á╔ÁngDeclarePipe, 
╔Á╔Ápipe, ╔Á╔ÁpipeBind1, ╔Á╔ÁpipeBind2, ╔Á╔ÁpipeBind3, ╔Á╔ÁpipeBind4, ╔Á╔ÁpipeBindV, ╔Á╔Áprojection, 
╔Á╔ÁprojectionDef, ╔Á╔Áproperty, ╔Á╔ÁpropertyInterpolate, ╔Á╔ÁpropertyInterpolate1, ╔Á╔ÁpropertyInterpolate2, 
╔Á╔ÁpropertyInterpolate3, ╔Á╔ÁpropertyInterpolate4, ╔Á╔ÁpropertyInterpolate5, ╔Á╔ÁpropertyInterpolate6, 
╔Á╔ÁpropertyInterpolate7, ╔Á╔ÁpropertyInterpolate8, ╔Á╔ÁpropertyInterpolateV, ╔Á╔ÁpureFunction0, ╔Á╔ÁpureFunction1, 
╔Á╔ÁpureFunction2, ╔Á╔ÁpureFunction3, ╔Á╔ÁpureFunction4, ╔Á╔ÁpureFunction5, ╔Á╔ÁpureFunction6, ╔Á╔ÁpureFunction7, 
╔Á╔ÁpureFunction8, ╔Á╔ÁpureFunctionV, ╔Á╔ÁqueryAdvance, ╔Á╔ÁqueryRefresh, ╔Á╔ÁreadContextLet, ╔Á╔Áreference, 
╔Á╔ÁregisterNgModuleType, ╔Á╔Árepeater, ╔Á╔ÁrepeaterCreate, ╔Á╔ÁrepeaterTrackByIdentity, ╔Á╔ÁrepeaterTrackByIndex, 
╔Á╔ÁresetView, ╔Á╔ÁresolveBody, ╔Á╔ÁresolveDocument, ╔Á╔ÁresolveWindow, ╔Á╔ÁrestoreView, ╔Á╔ÁsanitizeHtml, 
╔Á╔ÁsanitizeResourceUrl, ╔Á╔ÁsanitizeScript, ╔Á╔ÁsanitizeStyle, ╔Á╔ÁsanitizeUrl, ╔Á╔ÁsanitizeUrlOrResourceUrl, 
╔Á╔ÁsetComponentScope, ╔Á╔ÁsetNgModuleScope, ╔Á╔ÁstoreLet, ╔Á╔ÁstyleMap, ╔Á╔ÁstyleMapInterpolate1, 
╔Á╔ÁstyleMapInterpolate2, ╔Á╔ÁstyleMapInterpolate3, ╔Á╔ÁstyleMapInterpolate4, ╔Á╔ÁstyleMapInterpolate5, 
╔Á╔ÁstyleMapInterpolate6, ╔Á╔ÁstyleMapInterpolate7, ╔Á╔ÁstyleMapInterpolate8, ╔Á╔ÁstyleMapInterpolateV, ╔Á╔ÁstyleProp, 
╔Á╔ÁstylePropInterpolate1, ╔Á╔ÁstylePropInterpolate2, ╔Á╔ÁstylePropInterpolate3, ╔Á╔ÁstylePropInterpolate4, 
╔Á╔ÁstylePropInterpolate5, ╔Á╔ÁstylePropInterpolate6, ╔Á╔ÁstylePropInterpolate7, ╔Á╔ÁstylePropInterpolate8, 
╔Á╔ÁstylePropInterpolateV, ╔Á╔ÁsyntheticHostListener, ╔Á╔ÁsyntheticHostProperty, ╔Á╔Átemplate, 
╔Á╔ÁtemplateRefExtractor, ╔Á╔Átext, ╔Á╔ÁtextInterpolate, ╔Á╔ÁtextInterpolate1, ╔Á╔ÁtextInterpolate2, 
╔Á╔ÁtextInterpolate3, ╔Á╔ÁtextInterpolate4, ╔Á╔ÁtextInterpolate5, ╔Á╔ÁtextInterpolate6, ╔Á╔ÁtextInterpolate7, 
╔Á╔ÁtextInterpolate8, ╔Á╔ÁtextInterpolateV, ╔Á╔ÁtrustConstantHtml, ╔Á╔ÁtrustConstantResourceUrl, ╔Á╔ÁtwoWayBindingSet, 
╔Á╔ÁtwoWayListener, ╔Á╔ÁtwoWayProperty, ╔Á╔ÁvalidateIframeAttribute, ╔Á╔ÁviewQuery, ╔Á╔ÁviewQuerySignal)

../node_modules/@angular/cdk/fesm2022/portal.mjs:642:17-37 - Error: export '╔Á╔ÁInputFlags' (imported as 'i0') was not 
found in '@angular/core' (possible exports: ANIMATION_MODULE_TYPE, APP_BOOTSTRAP_LISTENER, APP_ID, APP_INITIALIZER, 
AfterRenderPhase, ApplicationInitStatus, ApplicationModule, ApplicationRef, Attribute, COMPILER_OPTIONS, CSP_NONCE, 
CUSTOM_ELEMENTS_SCHEMA, ChangeDetectionStrategy, ChangeDetectorRef, Compiler, CompilerFactory, Component, 
ComponentFactory, ComponentFactoryResolver, ComponentRef, ContentChild, ContentChildren, DEFAULT_CURRENCY_CODE, 
DebugElement, DebugEventListener, DebugNode, DefaultIterableDiffer, DestroyRef, Directive, ENVIRONMENT_INITIALIZER, 
ElementRef, EmbeddedViewRef, EnvironmentInjector, ErrorHandler, EventEmitter, ExperimentalPendingTasks, HOST_TAG_NAME, 
Host, HostAttributeToken, HostBinding, HostListener, INJECTOR, Inject, InjectFlags, Injectable, InjectionToken, 
Injector, Input, IterableDiffers, KeyValueDiffers, LOCALE_ID, MissingTranslationStrategy, 
ModuleWithComponentFactories, NO_ERRORS_SCHEMA, NgModule, NgModuleFactory, NgModuleRef, NgProbeToken, NgZone, 
Optional, Output, OutputEmitterRef, PACKAGE_ROOT_URL, PLATFORM_ID, PLATFORM_INITIALIZER, Pipe, PlatformRef, Query, 
QueryList, Renderer2, RendererFactory2, RendererStyleFlags2, Sanitizer, SecurityContext, Self, SimpleChange, SkipSelf, 
TRANSLATIONS, TRANSLATIONS_FORMAT, TemplateRef, Testability, TestabilityRegistry, TransferState, Type, VERSION, 
Version, ViewChild, ViewChildren, ViewContainerRef, ViewEncapsulation, ViewRef, afterNextRender, afterRender, 
asNativeElements, assertInInjectionContext, assertNotInReactiveContext, assertPlatform, booleanAttribute, computed, 
contentChild, contentChildren, createComponent, createEnvironmentInjector, createNgModule, createNgModuleRef, 
createPlatform, createPlatformFactory, defineInjectable, destroyPlatform, effect, enableProdMode, forwardRef, 
getDebugNode, getModuleFactory, getNgModuleById, getPlatform, importProvidersFrom, inject, input, isDevMode, isSignal, 
isStandalone, makeEnvironmentProviders, makeStateKey, mergeApplicationConfig, model, numberAttribute, output, 
platformCore, provideExperimentalCheckNoChangesForDebug, provideExperimentalZonelessChangeDetection, 
provideZoneChangeDetection, reflectComponentType, resolveForwardRef, runInInjectionContext, setTestabilityGetter, 
signal, untracked, viewChild, viewChildren, ╔ÁALLOW_MULTIPLE_PLATFORMS, ╔ÁAfterRenderManager, 
╔ÁCONTAINER_HEADER_OFFSET, ╔ÁChangeDetectionScheduler, ╔ÁChangeDetectionSchedulerImpl, ╔ÁComponentFactory, ╔ÁConsole, 
╔ÁDEFAULT_LOCALE_ID, ╔ÁDEFER_BLOCK_CONFIG, ╔ÁDEFER_BLOCK_DEPENDENCY_INTERCEPTOR, ╔ÁDeferBlockBehavior, 
╔ÁDeferBlockState, ╔ÁEffectScheduler, ╔ÁIMAGE_CONFIG, ╔ÁIMAGE_CONFIG_DEFAULTS, ╔ÁINJECTOR_SCOPE, 
╔ÁINPUT_SIGNAL_BRAND_WRITE_TYPE, ╔ÁINTERNAL_APPLICATION_ERROR_HANDLER, ╔ÁIS_HYDRATION_DOM_REUSE_ENABLED, 
╔ÁJSACTION_EVENT_CONTRACT, ╔ÁLContext, ╔ÁLifecycleHooksFeature, ╔ÁLocaleDataIndex, ╔ÁNG_COMP_DEF, ╔ÁNG_DIR_DEF, 
╔ÁNG_ELEMENT_ID, ╔ÁNG_INJ_DEF, ╔ÁNG_MOD_DEF, ╔ÁNG_PIPE_DEF, ╔ÁNG_PROV_DEF, ╔ÁNOT_FOUND_CHECK_ONLY_ELEMENT_INJECTOR, 
╔ÁNO_CHANGE, ╔ÁNgModuleFactory, ╔ÁNoopNgZone, ╔ÁPROVIDED_NG_ZONE, ╔ÁPendingTasks, ╔ÁReflectionCapabilities, 
╔ÁRender3ComponentFactory, ╔ÁRender3ComponentRef, ╔ÁRender3NgModuleRef, ╔ÁRuntimeError, ╔ÁSIGNAL, 
╔ÁSSR_CONTENT_INTEGRITY_MARKER, ╔ÁTESTABILITY, ╔ÁTESTABILITY_GETTER, ╔ÁUSE_RUNTIME_DEPS_TRACKER_FOR_JIT, ╔ÁViewRef, 
╔ÁXSS_SECURITY_URL, ╔ÁZONELESS_ENABLED, ╔Á_sanitizeHtml, ╔Á_sanitizeUrl, ╔ÁallowSanitizationBypassAndThrow, 
╔ÁannotateForHydration, ╔ÁbypassSanitizationTrustHtml, ╔ÁbypassSanitizationTrustResourceUrl, 
╔ÁbypassSanitizationTrustScript, ╔ÁbypassSanitizationTrustStyle, ╔ÁbypassSanitizationTrustUrl, 
╔ÁclearResolutionOfComponentResourcesQueue, ╔ÁcompileComponent, ╔ÁcompileDirective, ╔ÁcompileNgModule, 
╔ÁcompileNgModuleDefs, ╔ÁcompileNgModuleFactory, ╔ÁcompilePipe, ╔ÁconvertToBitFlags, ╔ÁcreateInjector, 
╔ÁdefaultIterableDiffers, ╔ÁdefaultKeyValueDiffers, ╔ÁdepsTracker, ╔ÁdetectChangesInViewIfRequired, ╔ÁdevModeEqual, 
╔ÁfindLocaleData, ╔ÁflushModuleScopingQueueAsMuchAsPossible, ╔ÁformatRuntimeError, 
╔ÁgenerateStandaloneInDeclarationsError, ╔ÁgetAsyncClassMetadataFn, ╔ÁgetDebugNode, ╔ÁgetDeferBlocks, ╔ÁgetDirectives, 
╔ÁgetHostElement, ╔ÁgetInjectableDef, ╔ÁgetLContext, ╔ÁgetLocaleCurrencyCode, ╔ÁgetLocalePluralCase, 
╔ÁgetOutputDestroyRef, ╔ÁgetSanitizationBypassType, ╔ÁgetUnknownElementStrictMode, ╔ÁgetUnknownPropertyStrictMode, 
╔Áglobal, ╔ÁinjectChangeDetectorRef, ╔ÁinternalCreateApplication, ╔ÁinternalProvideZoneChangeDetection, 
╔ÁisBoundToModule, ╔ÁisComponentDefPendingResolution, ╔ÁisEnvironmentProviders, ╔ÁisInjectable, ╔ÁisNgModule, 
╔ÁisPromise, ╔ÁisSubscribable, ╔ÁnoSideEffects, ╔ÁpatchComponentDefWithScope, ╔ÁperformanceMarkFeature, 
╔ÁreadHydrationInfo, ╔ÁregisterLocaleData, ╔ÁrenderDeferBlockState, ╔ÁresetCompiledComponents, ╔ÁresetJitOptions, 
╔ÁresolveComponentResources, ╔ÁrestoreComponentResolutionQueue, ╔ÁsetAllowDuplicateNgModuleIdsForTest, 
╔ÁsetAlternateWeakRefImpl, ╔ÁsetClassDebugInfo, ╔ÁsetClassMetadata, ╔ÁsetClassMetadataAsync, ╔ÁsetCurrentInjector, 
╔ÁsetDocument, ╔ÁsetInjectorProfilerContext, ╔ÁsetLocaleId, ╔ÁsetUnknownElementStrictMode, 
╔ÁsetUnknownPropertyStrictMode, ╔Ástore, ╔Ástringify, ╔ÁtransitiveScopesFor, ╔ÁtriggerResourceLoading, 
╔ÁtruncateMiddle, ╔ÁunregisterLocaleData, ╔ÁunwrapSafeValue, ╔ÁunwrapWritableSignal, ╔ÁwhenStable, ╔ÁwithDomHydration, 
╔ÁwithEventReplay, ╔ÁwithI18nSupport, ╔Á╔ÁCopyDefinitionFeature, ╔Á╔ÁFactoryTarget, ╔Á╔ÁHostDirectivesFeature, 
╔Á╔ÁInheritDefinitionFeature, ╔Á╔ÁInputTransformsFeature, ╔Á╔ÁNgOnChangesFeature, ╔Á╔ÁProvidersFeature, 
╔Á╔ÁStandaloneFeature, ╔Á╔Áadvance, ╔Á╔Áattribute, ╔Á╔ÁattributeInterpolate1, ╔Á╔ÁattributeInterpolate2, 
╔Á╔ÁattributeInterpolate3, ╔Á╔ÁattributeInterpolate4, ╔Á╔ÁattributeInterpolate5, ╔Á╔ÁattributeInterpolate6, 
╔Á╔ÁattributeInterpolate7, ╔Á╔ÁattributeInterpolate8, ╔Á╔ÁattributeInterpolateV, ╔Á╔ÁclassMap, 
╔Á╔ÁclassMapInterpolate1, ╔Á╔ÁclassMapInterpolate2, ╔Á╔ÁclassMapInterpolate3, ╔Á╔ÁclassMapInterpolate4, 
╔Á╔ÁclassMapInterpolate5, ╔Á╔ÁclassMapInterpolate6, ╔Á╔ÁclassMapInterpolate7, ╔Á╔ÁclassMapInterpolate8, 
╔Á╔ÁclassMapInterpolateV, ╔Á╔ÁclassProp, ╔Á╔ÁcomponentInstance, ╔Á╔Áconditional, ╔Á╔ÁcontentQuery, 
╔Á╔ÁcontentQuerySignal, ╔Á╔ÁdeclareLet, ╔Á╔Ádefer, ╔Á╔ÁdeferEnableTimerScheduling, ╔Á╔ÁdeferOnHover, ╔Á╔ÁdeferOnIdle, 
╔Á╔ÁdeferOnImmediate, ╔Á╔ÁdeferOnInteraction, ╔Á╔ÁdeferOnTimer, ╔Á╔ÁdeferOnViewport, ╔Á╔ÁdeferPrefetchOnHover, 
╔Á╔ÁdeferPrefetchOnIdle, ╔Á╔ÁdeferPrefetchOnImmediate, ╔Á╔ÁdeferPrefetchOnInteraction, ╔Á╔ÁdeferPrefetchOnTimer, 
╔Á╔ÁdeferPrefetchOnViewport, ╔Á╔ÁdeferPrefetchWhen, ╔Á╔ÁdeferWhen, ╔Á╔ÁdefineComponent, ╔Á╔ÁdefineDirective, 
╔Á╔ÁdefineInjectable, ╔Á╔ÁdefineInjector, ╔Á╔ÁdefineNgModule, ╔Á╔ÁdefinePipe, ╔Á╔ÁdirectiveInject, 
╔Á╔ÁdisableBindings, ╔Á╔Áelement, ╔Á╔ÁelementContainer, ╔Á╔ÁelementContainerEnd, ╔Á╔ÁelementContainerStart, 
╔Á╔ÁelementEnd, ╔Á╔ÁelementStart, ╔Á╔ÁenableBindings, ╔Á╔ÁgetComponentDepsFactory, ╔Á╔ÁgetCurrentView, 
╔Á╔ÁgetInheritedFactory, ╔Á╔ÁhostProperty, ╔Á╔Ái18n, ╔Á╔Ái18nApply, ╔Á╔Ái18nAttributes, ╔Á╔Ái18nEnd, ╔Á╔Ái18nExp, 
╔Á╔Ái18nPostprocess, ╔Á╔Ái18nStart, ╔Á╔Áinject, ╔Á╔ÁinjectAttribute, ╔Á╔ÁinvalidFactory, ╔Á╔ÁinvalidFactoryDep, 
╔Á╔Álistener, ╔Á╔ÁloadQuery, ╔Á╔ÁnamespaceHTML, ╔Á╔ÁnamespaceMathML, ╔Á╔ÁnamespaceSVG, ╔Á╔ÁnextContext, 
╔Á╔ÁngDeclareClassMetadata, ╔Á╔ÁngDeclareClassMetadataAsync, ╔Á╔ÁngDeclareComponent, ╔Á╔ÁngDeclareDirective, 
╔Á╔ÁngDeclareFactory, ╔Á╔ÁngDeclareInjectable, ╔Á╔ÁngDeclareInjector, ╔Á╔ÁngDeclareNgModule, ╔Á╔ÁngDeclarePipe, 
╔Á╔Ápipe, ╔Á╔ÁpipeBind1, ╔Á╔ÁpipeBind2, ╔Á╔ÁpipeBind3, ╔Á╔ÁpipeBind4, ╔Á╔ÁpipeBindV, ╔Á╔Áprojection, 
╔Á╔ÁprojectionDef, ╔Á╔Áproperty, ╔Á╔ÁpropertyInterpolate, ╔Á╔ÁpropertyInterpolate1, ╔Á╔ÁpropertyInterpolate2, 
╔Á╔ÁpropertyInterpolate3, ╔Á╔ÁpropertyInterpolate4, ╔Á╔ÁpropertyInterpolate5, ╔Á╔ÁpropertyInterpolate6, 
╔Á╔ÁpropertyInterpolate7, ╔Á╔ÁpropertyInterpolate8, ╔Á╔ÁpropertyInterpolateV, ╔Á╔ÁpureFunction0, ╔Á╔ÁpureFunction1, 
╔Á╔ÁpureFunction2, ╔Á╔ÁpureFunction3, ╔Á╔ÁpureFunction4, ╔Á╔ÁpureFunction5, ╔Á╔ÁpureFunction6, ╔Á╔ÁpureFunction7, 
╔Á╔ÁpureFunction8, ╔Á╔ÁpureFunctionV, ╔Á╔ÁqueryAdvance, ╔Á╔ÁqueryRefresh, ╔Á╔ÁreadContextLet, ╔Á╔Áreference, 
╔Á╔ÁregisterNgModuleType, ╔Á╔Árepeater, ╔Á╔ÁrepeaterCreate, ╔Á╔ÁrepeaterTrackByIdentity, ╔Á╔ÁrepeaterTrackByIndex, 
╔Á╔ÁresetView, ╔Á╔ÁresolveBody, ╔Á╔ÁresolveDocument, ╔Á╔ÁresolveWindow, ╔Á╔ÁrestoreView, ╔Á╔ÁsanitizeHtml, 
╔Á╔ÁsanitizeResourceUrl, ╔Á╔ÁsanitizeScript, ╔Á╔ÁsanitizeStyle, ╔Á╔ÁsanitizeUrl, ╔Á╔ÁsanitizeUrlOrResourceUrl, 
╔Á╔ÁsetComponentScope, ╔Á╔ÁsetNgModuleScope, ╔Á╔ÁstoreLet, ╔Á╔ÁstyleMap, ╔Á╔ÁstyleMapInterpolate1, 
╔Á╔ÁstyleMapInterpolate2, ╔Á╔ÁstyleMapInterpolate3, ╔Á╔ÁstyleMapInterpolate4, ╔Á╔ÁstyleMapInterpolate5, 
╔Á╔ÁstyleMapInterpolate6, ╔Á╔ÁstyleMapInterpolate7, ╔Á╔ÁstyleMapInterpolate8, ╔Á╔ÁstyleMapInterpolateV, ╔Á╔ÁstyleProp, 
╔Á╔ÁstylePropInterpolate1, ╔Á╔ÁstylePropInterpolate2, ╔Á╔ÁstylePropInterpolate3, ╔Á╔ÁstylePropInterpolate4, 
╔Á╔ÁstylePropInterpolate5, ╔Á╔ÁstylePropInterpolate6, ╔Á╔ÁstylePropInterpolate7, ╔Á╔ÁstylePropInterpolate8, 
╔Á╔ÁstylePropInterpolateV, ╔Á╔ÁsyntheticHostListener, ╔Á╔ÁsyntheticHostProperty, ╔Á╔Átemplate, 
╔Á╔ÁtemplateRefExtractor, ╔Á╔Átext, ╔Á╔ÁtextInterpolate, ╔Á╔ÁtextInterpolate1, ╔Á╔ÁtextInterpolate2, 
╔Á╔ÁtextInterpolate3, ╔Á╔ÁtextInterpolate4, ╔Á╔ÁtextInterpolate5, ╔Á╔ÁtextInterpolate6, ╔Á╔ÁtextInterpolate7, 
╔Á╔ÁtextInterpolate8, ╔Á╔ÁtextInterpolateV, ╔Á╔ÁtrustConstantHtml, ╔Á╔ÁtrustConstantResourceUrl, ╔Á╔ÁtwoWayBindingSet, 
╔Á╔ÁtwoWayListener, ╔Á╔ÁtwoWayProperty, ╔Á╔ÁvalidateIframeAttribute, ╔Á╔ÁviewQuery, ╔Á╔ÁviewQuerySignal)

../node_modules/@angular/cdk/fesm2022/scrolling.mjs:1175:21-63 - Error: export '╔Á╔ÁInputFlags' (imported as 'i0') was 
not found in '@angular/core' (possible exports: ANIMATION_MODULE_TYPE, APP_BOOTSTRAP_LISTENER, APP_ID, 
APP_INITIALIZER, AfterRenderPhase, ApplicationInitStatus, ApplicationModule, ApplicationRef, Attribute, 
COMPILER_OPTIONS, CSP_NONCE, CUSTOM_ELEMENTS_SCHEMA, ChangeDetectionStrategy, ChangeDetectorRef, Compiler, 
CompilerFactory, Component, ComponentFactory, ComponentFactoryResolver, ComponentRef, ContentChild, ContentChildren, 
DEFAULT_CURRENCY_CODE, DebugElement, DebugEventListener, DebugNode, DefaultIterableDiffer, DestroyRef, Directive, 
ENVIRONMENT_INITIALIZER, ElementRef, EmbeddedViewRef, EnvironmentInjector, ErrorHandler, EventEmitter, 
ExperimentalPendingTasks, HOST_TAG_NAME, Host, HostAttributeToken, HostBinding, HostListener, INJECTOR, Inject, 
InjectFlags, Injectable, InjectionToken, Injector, Input, IterableDiffers, KeyValueDiffers, LOCALE_ID, 
MissingTranslationStrategy, ModuleWithComponentFactories, NO_ERRORS_SCHEMA, NgModule, NgModuleFactory, NgModuleRef, 
NgProbeToken, NgZone, Optional, Output, OutputEmitterRef, PACKAGE_ROOT_URL, PLATFORM_ID, PLATFORM_INITIALIZER, Pipe, 
PlatformRef, Query, QueryList, Renderer2, RendererFactory2, RendererStyleFlags2, Sanitizer, SecurityContext, Self, 
SimpleChange, SkipSelf, TRANSLATIONS, TRANSLATIONS_FORMAT, TemplateRef, Testability, TestabilityRegistry, 
TransferState, Type, VERSION, Version, ViewChild, ViewChildren, ViewContainerRef, ViewEncapsulation, ViewRef, 
afterNextRender, afterRender, asNativeElements, assertInInjectionContext, assertNotInReactiveContext, assertPlatform, 
booleanAttribute, computed, contentChild, contentChildren, createComponent, createEnvironmentInjector, createNgModule, 
createNgModuleRef, createPlatform, createPlatformFactory, defineInjectable, destroyPlatform, effect, enableProdMode, 
forwardRef, getDebugNode, getModuleFactory, getNgModuleById, getPlatform, importProvidersFrom, inject, input, 
isDevMode, isSignal, isStandalone, makeEnvironmentProviders, makeStateKey, mergeApplicationConfig, model, 
numberAttribute, output, platformCore, provideExperimentalCheckNoChangesForDebug, 
provideExperimentalZonelessChangeDetection, provideZoneChangeDetection, reflectComponentType, resolveForwardRef, 
runInInjectionContext, setTestabilityGetter, signal, untracked, viewChild, viewChildren, ╔ÁALLOW_MULTIPLE_PLATFORMS, 
╔ÁAfterRenderManager, ╔ÁCONTAINER_HEADER_OFFSET, ╔ÁChangeDetectionScheduler, ╔ÁChangeDetectionSchedulerImpl, 
╔ÁComponentFactory, ╔ÁConsole, ╔ÁDEFAULT_LOCALE_ID, ╔ÁDEFER_BLOCK_CONFIG, ╔ÁDEFER_BLOCK_DEPENDENCY_INTERCEPTOR, 
╔ÁDeferBlockBehavior, ╔ÁDeferBlockState, ╔ÁEffectScheduler, ╔ÁIMAGE_CONFIG, ╔ÁIMAGE_CONFIG_DEFAULTS, ╔ÁINJECTOR_SCOPE, 
╔ÁINPUT_SIGNAL_BRAND_WRITE_TYPE, ╔ÁINTERNAL_APPLICATION_ERROR_HANDLER, ╔ÁIS_HYDRATION_DOM_REUSE_ENABLED, 
╔ÁJSACTION_EVENT_CONTRACT, ╔ÁLContext, ╔ÁLifecycleHooksFeature, ╔ÁLocaleDataIndex, ╔ÁNG_COMP_DEF, ╔ÁNG_DIR_DEF, 
╔ÁNG_ELEMENT_ID, ╔ÁNG_INJ_DEF, ╔ÁNG_MOD_DEF, ╔ÁNG_PIPE_DEF, ╔ÁNG_PROV_DEF, ╔ÁNOT_FOUND_CHECK_ONLY_ELEMENT_INJECTOR, 
╔ÁNO_CHANGE, ╔ÁNgModuleFactory, ╔ÁNoopNgZone, ╔ÁPROVIDED_NG_ZONE, ╔ÁPendingTasks, ╔ÁReflectionCapabilities, 
╔ÁRender3ComponentFactory, ╔ÁRender3ComponentRef, ╔ÁRender3NgModuleRef, ╔ÁRuntimeError, ╔ÁSIGNAL, 
╔ÁSSR_CONTENT_INTEGRITY_MARKER, ╔ÁTESTABILITY, ╔ÁTESTABILITY_GETTER, ╔ÁUSE_RUNTIME_DEPS_TRACKER_FOR_JIT, ╔ÁViewRef, 
╔ÁXSS_SECURITY_URL, ╔ÁZONELESS_ENABLED, ╔Á_sanitizeHtml, ╔Á_sanitizeUrl, ╔ÁallowSanitizationBypassAndThrow, 
╔ÁannotateForHydration, ╔ÁbypassSanitizationTrustHtml, ╔ÁbypassSanitizationTrustResourceUrl, 
╔ÁbypassSanitizationTrustScript, ╔ÁbypassSanitizationTrustStyle, ╔ÁbypassSanitizationTrustUrl, 
╔ÁclearResolutionOfComponentResourcesQueue, ╔ÁcompileComponent, ╔ÁcompileDirective, ╔ÁcompileNgModule, 
╔ÁcompileNgModuleDefs, ╔ÁcompileNgModuleFactory, ╔ÁcompilePipe, ╔ÁconvertToBitFlags, ╔ÁcreateInjector, 
╔ÁdefaultIterableDiffers, ╔ÁdefaultKeyValueDiffers, ╔ÁdepsTracker, ╔ÁdetectChangesInViewIfRequired, ╔ÁdevModeEqual, 
╔ÁfindLocaleData, ╔ÁflushModuleScopingQueueAsMuchAsPossible, ╔ÁformatRuntimeError, 
╔ÁgenerateStandaloneInDeclarationsError, ╔ÁgetAsyncClassMetadataFn, ╔ÁgetDebugNode, ╔ÁgetDeferBlocks, ╔ÁgetDirectives, 
╔ÁgetHostElement, ╔ÁgetInjectableDef, ╔ÁgetLContext, ╔ÁgetLocaleCurrencyCode, ╔ÁgetLocalePluralCase, 
╔ÁgetOutputDestroyRef, ╔ÁgetSanitizationBypassType, ╔ÁgetUnknownElementStrictMode, ╔ÁgetUnknownPropertyStrictMode, 
╔Áglobal, ╔ÁinjectChangeDetectorRef, ╔ÁinternalCreateApplication, ╔ÁinternalProvideZoneChangeDetection, 
╔ÁisBoundToModule, ╔ÁisComponentDefPendingResolution, ╔ÁisEnvironmentProviders, ╔ÁisInjectable, ╔ÁisNgModule, 
╔ÁisPromise, ╔ÁisSubscribable, ╔ÁnoSideEffects, ╔ÁpatchComponentDefWithScope, ╔ÁperformanceMarkFeature, 
╔ÁreadHydrationInfo, ╔ÁregisterLocaleData, ╔ÁrenderDeferBlockState, ╔ÁresetCompiledComponents, ╔ÁresetJitOptions, 
╔ÁresolveComponentResources, ╔ÁrestoreComponentResolutionQueue, ╔ÁsetAllowDuplicateNgModuleIdsForTest, 
╔ÁsetAlternateWeakRefImpl, ╔ÁsetClassDebugInfo, ╔ÁsetClassMetadata, ╔ÁsetClassMetadataAsync, ╔ÁsetCurrentInjector, 
╔ÁsetDocument, ╔ÁsetInjectorProfilerContext, ╔ÁsetLocaleId, ╔ÁsetUnknownElementStrictMode, 
╔ÁsetUnknownPropertyStrictMode, ╔Ástore, ╔Ástringify, ╔ÁtransitiveScopesFor, ╔ÁtriggerResourceLoading, 
╔ÁtruncateMiddle, ╔ÁunregisterLocaleData, ╔ÁunwrapSafeValue, ╔ÁunwrapWritableSignal, ╔ÁwhenStable, ╔ÁwithDomHydration, 
╔ÁwithEventReplay, ╔ÁwithI18nSupport, ╔Á╔ÁCopyDefinitionFeature, ╔Á╔ÁFactoryTarget, ╔Á╔ÁHostDirectivesFeature, 
╔Á╔ÁInheritDefinitionFeature, ╔Á╔ÁInputTransformsFeature, ╔Á╔ÁNgOnChangesFeature, ╔Á╔ÁProvidersFeature, 
╔Á╔ÁStandaloneFeature, ╔Á╔Áadvance, ╔Á╔Áattribute, ╔Á╔ÁattributeInterpolate1, ╔Á╔ÁattributeInterpolate2, 
╔Á╔ÁattributeInterpolate3, ╔Á╔ÁattributeInterpolate4, ╔Á╔ÁattributeInterpolate5, ╔Á╔ÁattributeInterpolate6, 
╔Á╔ÁattributeInterpolate7, ╔Á╔ÁattributeInterpolate8, ╔Á╔ÁattributeInterpolateV, ╔Á╔ÁclassMap, 
╔Á╔ÁclassMapInterpolate1, ╔Á╔ÁclassMapInterpolate2, ╔Á╔ÁclassMapInterpolate3, ╔Á╔ÁclassMapInterpolate4, 
╔Á╔ÁclassMapInterpolate5, ╔Á╔ÁclassMapInterpolate6, ╔Á╔ÁclassMapInterpolate7, ╔Á╔ÁclassMapInterpolate8, 
╔Á╔ÁclassMapInterpolateV, ╔Á╔ÁclassProp, ╔Á╔ÁcomponentInstance, ╔Á╔Áconditional, ╔Á╔ÁcontentQuery, 
╔Á╔ÁcontentQuerySignal, ╔Á╔ÁdeclareLet, ╔Á╔Ádefer, ╔Á╔ÁdeferEnableTimerScheduling, ╔Á╔ÁdeferOnHover, ╔Á╔ÁdeferOnIdle, 
╔Á╔ÁdeferOnImmediate, ╔Á╔ÁdeferOnInteraction, ╔Á╔ÁdeferOnTimer, ╔Á╔ÁdeferOnViewport, ╔Á╔ÁdeferPrefetchOnHover, 
╔Á╔ÁdeferPrefetchOnIdle, ╔Á╔ÁdeferPrefetchOnImmediate, ╔Á╔ÁdeferPrefetchOnInteraction, ╔Á╔ÁdeferPrefetchOnTimer, 
╔Á╔ÁdeferPrefetchOnViewport, ╔Á╔ÁdeferPrefetchWhen, ╔Á╔ÁdeferWhen, ╔Á╔ÁdefineComponent, ╔Á╔ÁdefineDirective, 
╔Á╔ÁdefineInjectable, ╔Á╔ÁdefineInjector, ╔Á╔ÁdefineNgModule, ╔Á╔ÁdefinePipe, ╔Á╔ÁdirectiveInject, 
╔Á╔ÁdisableBindings, ╔Á╔Áelement, ╔Á╔ÁelementContainer, ╔Á╔ÁelementContainerEnd, ╔Á╔ÁelementContainerStart, 
╔Á╔ÁelementEnd, ╔Á╔ÁelementStart, ╔Á╔ÁenableBindings, ╔Á╔ÁgetComponentDepsFactory, ╔Á╔ÁgetCurrentView, 
╔Á╔ÁgetInheritedFactory, ╔Á╔ÁhostProperty, ╔Á╔Ái18n, ╔Á╔Ái18nApply, ╔Á╔Ái18nAttributes, ╔Á╔Ái18nEnd, ╔Á╔Ái18nExp, 
╔Á╔Ái18nPostprocess, ╔Á╔Ái18nStart, ╔Á╔Áinject, ╔Á╔ÁinjectAttribute, ╔Á╔ÁinvalidFactory, ╔Á╔ÁinvalidFactoryDep, 
╔Á╔Álistener, ╔Á╔ÁloadQuery, ╔Á╔ÁnamespaceHTML, ╔Á╔ÁnamespaceMathML, ╔Á╔ÁnamespaceSVG, ╔Á╔ÁnextContext, 
╔Á╔ÁngDeclareClassMetadata, ╔Á╔ÁngDeclareClassMetadataAsync, ╔Á╔ÁngDeclareComponent, ╔Á╔ÁngDeclareDirective, 
╔Á╔ÁngDeclareFactory, ╔Á╔ÁngDeclareInjectable, ╔Á╔ÁngDeclareInjector, ╔Á╔ÁngDeclareNgModule, ╔Á╔ÁngDeclarePipe, 
╔Á╔Ápipe, ╔Á╔ÁpipeBind1, ╔Á╔ÁpipeBind2, ╔Á╔ÁpipeBind3, ╔Á╔ÁpipeBind4, ╔Á╔ÁpipeBindV, ╔Á╔Áprojection, 
╔Á╔ÁprojectionDef, ╔Á╔Áproperty, ╔Á╔ÁpropertyInterpolate, ╔Á╔ÁpropertyInterpolate1, ╔Á╔ÁpropertyInterpolate2, 
╔Á╔ÁpropertyInterpolate3, ╔Á╔ÁpropertyInterpolate4, ╔Á╔ÁpropertyInterpolate5, ╔Á╔ÁpropertyInterpolate6, 
╔Á╔ÁpropertyInterpolate7, ╔Á╔ÁpropertyInterpolate8, ╔Á╔ÁpropertyInterpolateV, ╔Á╔ÁpureFunction0, ╔Á╔ÁpureFunction1, 
╔Á╔ÁpureFunction2, ╔Á╔ÁpureFunction3, ╔Á╔ÁpureFunction4, ╔Á╔ÁpureFunction5, ╔Á╔ÁpureFunction6, ╔Á╔ÁpureFunction7, 
╔Á╔ÁpureFunction8, ╔Á╔ÁpureFunctionV, ╔Á╔ÁqueryAdvance, ╔Á╔ÁqueryRefresh, ╔Á╔ÁreadContextLet, ╔Á╔Áreference, 
╔Á╔ÁregisterNgModuleType, ╔Á╔Árepeater, ╔Á╔ÁrepeaterCreate, ╔Á╔ÁrepeaterTrackByIdentity, ╔Á╔ÁrepeaterTrackByIndex, 
╔Á╔ÁresetView, ╔Á╔ÁresolveBody, ╔Á╔ÁresolveDocument, ╔Á╔ÁresolveWindow, ╔Á╔ÁrestoreView, ╔Á╔ÁsanitizeHtml, 
╔Á╔ÁsanitizeResourceUrl, ╔Á╔ÁsanitizeScript, ╔Á╔ÁsanitizeStyle, ╔Á╔ÁsanitizeUrl, ╔Á╔ÁsanitizeUrlOrResourceUrl, 
╔Á╔ÁsetComponentScope, ╔Á╔ÁsetNgModuleScope, ╔Á╔ÁstoreLet, ╔Á╔ÁstyleMap, ╔Á╔ÁstyleMapInterpolate1, 
╔Á╔ÁstyleMapInterpolate2, ╔Á╔ÁstyleMapInterpolate3, ╔Á╔ÁstyleMapInterpolate4, ╔Á╔ÁstyleMapInterpolate5, 
╔Á╔ÁstyleMapInterpolate6, ╔Á╔ÁstyleMapInterpolate7, ╔Á╔ÁstyleMapInterpolate8, ╔Á╔ÁstyleMapInterpolateV, ╔Á╔ÁstyleProp, 
╔Á╔ÁstylePropInterpolate1, ╔Á╔ÁstylePropInterpolate2, ╔Á╔ÁstylePropInterpolate3, ╔Á╔ÁstylePropInterpolate4, 
╔Á╔ÁstylePropInterpolate5, ╔Á╔ÁstylePropInterpolate6, ╔Á╔ÁstylePropInterpolate7, ╔Á╔ÁstylePropInterpolate8, 
╔Á╔ÁstylePropInterpolateV, ╔Á╔ÁsyntheticHostListener, ╔Á╔ÁsyntheticHostProperty, ╔Á╔Átemplate, 
╔Á╔ÁtemplateRefExtractor, ╔Á╔Átext, ╔Á╔ÁtextInterpolate, ╔Á╔ÁtextInterpolate1, ╔Á╔ÁtextInterpolate2, 
╔Á╔ÁtextInterpolate3, ╔Á╔ÁtextInterpolate4, ╔Á╔ÁtextInterpolate5, ╔Á╔ÁtextInterpolate6, ╔Á╔ÁtextInterpolate7, 
╔Á╔ÁtextInterpolate8, ╔Á╔ÁtextInterpolateV, ╔Á╔ÁtrustConstantHtml, ╔Á╔ÁtrustConstantResourceUrl, ╔Á╔ÁtwoWayBindingSet, 
╔Á╔ÁtwoWayListener, ╔Á╔ÁtwoWayProperty, ╔Á╔ÁvalidateIframeAttribute, ╔Á╔ÁviewQuery, ╔Á╔ÁviewQuerySignal)

../node_modules/@angular/cdk/fesm2022/text-field.mjs:426:18-38 - Error: export '╔Á╔ÁInputFlags' (imported as 'i0') was 
not found in '@angular/core' (possible exports: ANIMATION_MODULE_TYPE, APP_BOOTSTRAP_LISTENER, APP_ID, 
APP_INITIALIZER, AfterRenderPhase, ApplicationInitStatus, ApplicationModule, ApplicationRef, Attribute, 
COMPILER_OPTIONS, CSP_NONCE, CUSTOM_ELEMENTS_SCHEMA, ChangeDetectionStrategy, ChangeDetectorRef, Compiler, 
CompilerFactory, Component, ComponentFactory, ComponentFactoryResolver, ComponentRef, ContentChild, ContentChildren, 
DEFAULT_CURRENCY_CODE, DebugElement, DebugEventListener, DebugNode, DefaultIterableDiffer, DestroyRef, Directive, 
ENVIRONMENT_INITIALIZER, ElementRef, EmbeddedViewRef, EnvironmentInjector, ErrorHandler, EventEmitter, 
ExperimentalPendingTasks, HOST_TAG_NAME, Host, HostAttributeToken, HostBinding, HostListener, INJECTOR, Inject, 
InjectFlags, Injectable, InjectionToken, Injector, Input, IterableDiffers, KeyValueDiffers, LOCALE_ID, 
MissingTranslationStrategy, ModuleWithComponentFactories, NO_ERRORS_SCHEMA, NgModule, NgModuleFactory, NgModuleRef, 
NgProbeToken, NgZone, Optional, Output, OutputEmitterRef, PACKAGE_ROOT_URL, PLATFORM_ID, PLATFORM_INITIALIZER, Pipe, 
PlatformRef, Query, QueryList, Renderer2, RendererFactory2, RendererStyleFlags2, Sanitizer, SecurityContext, Self, 
SimpleChange, SkipSelf, TRANSLATIONS, TRANSLATIONS_FORMAT, TemplateRef, Testability, TestabilityRegistry, 
TransferState, Type, VERSION, Version, ViewChild, ViewChildren, ViewContainerRef, ViewEncapsulation, ViewRef, 
afterNextRender, afterRender, asNativeElements, assertInInjectionContext, assertNotInReactiveContext, assertPlatform, 
booleanAttribute, computed, contentChild, contentChildren, createComponent, createEnvironmentInjector, createNgModule, 
createNgModuleRef, createPlatform, createPlatformFactory, defineInjectable, destroyPlatform, effect, enableProdMode, 
forwardRef, getDebugNode, getModuleFactory, getNgModuleById, getPlatform, importProvidersFrom, inject, input, 
isDevMode, isSignal, isStandalone, makeEnvironmentProviders, makeStateKey, mergeApplicationConfig, model, 
numberAttribute, output, platformCore, provideExperimentalCheckNoChangesForDebug, 
provideExperimentalZonelessChangeDetection, provideZoneChangeDetection, reflectComponentType, resolveForwardRef, 
runInInjectionContext, setTestabilityGetter, signal, untracked, viewChild, viewChildren, ╔ÁALLOW_MULTIPLE_PLATFORMS, 
╔ÁAfterRenderManager, ╔ÁCONTAINER_HEADER_OFFSET, ╔ÁChangeDetectionScheduler, ╔ÁChangeDetectionSchedulerImpl, 
╔ÁComponentFactory, ╔ÁConsole, ╔ÁDEFAULT_LOCALE_ID, ╔ÁDEFER_BLOCK_CONFIG, ╔ÁDEFER_BLOCK_DEPENDENCY_INTERCEPTOR, 
╔ÁDeferBlockBehavior, ╔ÁDeferBlockState, ╔ÁEffectScheduler, ╔ÁIMAGE_CONFIG, ╔ÁIMAGE_CONFIG_DEFAULTS, ╔ÁINJECTOR_SCOPE, 
╔ÁINPUT_SIGNAL_BRAND_WRITE_TYPE, ╔ÁINTERNAL_APPLICATION_ERROR_HANDLER, ╔ÁIS_HYDRATION_DOM_REUSE_ENABLED, 
╔ÁJSACTION_EVENT_CONTRACT, ╔ÁLContext, ╔ÁLifecycleHooksFeature, ╔ÁLocaleDataIndex, ╔ÁNG_COMP_DEF, ╔ÁNG_DIR_DEF, 
╔ÁNG_ELEMENT_ID, ╔ÁNG_INJ_DEF, ╔ÁNG_MOD_DEF, ╔ÁNG_PIPE_DEF, ╔ÁNG_PROV_DEF, ╔ÁNOT_FOUND_CHECK_ONLY_ELEMENT_INJECTOR, 
╔ÁNO_CHANGE, ╔ÁNgModuleFactory, ╔ÁNoopNgZone, ╔ÁPROVIDED_NG_ZONE, ╔ÁPendingTasks, ╔ÁReflectionCapabilities, 
╔ÁRender3ComponentFactory, ╔ÁRender3ComponentRef, ╔ÁRender3NgModuleRef, ╔ÁRuntimeError, ╔ÁSIGNAL, 
╔ÁSSR_CONTENT_INTEGRITY_MARKER, ╔ÁTESTABILITY, ╔ÁTESTABILITY_GETTER, ╔ÁUSE_RUNTIME_DEPS_TRACKER_FOR_JIT, ╔ÁViewRef, 
╔ÁXSS_SECURITY_URL, ╔ÁZONELESS_ENABLED, ╔Á_sanitizeHtml, ╔Á_sanitizeUrl, ╔ÁallowSanitizationBypassAndThrow, 
╔ÁannotateForHydration, ╔ÁbypassSanitizationTrustHtml, ╔ÁbypassSanitizationTrustResourceUrl, 
╔ÁbypassSanitizationTrustScript, ╔ÁbypassSanitizationTrustStyle, ╔ÁbypassSanitizationTrustUrl, 
╔ÁclearResolutionOfComponentResourcesQueue, ╔ÁcompileComponent, ╔ÁcompileDirective, ╔ÁcompileNgModule, 
╔ÁcompileNgModuleDefs, ╔ÁcompileNgModuleFactory, ╔ÁcompilePipe, ╔ÁconvertToBitFlags, ╔ÁcreateInjector, 
╔ÁdefaultIterableDiffers, ╔ÁdefaultKeyValueDiffers, ╔ÁdepsTracker, ╔ÁdetectChangesInViewIfRequired, ╔ÁdevModeEqual, 
╔ÁfindLocaleData, ╔ÁflushModuleScopingQueueAsMuchAsPossible, ╔ÁformatRuntimeError, 
╔ÁgenerateStandaloneInDeclarationsError, ╔ÁgetAsyncClassMetadataFn, ╔ÁgetDebugNode, ╔ÁgetDeferBlocks, ╔ÁgetDirectives, 
╔ÁgetHostElement, ╔ÁgetInjectableDef, ╔ÁgetLContext, ╔ÁgetLocaleCurrencyCode, ╔ÁgetLocalePluralCase, 
╔ÁgetOutputDestroyRef, ╔ÁgetSanitizationBypassType, ╔ÁgetUnknownElementStrictMode, ╔ÁgetUnknownPropertyStrictMode, 
╔Áglobal, ╔ÁinjectChangeDetectorRef, ╔ÁinternalCreateApplication, ╔ÁinternalProvideZoneChangeDetection, 
╔ÁisBoundToModule, ╔ÁisComponentDefPendingResolution, ╔ÁisEnvironmentProviders, ╔ÁisInjectable, ╔ÁisNgModule, 
╔ÁisPromise, ╔ÁisSubscribable, ╔ÁnoSideEffects, ╔ÁpatchComponentDefWithScope, ╔ÁperformanceMarkFeature, 
╔ÁreadHydrationInfo, ╔ÁregisterLocaleData, ╔ÁrenderDeferBlockState, ╔ÁresetCompiledComponents, ╔ÁresetJitOptions, 
╔ÁresolveComponentResources, ╔ÁrestoreComponentResolutionQueue, ╔ÁsetAllowDuplicateNgModuleIdsForTest, 
╔ÁsetAlternateWeakRefImpl, ╔ÁsetClassDebugInfo, ╔ÁsetClassMetadata, ╔ÁsetClassMetadataAsync, ╔ÁsetCurrentInjector, 
╔ÁsetDocument, ╔ÁsetInjectorProfilerContext, ╔ÁsetLocaleId, ╔ÁsetUnknownElementStrictMode, 
╔ÁsetUnknownPropertyStrictMode, ╔Ástore, ╔Ástringify, ╔ÁtransitiveScopesFor, ╔ÁtriggerResourceLoading, 
╔ÁtruncateMiddle, ╔ÁunregisterLocaleData, ╔ÁunwrapSafeValue, ╔ÁunwrapWritableSignal, ╔ÁwhenStable, ╔ÁwithDomHydration, 
╔ÁwithEventReplay, ╔ÁwithI18nSupport, ╔Á╔ÁCopyDefinitionFeature, ╔Á╔ÁFactoryTarget, ╔Á╔ÁHostDirectivesFeature, 
╔Á╔ÁInheritDefinitionFeature, ╔Á╔ÁInputTransformsFeature, ╔Á╔ÁNgOnChangesFeature, ╔Á╔ÁProvidersFeature, 
╔Á╔ÁStandaloneFeature, ╔Á╔Áadvance, ╔Á╔Áattribute, ╔Á╔ÁattributeInterpolate1, ╔Á╔ÁattributeInterpolate2, 
╔Á╔ÁattributeInterpolate3, ╔Á╔ÁattributeInterpolate4, ╔Á╔ÁattributeInterpolate5, ╔Á╔ÁattributeInterpolate6, 
╔Á╔ÁattributeInterpolate7, ╔Á╔ÁattributeInterpolate8, ╔Á╔ÁattributeInterpolateV, ╔Á╔ÁclassMap, 
╔Á╔ÁclassMapInterpolate1, ╔Á╔ÁclassMapInterpolate2, ╔Á╔ÁclassMapInterpolate3, ╔Á╔ÁclassMapInterpolate4, 
╔Á╔ÁclassMapInterpolate5, ╔Á╔ÁclassMapInterpolate6, ╔Á╔ÁclassMapInterpolate7, ╔Á╔ÁclassMapInterpolate8, 
╔Á╔ÁclassMapInterpolateV, ╔Á╔ÁclassProp, ╔Á╔ÁcomponentInstance, ╔Á╔Áconditional, ╔Á╔ÁcontentQuery, 
╔Á╔ÁcontentQuerySignal, ╔Á╔ÁdeclareLet, ╔Á╔Ádefer, ╔Á╔ÁdeferEnableTimerScheduling, ╔Á╔ÁdeferOnHover, ╔Á╔ÁdeferOnIdle, 
╔Á╔ÁdeferOnImmediate, ╔Á╔ÁdeferOnInteraction, ╔Á╔ÁdeferOnTimer, ╔Á╔ÁdeferOnViewport, ╔Á╔ÁdeferPrefetchOnHover, 
╔Á╔ÁdeferPrefetchOnIdle, ╔Á╔ÁdeferPrefetchOnImmediate, ╔Á╔ÁdeferPrefetchOnInteraction, ╔Á╔ÁdeferPrefetchOnTimer, 
╔Á╔ÁdeferPrefetchOnViewport, ╔Á╔ÁdeferPrefetchWhen, ╔Á╔ÁdeferWhen, ╔Á╔ÁdefineComponent, ╔Á╔ÁdefineDirective, 
╔Á╔ÁdefineInjectable, ╔Á╔ÁdefineInjector, ╔Á╔ÁdefineNgModule, ╔Á╔ÁdefinePipe, ╔Á╔ÁdirectiveInject, 
╔Á╔ÁdisableBindings, ╔Á╔Áelement, ╔Á╔ÁelementContainer, ╔Á╔ÁelementContainerEnd, ╔Á╔ÁelementContainerStart, 
╔Á╔ÁelementEnd, ╔Á╔ÁelementStart, ╔Á╔ÁenableBindings, ╔Á╔ÁgetComponentDepsFactory, ╔Á╔ÁgetCurrentView, 
╔Á╔ÁgetInheritedFactory, ╔Á╔ÁhostProperty, ╔Á╔Ái18n, ╔Á╔Ái18nApply, ╔Á╔Ái18nAttributes, ╔Á╔Ái18nEnd, ╔Á╔Ái18nExp, 
╔Á╔Ái18nPostprocess, ╔Á╔Ái18nStart, ╔Á╔Áinject, ╔Á╔ÁinjectAttribute, ╔Á╔ÁinvalidFactory, ╔Á╔ÁinvalidFactoryDep, 
╔Á╔Álistener, ╔Á╔ÁloadQuery, ╔Á╔ÁnamespaceHTML, ╔Á╔ÁnamespaceMathML, ╔Á╔ÁnamespaceSVG, ╔Á╔ÁnextContext, 
╔Á╔ÁngDeclareClassMetadata, ╔Á╔ÁngDeclareClassMetadataAsync, ╔Á╔ÁngDeclareComponent, ╔Á╔ÁngDeclareDirective, 
╔Á╔ÁngDeclareFactory, ╔Á╔ÁngDeclareInjectable, ╔Á╔ÁngDeclareInjector, ╔Á╔ÁngDeclareNgModule, ╔Á╔ÁngDeclarePipe, 
╔Á╔Ápipe, ╔Á╔ÁpipeBind1, ╔Á╔ÁpipeBind2, ╔Á╔ÁpipeBind3, ╔Á╔ÁpipeBind4, ╔Á╔ÁpipeBindV, ╔Á╔Áprojection, 
╔Á╔ÁprojectionDef, ╔Á╔Áproperty, ╔Á╔ÁpropertyInterpolate, ╔Á╔ÁpropertyInterpolate1, ╔Á╔ÁpropertyInterpolate2, 
╔Á╔ÁpropertyInterpolate3, ╔Á╔ÁpropertyInterpolate4, ╔Á╔ÁpropertyInterpolate5, ╔Á╔ÁpropertyInterpolate6, 
╔Á╔ÁpropertyInterpolate7, ╔Á╔ÁpropertyInterpolate8, ╔Á╔ÁpropertyInterpolateV, ╔Á╔ÁpureFunction0, ╔Á╔ÁpureFunction1, 
╔Á╔ÁpureFunction2, ╔Á╔ÁpureFunction3, ╔Á╔ÁpureFunction4, ╔Á╔ÁpureFunction5, ╔Á╔ÁpureFunction6, ╔Á╔ÁpureFunction7, 
╔Á╔ÁpureFunction8, ╔Á╔ÁpureFunctionV, ╔Á╔ÁqueryAdvance, ╔Á╔ÁqueryRefresh, ╔Á╔ÁreadContextLet, ╔Á╔Áreference, 
╔Á╔ÁregisterNgModuleType, ╔Á╔Árepeater, ╔Á╔ÁrepeaterCreate, ╔Á╔ÁrepeaterTrackByIdentity, ╔Á╔ÁrepeaterTrackByIndex, 
╔Á╔ÁresetView, ╔Á╔ÁresolveBody, ╔Á╔ÁresolveDocument, ╔Á╔ÁresolveWindow, ╔Á╔ÁrestoreView, ╔Á╔ÁsanitizeHtml, 
╔Á╔ÁsanitizeResourceUrl, ╔Á╔ÁsanitizeScript, ╔Á╔ÁsanitizeStyle, ╔Á╔ÁsanitizeUrl, ╔Á╔ÁsanitizeUrlOrResourceUrl, 
╔Á╔ÁsetComponentScope, ╔Á╔ÁsetNgModuleScope, ╔Á╔ÁstoreLet, ╔Á╔ÁstyleMap, ╔Á╔ÁstyleMapInterpolate1, 
╔Á╔ÁstyleMapInterpolate2, ╔Á╔ÁstyleMapInterpolate3, ╔Á╔ÁstyleMapInterpolate4, ╔Á╔ÁstyleMapInterpolate5, 
╔Á╔ÁstyleMapInterpolate6, ╔Á╔ÁstyleMapInterpolate7, ╔Á╔ÁstyleMapInterpolate8, ╔Á╔ÁstyleMapInterpolateV, ╔Á╔ÁstyleProp, 
╔Á╔ÁstylePropInterpolate1, ╔Á╔ÁstylePropInterpolate2, ╔Á╔ÁstylePropInterpolate3, ╔Á╔ÁstylePropInterpolate4, 
╔Á╔ÁstylePropInterpolate5, ╔Á╔ÁstylePropInterpolate6, ╔Á╔ÁstylePropInterpolate7, ╔Á╔ÁstylePropInterpolate8, 
╔Á╔ÁstylePropInterpolateV, ╔Á╔ÁsyntheticHostListener, ╔Á╔ÁsyntheticHostProperty, ╔Á╔Átemplate, 
╔Á╔ÁtemplateRefExtractor, ╔Á╔Átext, ╔Á╔ÁtextInterpolate, ╔Á╔ÁtextInterpolate1, ╔Á╔ÁtextInterpolate2, 
╔Á╔ÁtextInterpolate3, ╔Á╔ÁtextInterpolate4, ╔Á╔ÁtextInterpolate5, ╔Á╔ÁtextInterpolate6, ╔Á╔ÁtextInterpolate7, 
╔Á╔ÁtextInterpolate8, ╔Á╔ÁtextInterpolateV, ╔Á╔ÁtrustConstantHtml, ╔Á╔ÁtrustConstantResourceUrl, ╔Á╔ÁtwoWayBindingSet, 
╔Á╔ÁtwoWayListener, ╔Á╔ÁtwoWayProperty, ╔Á╔ÁvalidateIframeAttribute, ╔Á╔ÁviewQuery, ╔Á╔ÁviewQuerySignal)

../node_modules/@angular/cdk/fesm2022/text-field.mjs:427:18-38 - Error: export '╔Á╔ÁInputFlags' (imported as 'i0') was 
not found in '@angular/core' (possible exports: ANIMATION_MODULE_TYPE, APP_BOOTSTRAP_LISTENER, APP_ID, 
APP_INITIALIZER, AfterRenderPhase, ApplicationInitStatus, ApplicationModule, ApplicationRef, Attribute, 
COMPILER_OPTIONS, CSP_NONCE, CUSTOM_ELEMENTS_SCHEMA, ChangeDetectionStrategy, ChangeDetectorRef, Compiler, 
CompilerFactory, Component, ComponentFactory, ComponentFactoryResolver, ComponentRef, ContentChild, ContentChildren, 
DEFAULT_CURRENCY_CODE, DebugElement, DebugEventListener, DebugNode, DefaultIterableDiffer, DestroyRef, Directive, 
ENVIRONMENT_INITIALIZER, ElementRef, EmbeddedViewRef, EnvironmentInjector, ErrorHandler, EventEmitter, 
ExperimentalPendingTasks, HOST_TAG_NAME, Host, HostAttributeToken, HostBinding, HostListener, INJECTOR, Inject, 
InjectFlags, Injectable, InjectionToken, Injector, Input, IterableDiffers, KeyValueDiffers, LOCALE_ID, 
MissingTranslationStrategy, ModuleWithComponentFactories, NO_ERRORS_SCHEMA, NgModule, NgModuleFactory, NgModuleRef, 
NgProbeToken, NgZone, Optional, Output, OutputEmitterRef, PACKAGE_ROOT_URL, PLATFORM_ID, PLATFORM_INITIALIZER, Pipe, 
PlatformRef, Query, QueryList, Renderer2, RendererFactory2, RendererStyleFlags2, Sanitizer, SecurityContext, Self, 
SimpleChange, SkipSelf, TRANSLATIONS, TRANSLATIONS_FORMAT, TemplateRef, Testability, TestabilityRegistry, 
TransferState, Type, VERSION, Version, ViewChild, ViewChildren, ViewContainerRef, ViewEncapsulation, ViewRef, 
afterNextRender, afterRender, asNativeElements, assertInInjectionContext, assertNotInReactiveContext, assertPlatform, 
booleanAttribute, computed, contentChild, contentChildren, createComponent, createEnvironmentInjector, createNgModule, 
createNgModuleRef, createPlatform, createPlatformFactory, defineInjectable, destroyPlatform, effect, enableProdMode, 
forwardRef, getDebugNode, getModuleFactory, getNgModuleById, getPlatform, importProvidersFrom, inject, input, 
isDevMode, isSignal, isStandalone, makeEnvironmentProviders, makeStateKey, mergeApplicationConfig, model, 
numberAttribute, output, platformCore, provideExperimentalCheckNoChangesForDebug, 
provideExperimentalZonelessChangeDetection, provideZoneChangeDetection, reflectComponentType, resolveForwardRef, 
runInInjectionContext, setTestabilityGetter, signal, untracked, viewChild, viewChildren, ╔ÁALLOW_MULTIPLE_PLATFORMS, 
╔ÁAfterRenderManager, ╔ÁCONTAINER_HEADER_OFFSET, ╔ÁChangeDetectionScheduler, ╔ÁChangeDetectionSchedulerImpl, 
╔ÁComponentFactory, ╔ÁConsole, ╔ÁDEFAULT_LOCALE_ID, ╔ÁDEFER_BLOCK_CONFIG, ╔ÁDEFER_BLOCK_DEPENDENCY_INTERCEPTOR, 
╔ÁDeferBlockBehavior, ╔ÁDeferBlockState, ╔ÁEffectScheduler, ╔ÁIMAGE_CONFIG, ╔ÁIMAGE_CONFIG_DEFAULTS, ╔ÁINJECTOR_SCOPE, 
╔ÁINPUT_SIGNAL_BRAND_WRITE_TYPE, ╔ÁINTERNAL_APPLICATION_ERROR_HANDLER, ╔ÁIS_HYDRATION_DOM_REUSE_ENABLED, 
╔ÁJSACTION_EVENT_CONTRACT, ╔ÁLContext, ╔ÁLifecycleHooksFeature, ╔ÁLocaleDataIndex, ╔ÁNG_COMP_DEF, ╔ÁNG_DIR_DEF, 
╔ÁNG_ELEMENT_ID, ╔ÁNG_INJ_DEF, ╔ÁNG_MOD_DEF, ╔ÁNG_PIPE_DEF, ╔ÁNG_PROV_DEF, ╔ÁNOT_FOUND_CHECK_ONLY_ELEMENT_INJECTOR, 
╔ÁNO_CHANGE, ╔ÁNgModuleFactory, ╔ÁNoopNgZone, ╔ÁPROVIDED_NG_ZONE, ╔ÁPendingTasks, ╔ÁReflectionCapabilities, 
╔ÁRender3ComponentFactory, ╔ÁRender3ComponentRef, ╔ÁRender3NgModuleRef, ╔ÁRuntimeError, ╔ÁSIGNAL, 
╔ÁSSR_CONTENT_INTEGRITY_MARKER, ╔ÁTESTABILITY, ╔ÁTESTABILITY_GETTER, ╔ÁUSE_RUNTIME_DEPS_TRACKER_FOR_JIT, ╔ÁViewRef, 
╔ÁXSS_SECURITY_URL, ╔ÁZONELESS_ENABLED, ╔Á_sanitizeHtml, ╔Á_sanitizeUrl, ╔ÁallowSanitizationBypassAndThrow, 
╔ÁannotateForHydration, ╔ÁbypassSanitizationTrustHtml, ╔ÁbypassSanitizationTrustResourceUrl, 
╔ÁbypassSanitizationTrustScript, ╔ÁbypassSanitizationTrustStyle, ╔ÁbypassSanitizationTrustUrl, 
╔ÁclearResolutionOfComponentResourcesQueue, ╔ÁcompileComponent, ╔ÁcompileDirective, ╔ÁcompileNgModule, 
╔ÁcompileNgModuleDefs, ╔ÁcompileNgModuleFactory, ╔ÁcompilePipe, ╔ÁconvertToBitFlags, ╔ÁcreateInjector, 
╔ÁdefaultIterableDiffers, ╔ÁdefaultKeyValueDiffers, ╔ÁdepsTracker, ╔ÁdetectChangesInViewIfRequired, ╔ÁdevModeEqual, 
╔ÁfindLocaleData, ╔ÁflushModuleScopingQueueAsMuchAsPossible, ╔ÁformatRuntimeError, 
╔ÁgenerateStandaloneInDeclarationsError, ╔ÁgetAsyncClassMetadataFn, ╔ÁgetDebugNode, ╔ÁgetDeferBlocks, ╔ÁgetDirectives, 
╔ÁgetHostElement, ╔ÁgetInjectableDef, ╔ÁgetLContext, ╔ÁgetLocaleCurrencyCode, ╔ÁgetLocalePluralCase, 
╔ÁgetOutputDestroyRef, ╔ÁgetSanitizationBypassType, ╔ÁgetUnknownElementStrictMode, ╔ÁgetUnknownPropertyStrictMode, 
╔Áglobal, ╔ÁinjectChangeDetectorRef, ╔ÁinternalCreateApplication, ╔ÁinternalProvideZoneChangeDetection, 
╔ÁisBoundToModule, ╔ÁisComponentDefPendingResolution, ╔ÁisEnvironmentProviders, ╔ÁisInjectable, ╔ÁisNgModule, 
╔ÁisPromise, ╔ÁisSubscribable, ╔ÁnoSideEffects, ╔ÁpatchComponentDefWithScope, ╔ÁperformanceMarkFeature, 
╔ÁreadHydrationInfo, ╔ÁregisterLocaleData, ╔ÁrenderDeferBlockState, ╔ÁresetCompiledComponents, ╔ÁresetJitOptions, 
╔ÁresolveComponentResources, ╔ÁrestoreComponentResolutionQueue, ╔ÁsetAllowDuplicateNgModuleIdsForTest, 
╔ÁsetAlternateWeakRefImpl, ╔ÁsetClassDebugInfo, ╔ÁsetClassMetadata, ╔ÁsetClassMetadataAsync, ╔ÁsetCurrentInjector, 
╔ÁsetDocument, ╔ÁsetInjectorProfilerContext, ╔ÁsetLocaleId, ╔ÁsetUnknownElementStrictMode, 
╔ÁsetUnknownPropertyStrictMode, ╔Ástore, ╔Ástringify, ╔ÁtransitiveScopesFor, ╔ÁtriggerResourceLoading, 
╔ÁtruncateMiddle, ╔ÁunregisterLocaleData, ╔ÁunwrapSafeValue, ╔ÁunwrapWritableSignal, ╔ÁwhenStable, ╔ÁwithDomHydration, 
╔ÁwithEventReplay, ╔ÁwithI18nSupport, ╔Á╔ÁCopyDefinitionFeature, ╔Á╔ÁFactoryTarget, ╔Á╔ÁHostDirectivesFeature, 
╔Á╔ÁInheritDefinitionFeature, ╔Á╔ÁInputTransformsFeature, ╔Á╔ÁNgOnChangesFeature, ╔Á╔ÁProvidersFeature, 
╔Á╔ÁStandaloneFeature, ╔Á╔Áadvance, ╔Á╔Áattribute, ╔Á╔ÁattributeInterpolate1, ╔Á╔ÁattributeInterpolate2, 
╔Á╔ÁattributeInterpolate3, ╔Á╔ÁattributeInterpolate4, ╔Á╔ÁattributeInterpolate5, ╔Á╔ÁattributeInterpolate6, 
╔Á╔ÁattributeInterpolate7, ╔Á╔ÁattributeInterpolate8, ╔Á╔ÁattributeInterpolateV, ╔Á╔ÁclassMap, 
╔Á╔ÁclassMapInterpolate1, ╔Á╔ÁclassMapInterpolate2, ╔Á╔ÁclassMapInterpolate3, ╔Á╔ÁclassMapInterpolate4, 
╔Á╔ÁclassMapInterpolate5, ╔Á╔ÁclassMapInterpolate6, ╔Á╔ÁclassMapInterpolate7, ╔Á╔ÁclassMapInterpolate8, 
╔Á╔ÁclassMapInterpolateV, ╔Á╔ÁclassProp, ╔Á╔ÁcomponentInstance, ╔Á╔Áconditional, ╔Á╔ÁcontentQuery, 
╔Á╔ÁcontentQuerySignal, ╔Á╔ÁdeclareLet, ╔Á╔Ádefer, ╔Á╔ÁdeferEnableTimerScheduling, ╔Á╔ÁdeferOnHover, ╔Á╔ÁdeferOnIdle, 
╔Á╔ÁdeferOnImmediate, ╔Á╔ÁdeferOnInteraction, ╔Á╔ÁdeferOnTimer, ╔Á╔ÁdeferOnViewport, ╔Á╔ÁdeferPrefetchOnHover, 
╔Á╔ÁdeferPrefetchOnIdle, ╔Á╔ÁdeferPrefetchOnImmediate, ╔Á╔ÁdeferPrefetchOnInteraction, ╔Á╔ÁdeferPrefetchOnTimer, 
╔Á╔ÁdeferPrefetchOnViewport, ╔Á╔ÁdeferPrefetchWhen, ╔Á╔ÁdeferWhen, ╔Á╔ÁdefineComponent, ╔Á╔ÁdefineDirective, 
╔Á╔ÁdefineInjectable, ╔Á╔ÁdefineInjector, ╔Á╔ÁdefineNgModule, ╔Á╔ÁdefinePipe, ╔Á╔ÁdirectiveInject, 
╔Á╔ÁdisableBindings, ╔Á╔Áelement, ╔Á╔ÁelementContainer, ╔Á╔ÁelementContainerEnd, ╔Á╔ÁelementContainerStart, 
╔Á╔ÁelementEnd, ╔Á╔ÁelementStart, ╔Á╔ÁenableBindings, ╔Á╔ÁgetComponentDepsFactory, ╔Á╔ÁgetCurrentView, 
╔Á╔ÁgetInheritedFactory, ╔Á╔ÁhostProperty, ╔Á╔Ái18n, ╔Á╔Ái18nApply, ╔Á╔Ái18nAttributes, ╔Á╔Ái18nEnd, ╔Á╔Ái18nExp, 
╔Á╔Ái18nPostprocess, ╔Á╔Ái18nStart, ╔Á╔Áinject, ╔Á╔ÁinjectAttribute, ╔Á╔ÁinvalidFactory, ╔Á╔ÁinvalidFactoryDep, 
╔Á╔Álistener, ╔Á╔ÁloadQuery, ╔Á╔ÁnamespaceHTML, ╔Á╔ÁnamespaceMathML, ╔Á╔ÁnamespaceSVG, ╔Á╔ÁnextContext, 
╔Á╔ÁngDeclareClassMetadata, ╔Á╔ÁngDeclareClassMetadataAsync, ╔Á╔ÁngDeclareComponent, ╔Á╔ÁngDeclareDirective, 
╔Á╔ÁngDeclareFactory, ╔Á╔ÁngDeclareInjectable, ╔Á╔ÁngDeclareInjector, ╔Á╔ÁngDeclareNgModule, ╔Á╔ÁngDeclarePipe, 
╔Á╔Ápipe, ╔Á╔ÁpipeBind1, ╔Á╔ÁpipeBind2, ╔Á╔ÁpipeBind3, ╔Á╔ÁpipeBind4, ╔Á╔ÁpipeBindV, ╔Á╔Áprojection, 
╔Á╔ÁprojectionDef, ╔Á╔Áproperty, ╔Á╔ÁpropertyInterpolate, ╔Á╔ÁpropertyInterpolate1, ╔Á╔ÁpropertyInterpolate2, 
╔Á╔ÁpropertyInterpolate3, ╔Á╔ÁpropertyInterpolate4, ╔Á╔ÁpropertyInterpolate5, ╔Á╔ÁpropertyInterpolate6, 
╔Á╔ÁpropertyInterpolate7, ╔Á╔ÁpropertyInterpolate8, ╔Á╔ÁpropertyInterpolateV, ╔Á╔ÁpureFunction0, ╔Á╔ÁpureFunction1, 
╔Á╔ÁpureFunction2, ╔Á╔ÁpureFunction3, ╔Á╔ÁpureFunction4, ╔Á╔ÁpureFunction5, ╔Á╔ÁpureFunction6, ╔Á╔ÁpureFunction7, 
╔Á╔ÁpureFunction8, ╔Á╔ÁpureFunctionV, ╔Á╔ÁqueryAdvance, ╔Á╔ÁqueryRefresh, ╔Á╔ÁreadContextLet, ╔Á╔Áreference, 
╔Á╔ÁregisterNgModuleType, ╔Á╔Árepeater, ╔Á╔ÁrepeaterCreate, ╔Á╔ÁrepeaterTrackByIdentity, ╔Á╔ÁrepeaterTrackByIndex, 
╔Á╔ÁresetView, ╔Á╔ÁresolveBody, ╔Á╔ÁresolveDocument, ╔Á╔ÁresolveWindow, ╔Á╔ÁrestoreView, ╔Á╔ÁsanitizeHtml, 
╔Á╔ÁsanitizeResourceUrl, ╔Á╔ÁsanitizeScript, ╔Á╔ÁsanitizeStyle, ╔Á╔ÁsanitizeUrl, ╔Á╔ÁsanitizeUrlOrResourceUrl, 
╔Á╔ÁsetComponentScope, ╔Á╔ÁsetNgModuleScope, ╔Á╔ÁstoreLet, ╔Á╔ÁstyleMap, ╔Á╔ÁstyleMapInterpolate1, 
╔Á╔ÁstyleMapInterpolate2, ╔Á╔ÁstyleMapInterpolate3, ╔Á╔ÁstyleMapInterpolate4, ╔Á╔ÁstyleMapInterpolate5, 
╔Á╔ÁstyleMapInterpolate6, ╔Á╔ÁstyleMapInterpolate7, ╔Á╔ÁstyleMapInterpolate8, ╔Á╔ÁstyleMapInterpolateV, ╔Á╔ÁstyleProp, 
╔Á╔ÁstylePropInterpolate1, ╔Á╔ÁstylePropInterpolate2, ╔Á╔ÁstylePropInterpolate3, ╔Á╔ÁstylePropInterpolate4, 
╔Á╔ÁstylePropInterpolate5, ╔Á╔ÁstylePropInterpolate6, ╔Á╔ÁstylePropInterpolate7, ╔Á╔ÁstylePropInterpolate8, 
╔Á╔ÁstylePropInterpolateV, ╔Á╔ÁsyntheticHostListener, ╔Á╔ÁsyntheticHostProperty, ╔Á╔Átemplate, 
╔Á╔ÁtemplateRefExtractor, ╔Á╔Átext, ╔Á╔ÁtextInterpolate, ╔Á╔ÁtextInterpolate1, ╔Á╔ÁtextInterpolate2, 
╔Á╔ÁtextInterpolate3, ╔Á╔ÁtextInterpolate4, ╔Á╔ÁtextInterpolate5, ╔Á╔ÁtextInterpolate6, ╔Á╔ÁtextInterpolate7, 
╔Á╔ÁtextInterpolate8, ╔Á╔ÁtextInterpolateV, ╔Á╔ÁtrustConstantHtml, ╔Á╔ÁtrustConstantResourceUrl, ╔Á╔ÁtwoWayBindingSet, 
╔Á╔ÁtwoWayListener, ╔Á╔ÁtwoWayProperty, ╔Á╔ÁvalidateIframeAttribute, ╔Á╔ÁviewQuery, ╔Á╔ÁviewQuerySignal)

../node_modules/@angular/cdk/fesm2022/text-field.mjs:428:18-60 - Error: export '╔Á╔ÁInputFlags' (imported as 'i0') was 
not found in '@angular/core' (possible exports: ANIMATION_MODULE_TYPE, APP_BOOTSTRAP_LISTENER, APP_ID, 
APP_INITIALIZER, AfterRenderPhase, ApplicationInitStatus, ApplicationModule, ApplicationRef, Attribute, 
COMPILER_OPTIONS, CSP_NONCE, CUSTOM_ELEMENTS_SCHEMA, ChangeDetectionStrategy, ChangeDetectorRef, Compiler, 
CompilerFactory, Component, ComponentFactory, ComponentFactoryResolver, ComponentRef, ContentChild, ContentChildren, 
DEFAULT_CURRENCY_CODE, DebugElement, DebugEventListener, DebugNode, DefaultIterableDiffer, DestroyRef, Directive, 
ENVIRONMENT_INITIALIZER, ElementRef, EmbeddedViewRef, EnvironmentInjector, ErrorHandler, EventEmitter, 
ExperimentalPendingTasks, HOST_TAG_NAME, Host, HostAttributeToken, HostBinding, HostListener, INJECTOR, Inject, 
InjectFlags, Injectable, InjectionToken, Injector, Input, IterableDiffers, KeyValueDiffers, LOCALE_ID, 
MissingTranslationStrategy, ModuleWithComponentFactories, NO_ERRORS_SCHEMA, NgModule, NgModuleFactory, NgModuleRef, 
NgProbeToken, NgZone, Optional, Output, OutputEmitterRef, PACKAGE_ROOT_URL, PLATFORM_ID, PLATFORM_INITIALIZER, Pipe, 
PlatformRef, Query, QueryList, Renderer2, RendererFactory2, RendererStyleFlags2, Sanitizer, SecurityContext, Self, 
SimpleChange, SkipSelf, TRANSLATIONS, TRANSLATIONS_FORMAT, TemplateRef, Testability, TestabilityRegistry, 
TransferState, Type, VERSION, Version, ViewChild, ViewChildren, ViewContainerRef, ViewEncapsulation, ViewRef, 
afterNextRender, afterRender, asNativeElements, assertInInjectionContext, assertNotInReactiveContext, assertPlatform, 
booleanAttribute, computed, contentChild, contentChildren, createComponent, createEnvironmentInjector, createNgModule, 
createNgModuleRef, createPlatform, createPlatformFactory, defineInjectable, destroyPlatform, effect, enableProdMode, 
forwardRef, getDebugNode, getModuleFactory, getNgModuleById, getPlatform, importProvidersFrom, inject, input, 
isDevMode, isSignal, isStandalone, makeEnvironmentProviders, makeStateKey, mergeApplicationConfig, model, 
numberAttribute, output, platformCore, provideExperimentalCheckNoChangesForDebug, 
provideExperimentalZonelessChangeDetection, provideZoneChangeDetection, reflectComponentType, resolveForwardRef, 
runInInjectionContext, setTestabilityGetter, signal, untracked, viewChild, viewChildren, ╔ÁALLOW_MULTIPLE_PLATFORMS, 
╔ÁAfterRenderManager, ╔ÁCONTAINER_HEADER_OFFSET, ╔ÁChangeDetectionScheduler, ╔ÁChangeDetectionSchedulerImpl, 
╔ÁComponentFactory, ╔ÁConsole, ╔ÁDEFAULT_LOCALE_ID, ╔ÁDEFER_BLOCK_CONFIG, ╔ÁDEFER_BLOCK_DEPENDENCY_INTERCEPTOR, 
╔ÁDeferBlockBehavior, ╔ÁDeferBlockState, ╔ÁEffectScheduler, ╔ÁIMAGE_CONFIG, ╔ÁIMAGE_CONFIG_DEFAULTS, ╔ÁINJECTOR_SCOPE, 
╔ÁINPUT_SIGNAL_BRAND_WRITE_TYPE, ╔ÁINTERNAL_APPLICATION_ERROR_HANDLER, ╔ÁIS_HYDRATION_DOM_REUSE_ENABLED, 
╔ÁJSACTION_EVENT_CONTRACT, ╔ÁLContext, ╔ÁLifecycleHooksFeature, ╔ÁLocaleDataIndex, ╔ÁNG_COMP_DEF, ╔ÁNG_DIR_DEF, 
╔ÁNG_ELEMENT_ID, ╔ÁNG_INJ_DEF, ╔ÁNG_MOD_DEF, ╔ÁNG_PIPE_DEF, ╔ÁNG_PROV_DEF, ╔ÁNOT_FOUND_CHECK_ONLY_ELEMENT_INJECTOR, 
╔ÁNO_CHANGE, ╔ÁNgModuleFactory, ╔ÁNoopNgZone, ╔ÁPROVIDED_NG_ZONE, ╔ÁPendingTasks, ╔ÁReflectionCapabilities, 
╔ÁRender3ComponentFactory, ╔ÁRender3ComponentRef, ╔ÁRender3NgModuleRef, ╔ÁRuntimeError, ╔ÁSIGNAL, 
╔ÁSSR_CONTENT_INTEGRITY_MARKER, ╔ÁTESTABILITY, ╔ÁTESTABILITY_GETTER, ╔ÁUSE_RUNTIME_DEPS_TRACKER_FOR_JIT, ╔ÁViewRef, 
╔ÁXSS_SECURITY_URL, ╔ÁZONELESS_ENABLED, ╔Á_sanitizeHtml, ╔Á_sanitizeUrl, ╔ÁallowSanitizationBypassAndThrow, 
╔ÁannotateForHydration, ╔ÁbypassSanitizationTrustHtml, ╔ÁbypassSanitizationTrustResourceUrl, 
╔ÁbypassSanitizationTrustScript, ╔ÁbypassSanitizationTrustStyle, ╔ÁbypassSanitizationTrustUrl, 
╔ÁclearResolutionOfComponentResourcesQueue, ╔ÁcompileComponent, ╔ÁcompileDirective, ╔ÁcompileNgModule, 
╔ÁcompileNgModuleDefs, ╔ÁcompileNgModuleFactory, ╔ÁcompilePipe, ╔ÁconvertToBitFlags, ╔ÁcreateInjector, 
╔ÁdefaultIterableDiffers, ╔ÁdefaultKeyValueDiffers, ╔ÁdepsTracker, ╔ÁdetectChangesInViewIfRequired, ╔ÁdevModeEqual, 
╔ÁfindLocaleData, ╔ÁflushModuleScopingQueueAsMuchAsPossible, ╔ÁformatRuntimeError, 
╔ÁgenerateStandaloneInDeclarationsError, ╔ÁgetAsyncClassMetadataFn, ╔ÁgetDebugNode, ╔ÁgetDeferBlocks, ╔ÁgetDirectives, 
╔ÁgetHostElement, ╔ÁgetInjectableDef, ╔ÁgetLContext, ╔ÁgetLocaleCurrencyCode, ╔ÁgetLocalePluralCase, 
╔ÁgetOutputDestroyRef, ╔ÁgetSanitizationBypassType, ╔ÁgetUnknownElementStrictMode, ╔ÁgetUnknownPropertyStrictMode, 
╔Áglobal, ╔ÁinjectChangeDetectorRef, ╔ÁinternalCreateApplication, ╔ÁinternalProvideZoneChangeDetection, 
╔ÁisBoundToModule, ╔ÁisComponentDefPendingResolution, ╔ÁisEnvironmentProviders, ╔ÁisInjectable, ╔ÁisNgModule, 
╔ÁisPromise, ╔ÁisSubscribable, ╔ÁnoSideEffects, ╔ÁpatchComponentDefWithScope, ╔ÁperformanceMarkFeature, 
╔ÁreadHydrationInfo, ╔ÁregisterLocaleData, ╔ÁrenderDeferBlockState, ╔ÁresetCompiledComponents, ╔ÁresetJitOptions, 
╔ÁresolveComponentResources, ╔ÁrestoreComponentResolutionQueue, ╔ÁsetAllowDuplicateNgModuleIdsForTest, 
╔ÁsetAlternateWeakRefImpl, ╔ÁsetClassDebugInfo, ╔ÁsetClassMetadata, ╔ÁsetClassMetadataAsync, ╔ÁsetCurrentInjector, 
╔ÁsetDocument, ╔ÁsetInjectorProfilerContext, ╔ÁsetLocaleId, ╔ÁsetUnknownElementStrictMode, 
╔ÁsetUnknownPropertyStrictMode, ╔Ástore, ╔Ástringify, ╔ÁtransitiveScopesFor, ╔ÁtriggerResourceLoading, 
╔ÁtruncateMiddle, ╔ÁunregisterLocaleData, ╔ÁunwrapSafeValue, ╔ÁunwrapWritableSignal, ╔ÁwhenStable, ╔ÁwithDomHydration, 
╔ÁwithEventReplay, ╔ÁwithI18nSupport, ╔Á╔ÁCopyDefinitionFeature, ╔Á╔ÁFactoryTarget, ╔Á╔ÁHostDirectivesFeature, 
╔Á╔ÁInheritDefinitionFeature, ╔Á╔ÁInputTransformsFeature, ╔Á╔ÁNgOnChangesFeature, ╔Á╔ÁProvidersFeature, 
╔Á╔ÁStandaloneFeature, ╔Á╔Áadvance, ╔Á╔Áattribute, ╔Á╔ÁattributeInterpolate1, ╔Á╔ÁattributeInterpolate2, 
╔Á╔ÁattributeInterpolate3, ╔Á╔ÁattributeInterpolate4, ╔Á╔ÁattributeInterpolate5, ╔Á╔ÁattributeInterpolate6, 
╔Á╔ÁattributeInterpolate7, ╔Á╔ÁattributeInterpolate8, ╔Á╔ÁattributeInterpolateV, ╔Á╔ÁclassMap, 
╔Á╔ÁclassMapInterpolate1, ╔Á╔ÁclassMapInterpolate2, ╔Á╔ÁclassMapInterpolate3, ╔Á╔ÁclassMapInterpolate4, 
╔Á╔ÁclassMapInterpolate5, ╔Á╔ÁclassMapInterpolate6, ╔Á╔ÁclassMapInterpolate7, ╔Á╔ÁclassMapInterpolate8, 
╔Á╔ÁclassMapInterpolateV, ╔Á╔ÁclassProp, ╔Á╔ÁcomponentInstance, ╔Á╔Áconditional, ╔Á╔ÁcontentQuery, 
╔Á╔ÁcontentQuerySignal, ╔Á╔ÁdeclareLet, ╔Á╔Ádefer, ╔Á╔ÁdeferEnableTimerScheduling, ╔Á╔ÁdeferOnHover, ╔Á╔ÁdeferOnIdle, 
╔Á╔ÁdeferOnImmediate, ╔Á╔ÁdeferOnInteraction, ╔Á╔ÁdeferOnTimer, ╔Á╔ÁdeferOnViewport, ╔Á╔ÁdeferPrefetchOnHover, 
╔Á╔ÁdeferPrefetchOnIdle, ╔Á╔ÁdeferPrefetchOnImmediate, ╔Á╔ÁdeferPrefetchOnInteraction, ╔Á╔ÁdeferPrefetchOnTimer, 
╔Á╔ÁdeferPrefetchOnViewport, ╔Á╔ÁdeferPrefetchWhen, ╔Á╔ÁdeferWhen, ╔Á╔ÁdefineComponent, ╔Á╔ÁdefineDirective, 
╔Á╔ÁdefineInjectable, ╔Á╔ÁdefineInjector, ╔Á╔ÁdefineNgModule, ╔Á╔ÁdefinePipe, ╔Á╔ÁdirectiveInject, 
╔Á╔ÁdisableBindings, ╔Á╔Áelement, ╔Á╔ÁelementContainer, ╔Á╔ÁelementContainerEnd, ╔Á╔ÁelementContainerStart, 
╔Á╔ÁelementEnd, ╔Á╔ÁelementStart, ╔Á╔ÁenableBindings, ╔Á╔ÁgetComponentDepsFactory, ╔Á╔ÁgetCurrentView, 
╔Á╔ÁgetInheritedFactory, ╔Á╔ÁhostProperty, ╔Á╔Ái18n, ╔Á╔Ái18nApply, ╔Á╔Ái18nAttributes, ╔Á╔Ái18nEnd, ╔Á╔Ái18nExp, 
╔Á╔Ái18nPostprocess, ╔Á╔Ái18nStart, ╔Á╔Áinject, ╔Á╔ÁinjectAttribute, ╔Á╔ÁinvalidFactory, ╔Á╔ÁinvalidFactoryDep, 
╔Á╔Álistener, ╔Á╔ÁloadQuery, ╔Á╔ÁnamespaceHTML, ╔Á╔ÁnamespaceMathML, ╔Á╔ÁnamespaceSVG, ╔Á╔ÁnextContext, 
╔Á╔ÁngDeclareClassMetadata, ╔Á╔ÁngDeclareClassMetadataAsync, ╔Á╔ÁngDeclareComponent, ╔Á╔ÁngDeclareDirective, 
╔Á╔ÁngDeclareFactory, ╔Á╔ÁngDeclareInjectable, ╔Á╔ÁngDeclareInjector, ╔Á╔ÁngDeclareNgModule, ╔Á╔ÁngDeclarePipe, 
╔Á╔Ápipe, ╔Á╔ÁpipeBind1, ╔Á╔ÁpipeBind2, ╔Á╔ÁpipeBind3, ╔Á╔ÁpipeBind4, ╔Á╔ÁpipeBindV, ╔Á╔Áprojection, 
╔Á╔ÁprojectionDef, ╔Á╔Áproperty, ╔Á╔ÁpropertyInterpolate, ╔Á╔ÁpropertyInterpolate1, ╔Á╔ÁpropertyInterpolate2, 
╔Á╔ÁpropertyInterpolate3, ╔Á╔ÁpropertyInterpolate4, ╔Á╔ÁpropertyInterpolate5, ╔Á╔ÁpropertyInterpolate6, 
╔Á╔ÁpropertyInterpolate7, ╔Á╔ÁpropertyInterpolate8, ╔Á╔ÁpropertyInterpolateV, ╔Á╔ÁpureFunction0, ╔Á╔ÁpureFunction1, 
╔Á╔ÁpureFunction2, ╔Á╔ÁpureFunction3, ╔Á╔ÁpureFunction4, ╔Á╔ÁpureFunction5, ╔Á╔ÁpureFunction6, ╔Á╔ÁpureFunction7, 
╔Á╔ÁpureFunction8, ╔Á╔ÁpureFunctionV, ╔Á╔ÁqueryAdvance, ╔Á╔ÁqueryRefresh, ╔Á╔ÁreadContextLet, ╔Á╔Áreference, 
╔Á╔ÁregisterNgModuleType, ╔Á╔Árepeater, ╔Á╔ÁrepeaterCreate, ╔Á╔ÁrepeaterTrackByIdentity, ╔Á╔ÁrepeaterTrackByIndex, 
╔Á╔ÁresetView, ╔Á╔ÁresolveBody, ╔Á╔ÁresolveDocument, ╔Á╔ÁresolveWindow, ╔Á╔ÁrestoreView, ╔Á╔ÁsanitizeHtml, 
╔Á╔ÁsanitizeResourceUrl, ╔Á╔ÁsanitizeScript, ╔Á╔ÁsanitizeStyle, ╔Á╔ÁsanitizeUrl, ╔Á╔ÁsanitizeUrlOrResourceUrl, 
╔Á╔ÁsetComponentScope, ╔Á╔ÁsetNgModuleScope, ╔Á╔ÁstoreLet, ╔Á╔ÁstyleMap, ╔Á╔ÁstyleMapInterpolate1, 
╔Á╔ÁstyleMapInterpolate2, ╔Á╔ÁstyleMapInterpolate3, ╔Á╔ÁstyleMapInterpolate4, ╔Á╔ÁstyleMapInterpolate5, 
╔Á╔ÁstyleMapInterpolate6, ╔Á╔ÁstyleMapInterpolate7, ╔Á╔ÁstyleMapInterpolate8, ╔Á╔ÁstyleMapInterpolateV, ╔Á╔ÁstyleProp, 
╔Á╔ÁstylePropInterpolate1, ╔Á╔ÁstylePropInterpolate2, ╔Á╔ÁstylePropInterpolate3, ╔Á╔ÁstylePropInterpolate4, 
╔Á╔ÁstylePropInterpolate5, ╔Á╔ÁstylePropInterpolate6, ╔Á╔ÁstylePropInterpolate7, ╔Á╔ÁstylePropInterpolate8, 
╔Á╔ÁstylePropInterpolateV, ╔Á╔ÁsyntheticHostListener, ╔Á╔ÁsyntheticHostProperty, ╔Á╔Átemplate, 
╔Á╔ÁtemplateRefExtractor, ╔Á╔Átext, ╔Á╔ÁtextInterpolate, ╔Á╔ÁtextInterpolate1, ╔Á╔ÁtextInterpolate2, 
╔Á╔ÁtextInterpolate3, ╔Á╔ÁtextInterpolate4, ╔Á╔ÁtextInterpolate5, ╔Á╔ÁtextInterpolate6, ╔Á╔ÁtextInterpolate7, 
╔Á╔ÁtextInterpolate8, ╔Á╔ÁtextInterpolateV, ╔Á╔ÁtrustConstantHtml, ╔Á╔ÁtrustConstantResourceUrl, ╔Á╔ÁtwoWayBindingSet, 
╔Á╔ÁtwoWayListener, ╔Á╔ÁtwoWayProperty, ╔Á╔ÁvalidateIframeAttribute, ╔Á╔ÁviewQuery, ╔Á╔ÁviewQuerySignal)

../node_modules/@angular/common/fesm2022/common.mjs:3066:16-36 - Error: export '╔Á╔ÁInputFlags' (imported as 'i0') was 
not found in '@angular/core' (possible exports: ANIMATION_MODULE_TYPE, APP_BOOTSTRAP_LISTENER, APP_ID, 
APP_INITIALIZER, AfterRenderPhase, ApplicationInitStatus, ApplicationModule, ApplicationRef, Attribute, 
COMPILER_OPTIONS, CSP_NONCE, CUSTOM_ELEMENTS_SCHEMA, ChangeDetectionStrategy, ChangeDetectorRef, Compiler, 
CompilerFactory, Component, ComponentFactory, ComponentFactoryResolver, ComponentRef, ContentChild, ContentChildren, 
DEFAULT_CURRENCY_CODE, DebugElement, DebugEventListener, DebugNode, DefaultIterableDiffer, DestroyRef, Directive, 
ENVIRONMENT_INITIALIZER, ElementRef, EmbeddedViewRef, EnvironmentInjector, ErrorHandler, EventEmitter, 
ExperimentalPendingTasks, HOST_TAG_NAME, Host, HostAttributeToken, HostBinding, HostListener, INJECTOR, Inject, 
InjectFlags, Injectable, InjectionToken, Injector, Input, IterableDiffers, KeyValueDiffers, LOCALE_ID, 
MissingTranslationStrategy, ModuleWithComponentFactories, NO_ERRORS_SCHEMA, NgModule, NgModuleFactory, NgModuleRef, 
NgProbeToken, NgZone, Optional, Output, OutputEmitterRef, PACKAGE_ROOT_URL, PLATFORM_ID, PLATFORM_INITIALIZER, Pipe, 
PlatformRef, Query, QueryList, Renderer2, RendererFactory2, RendererStyleFlags2, Sanitizer, SecurityContext, Self, 
SimpleChange, SkipSelf, TRANSLATIONS, TRANSLATIONS_FORMAT, TemplateRef, Testability, TestabilityRegistry, 
TransferState, Type, VERSION, Version, ViewChild, ViewChildren, ViewContainerRef, ViewEncapsulation, ViewRef, 
afterNextRender, afterRender, asNativeElements, assertInInjectionContext, assertNotInReactiveContext, assertPlatform, 
booleanAttribute, computed, contentChild, contentChildren, createComponent, createEnvironmentInjector, createNgModule, 
createNgModuleRef, createPlatform, createPlatformFactory, defineInjectable, destroyPlatform, effect, enableProdMode, 
forwardRef, getDebugNode, getModuleFactory, getNgModuleById, getPlatform, importProvidersFrom, inject, input, 
isDevMode, isSignal, isStandalone, makeEnvironmentProviders, makeStateKey, mergeApplicationConfig, model, 
numberAttribute, output, platformCore, provideExperimentalCheckNoChangesForDebug, 
provideExperimentalZonelessChangeDetection, provideZoneChangeDetection, reflectComponentType, resolveForwardRef, 
runInInjectionContext, setTestabilityGetter, signal, untracked, viewChild, viewChildren, ╔ÁALLOW_MULTIPLE_PLATFORMS, 
╔ÁAfterRenderManager, ╔ÁCONTAINER_HEADER_OFFSET, ╔ÁChangeDetectionScheduler, ╔ÁChangeDetectionSchedulerImpl, 
╔ÁComponentFactory, ╔ÁConsole, ╔ÁDEFAULT_LOCALE_ID, ╔ÁDEFER_BLOCK_CONFIG, ╔ÁDEFER_BLOCK_DEPENDENCY_INTERCEPTOR, 
╔ÁDeferBlockBehavior, ╔ÁDeferBlockState, ╔ÁEffectScheduler, ╔ÁIMAGE_CONFIG, ╔ÁIMAGE_CONFIG_DEFAULTS, ╔ÁINJECTOR_SCOPE, 
╔ÁINPUT_SIGNAL_BRAND_WRITE_TYPE, ╔ÁINTERNAL_APPLICATION_ERROR_HANDLER, ╔ÁIS_HYDRATION_DOM_REUSE_ENABLED, 
╔ÁJSACTION_EVENT_CONTRACT, ╔ÁLContext, ╔ÁLifecycleHooksFeature, ╔ÁLocaleDataIndex, ╔ÁNG_COMP_DEF, ╔ÁNG_DIR_DEF, 
╔ÁNG_ELEMENT_ID, ╔ÁNG_INJ_DEF, ╔ÁNG_MOD_DEF, ╔ÁNG_PIPE_DEF, ╔ÁNG_PROV_DEF, ╔ÁNOT_FOUND_CHECK_ONLY_ELEMENT_INJECTOR, 
╔ÁNO_CHANGE, ╔ÁNgModuleFactory, ╔ÁNoopNgZone, ╔ÁPROVIDED_NG_ZONE, ╔ÁPendingTasks, ╔ÁReflectionCapabilities, 
╔ÁRender3ComponentFactory, ╔ÁRender3ComponentRef, ╔ÁRender3NgModuleRef, ╔ÁRuntimeError, ╔ÁSIGNAL, 
╔ÁSSR_CONTENT_INTEGRITY_MARKER, ╔ÁTESTABILITY, ╔ÁTESTABILITY_GETTER, ╔ÁUSE_RUNTIME_DEPS_TRACKER_FOR_JIT, ╔ÁViewRef, 
╔ÁXSS_SECURITY_URL, ╔ÁZONELESS_ENABLED, ╔Á_sanitizeHtml, ╔Á_sanitizeUrl, ╔ÁallowSanitizationBypassAndThrow, 
╔ÁannotateForHydration, ╔ÁbypassSanitizationTrustHtml, ╔ÁbypassSanitizationTrustResourceUrl, 
╔ÁbypassSanitizationTrustScript, ╔ÁbypassSanitizationTrustStyle, ╔ÁbypassSanitizationTrustUrl, 
╔ÁclearResolutionOfComponentResourcesQueue, ╔ÁcompileComponent, ╔ÁcompileDirective, ╔ÁcompileNgModule, 
╔ÁcompileNgModuleDefs, ╔ÁcompileNgModuleFactory, ╔ÁcompilePipe, ╔ÁconvertToBitFlags, ╔ÁcreateInjector, 
╔ÁdefaultIterableDiffers, ╔ÁdefaultKeyValueDiffers, ╔ÁdepsTracker, ╔ÁdetectChangesInViewIfRequired, ╔ÁdevModeEqual, 
╔ÁfindLocaleData, ╔ÁflushModuleScopingQueueAsMuchAsPossible, ╔ÁformatRuntimeError, 
╔ÁgenerateStandaloneInDeclarationsError, ╔ÁgetAsyncClassMetadataFn, ╔ÁgetDebugNode, ╔ÁgetDeferBlocks, ╔ÁgetDirectives, 
╔ÁgetHostElement, ╔ÁgetInjectableDef, ╔ÁgetLContext, ╔ÁgetLocaleCurrencyCode, ╔ÁgetLocalePluralCase, 
╔ÁgetOutputDestroyRef, ╔ÁgetSanitizationBypassType, ╔ÁgetUnknownElementStrictMode, ╔ÁgetUnknownPropertyStrictMode, 
╔Áglobal, ╔ÁinjectChangeDetectorRef, ╔ÁinternalCreateApplication, ╔ÁinternalProvideZoneChangeDetection, 
╔ÁisBoundToModule, ╔ÁisComponentDefPendingResolution, ╔ÁisEnvironmentProviders, ╔ÁisInjectable, ╔ÁisNgModule, 
╔ÁisPromise, ╔ÁisSubscribable, ╔ÁnoSideEffects, ╔ÁpatchComponentDefWithScope, ╔ÁperformanceMarkFeature, 
╔ÁreadHydrationInfo, ╔ÁregisterLocaleData, ╔ÁrenderDeferBlockState, ╔ÁresetCompiledComponents, ╔ÁresetJitOptions, 
╔ÁresolveComponentResources, ╔ÁrestoreComponentResolutionQueue, ╔ÁsetAllowDuplicateNgModuleIdsForTest, 
╔ÁsetAlternateWeakRefImpl, ╔ÁsetClassDebugInfo, ╔ÁsetClassMetadata, ╔ÁsetClassMetadataAsync, ╔ÁsetCurrentInjector, 
╔ÁsetDocument, ╔ÁsetInjectorProfilerContext, ╔ÁsetLocaleId, ╔ÁsetUnknownElementStrictMode, 
╔ÁsetUnknownPropertyStrictMode, ╔Ástore, ╔Ástringify, ╔ÁtransitiveScopesFor, ╔ÁtriggerResourceLoading, 
╔ÁtruncateMiddle, ╔ÁunregisterLocaleData, ╔ÁunwrapSafeValue, ╔ÁunwrapWritableSignal, ╔ÁwhenStable, ╔ÁwithDomHydration, 
╔ÁwithEventReplay, ╔ÁwithI18nSupport, ╔Á╔ÁCopyDefinitionFeature, ╔Á╔ÁFactoryTarget, ╔Á╔ÁHostDirectivesFeature, 
╔Á╔ÁInheritDefinitionFeature, ╔Á╔ÁInputTransformsFeature, ╔Á╔ÁNgOnChangesFeature, ╔Á╔ÁProvidersFeature, 
╔Á╔ÁStandaloneFeature, ╔Á╔Áadvance, ╔Á╔Áattribute, ╔Á╔ÁattributeInterpolate1, ╔Á╔ÁattributeInterpolate2, 
╔Á╔ÁattributeInterpolate3, ╔Á╔ÁattributeInterpolate4, ╔Á╔ÁattributeInterpolate5, ╔Á╔ÁattributeInterpolate6, 
╔Á╔ÁattributeInterpolate7, ╔Á╔ÁattributeInterpolate8, ╔Á╔ÁattributeInterpolateV, ╔Á╔ÁclassMap, 
╔Á╔ÁclassMapInterpolate1, ╔Á╔ÁclassMapInterpolate2, ╔Á╔ÁclassMapInterpolate3, ╔Á╔ÁclassMapInterpolate4, 
╔Á╔ÁclassMapInterpolate5, ╔Á╔ÁclassMapInterpolate6, ╔Á╔ÁclassMapInterpolate7, ╔Á╔ÁclassMapInterpolate8, 
╔Á╔ÁclassMapInterpolateV, ╔Á╔ÁclassProp, ╔Á╔ÁcomponentInstance, ╔Á╔Áconditional, ╔Á╔ÁcontentQuery, 
╔Á╔ÁcontentQuerySignal, ╔Á╔ÁdeclareLet, ╔Á╔Ádefer, ╔Á╔ÁdeferEnableTimerScheduling, ╔Á╔ÁdeferOnHover, ╔Á╔ÁdeferOnIdle, 
╔Á╔ÁdeferOnImmediate, ╔Á╔ÁdeferOnInteraction, ╔Á╔ÁdeferOnTimer, ╔Á╔ÁdeferOnViewport, ╔Á╔ÁdeferPrefetchOnHover, 
╔Á╔ÁdeferPrefetchOnIdle, ╔Á╔ÁdeferPrefetchOnImmediate, ╔Á╔ÁdeferPrefetchOnInteraction, ╔Á╔ÁdeferPrefetchOnTimer, 
╔Á╔ÁdeferPrefetchOnViewport, ╔Á╔ÁdeferPrefetchWhen, ╔Á╔ÁdeferWhen, ╔Á╔ÁdefineComponent, ╔Á╔ÁdefineDirective, 
╔Á╔ÁdefineInjectable, ╔Á╔ÁdefineInjector, ╔Á╔ÁdefineNgModule, ╔Á╔ÁdefinePipe, ╔Á╔ÁdirectiveInject, 
╔Á╔ÁdisableBindings, ╔Á╔Áelement, ╔Á╔ÁelementContainer, ╔Á╔ÁelementContainerEnd, ╔Á╔ÁelementContainerStart, 
╔Á╔ÁelementEnd, ╔Á╔ÁelementStart, ╔Á╔ÁenableBindings, ╔Á╔ÁgetComponentDepsFactory, ╔Á╔ÁgetCurrentView, 
╔Á╔ÁgetInheritedFactory, ╔Á╔ÁhostProperty, ╔Á╔Ái18n, ╔Á╔Ái18nApply, ╔Á╔Ái18nAttributes, ╔Á╔Ái18nEnd, ╔Á╔Ái18nExp, 
╔Á╔Ái18nPostprocess, ╔Á╔Ái18nStart, ╔Á╔Áinject, ╔Á╔ÁinjectAttribute, ╔Á╔ÁinvalidFactory, ╔Á╔ÁinvalidFactoryDep, 
╔Á╔Álistener, ╔Á╔ÁloadQuery, ╔Á╔ÁnamespaceHTML, ╔Á╔ÁnamespaceMathML, ╔Á╔ÁnamespaceSVG, ╔Á╔ÁnextContext, 
╔Á╔ÁngDeclareClassMetadata, ╔Á╔ÁngDeclareClassMetadataAsync, ╔Á╔ÁngDeclareComponent, ╔Á╔ÁngDeclareDirective, 
╔Á╔ÁngDeclareFactory, ╔Á╔ÁngDeclareInjectable, ╔Á╔ÁngDeclareInjector, ╔Á╔ÁngDeclareNgModule, ╔Á╔ÁngDeclarePipe, 
╔Á╔Ápipe, ╔Á╔ÁpipeBind1, ╔Á╔ÁpipeBind2, ╔Á╔ÁpipeBind3, ╔Á╔ÁpipeBind4, ╔Á╔ÁpipeBindV, ╔Á╔Áprojection, 
╔Á╔ÁprojectionDef, ╔Á╔Áproperty, ╔Á╔ÁpropertyInterpolate, ╔Á╔ÁpropertyInterpolate1, ╔Á╔ÁpropertyInterpolate2, 
╔Á╔ÁpropertyInterpolate3, ╔Á╔ÁpropertyInterpolate4, ╔Á╔ÁpropertyInterpolate5, ╔Á╔ÁpropertyInterpolate6, 
╔Á╔ÁpropertyInterpolate7, ╔Á╔ÁpropertyInterpolate8, ╔Á╔ÁpropertyInterpolateV, ╔Á╔ÁpureFunction0, ╔Á╔ÁpureFunction1, 
╔Á╔ÁpureFunction2, ╔Á╔ÁpureFunction3, ╔Á╔ÁpureFunction4, ╔Á╔ÁpureFunction5, ╔Á╔ÁpureFunction6, ╔Á╔ÁpureFunction7, 
╔Á╔ÁpureFunction8, ╔Á╔ÁpureFunctionV, ╔Á╔ÁqueryAdvance, ╔Á╔ÁqueryRefresh, ╔Á╔ÁreadContextLet, ╔Á╔Áreference, 
╔Á╔ÁregisterNgModuleType, ╔Á╔Árepeater, ╔Á╔ÁrepeaterCreate, ╔Á╔ÁrepeaterTrackByIdentity, ╔Á╔ÁrepeaterTrackByIndex, 
╔Á╔ÁresetView, ╔Á╔ÁresolveBody, ╔Á╔ÁresolveDocument, ╔Á╔ÁresolveWindow, ╔Á╔ÁrestoreView, ╔Á╔ÁsanitizeHtml, 
╔Á╔ÁsanitizeResourceUrl, ╔Á╔ÁsanitizeScript, ╔Á╔ÁsanitizeStyle, ╔Á╔ÁsanitizeUrl, ╔Á╔ÁsanitizeUrlOrResourceUrl, 
╔Á╔ÁsetComponentScope, ╔Á╔ÁsetNgModuleScope, ╔Á╔ÁstoreLet, ╔Á╔ÁstyleMap, ╔Á╔ÁstyleMapInterpolate1, 
╔Á╔ÁstyleMapInterpolate2, ╔Á╔ÁstyleMapInterpolate3, ╔Á╔ÁstyleMapInterpolate4, ╔Á╔ÁstyleMapInterpolate5, 
╔Á╔ÁstyleMapInterpolate6, ╔Á╔ÁstyleMapInterpolate7, ╔Á╔ÁstyleMapInterpolate8, ╔Á╔ÁstyleMapInterpolateV, ╔Á╔ÁstyleProp, 
╔Á╔ÁstylePropInterpolate1, ╔Á╔ÁstylePropInterpolate2, ╔Á╔ÁstylePropInterpolate3, ╔Á╔ÁstylePropInterpolate4, 
╔Á╔ÁstylePropInterpolate5, ╔Á╔ÁstylePropInterpolate6, ╔Á╔ÁstylePropInterpolate7, ╔Á╔ÁstylePropInterpolate8, 
╔Á╔ÁstylePropInterpolateV, ╔Á╔ÁsyntheticHostListener, ╔Á╔ÁsyntheticHostProperty, ╔Á╔Átemplate, 
╔Á╔ÁtemplateRefExtractor, ╔Á╔Átext, ╔Á╔ÁtextInterpolate, ╔Á╔ÁtextInterpolate1, ╔Á╔ÁtextInterpolate2, 
╔Á╔ÁtextInterpolate3, ╔Á╔ÁtextInterpolate4, ╔Á╔ÁtextInterpolate5, ╔Á╔ÁtextInterpolate6, ╔Á╔ÁtextInterpolate7, 
╔Á╔ÁtextInterpolate8, ╔Á╔ÁtextInterpolateV, ╔Á╔ÁtrustConstantHtml, ╔Á╔ÁtrustConstantResourceUrl, ╔Á╔ÁtwoWayBindingSet, 
╔Á╔ÁtwoWayListener, ╔Á╔ÁtwoWayProperty, ╔Á╔ÁvalidateIframeAttribute, ╔Á╔ÁviewQuery, ╔Á╔ÁviewQuerySignal)

../node_modules/@angular/common/fesm2022/common.mjs:7176:16-58 - Error: export '╔Á╔ÁInputFlags' (imported as 'i0') was 
not found in '@angular/core' (possible exports: ANIMATION_MODULE_TYPE, APP_BOOTSTRAP_LISTENER, APP_ID, 
APP_INITIALIZER, AfterRenderPhase, ApplicationInitStatus, ApplicationModule, ApplicationRef, Attribute, 
COMPILER_OPTIONS, CSP_NONCE, CUSTOM_ELEMENTS_SCHEMA, ChangeDetectionStrategy, ChangeDetectorRef, Compiler, 
CompilerFactory, Component, ComponentFactory, ComponentFactoryResolver, ComponentRef, ContentChild, ContentChildren, 
DEFAULT_CURRENCY_CODE, DebugElement, DebugEventListener, DebugNode, DefaultIterableDiffer, DestroyRef, Directive, 
ENVIRONMENT_INITIALIZER, ElementRef, EmbeddedViewRef, EnvironmentInjector, ErrorHandler, EventEmitter, 
ExperimentalPendingTasks, HOST_TAG_NAME, Host, HostAttributeToken, HostBinding, HostListener, INJECTOR, Inject, 
InjectFlags, Injectable, InjectionToken, Injector, Input, IterableDiffers, KeyValueDiffers, LOCALE_ID, 
MissingTranslationStrategy, ModuleWithComponentFactories, NO_ERRORS_SCHEMA, NgModule, NgModuleFactory, NgModuleRef, 
NgProbeToken, NgZone, Optional, Output, OutputEmitterRef, PACKAGE_ROOT_URL, PLATFORM_ID, PLATFORM_INITIALIZER, Pipe, 
PlatformRef, Query, QueryList, Renderer2, RendererFactory2, RendererStyleFlags2, Sanitizer, SecurityContext, Self, 
SimpleChange, SkipSelf, TRANSLATIONS, TRANSLATIONS_FORMAT, TemplateRef, Testability, TestabilityRegistry, 
TransferState, Type, VERSION, Version, ViewChild, ViewChildren, ViewContainerRef, ViewEncapsulation, ViewRef, 
afterNextRender, afterRender, asNativeElements, assertInInjectionContext, assertNotInReactiveContext, assertPlatform, 
booleanAttribute, computed, contentChild, contentChildren, createComponent, createEnvironmentInjector, createNgModule, 
createNgModuleRef, createPlatform, createPlatformFactory, defineInjectable, destroyPlatform, effect, enableProdMode, 
forwardRef, getDebugNode, getModuleFactory, getNgModuleById, getPlatform, importProvidersFrom, inject, input, 
isDevMode, isSignal, isStandalone, makeEnvironmentProviders, makeStateKey, mergeApplicationConfig, model, 
numberAttribute, output, platformCore, provideExperimentalCheckNoChangesForDebug, 
provideExperimentalZonelessChangeDetection, provideZoneChangeDetection, reflectComponentType, resolveForwardRef, 
runInInjectionContext, setTestabilityGetter, signal, untracked, viewChild, viewChildren, ╔ÁALLOW_MULTIPLE_PLATFORMS, 
╔ÁAfterRenderManager, ╔ÁCONTAINER_HEADER_OFFSET, ╔ÁChangeDetectionScheduler, ╔ÁChangeDetectionSchedulerImpl, 
╔ÁComponentFactory, ╔ÁConsole, ╔ÁDEFAULT_LOCALE_ID, ╔ÁDEFER_BLOCK_CONFIG, ╔ÁDEFER_BLOCK_DEPENDENCY_INTERCEPTOR, 
╔ÁDeferBlockBehavior, ╔ÁDeferBlockState, ╔ÁEffectScheduler, ╔ÁIMAGE_CONFIG, ╔ÁIMAGE_CONFIG_DEFAULTS, ╔ÁINJECTOR_SCOPE, 
╔ÁINPUT_SIGNAL_BRAND_WRITE_TYPE, ╔ÁINTERNAL_APPLICATION_ERROR_HANDLER, ╔ÁIS_HYDRATION_DOM_REUSE_ENABLED, 
╔ÁJSACTION_EVENT_CONTRACT, ╔ÁLContext, ╔ÁLifecycleHooksFeature, ╔ÁLocaleDataIndex, ╔ÁNG_COMP_DEF, ╔ÁNG_DIR_DEF, 
╔ÁNG_ELEMENT_ID, ╔ÁNG_INJ_DEF, ╔ÁNG_MOD_DEF, ╔ÁNG_PIPE_DEF, ╔ÁNG_PROV_DEF, ╔ÁNOT_FOUND_CHECK_ONLY_ELEMENT_INJECTOR, 
╔ÁNO_CHANGE, ╔ÁNgModuleFactory, ╔ÁNoopNgZone, ╔ÁPROVIDED_NG_ZONE, ╔ÁPendingTasks, ╔ÁReflectionCapabilities, 
╔ÁRender3ComponentFactory, ╔ÁRender3ComponentRef, ╔ÁRender3NgModuleRef, ╔ÁRuntimeError, ╔ÁSIGNAL, 
╔ÁSSR_CONTENT_INTEGRITY_MARKER, ╔ÁTESTABILITY, ╔ÁTESTABILITY_GETTER, ╔ÁUSE_RUNTIME_DEPS_TRACKER_FOR_JIT, ╔ÁViewRef, 
╔ÁXSS_SECURITY_URL, ╔ÁZONELESS_ENABLED, ╔Á_sanitizeHtml, ╔Á_sanitizeUrl, ╔ÁallowSanitizationBypassAndThrow, 
╔ÁannotateForHydration, ╔ÁbypassSanitizationTrustHtml, ╔ÁbypassSanitizationTrustResourceUrl, 
╔ÁbypassSanitizationTrustScript, ╔ÁbypassSanitizationTrustStyle, ╔ÁbypassSanitizationTrustUrl, 
╔ÁclearResolutionOfComponentResourcesQueue, ╔ÁcompileComponent, ╔ÁcompileDirective, ╔ÁcompileNgModule, 
╔ÁcompileNgModuleDefs, ╔ÁcompileNgModuleFactory, ╔ÁcompilePipe, ╔ÁconvertToBitFlags, ╔ÁcreateInjector, 
╔ÁdefaultIterableDiffers, ╔ÁdefaultKeyValueDiffers, ╔ÁdepsTracker, ╔ÁdetectChangesInViewIfRequired, ╔ÁdevModeEqual, 
╔ÁfindLocaleData, ╔ÁflushModuleScopingQueueAsMuchAsPossible, ╔ÁformatRuntimeError, 
╔ÁgenerateStandaloneInDeclarationsError, ╔ÁgetAsyncClassMetadataFn, ╔ÁgetDebugNode, ╔ÁgetDeferBlocks, ╔ÁgetDirectives, 
╔ÁgetHostElement, ╔ÁgetInjectableDef, ╔ÁgetLContext, ╔ÁgetLocaleCurrencyCode, ╔ÁgetLocalePluralCase, 
╔ÁgetOutputDestroyRef, ╔ÁgetSanitizationBypassType, ╔ÁgetUnknownElementStrictMode, ╔ÁgetUnknownPropertyStrictMode, 
╔Áglobal, ╔ÁinjectChangeDetectorRef, ╔ÁinternalCreateApplication, ╔ÁinternalProvideZoneChangeDetection, 
╔ÁisBoundToModule, ╔ÁisComponentDefPendingResolution, ╔ÁisEnvironmentProviders, ╔ÁisInjectable, ╔ÁisNgModule, 
╔ÁisPromise, ╔ÁisSubscribable, ╔ÁnoSideEffects, ╔ÁpatchComponentDefWithScope, ╔ÁperformanceMarkFeature, 
╔ÁreadHydrationInfo, ╔ÁregisterLocaleData, ╔ÁrenderDeferBlockState, ╔ÁresetCompiledComponents, ╔ÁresetJitOptions, 
╔ÁresolveComponentResources, ╔ÁrestoreComponentResolutionQueue, ╔ÁsetAllowDuplicateNgModuleIdsForTest, 
╔ÁsetAlternateWeakRefImpl, ╔ÁsetClassDebugInfo, ╔ÁsetClassMetadata, ╔ÁsetClassMetadataAsync, ╔ÁsetCurrentInjector, 
╔ÁsetDocument, ╔ÁsetInjectorProfilerContext, ╔ÁsetLocaleId, ╔ÁsetUnknownElementStrictMode, 
╔ÁsetUnknownPropertyStrictMode, ╔Ástore, ╔Ástringify, ╔ÁtransitiveScopesFor, ╔ÁtriggerResourceLoading, 
╔ÁtruncateMiddle, ╔ÁunregisterLocaleData, ╔ÁunwrapSafeValue, ╔ÁunwrapWritableSignal, ╔ÁwhenStable, ╔ÁwithDomHydration, 
╔ÁwithEventReplay, ╔ÁwithI18nSupport, ╔Á╔ÁCopyDefinitionFeature, ╔Á╔ÁFactoryTarget, ╔Á╔ÁHostDirectivesFeature, 
╔Á╔ÁInheritDefinitionFeature, ╔Á╔ÁInputTransformsFeature, ╔Á╔ÁNgOnChangesFeature, ╔Á╔ÁProvidersFeature, 
╔Á╔ÁStandaloneFeature, ╔Á╔Áadvance, ╔Á╔Áattribute, ╔Á╔ÁattributeInterpolate1, ╔Á╔ÁattributeInterpolate2, 
╔Á╔ÁattributeInterpolate3, ╔Á╔ÁattributeInterpolate4, ╔Á╔ÁattributeInterpolate5, ╔Á╔ÁattributeInterpolate6, 
╔Á╔ÁattributeInterpolate7, ╔Á╔ÁattributeInterpolate8, ╔Á╔ÁattributeInterpolateV, ╔Á╔ÁclassMap, 
╔Á╔ÁclassMapInterpolate1, ╔Á╔ÁclassMapInterpolate2, ╔Á╔ÁclassMapInterpolate3, ╔Á╔ÁclassMapInterpolate4, 
╔Á╔ÁclassMapInterpolate5, ╔Á╔ÁclassMapInterpolate6, ╔Á╔ÁclassMapInterpolate7, ╔Á╔ÁclassMapInterpolate8, 
╔Á╔ÁclassMapInterpolateV, ╔Á╔ÁclassProp, ╔Á╔ÁcomponentInstance, ╔Á╔Áconditional, ╔Á╔ÁcontentQuery, 
╔Á╔ÁcontentQuerySignal, ╔Á╔ÁdeclareLet, ╔Á╔Ádefer, ╔Á╔ÁdeferEnableTimerScheduling, ╔Á╔ÁdeferOnHover, ╔Á╔ÁdeferOnIdle, 
╔Á╔ÁdeferOnImmediate, ╔Á╔ÁdeferOnInteraction, ╔Á╔ÁdeferOnTimer, ╔Á╔ÁdeferOnViewport, ╔Á╔ÁdeferPrefetchOnHover, 
╔Á╔ÁdeferPrefetchOnIdle, ╔Á╔ÁdeferPrefetchOnImmediate, ╔Á╔ÁdeferPrefetchOnInteraction, ╔Á╔ÁdeferPrefetchOnTimer, 
╔Á╔ÁdeferPrefetchOnViewport, ╔Á╔ÁdeferPrefetchWhen, ╔Á╔ÁdeferWhen, ╔Á╔ÁdefineComponent, ╔Á╔ÁdefineDirective, 
╔Á╔ÁdefineInjectable, ╔Á╔ÁdefineInjector, ╔Á╔ÁdefineNgModule, ╔Á╔ÁdefinePipe, ╔Á╔ÁdirectiveInject, 
╔Á╔ÁdisableBindings, ╔Á╔Áelement, ╔Á╔ÁelementContainer, ╔Á╔ÁelementContainerEnd, ╔Á╔ÁelementContainerStart, 
╔Á╔ÁelementEnd, ╔Á╔ÁelementStart, ╔Á╔ÁenableBindings, ╔Á╔ÁgetComponentDepsFactory, ╔Á╔ÁgetCurrentView, 
╔Á╔ÁgetInheritedFactory, ╔Á╔ÁhostProperty, ╔Á╔Ái18n, ╔Á╔Ái18nApply, ╔Á╔Ái18nAttributes, ╔Á╔Ái18nEnd, ╔Á╔Ái18nExp, 
╔Á╔Ái18nPostprocess, ╔Á╔Ái18nStart, ╔Á╔Áinject, ╔Á╔ÁinjectAttribute, ╔Á╔ÁinvalidFactory, ╔Á╔ÁinvalidFactoryDep, 
╔Á╔Álistener, ╔Á╔ÁloadQuery, ╔Á╔ÁnamespaceHTML, ╔Á╔ÁnamespaceMathML, ╔Á╔ÁnamespaceSVG, ╔Á╔ÁnextContext, 
╔Á╔ÁngDeclareClassMetadata, ╔Á╔ÁngDeclareClassMetadataAsync, ╔Á╔ÁngDeclareComponent, ╔Á╔ÁngDeclareDirective, 
╔Á╔ÁngDeclareFactory, ╔Á╔ÁngDeclareInjectable, ╔Á╔ÁngDeclareInjector, ╔Á╔ÁngDeclareNgModule, ╔Á╔ÁngDeclarePipe, 
╔Á╔Ápipe, ╔Á╔ÁpipeBind1, ╔Á╔ÁpipeBind2, ╔Á╔ÁpipeBind3, ╔Á╔ÁpipeBind4, ╔Á╔ÁpipeBindV, ╔Á╔Áprojection, 
╔Á╔ÁprojectionDef, ╔Á╔Áproperty, ╔Á╔ÁpropertyInterpolate, ╔Á╔ÁpropertyInterpolate1, ╔Á╔ÁpropertyInterpolate2, 
╔Á╔ÁpropertyInterpolate3, ╔Á╔ÁpropertyInterpolate4, ╔Á╔ÁpropertyInterpolate5, ╔Á╔ÁpropertyInterpolate6, 
╔Á╔ÁpropertyInterpolate7, ╔Á╔ÁpropertyInterpolate8, ╔Á╔ÁpropertyInterpolateV, ╔Á╔ÁpureFunction0, ╔Á╔ÁpureFunction1, 
╔Á╔ÁpureFunction2, ╔Á╔ÁpureFunction3, ╔Á╔ÁpureFunction4, ╔Á╔ÁpureFunction5, ╔Á╔ÁpureFunction6, ╔Á╔ÁpureFunction7, 
╔Á╔ÁpureFunction8, ╔Á╔ÁpureFunctionV, ╔Á╔ÁqueryAdvance, ╔Á╔ÁqueryRefresh, ╔Á╔ÁreadContextLet, ╔Á╔Áreference, 
╔Á╔ÁregisterNgModuleType, ╔Á╔Árepeater, ╔Á╔ÁrepeaterCreate, ╔Á╔ÁrepeaterTrackByIdentity, ╔Á╔ÁrepeaterTrackByIndex, 
╔Á╔ÁresetView, ╔Á╔ÁresolveBody, ╔Á╔ÁresolveDocument, ╔Á╔ÁresolveWindow, ╔Á╔ÁrestoreView, ╔Á╔ÁsanitizeHtml, 
╔Á╔ÁsanitizeResourceUrl, ╔Á╔ÁsanitizeScript, ╔Á╔ÁsanitizeStyle, ╔Á╔ÁsanitizeUrl, ╔Á╔ÁsanitizeUrlOrResourceUrl, 
╔Á╔ÁsetComponentScope, ╔Á╔ÁsetNgModuleScope, ╔Á╔ÁstoreLet, ╔Á╔ÁstyleMap, ╔Á╔ÁstyleMapInterpolate1, 
╔Á╔ÁstyleMapInterpolate2, ╔Á╔ÁstyleMapInterpolate3, ╔Á╔ÁstyleMapInterpolate4, ╔Á╔ÁstyleMapInterpolate5, 
╔Á╔ÁstyleMapInterpolate6, ╔Á╔ÁstyleMapInterpolate7, ╔Á╔ÁstyleMapInterpolate8, ╔Á╔ÁstyleMapInterpolateV, ╔Á╔ÁstyleProp, 
╔Á╔ÁstylePropInterpolate1, ╔Á╔ÁstylePropInterpolate2, ╔Á╔ÁstylePropInterpolate3, ╔Á╔ÁstylePropInterpolate4, 
╔Á╔ÁstylePropInterpolate5, ╔Á╔ÁstylePropInterpolate6, ╔Á╔ÁstylePropInterpolate7, ╔Á╔ÁstylePropInterpolate8, 
╔Á╔ÁstylePropInterpolateV, ╔Á╔ÁsyntheticHostListener, ╔Á╔ÁsyntheticHostProperty, ╔Á╔Átemplate, 
╔Á╔ÁtemplateRefExtractor, ╔Á╔Átext, ╔Á╔ÁtextInterpolate, ╔Á╔ÁtextInterpolate1, ╔Á╔ÁtextInterpolate2, 
╔Á╔ÁtextInterpolate3, ╔Á╔ÁtextInterpolate4, ╔Á╔ÁtextInterpolate5, ╔Á╔ÁtextInterpolate6, ╔Á╔ÁtextInterpolate7, 
╔Á╔ÁtextInterpolate8, ╔Á╔ÁtextInterpolateV, ╔Á╔ÁtrustConstantHtml, ╔Á╔ÁtrustConstantResourceUrl, ╔Á╔ÁtwoWayBindingSet, 
╔Á╔ÁtwoWayListener, ╔Á╔ÁtwoWayProperty, ╔Á╔ÁvalidateIframeAttribute, ╔Á╔ÁviewQuery, ╔Á╔ÁviewQuerySignal)

../node_modules/@angular/common/fesm2022/common.mjs:7179:16-58 - Error: export '╔Á╔ÁInputFlags' (imported as 'i0') was 
not found in '@angular/core' (possible exports: ANIMATION_MODULE_TYPE, APP_BOOTSTRAP_LISTENER, APP_ID, 
APP_INITIALIZER, AfterRenderPhase, ApplicationInitStatus, ApplicationModule, ApplicationRef, Attribute, 
COMPILER_OPTIONS, CSP_NONCE, CUSTOM_ELEMENTS_SCHEMA, ChangeDetectionStrategy, ChangeDetectorRef, Compiler, 
CompilerFactory, Component, ComponentFactory, ComponentFactoryResolver, ComponentRef, ContentChild, ContentChildren, 
DEFAULT_CURRENCY_CODE, DebugElement, DebugEventListener, DebugNode, DefaultIterableDiffer, DestroyRef, Directive, 
ENVIRONMENT_INITIALIZER, ElementRef, EmbeddedViewRef, EnvironmentInjector, ErrorHandler, EventEmitter, 
ExperimentalPendingTasks, HOST_TAG_NAME, Host, HostAttributeToken, HostBinding, HostListener, INJECTOR, Inject, 
InjectFlags, Injectable, InjectionToken, Injector, Input, IterableDiffers, KeyValueDiffers, LOCALE_ID, 
MissingTranslationStrategy, ModuleWithComponentFactories, NO_ERRORS_SCHEMA, NgModule, NgModuleFactory, NgModuleRef, 
NgProbeToken, NgZone, Optional, Output, OutputEmitterRef, PACKAGE_ROOT_URL, PLATFORM_ID, PLATFORM_INITIALIZER, Pipe, 
PlatformRef, Query, QueryList, Renderer2, RendererFactory2, RendererStyleFlags2, Sanitizer, SecurityContext, Self, 
SimpleChange, SkipSelf, TRANSLATIONS, TRANSLATIONS_FORMAT, TemplateRef, Testability, TestabilityRegistry, 
TransferState, Type, VERSION, Version, ViewChild, ViewChildren, ViewContainerRef, ViewEncapsulation, ViewRef, 
afterNextRender, afterRender, asNativeElements, assertInInjectionContext, assertNotInReactiveContext, assertPlatform, 
booleanAttribute, computed, contentChild, contentChildren, createComponent, createEnvironmentInjector, createNgModule, 
createNgModuleRef, createPlatform, createPlatformFactory, defineInjectable, destroyPlatform, effect, enableProdMode, 
forwardRef, getDebugNode, getModuleFactory, getNgModuleById, getPlatform, importProvidersFrom, inject, input, 
isDevMode, isSignal, isStandalone, makeEnvironmentProviders, makeStateKey, mergeApplicationConfig, model, 
numberAttribute, output, platformCore, provideExperimentalCheckNoChangesForDebug, 
provideExperimentalZonelessChangeDetection, provideZoneChangeDetection, reflectComponentType, resolveForwardRef, 
runInInjectionContext, setTestabilityGetter, signal, untracked, viewChild, viewChildren, ╔ÁALLOW_MULTIPLE_PLATFORMS, 
╔ÁAfterRenderManager, ╔ÁCONTAINER_HEADER_OFFSET, ╔ÁChangeDetectionScheduler, ╔ÁChangeDetectionSchedulerImpl, 
╔ÁComponentFactory, ╔ÁConsole, ╔ÁDEFAULT_LOCALE_ID, ╔ÁDEFER_BLOCK_CONFIG, ╔ÁDEFER_BLOCK_DEPENDENCY_INTERCEPTOR, 
╔ÁDeferBlockBehavior, ╔ÁDeferBlockState, ╔ÁEffectScheduler, ╔ÁIMAGE_CONFIG, ╔ÁIMAGE_CONFIG_DEFAULTS, ╔ÁINJECTOR_SCOPE, 
╔ÁINPUT_SIGNAL_BRAND_WRITE_TYPE, ╔ÁINTERNAL_APPLICATION_ERROR_HANDLER, ╔ÁIS_HYDRATION_DOM_REUSE_ENABLED, 
╔ÁJSACTION_EVENT_CONTRACT, ╔ÁLContext, ╔ÁLifecycleHooksFeature, ╔ÁLocaleDataIndex, ╔ÁNG_COMP_DEF, ╔ÁNG_DIR_DEF, 
╔ÁNG_ELEMENT_ID, ╔ÁNG_INJ_DEF, ╔ÁNG_MOD_DEF, ╔ÁNG_PIPE_DEF, ╔ÁNG_PROV_DEF, ╔ÁNOT_FOUND_CHECK_ONLY_ELEMENT_INJECTOR, 
╔ÁNO_CHANGE, ╔ÁNgModuleFactory, ╔ÁNoopNgZone, ╔ÁPROVIDED_NG_ZONE, ╔ÁPendingTasks, ╔ÁReflectionCapabilities, 
╔ÁRender3ComponentFactory, ╔ÁRender3ComponentRef, ╔ÁRender3NgModuleRef, ╔ÁRuntimeError, ╔ÁSIGNAL, 
╔ÁSSR_CONTENT_INTEGRITY_MARKER, ╔ÁTESTABILITY, ╔ÁTESTABILITY_GETTER, ╔ÁUSE_RUNTIME_DEPS_TRACKER_FOR_JIT, ╔ÁViewRef, 
╔ÁXSS_SECURITY_URL, ╔ÁZONELESS_ENABLED, ╔Á_sanitizeHtml, ╔Á_sanitizeUrl, ╔ÁallowSanitizationBypassAndThrow, 
╔ÁannotateForHydration, ╔ÁbypassSanitizationTrustHtml, ╔ÁbypassSanitizationTrustResourceUrl, 
╔ÁbypassSanitizationTrustScript, ╔ÁbypassSanitizationTrustStyle, ╔ÁbypassSanitizationTrustUrl, 
╔ÁclearResolutionOfComponentResourcesQueue, ╔ÁcompileComponent, ╔ÁcompileDirective, ╔ÁcompileNgModule, 
╔ÁcompileNgModuleDefs, ╔ÁcompileNgModuleFactory, ╔ÁcompilePipe, ╔ÁconvertToBitFlags, ╔ÁcreateInjector, 
╔ÁdefaultIterableDiffers, ╔ÁdefaultKeyValueDiffers, ╔ÁdepsTracker, ╔ÁdetectChangesInViewIfRequired, ╔ÁdevModeEqual, 
╔ÁfindLocaleData, ╔ÁflushModuleScopingQueueAsMuchAsPossible, ╔ÁformatRuntimeError, 
╔ÁgenerateStandaloneInDeclarationsError, ╔ÁgetAsyncClassMetadataFn, ╔ÁgetDebugNode, ╔ÁgetDeferBlocks, ╔ÁgetDirectives, 
╔ÁgetHostElement, ╔ÁgetInjectableDef, ╔ÁgetLContext, ╔ÁgetLocaleCurrencyCode, ╔ÁgetLocalePluralCase, 
╔ÁgetOutputDestroyRef, ╔ÁgetSanitizationBypassType, ╔ÁgetUnknownElementStrictMode, ╔ÁgetUnknownPropertyStrictMode, 
╔Áglobal, ╔ÁinjectChangeDetectorRef, ╔ÁinternalCreateApplication, ╔ÁinternalProvideZoneChangeDetection, 
╔ÁisBoundToModule, ╔ÁisComponentDefPendingResolution, ╔ÁisEnvironmentProviders, ╔ÁisInjectable, ╔ÁisNgModule, 
╔ÁisPromise, ╔ÁisSubscribable, ╔ÁnoSideEffects, ╔ÁpatchComponentDefWithScope, ╔ÁperformanceMarkFeature, 
╔ÁreadHydrationInfo, ╔ÁregisterLocaleData, ╔ÁrenderDeferBlockState, ╔ÁresetCompiledComponents, ╔ÁresetJitOptions, 
╔ÁresolveComponentResources, ╔ÁrestoreComponentResolutionQueue, ╔ÁsetAllowDuplicateNgModuleIdsForTest, 
╔ÁsetAlternateWeakRefImpl, ╔ÁsetClassDebugInfo, ╔ÁsetClassMetadata, ╔ÁsetClassMetadataAsync, ╔ÁsetCurrentInjector, 
╔ÁsetDocument, ╔ÁsetInjectorProfilerContext, ╔ÁsetLocaleId, ╔ÁsetUnknownElementStrictMode, 
╔ÁsetUnknownPropertyStrictMode, ╔Ástore, ╔Ástringify, ╔ÁtransitiveScopesFor, ╔ÁtriggerResourceLoading, 
╔ÁtruncateMiddle, ╔ÁunregisterLocaleData, ╔ÁunwrapSafeValue, ╔ÁunwrapWritableSignal, ╔ÁwhenStable, ╔ÁwithDomHydration, 
╔ÁwithEventReplay, ╔ÁwithI18nSupport, ╔Á╔ÁCopyDefinitionFeature, ╔Á╔ÁFactoryTarget, ╔Á╔ÁHostDirectivesFeature, 
╔Á╔ÁInheritDefinitionFeature, ╔Á╔ÁInputTransformsFeature, ╔Á╔ÁNgOnChangesFeature, ╔Á╔ÁProvidersFeature, 
╔Á╔ÁStandaloneFeature, ╔Á╔Áadvance, ╔Á╔Áattribute, ╔Á╔ÁattributeInterpolate1, ╔Á╔ÁattributeInterpolate2, 
╔Á╔ÁattributeInterpolate3, ╔Á╔ÁattributeInterpolate4, ╔Á╔ÁattributeInterpolate5, ╔Á╔ÁattributeInterpolate6, 
╔Á╔ÁattributeInterpolate7, ╔Á╔ÁattributeInterpolate8, ╔Á╔ÁattributeInterpolateV, ╔Á╔ÁclassMap, 
╔Á╔ÁclassMapInterpolate1, ╔Á╔ÁclassMapInterpolate2, ╔Á╔ÁclassMapInterpolate3, ╔Á╔ÁclassMapInterpolate4, 
╔Á╔ÁclassMapInterpolate5, ╔Á╔ÁclassMapInterpolate6, ╔Á╔ÁclassMapInterpolate7, ╔Á╔ÁclassMapInterpolate8, 
╔Á╔ÁclassMapInterpolateV, ╔Á╔ÁclassProp, ╔Á╔ÁcomponentInstance, ╔Á╔Áconditional, ╔Á╔ÁcontentQuery, 
╔Á╔ÁcontentQuerySignal, ╔Á╔ÁdeclareLet, ╔Á╔Ádefer, ╔Á╔ÁdeferEnableTimerScheduling, ╔Á╔ÁdeferOnHover, ╔Á╔ÁdeferOnIdle, 
╔Á╔ÁdeferOnImmediate, ╔Á╔ÁdeferOnInteraction, ╔Á╔ÁdeferOnTimer, ╔Á╔ÁdeferOnViewport, ╔Á╔ÁdeferPrefetchOnHover, 
╔Á╔ÁdeferPrefetchOnIdle, ╔Á╔ÁdeferPrefetchOnImmediate, ╔Á╔ÁdeferPrefetchOnInteraction, ╔Á╔ÁdeferPrefetchOnTimer, 
╔Á╔ÁdeferPrefetchOnViewport, ╔Á╔ÁdeferPrefetchWhen, ╔Á╔ÁdeferWhen, ╔Á╔ÁdefineComponent, ╔Á╔ÁdefineDirective, 
╔Á╔ÁdefineInjectable, ╔Á╔ÁdefineInjector, ╔Á╔ÁdefineNgModule, ╔Á╔ÁdefinePipe, ╔Á╔ÁdirectiveInject, 
╔Á╔ÁdisableBindings, ╔Á╔Áelement, ╔Á╔ÁelementContainer, ╔Á╔ÁelementContainerEnd, ╔Á╔ÁelementContainerStart, 
╔Á╔ÁelementEnd, ╔Á╔ÁelementStart, ╔Á╔ÁenableBindings, ╔Á╔ÁgetComponentDepsFactory, ╔Á╔ÁgetCurrentView, 
╔Á╔ÁgetInheritedFactory, ╔Á╔ÁhostProperty, ╔Á╔Ái18n, ╔Á╔Ái18nApply, ╔Á╔Ái18nAttributes, ╔Á╔Ái18nEnd, ╔Á╔Ái18nExp, 
╔Á╔Ái18nPostprocess, ╔Á╔Ái18nStart, ╔Á╔Áinject, ╔Á╔ÁinjectAttribute, ╔Á╔ÁinvalidFactory, ╔Á╔ÁinvalidFactoryDep, 
╔Á╔Álistener, ╔Á╔ÁloadQuery, ╔Á╔ÁnamespaceHTML, ╔Á╔ÁnamespaceMathML, ╔Á╔ÁnamespaceSVG, ╔Á╔ÁnextContext, 
╔Á╔ÁngDeclareClassMetadata, ╔Á╔ÁngDeclareClassMetadataAsync, ╔Á╔ÁngDeclareComponent, ╔Á╔ÁngDeclareDirective, 
╔Á╔ÁngDeclareFactory, ╔Á╔ÁngDeclareInjectable, ╔Á╔ÁngDeclareInjector, ╔Á╔ÁngDeclareNgModule, ╔Á╔ÁngDeclarePipe, 
╔Á╔Ápipe, ╔Á╔ÁpipeBind1, ╔Á╔ÁpipeBind2, ╔Á╔ÁpipeBind3, ╔Á╔ÁpipeBind4, ╔Á╔ÁpipeBindV, ╔Á╔Áprojection, 
╔Á╔ÁprojectionDef, ╔Á╔Áproperty, ╔Á╔ÁpropertyInterpolate, ╔Á╔ÁpropertyInterpolate1, ╔Á╔ÁpropertyInterpolate2, 
╔Á╔ÁpropertyInterpolate3, ╔Á╔ÁpropertyInterpolate4, ╔Á╔ÁpropertyInterpolate5, ╔Á╔ÁpropertyInterpolate6, 
╔Á╔ÁpropertyInterpolate7, ╔Á╔ÁpropertyInterpolate8, ╔Á╔ÁpropertyInterpolateV, ╔Á╔ÁpureFunction0, ╔Á╔ÁpureFunction1, 
╔Á╔ÁpureFunction2, ╔Á╔ÁpureFunction3, ╔Á╔ÁpureFunction4, ╔Á╔ÁpureFunction5, ╔Á╔ÁpureFunction6, ╔Á╔ÁpureFunction7, 
╔Á╔ÁpureFunction8, ╔Á╔ÁpureFunctionV, ╔Á╔ÁqueryAdvance, ╔Á╔ÁqueryRefresh, ╔Á╔ÁreadContextLet, ╔Á╔Áreference, 
╔Á╔ÁregisterNgModuleType, ╔Á╔Árepeater, ╔Á╔ÁrepeaterCreate, ╔Á╔ÁrepeaterTrackByIdentity, ╔Á╔ÁrepeaterTrackByIndex, 
╔Á╔ÁresetView, ╔Á╔ÁresolveBody, ╔Á╔ÁresolveDocument, ╔Á╔ÁresolveWindow, ╔Á╔ÁrestoreView, ╔Á╔ÁsanitizeHtml, 
╔Á╔ÁsanitizeResourceUrl, ╔Á╔ÁsanitizeScript, ╔Á╔ÁsanitizeStyle, ╔Á╔ÁsanitizeUrl, ╔Á╔ÁsanitizeUrlOrResourceUrl, 
╔Á╔ÁsetComponentScope, ╔Á╔ÁsetNgModuleScope, ╔Á╔ÁstoreLet, ╔Á╔ÁstyleMap, ╔Á╔ÁstyleMapInterpolate1, 
╔Á╔ÁstyleMapInterpolate2, ╔Á╔ÁstyleMapInterpolate3, ╔Á╔ÁstyleMapInterpolate4, ╔Á╔ÁstyleMapInterpolate5, 
╔Á╔ÁstyleMapInterpolate6, ╔Á╔ÁstyleMapInterpolate7, ╔Á╔ÁstyleMapInterpolate8, ╔Á╔ÁstyleMapInterpolateV, ╔Á╔ÁstyleProp, 
╔Á╔ÁstylePropInterpolate1, ╔Á╔ÁstylePropInterpolate2, ╔Á╔ÁstylePropInterpolate3, ╔Á╔ÁstylePropInterpolate4, 
╔Á╔ÁstylePropInterpolate5, ╔Á╔ÁstylePropInterpolate6, ╔Á╔ÁstylePropInterpolate7, ╔Á╔ÁstylePropInterpolate8, 
╔Á╔ÁstylePropInterpolateV, ╔Á╔ÁsyntheticHostListener, ╔Á╔ÁsyntheticHostProperty, ╔Á╔Átemplate, 
╔Á╔ÁtemplateRefExtractor, ╔Á╔Átext, ╔Á╔ÁtextInterpolate, ╔Á╔ÁtextInterpolate1, ╔Á╔ÁtextInterpolate2, 
╔Á╔ÁtextInterpolate3, ╔Á╔ÁtextInterpolate4, ╔Á╔ÁtextInterpolate5, ╔Á╔ÁtextInterpolate6, ╔Á╔ÁtextInterpolate7, 
╔Á╔ÁtextInterpolate8, ╔Á╔ÁtextInterpolateV, ╔Á╔ÁtrustConstantHtml, ╔Á╔ÁtrustConstantResourceUrl, ╔Á╔ÁtwoWayBindingSet, 
╔Á╔ÁtwoWayListener, ╔Á╔ÁtwoWayProperty, ╔Á╔ÁvalidateIframeAttribute, ╔Á╔ÁviewQuery, ╔Á╔ÁviewQuerySignal)

../node_modules/@angular/common/fesm2022/common.mjs:7180:17-59 - Error: export '╔Á╔ÁInputFlags' (imported as 'i0') was 
not found in '@angular/core' (possible exports: ANIMATION_MODULE_TYPE, APP_BOOTSTRAP_LISTENER, APP_ID, 
APP_INITIALIZER, AfterRenderPhase, ApplicationInitStatus, ApplicationModule, ApplicationRef, Attribute, 
COMPILER_OPTIONS, CSP_NONCE, CUSTOM_ELEMENTS_SCHEMA, ChangeDetectionStrategy, ChangeDetectorRef, Compiler, 
CompilerFactory, Component, ComponentFactory, ComponentFactoryResolver, ComponentRef, ContentChild, ContentChildren, 
DEFAULT_CURRENCY_CODE, DebugElement, DebugEventListener, DebugNode, DefaultIterableDiffer, DestroyRef, Directive, 
ENVIRONMENT_INITIALIZER, ElementRef, EmbeddedViewRef, EnvironmentInjector, ErrorHandler, EventEmitter, 
ExperimentalPendingTasks, HOST_TAG_NAME, Host, HostAttributeToken, HostBinding, HostListener, INJECTOR, Inject, 
InjectFlags, Injectable, InjectionToken, Injector, Input, IterableDiffers, KeyValueDiffers, LOCALE_ID, 
MissingTranslationStrategy, ModuleWithComponentFactories, NO_ERRORS_SCHEMA, NgModule, NgModuleFactory, NgModuleRef, 
NgProbeToken, NgZone, Optional, Output, OutputEmitterRef, PACKAGE_ROOT_URL, PLATFORM_ID, PLATFORM_INITIALIZER, Pipe, 
PlatformRef, Query, QueryList, Renderer2, RendererFactory2, RendererStyleFlags2, Sanitizer, SecurityContext, Self, 
SimpleChange, SkipSelf, TRANSLATIONS, TRANSLATIONS_FORMAT, TemplateRef, Testability, TestabilityRegistry, 
TransferState, Type, VERSION, Version, ViewChild, ViewChildren, ViewContainerRef, ViewEncapsulation, ViewRef, 
afterNextRender, afterRender, asNativeElements, assertInInjectionContext, assertNotInReactiveContext, assertPlatform, 
booleanAttribute, computed, contentChild, contentChildren, createComponent, createEnvironmentInjector, createNgModule, 
createNgModuleRef, createPlatform, createPlatformFactory, defineInjectable, destroyPlatform, effect, enableProdMode, 
forwardRef, getDebugNode, getModuleFactory, getNgModuleById, getPlatform, importProvidersFrom, inject, input, 
isDevMode, isSignal, isStandalone, makeEnvironmentProviders, makeStateKey, mergeApplicationConfig, model, 
numberAttribute, output, platformCore, provideExperimentalCheckNoChangesForDebug, 
provideExperimentalZonelessChangeDetection, provideZoneChangeDetection, reflectComponentType, resolveForwardRef, 
runInInjectionContext, setTestabilityGetter, signal, untracked, viewChild, viewChildren, ╔ÁALLOW_MULTIPLE_PLATFORMS, 
╔ÁAfterRenderManager, ╔ÁCONTAINER_HEADER_OFFSET, ╔ÁChangeDetectionScheduler, ╔ÁChangeDetectionSchedulerImpl, 
╔ÁComponentFactory, ╔ÁConsole, ╔ÁDEFAULT_LOCALE_ID, ╔ÁDEFER_BLOCK_CONFIG, ╔ÁDEFER_BLOCK_DEPENDENCY_INTERCEPTOR, 
╔ÁDeferBlockBehavior, ╔ÁDeferBlockState, ╔ÁEffectScheduler, ╔ÁIMAGE_CONFIG, ╔ÁIMAGE_CONFIG_DEFAULTS, ╔ÁINJECTOR_SCOPE, 
╔ÁINPUT_SIGNAL_BRAND_WRITE_TYPE, ╔ÁINTERNAL_APPLICATION_ERROR_HANDLER, ╔ÁIS_HYDRATION_DOM_REUSE_ENABLED, 
╔ÁJSACTION_EVENT_CONTRACT, ╔ÁLContext, ╔ÁLifecycleHooksFeature, ╔ÁLocaleDataIndex, ╔ÁNG_COMP_DEF, ╔ÁNG_DIR_DEF, 
╔ÁNG_ELEMENT_ID, ╔ÁNG_INJ_DEF, ╔ÁNG_MOD_DEF, ╔ÁNG_PIPE_DEF, ╔ÁNG_PROV_DEF, ╔ÁNOT_FOUND_CHECK_ONLY_ELEMENT_INJECTOR, 
╔ÁNO_CHANGE, ╔ÁNgModuleFactory, ╔ÁNoopNgZone, ╔ÁPROVIDED_NG_ZONE, ╔ÁPendingTasks, ╔ÁReflectionCapabilities, 
╔ÁRender3ComponentFactory, ╔ÁRender3ComponentRef, ╔ÁRender3NgModuleRef, ╔ÁRuntimeError, ╔ÁSIGNAL, 
╔ÁSSR_CONTENT_INTEGRITY_MARKER, ╔ÁTESTABILITY, ╔ÁTESTABILITY_GETTER, ╔ÁUSE_RUNTIME_DEPS_TRACKER_FOR_JIT, ╔ÁViewRef, 
╔ÁXSS_SECURITY_URL, ╔ÁZONELESS_ENABLED, ╔Á_sanitizeHtml, ╔Á_sanitizeUrl, ╔ÁallowSanitizationBypassAndThrow, 
╔ÁannotateForHydration, ╔ÁbypassSanitizationTrustHtml, ╔ÁbypassSanitizationTrustResourceUrl, 
╔ÁbypassSanitizationTrustScript, ╔ÁbypassSanitizationTrustStyle, ╔ÁbypassSanitizationTrustUrl, 
╔ÁclearResolutionOfComponentResourcesQueue, ╔ÁcompileComponent, ╔ÁcompileDirective, ╔ÁcompileNgModule, 
╔ÁcompileNgModuleDefs, ╔ÁcompileNgModuleFactory, ╔ÁcompilePipe, ╔ÁconvertToBitFlags, ╔ÁcreateInjector, 
╔ÁdefaultIterableDiffers, ╔ÁdefaultKeyValueDiffers, ╔ÁdepsTracker, ╔ÁdetectChangesInViewIfRequired, ╔ÁdevModeEqual, 
╔ÁfindLocaleData, ╔ÁflushModuleScopingQueueAsMuchAsPossible, ╔ÁformatRuntimeError, 
╔ÁgenerateStandaloneInDeclarationsError, ╔ÁgetAsyncClassMetadataFn, ╔ÁgetDebugNode, ╔ÁgetDeferBlocks, ╔ÁgetDirectives, 
╔ÁgetHostElement, ╔ÁgetInjectableDef, ╔ÁgetLContext, ╔ÁgetLocaleCurrencyCode, ╔ÁgetLocalePluralCase, 
╔ÁgetOutputDestroyRef, ╔ÁgetSanitizationBypassType, ╔ÁgetUnknownElementStrictMode, ╔ÁgetUnknownPropertyStrictMode, 
╔Áglobal, ╔ÁinjectChangeDetectorRef, ╔ÁinternalCreateApplication, ╔ÁinternalProvideZoneChangeDetection, 
╔ÁisBoundToModule, ╔ÁisComponentDefPendingResolution, ╔ÁisEnvironmentProviders, ╔ÁisInjectable, ╔ÁisNgModule, 
╔ÁisPromise, ╔ÁisSubscribable, ╔ÁnoSideEffects, ╔ÁpatchComponentDefWithScope, ╔ÁperformanceMarkFeature, 
╔ÁreadHydrationInfo, ╔ÁregisterLocaleData, ╔ÁrenderDeferBlockState, ╔ÁresetCompiledComponents, ╔ÁresetJitOptions, 
╔ÁresolveComponentResources, ╔ÁrestoreComponentResolutionQueue, ╔ÁsetAllowDuplicateNgModuleIdsForTest, 
╔ÁsetAlternateWeakRefImpl, ╔ÁsetClassDebugInfo, ╔ÁsetClassMetadata, ╔ÁsetClassMetadataAsync, ╔ÁsetCurrentInjector, 
╔ÁsetDocument, ╔ÁsetInjectorProfilerContext, ╔ÁsetLocaleId, ╔ÁsetUnknownElementStrictMode, 
╔ÁsetUnknownPropertyStrictMode, ╔Ástore, ╔Ástringify, ╔ÁtransitiveScopesFor, ╔ÁtriggerResourceLoading, 
╔ÁtruncateMiddle, ╔ÁunregisterLocaleData, ╔ÁunwrapSafeValue, ╔ÁunwrapWritableSignal, ╔ÁwhenStable, ╔ÁwithDomHydration, 
╔ÁwithEventReplay, ╔ÁwithI18nSupport, ╔Á╔ÁCopyDefinitionFeature, ╔Á╔ÁFactoryTarget, ╔Á╔ÁHostDirectivesFeature, 
╔Á╔ÁInheritDefinitionFeature, ╔Á╔ÁInputTransformsFeature, ╔Á╔ÁNgOnChangesFeature, ╔Á╔ÁProvidersFeature, 
╔Á╔ÁStandaloneFeature, ╔Á╔Áadvance, ╔Á╔Áattribute, ╔Á╔ÁattributeInterpolate1, ╔Á╔ÁattributeInterpolate2, 
╔Á╔ÁattributeInterpolate3, ╔Á╔ÁattributeInterpolate4, ╔Á╔ÁattributeInterpolate5, ╔Á╔ÁattributeInterpolate6, 
╔Á╔ÁattributeInterpolate7, ╔Á╔ÁattributeInterpolate8, ╔Á╔ÁattributeInterpolateV, ╔Á╔ÁclassMap, 
╔Á╔ÁclassMapInterpolate1, ╔Á╔ÁclassMapInterpolate2, ╔Á╔ÁclassMapInterpolate3, ╔Á╔ÁclassMapInterpolate4, 
╔Á╔ÁclassMapInterpolate5, ╔Á╔ÁclassMapInterpolate6, ╔Á╔ÁclassMapInterpolate7, ╔Á╔ÁclassMapInterpolate8, 
╔Á╔ÁclassMapInterpolateV, ╔Á╔ÁclassProp, ╔Á╔ÁcomponentInstance, ╔Á╔Áconditional, ╔Á╔ÁcontentQuery, 
╔Á╔ÁcontentQuerySignal, ╔Á╔ÁdeclareLet, ╔Á╔Ádefer, ╔Á╔ÁdeferEnableTimerScheduling, ╔Á╔ÁdeferOnHover, ╔Á╔ÁdeferOnIdle, 
╔Á╔ÁdeferOnImmediate, ╔Á╔ÁdeferOnInteraction, ╔Á╔ÁdeferOnTimer, ╔Á╔ÁdeferOnViewport, ╔Á╔ÁdeferPrefetchOnHover, 
╔Á╔ÁdeferPrefetchOnIdle, ╔Á╔ÁdeferPrefetchOnImmediate, ╔Á╔ÁdeferPrefetchOnInteraction, ╔Á╔ÁdeferPrefetchOnTimer, 
╔Á╔ÁdeferPrefetchOnViewport, ╔Á╔ÁdeferPrefetchWhen, ╔Á╔ÁdeferWhen, ╔Á╔ÁdefineComponent, ╔Á╔ÁdefineDirective, 
╔Á╔ÁdefineInjectable, ╔Á╔ÁdefineInjector, ╔Á╔ÁdefineNgModule, ╔Á╔ÁdefinePipe, ╔Á╔ÁdirectiveInject, 
╔Á╔ÁdisableBindings, ╔Á╔Áelement, ╔Á╔ÁelementContainer, ╔Á╔ÁelementContainerEnd, ╔Á╔ÁelementContainerStart, 
╔Á╔ÁelementEnd, ╔Á╔ÁelementStart, ╔Á╔ÁenableBindings, ╔Á╔ÁgetComponentDepsFactory, ╔Á╔ÁgetCurrentView, 
╔Á╔ÁgetInheritedFactory, ╔Á╔ÁhostProperty, ╔Á╔Ái18n, ╔Á╔Ái18nApply, ╔Á╔Ái18nAttributes, ╔Á╔Ái18nEnd, ╔Á╔Ái18nExp, 
╔Á╔Ái18nPostprocess, ╔Á╔Ái18nStart, ╔Á╔Áinject, ╔Á╔ÁinjectAttribute, ╔Á╔ÁinvalidFactory, ╔Á╔ÁinvalidFactoryDep, 
╔Á╔Álistener, ╔Á╔ÁloadQuery, ╔Á╔ÁnamespaceHTML, ╔Á╔ÁnamespaceMathML, ╔Á╔ÁnamespaceSVG, ╔Á╔ÁnextContext, 
╔Á╔ÁngDeclareClassMetadata, ╔Á╔ÁngDeclareClassMetadataAsync, ╔Á╔ÁngDeclareComponent, ╔Á╔ÁngDeclareDirective, 
╔Á╔ÁngDeclareFactory, ╔Á╔ÁngDeclareInjectable, ╔Á╔ÁngDeclareInjector, ╔Á╔ÁngDeclareNgModule, ╔Á╔ÁngDeclarePipe, 
╔Á╔Ápipe, ╔Á╔ÁpipeBind1, ╔Á╔ÁpipeBind2, ╔Á╔ÁpipeBind3, ╔Á╔ÁpipeBind4, ╔Á╔ÁpipeBindV, ╔Á╔Áprojection, 
╔Á╔ÁprojectionDef, ╔Á╔Áproperty, ╔Á╔ÁpropertyInterpolate, ╔Á╔ÁpropertyInterpolate1, ╔Á╔ÁpropertyInterpolate2, 
╔Á╔ÁpropertyInterpolate3, ╔Á╔ÁpropertyInterpolate4, ╔Á╔ÁpropertyInterpolate5, ╔Á╔ÁpropertyInterpolate6, 
╔Á╔ÁpropertyInterpolate7, ╔Á╔ÁpropertyInterpolate8, ╔Á╔ÁpropertyInterpolateV, ╔Á╔ÁpureFunction0, ╔Á╔ÁpureFunction1, 
╔Á╔ÁpureFunction2, ╔Á╔ÁpureFunction3, ╔Á╔ÁpureFunction4, ╔Á╔ÁpureFunction5, ╔Á╔ÁpureFunction6, ╔Á╔ÁpureFunction7, 
╔Á╔ÁpureFunction8, ╔Á╔ÁpureFunctionV, ╔Á╔ÁqueryAdvance, ╔Á╔ÁqueryRefresh, ╔Á╔ÁreadContextLet, ╔Á╔Áreference, 
╔Á╔ÁregisterNgModuleType, ╔Á╔Árepeater, ╔Á╔ÁrepeaterCreate, ╔Á╔ÁrepeaterTrackByIdentity, ╔Á╔ÁrepeaterTrackByIndex, 
╔Á╔ÁresetView, ╔Á╔ÁresolveBody, ╔Á╔ÁresolveDocument, ╔Á╔ÁresolveWindow, ╔Á╔ÁrestoreView, ╔Á╔ÁsanitizeHtml, 
╔Á╔ÁsanitizeResourceUrl, ╔Á╔ÁsanitizeScript, ╔Á╔ÁsanitizeStyle, ╔Á╔ÁsanitizeUrl, ╔Á╔ÁsanitizeUrlOrResourceUrl, 
╔Á╔ÁsetComponentScope, ╔Á╔ÁsetNgModuleScope, ╔Á╔ÁstoreLet, ╔Á╔ÁstyleMap, ╔Á╔ÁstyleMapInterpolate1, 
╔Á╔ÁstyleMapInterpolate2, ╔Á╔ÁstyleMapInterpolate3, ╔Á╔ÁstyleMapInterpolate4, ╔Á╔ÁstyleMapInterpolate5, 
╔Á╔ÁstyleMapInterpolate6, ╔Á╔ÁstyleMapInterpolate7, ╔Á╔ÁstyleMapInterpolate8, ╔Á╔ÁstyleMapInterpolateV, ╔Á╔ÁstyleProp, 
╔Á╔ÁstylePropInterpolate1, ╔Á╔ÁstylePropInterpolate2, ╔Á╔ÁstylePropInterpolate3, ╔Á╔ÁstylePropInterpolate4, 
╔Á╔ÁstylePropInterpolate5, ╔Á╔ÁstylePropInterpolate6, ╔Á╔ÁstylePropInterpolate7, ╔Á╔ÁstylePropInterpolate8, 
╔Á╔ÁstylePropInterpolateV, ╔Á╔ÁsyntheticHostListener, ╔Á╔ÁsyntheticHostProperty, ╔Á╔Átemplate, 
╔Á╔ÁtemplateRefExtractor, ╔Á╔Átext, ╔Á╔ÁtextInterpolate, ╔Á╔ÁtextInterpolate1, ╔Á╔ÁtextInterpolate2, 
╔Á╔ÁtextInterpolate3, ╔Á╔ÁtextInterpolate4, ╔Á╔ÁtextInterpolate5, ╔Á╔ÁtextInterpolate6, ╔Á╔ÁtextInterpolate7, 
╔Á╔ÁtextInterpolate8, ╔Á╔ÁtextInterpolateV, ╔Á╔ÁtrustConstantHtml, ╔Á╔ÁtrustConstantResourceUrl, ╔Á╔ÁtwoWayBindingSet, 
╔Á╔ÁtwoWayListener, ╔Á╔ÁtwoWayProperty, ╔Á╔ÁvalidateIframeAttribute, ╔Á╔ÁviewQuery, ╔Á╔ÁviewQuerySignal)

../node_modules/@angular/common/fesm2022/common.mjs:7182:19-61 - Error: export '╔Á╔ÁInputFlags' (imported as 'i0') was 
not found in '@angular/core' (possible exports: ANIMATION_MODULE_TYPE, APP_BOOTSTRAP_LISTENER, APP_ID, 
APP_INITIALIZER, AfterRenderPhase, ApplicationInitStatus, ApplicationModule, ApplicationRef, Attribute, 
COMPILER_OPTIONS, CSP_NONCE, CUSTOM_ELEMENTS_SCHEMA, ChangeDetectionStrategy, ChangeDetectorRef, Compiler, 
CompilerFactory, Component, ComponentFactory, ComponentFactoryResolver, ComponentRef, ContentChild, ContentChildren, 
DEFAULT_CURRENCY_CODE, DebugElement, DebugEventListener, DebugNode, DefaultIterableDiffer, DestroyRef, Directive, 
ENVIRONMENT_INITIALIZER, ElementRef, EmbeddedViewRef, EnvironmentInjector, ErrorHandler, EventEmitter, 
ExperimentalPendingTasks, HOST_TAG_NAME, Host, HostAttributeToken, HostBinding, HostListener, INJECTOR, Inject, 
InjectFlags, Injectable, InjectionToken, Injector, Input, IterableDiffers, KeyValueDiffers, LOCALE_ID, 
MissingTranslationStrategy, ModuleWithComponentFactories, NO_ERRORS_SCHEMA, NgModule, NgModuleFactory, NgModuleRef, 
NgProbeToken, NgZone, Optional, Output, OutputEmitterRef, PACKAGE_ROOT_URL, PLATFORM_ID, PLATFORM_INITIALIZER, Pipe, 
PlatformRef, Query, QueryList, Renderer2, RendererFactory2, RendererStyleFlags2, Sanitizer, SecurityContext, Self, 
SimpleChange, SkipSelf, TRANSLATIONS, TRANSLATIONS_FORMAT, TemplateRef, Testability, TestabilityRegistry, 
TransferState, Type, VERSION, Version, ViewChild, ViewChildren, ViewContainerRef, ViewEncapsulation, ViewRef, 
afterNextRender, afterRender, asNativeElements, assertInInjectionContext, assertNotInReactiveContext, assertPlatform, 
booleanAttribute, computed, contentChild, contentChildren, createComponent, createEnvironmentInjector, createNgModule, 
createNgModuleRef, createPlatform, createPlatformFactory, defineInjectable, destroyPlatform, effect, enableProdMode, 
forwardRef, getDebugNode, getModuleFactory, getNgModuleById, getPlatform, importProvidersFrom, inject, input, 
isDevMode, isSignal, isStandalone, makeEnvironmentProviders, makeStateKey, mergeApplicationConfig, model, 
numberAttribute, output, platformCore, provideExperimentalCheckNoChangesForDebug, 
provideExperimentalZonelessChangeDetection, provideZoneChangeDetection, reflectComponentType, resolveForwardRef, 
runInInjectionContext, setTestabilityGetter, signal, untracked, viewChild, viewChildren, ╔ÁALLOW_MULTIPLE_PLATFORMS, 
╔ÁAfterRenderManager, ╔ÁCONTAINER_HEADER_OFFSET, ╔ÁChangeDetectionScheduler, ╔ÁChangeDetectionSchedulerImpl, 
╔ÁComponentFactory, ╔ÁConsole, ╔ÁDEFAULT_LOCALE_ID, ╔ÁDEFER_BLOCK_CONFIG, ╔ÁDEFER_BLOCK_DEPENDENCY_INTERCEPTOR, 
╔ÁDeferBlockBehavior, ╔ÁDeferBlockState, ╔ÁEffectScheduler, ╔ÁIMAGE_CONFIG, ╔ÁIMAGE_CONFIG_DEFAULTS, ╔ÁINJECTOR_SCOPE, 
╔ÁINPUT_SIGNAL_BRAND_WRITE_TYPE, ╔ÁINTERNAL_APPLICATION_ERROR_HANDLER, ╔ÁIS_HYDRATION_DOM_REUSE_ENABLED, 
╔ÁJSACTION_EVENT_CONTRACT, ╔ÁLContext, ╔ÁLifecycleHooksFeature, ╔ÁLocaleDataIndex, ╔ÁNG_COMP_DEF, ╔ÁNG_DIR_DEF, 
╔ÁNG_ELEMENT_ID, ╔ÁNG_INJ_DEF, ╔ÁNG_MOD_DEF, ╔ÁNG_PIPE_DEF, ╔ÁNG_PROV_DEF, ╔ÁNOT_FOUND_CHECK_ONLY_ELEMENT_INJECTOR, 
╔ÁNO_CHANGE, ╔ÁNgModuleFactory, ╔ÁNoopNgZone, ╔ÁPROVIDED_NG_ZONE, ╔ÁPendingTasks, ╔ÁReflectionCapabilities, 
╔ÁRender3ComponentFactory, ╔ÁRender3ComponentRef, ╔ÁRender3NgModuleRef, ╔ÁRuntimeError, ╔ÁSIGNAL, 
╔ÁSSR_CONTENT_INTEGRITY_MARKER, ╔ÁTESTABILITY, ╔ÁTESTABILITY_GETTER, ╔ÁUSE_RUNTIME_DEPS_TRACKER_FOR_JIT, ╔ÁViewRef, 
╔ÁXSS_SECURITY_URL, ╔ÁZONELESS_ENABLED, ╔Á_sanitizeHtml, ╔Á_sanitizeUrl, ╔ÁallowSanitizationBypassAndThrow, 
╔ÁannotateForHydration, ╔ÁbypassSanitizationTrustHtml, ╔ÁbypassSanitizationTrustResourceUrl, 
╔ÁbypassSanitizationTrustScript, ╔ÁbypassSanitizationTrustStyle, ╔ÁbypassSanitizationTrustUrl, 
╔ÁclearResolutionOfComponentResourcesQueue, ╔ÁcompileComponent, ╔ÁcompileDirective, ╔ÁcompileNgModule, 
╔ÁcompileNgModuleDefs, ╔ÁcompileNgModuleFactory, ╔ÁcompilePipe, ╔ÁconvertToBitFlags, ╔ÁcreateInjector, 
╔ÁdefaultIterableDiffers, ╔ÁdefaultKeyValueDiffers, ╔ÁdepsTracker, ╔ÁdetectChangesInViewIfRequired, ╔ÁdevModeEqual, 
╔ÁfindLocaleData, ╔ÁflushModuleScopingQueueAsMuchAsPossible, ╔ÁformatRuntimeError, 
╔ÁgenerateStandaloneInDeclarationsError, ╔ÁgetAsyncClassMetadataFn, ╔ÁgetDebugNode, ╔ÁgetDeferBlocks, ╔ÁgetDirectives, 
╔ÁgetHostElement, ╔ÁgetInjectableDef, ╔ÁgetLContext, ╔ÁgetLocaleCurrencyCode, ╔ÁgetLocalePluralCase, 
╔ÁgetOutputDestroyRef, ╔ÁgetSanitizationBypassType, ╔ÁgetUnknownElementStrictMode, ╔ÁgetUnknownPropertyStrictMode, 
╔Áglobal, ╔ÁinjectChangeDetectorRef, ╔ÁinternalCreateApplication, ╔ÁinternalProvideZoneChangeDetection, 
╔ÁisBoundToModule, ╔ÁisComponentDefPendingResolution, ╔ÁisEnvironmentProviders, ╔ÁisInjectable, ╔ÁisNgModule, 
╔ÁisPromise, ╔ÁisSubscribable, ╔ÁnoSideEffects, ╔ÁpatchComponentDefWithScope, ╔ÁperformanceMarkFeature, 
╔ÁreadHydrationInfo, ╔ÁregisterLocaleData, ╔ÁrenderDeferBlockState, ╔ÁresetCompiledComponents, ╔ÁresetJitOptions, 
╔ÁresolveComponentResources, ╔ÁrestoreComponentResolutionQueue, ╔ÁsetAllowDuplicateNgModuleIdsForTest, 
╔ÁsetAlternateWeakRefImpl, ╔ÁsetClassDebugInfo, ╔ÁsetClassMetadata, ╔ÁsetClassMetadataAsync, ╔ÁsetCurrentInjector, 
╔ÁsetDocument, ╔ÁsetInjectorProfilerContext, ╔ÁsetLocaleId, ╔ÁsetUnknownElementStrictMode, 
╔ÁsetUnknownPropertyStrictMode, ╔Ástore, ╔Ástringify, ╔ÁtransitiveScopesFor, ╔ÁtriggerResourceLoading, 
╔ÁtruncateMiddle, ╔ÁunregisterLocaleData, ╔ÁunwrapSafeValue, ╔ÁunwrapWritableSignal, ╔ÁwhenStable, ╔ÁwithDomHydration, 
╔ÁwithEventReplay, ╔ÁwithI18nSupport, ╔Á╔ÁCopyDefinitionFeature, ╔Á╔ÁFactoryTarget, ╔Á╔ÁHostDirectivesFeature, 
╔Á╔ÁInheritDefinitionFeature, ╔Á╔ÁInputTransformsFeature, ╔Á╔ÁNgOnChangesFeature, ╔Á╔ÁProvidersFeature, 
╔Á╔ÁStandaloneFeature, ╔Á╔Áadvance, ╔Á╔Áattribute, ╔Á╔ÁattributeInterpolate1, ╔Á╔ÁattributeInterpolate2, 
╔Á╔ÁattributeInterpolate3, ╔Á╔ÁattributeInterpolate4, ╔Á╔ÁattributeInterpolate5, ╔Á╔ÁattributeInterpolate6, 
╔Á╔ÁattributeInterpolate7, ╔Á╔ÁattributeInterpolate8, ╔Á╔ÁattributeInterpolateV, ╔Á╔ÁclassMap, 
╔Á╔ÁclassMapInterpolate1, ╔Á╔ÁclassMapInterpolate2, ╔Á╔ÁclassMapInterpolate3, ╔Á╔ÁclassMapInterpolate4, 
╔Á╔ÁclassMapInterpolate5, ╔Á╔ÁclassMapInterpolate6, ╔Á╔ÁclassMapInterpolate7, ╔Á╔ÁclassMapInterpolate8, 
╔Á╔ÁclassMapInterpolateV, ╔Á╔ÁclassProp, ╔Á╔ÁcomponentInstance, ╔Á╔Áconditional, ╔Á╔ÁcontentQuery, 
╔Á╔ÁcontentQuerySignal, ╔Á╔ÁdeclareLet, ╔Á╔Ádefer, ╔Á╔ÁdeferEnableTimerScheduling, ╔Á╔ÁdeferOnHover, ╔Á╔ÁdeferOnIdle, 
╔Á╔ÁdeferOnImmediate, ╔Á╔ÁdeferOnInteraction, ╔Á╔ÁdeferOnTimer, ╔Á╔ÁdeferOnViewport, ╔Á╔ÁdeferPrefetchOnHover, 
╔Á╔ÁdeferPrefetchOnIdle, ╔Á╔ÁdeferPrefetchOnImmediate, ╔Á╔ÁdeferPrefetchOnInteraction, ╔Á╔ÁdeferPrefetchOnTimer, 
╔Á╔ÁdeferPrefetchOnViewport, ╔Á╔ÁdeferPrefetchWhen, ╔Á╔ÁdeferWhen, ╔Á╔ÁdefineComponent, ╔Á╔ÁdefineDirective, 
╔Á╔ÁdefineInjectable, ╔Á╔ÁdefineInjector, ╔Á╔ÁdefineNgModule, ╔Á╔ÁdefinePipe, ╔Á╔ÁdirectiveInject, 
╔Á╔ÁdisableBindings, ╔Á╔Áelement, ╔Á╔ÁelementContainer, ╔Á╔ÁelementContainerEnd, ╔Á╔ÁelementContainerStart, 
╔Á╔ÁelementEnd, ╔Á╔ÁelementStart, ╔Á╔ÁenableBindings, ╔Á╔ÁgetComponentDepsFactory, ╔Á╔ÁgetCurrentView, 
╔Á╔ÁgetInheritedFactory, ╔Á╔ÁhostProperty, ╔Á╔Ái18n, ╔Á╔Ái18nApply, ╔Á╔Ái18nAttributes, ╔Á╔Ái18nEnd, ╔Á╔Ái18nExp, 
╔Á╔Ái18nPostprocess, ╔Á╔Ái18nStart, ╔Á╔Áinject, ╔Á╔ÁinjectAttribute, ╔Á╔ÁinvalidFactory, ╔Á╔ÁinvalidFactoryDep, 
╔Á╔Álistener, ╔Á╔ÁloadQuery, ╔Á╔ÁnamespaceHTML, ╔Á╔ÁnamespaceMathML, ╔Á╔ÁnamespaceSVG, ╔Á╔ÁnextContext, 
╔Á╔ÁngDeclareClassMetadata, ╔Á╔ÁngDeclareClassMetadataAsync, ╔Á╔ÁngDeclareComponent, ╔Á╔ÁngDeclareDirective, 
╔Á╔ÁngDeclareFactory, ╔Á╔ÁngDeclareInjectable, ╔Á╔ÁngDeclareInjector, ╔Á╔ÁngDeclareNgModule, ╔Á╔ÁngDeclarePipe, 
╔Á╔Ápipe, ╔Á╔ÁpipeBind1, ╔Á╔ÁpipeBind2, ╔Á╔ÁpipeBind3, ╔Á╔ÁpipeBind4, ╔Á╔ÁpipeBindV, ╔Á╔Áprojection, 
╔Á╔ÁprojectionDef, ╔Á╔Áproperty, ╔Á╔ÁpropertyInterpolate, ╔Á╔ÁpropertyInterpolate1, ╔Á╔ÁpropertyInterpolate2, 
╔Á╔ÁpropertyInterpolate3, ╔Á╔ÁpropertyInterpolate4, ╔Á╔ÁpropertyInterpolate5, ╔Á╔ÁpropertyInterpolate6, 
╔Á╔ÁpropertyInterpolate7, ╔Á╔ÁpropertyInterpolate8, ╔Á╔ÁpropertyInterpolateV, ╔Á╔ÁpureFunction0, ╔Á╔ÁpureFunction1, 
╔Á╔ÁpureFunction2, ╔Á╔ÁpureFunction3, ╔Á╔ÁpureFunction4, ╔Á╔ÁpureFunction5, ╔Á╔ÁpureFunction6, ╔Á╔ÁpureFunction7, 
╔Á╔ÁpureFunction8, ╔Á╔ÁpureFunctionV, ╔Á╔ÁqueryAdvance, ╔Á╔ÁqueryRefresh, ╔Á╔ÁreadContextLet, ╔Á╔Áreference, 
╔Á╔ÁregisterNgModuleType, ╔Á╔Árepeater, ╔Á╔ÁrepeaterCreate, ╔Á╔ÁrepeaterTrackByIdentity, ╔Á╔ÁrepeaterTrackByIndex, 
╔Á╔ÁresetView, ╔Á╔ÁresolveBody, ╔Á╔ÁresolveDocument, ╔Á╔ÁresolveWindow, ╔Á╔ÁrestoreView, ╔Á╔ÁsanitizeHtml, 
╔Á╔ÁsanitizeResourceUrl, ╔Á╔ÁsanitizeScript, ╔Á╔ÁsanitizeStyle, ╔Á╔ÁsanitizeUrl, ╔Á╔ÁsanitizeUrlOrResourceUrl, 
╔Á╔ÁsetComponentScope, ╔Á╔ÁsetNgModuleScope, ╔Á╔ÁstoreLet, ╔Á╔ÁstyleMap, ╔Á╔ÁstyleMapInterpolate1, 
╔Á╔ÁstyleMapInterpolate2, ╔Á╔ÁstyleMapInterpolate3, ╔Á╔ÁstyleMapInterpolate4, ╔Á╔ÁstyleMapInterpolate5, 
╔Á╔ÁstyleMapInterpolate6, ╔Á╔ÁstyleMapInterpolate7, ╔Á╔ÁstyleMapInterpolate8, ╔Á╔ÁstyleMapInterpolateV, ╔Á╔ÁstyleProp, 
╔Á╔ÁstylePropInterpolate1, ╔Á╔ÁstylePropInterpolate2, ╔Á╔ÁstylePropInterpolate3, ╔Á╔ÁstylePropInterpolate4, 
╔Á╔ÁstylePropInterpolate5, ╔Á╔ÁstylePropInterpolate6, ╔Á╔ÁstylePropInterpolate7, ╔Á╔ÁstylePropInterpolate8, 
╔Á╔ÁstylePropInterpolateV, ╔Á╔ÁsyntheticHostListener, ╔Á╔ÁsyntheticHostProperty, ╔Á╔Átemplate, 
╔Á╔ÁtemplateRefExtractor, ╔Á╔Átext, ╔Á╔ÁtextInterpolate, ╔Á╔ÁtextInterpolate1, ╔Á╔ÁtextInterpolate2, 
╔Á╔ÁtextInterpolate3, ╔Á╔ÁtextInterpolate4, ╔Á╔ÁtextInterpolate5, ╔Á╔ÁtextInterpolate6, ╔Á╔ÁtextInterpolate7, 
╔Á╔ÁtextInterpolate8, ╔Á╔ÁtextInterpolateV, ╔Á╔ÁtrustConstantHtml, ╔Á╔ÁtrustConstantResourceUrl, ╔Á╔ÁtwoWayBindingSet, 
╔Á╔ÁtwoWayListener, ╔Á╔ÁtwoWayProperty, ╔Á╔ÁvalidateIframeAttribute, ╔Á╔ÁviewQuery, ╔Á╔ÁviewQuerySignal)

../node_modules/@angular/common/fesm2022/common.mjs:7184:33-75 - Error: export '╔Á╔ÁInputFlags' (imported as 'i0') was 
not found in '@angular/core' (possible exports: ANIMATION_MODULE_TYPE, APP_BOOTSTRAP_LISTENER, APP_ID, 
APP_INITIALIZER, AfterRenderPhase, ApplicationInitStatus, ApplicationModule, ApplicationRef, Attribute, 
COMPILER_OPTIONS, CSP_NONCE, CUSTOM_ELEMENTS_SCHEMA, ChangeDetectionStrategy, ChangeDetectorRef, Compiler, 
CompilerFactory, Component, ComponentFactory, ComponentFactoryResolver, ComponentRef, ContentChild, ContentChildren, 
DEFAULT_CURRENCY_CODE, DebugElement, DebugEventListener, DebugNode, DefaultIterableDiffer, DestroyRef, Directive, 
ENVIRONMENT_INITIALIZER, ElementRef, EmbeddedViewRef, EnvironmentInjector, ErrorHandler, EventEmitter, 
ExperimentalPendingTasks, HOST_TAG_NAME, Host, HostAttributeToken, HostBinding, HostListener, INJECTOR, Inject, 
InjectFlags, Injectable, InjectionToken, Injector, Input, IterableDiffers, KeyValueDiffers, LOCALE_ID, 
MissingTranslationStrategy, ModuleWithComponentFactories, NO_ERRORS_SCHEMA, NgModule, NgModuleFactory, NgModuleRef, 
NgProbeToken, NgZone, Optional, Output, OutputEmitterRef, PACKAGE_ROOT_URL, PLATFORM_ID, PLATFORM_INITIALIZER, Pipe, 
PlatformRef, Query, QueryList, Renderer2, RendererFactory2, RendererStyleFlags2, Sanitizer, SecurityContext, Self, 
SimpleChange, SkipSelf, TRANSLATIONS, TRANSLATIONS_FORMAT, TemplateRef, Testability, TestabilityRegistry, 
TransferState, Type, VERSION, Version, ViewChild, ViewChildren, ViewContainerRef, ViewEncapsulation, ViewRef, 
afterNextRender, afterRender, asNativeElements, assertInInjectionContext, assertNotInReactiveContext, assertPlatform, 
booleanAttribute, computed, contentChild, contentChildren, createComponent, createEnvironmentInjector, createNgModule, 
createNgModuleRef, createPlatform, createPlatformFactory, defineInjectable, destroyPlatform, effect, enableProdMode, 
forwardRef, getDebugNode, getModuleFactory, getNgModuleById, getPlatform, importProvidersFrom, inject, input, 
isDevMode, isSignal, isStandalone, makeEnvironmentProviders, makeStateKey, mergeApplicationConfig, model, 
numberAttribute, output, platformCore, provideExperimentalCheckNoChangesForDebug, 
provideExperimentalZonelessChangeDetection, provideZoneChangeDetection, reflectComponentType, resolveForwardRef, 
runInInjectionContext, setTestabilityGetter, signal, untracked, viewChild, viewChildren, ╔ÁALLOW_MULTIPLE_PLATFORMS, 
╔ÁAfterRenderManager, ╔ÁCONTAINER_HEADER_OFFSET, ╔ÁChangeDetectionScheduler, ╔ÁChangeDetectionSchedulerImpl, 
╔ÁComponentFactory, ╔ÁConsole, ╔ÁDEFAULT_LOCALE_ID, ╔ÁDEFER_BLOCK_CONFIG, ╔ÁDEFER_BLOCK_DEPENDENCY_INTERCEPTOR, 
╔ÁDeferBlockBehavior, ╔ÁDeferBlockState, ╔ÁEffectScheduler, ╔ÁIMAGE_CONFIG, ╔ÁIMAGE_CONFIG_DEFAULTS, ╔ÁINJECTOR_SCOPE, 
╔ÁINPUT_SIGNAL_BRAND_WRITE_TYPE, ╔ÁINTERNAL_APPLICATION_ERROR_HANDLER, ╔ÁIS_HYDRATION_DOM_REUSE_ENABLED, 
╔ÁJSACTION_EVENT_CONTRACT, ╔ÁLContext, ╔ÁLifecycleHooksFeature, ╔ÁLocaleDataIndex, ╔ÁNG_COMP_DEF, ╔ÁNG_DIR_DEF, 
╔ÁNG_ELEMENT_ID, ╔ÁNG_INJ_DEF, ╔ÁNG_MOD_DEF, ╔ÁNG_PIPE_DEF, ╔ÁNG_PROV_DEF, ╔ÁNOT_FOUND_CHECK_ONLY_ELEMENT_INJECTOR, 
╔ÁNO_CHANGE, ╔ÁNgModuleFactory, ╔ÁNoopNgZone, ╔ÁPROVIDED_NG_ZONE, ╔ÁPendingTasks, ╔ÁReflectionCapabilities, 
╔ÁRender3ComponentFactory, ╔ÁRender3ComponentRef, ╔ÁRender3NgModuleRef, ╔ÁRuntimeError, ╔ÁSIGNAL, 
╔ÁSSR_CONTENT_INTEGRITY_MARKER, ╔ÁTESTABILITY, ╔ÁTESTABILITY_GETTER, ╔ÁUSE_RUNTIME_DEPS_TRACKER_FOR_JIT, ╔ÁViewRef, 
╔ÁXSS_SECURITY_URL, ╔ÁZONELESS_ENABLED, ╔Á_sanitizeHtml, ╔Á_sanitizeUrl, ╔ÁallowSanitizationBypassAndThrow, 
╔ÁannotateForHydration, ╔ÁbypassSanitizationTrustHtml, ╔ÁbypassSanitizationTrustResourceUrl, 
╔ÁbypassSanitizationTrustScript, ╔ÁbypassSanitizationTrustStyle, ╔ÁbypassSanitizationTrustUrl, 
╔ÁclearResolutionOfComponentResourcesQueue, ╔ÁcompileComponent, ╔ÁcompileDirective, ╔ÁcompileNgModule, 
╔ÁcompileNgModuleDefs, ╔ÁcompileNgModuleFactory, ╔ÁcompilePipe, ╔ÁconvertToBitFlags, ╔ÁcreateInjector, 
╔ÁdefaultIterableDiffers, ╔ÁdefaultKeyValueDiffers, ╔ÁdepsTracker, ╔ÁdetectChangesInViewIfRequired, ╔ÁdevModeEqual, 
╔ÁfindLocaleData, ╔ÁflushModuleScopingQueueAsMuchAsPossible, ╔ÁformatRuntimeError, 
╔ÁgenerateStandaloneInDeclarationsError, ╔ÁgetAsyncClassMetadataFn, ╔ÁgetDebugNode, ╔ÁgetDeferBlocks, ╔ÁgetDirectives, 
╔ÁgetHostElement, ╔ÁgetInjectableDef, ╔ÁgetLContext, ╔ÁgetLocaleCurrencyCode, ╔ÁgetLocalePluralCase, 
╔ÁgetOutputDestroyRef, ╔ÁgetSanitizationBypassType, ╔ÁgetUnknownElementStrictMode, ╔ÁgetUnknownPropertyStrictMode, 
╔Áglobal, ╔ÁinjectChangeDetectorRef, ╔ÁinternalCreateApplication, ╔ÁinternalProvideZoneChangeDetection, 
╔ÁisBoundToModule, ╔ÁisComponentDefPendingResolution, ╔ÁisEnvironmentProviders, ╔ÁisInjectable, ╔ÁisNgModule, 
╔ÁisPromise, ╔ÁisSubscribable, ╔ÁnoSideEffects, ╔ÁpatchComponentDefWithScope, ╔ÁperformanceMarkFeature, 
╔ÁreadHydrationInfo, ╔ÁregisterLocaleData, ╔ÁrenderDeferBlockState, ╔ÁresetCompiledComponents, ╔ÁresetJitOptions, 
╔ÁresolveComponentResources, ╔ÁrestoreComponentResolutionQueue, ╔ÁsetAllowDuplicateNgModuleIdsForTest, 
╔ÁsetAlternateWeakRefImpl, ╔ÁsetClassDebugInfo, ╔ÁsetClassMetadata, ╔ÁsetClassMetadataAsync, ╔ÁsetCurrentInjector, 
╔ÁsetDocument, ╔ÁsetInjectorProfilerContext, ╔ÁsetLocaleId, ╔ÁsetUnknownElementStrictMode, 
╔ÁsetUnknownPropertyStrictMode, ╔Ástore, ╔Ástringify, ╔ÁtransitiveScopesFor, ╔ÁtriggerResourceLoading, 
╔ÁtruncateMiddle, ╔ÁunregisterLocaleData, ╔ÁunwrapSafeValue, ╔ÁunwrapWritableSignal, ╔ÁwhenStable, ╔ÁwithDomHydration, 
╔ÁwithEventReplay, ╔ÁwithI18nSupport, ╔Á╔ÁCopyDefinitionFeature, ╔Á╔ÁFactoryTarget, ╔Á╔ÁHostDirectivesFeature, 
╔Á╔ÁInheritDefinitionFeature, ╔Á╔ÁInputTransformsFeature, ╔Á╔ÁNgOnChangesFeature, ╔Á╔ÁProvidersFeature, 
╔Á╔ÁStandaloneFeature, ╔Á╔Áadvance, ╔Á╔Áattribute, ╔Á╔ÁattributeInterpolate1, ╔Á╔ÁattributeInterpolate2, 
╔Á╔ÁattributeInterpolate3, ╔Á╔ÁattributeInterpolate4, ╔Á╔ÁattributeInterpolate5, ╔Á╔ÁattributeInterpolate6, 
╔Á╔ÁattributeInterpolate7, ╔Á╔ÁattributeInterpolate8, ╔Á╔ÁattributeInterpolateV, ╔Á╔ÁclassMap, 
╔Á╔ÁclassMapInterpolate1, ╔Á╔ÁclassMapInterpolate2, ╔Á╔ÁclassMapInterpolate3, ╔Á╔ÁclassMapInterpolate4, 
╔Á╔ÁclassMapInterpolate5, ╔Á╔ÁclassMapInterpolate6, ╔Á╔ÁclassMapInterpolate7, ╔Á╔ÁclassMapInterpolate8, 
╔Á╔ÁclassMapInterpolateV, ╔Á╔ÁclassProp, ╔Á╔ÁcomponentInstance, ╔Á╔Áconditional, ╔Á╔ÁcontentQuery, 
╔Á╔ÁcontentQuerySignal, ╔Á╔ÁdeclareLet, ╔Á╔Ádefer, ╔Á╔ÁdeferEnableTimerScheduling, ╔Á╔ÁdeferOnHover, ╔Á╔ÁdeferOnIdle, 
╔Á╔ÁdeferOnImmediate, ╔Á╔ÁdeferOnInteraction, ╔Á╔ÁdeferOnTimer, ╔Á╔ÁdeferOnViewport, ╔Á╔ÁdeferPrefetchOnHover, 
╔Á╔ÁdeferPrefetchOnIdle, ╔Á╔ÁdeferPrefetchOnImmediate, ╔Á╔ÁdeferPrefetchOnInteraction, ╔Á╔ÁdeferPrefetchOnTimer, 
╔Á╔ÁdeferPrefetchOnViewport, ╔Á╔ÁdeferPrefetchWhen, ╔Á╔ÁdeferWhen, ╔Á╔ÁdefineComponent, ╔Á╔ÁdefineDirective, 
╔Á╔ÁdefineInjectable, ╔Á╔ÁdefineInjector, ╔Á╔ÁdefineNgModule, ╔Á╔ÁdefinePipe, ╔Á╔ÁdirectiveInject, 
╔Á╔ÁdisableBindings, ╔Á╔Áelement, ╔Á╔ÁelementContainer, ╔Á╔ÁelementContainerEnd, ╔Á╔ÁelementContainerStart, 
╔Á╔ÁelementEnd, ╔Á╔ÁelementStart, ╔Á╔ÁenableBindings, ╔Á╔ÁgetComponentDepsFactory, ╔Á╔ÁgetCurrentView, 
╔Á╔ÁgetInheritedFactory, ╔Á╔ÁhostProperty, ╔Á╔Ái18n, ╔Á╔Ái18nApply, ╔Á╔Ái18nAttributes, ╔Á╔Ái18nEnd, ╔Á╔Ái18nExp, 
╔Á╔Ái18nPostprocess, ╔Á╔Ái18nStart, ╔Á╔Áinject, ╔Á╔ÁinjectAttribute, ╔Á╔ÁinvalidFactory, ╔Á╔ÁinvalidFactoryDep, 
╔Á╔Álistener, ╔Á╔ÁloadQuery, ╔Á╔ÁnamespaceHTML, ╔Á╔ÁnamespaceMathML, ╔Á╔ÁnamespaceSVG, ╔Á╔ÁnextContext, 
╔Á╔ÁngDeclareClassMetadata, ╔Á╔ÁngDeclareClassMetadataAsync, ╔Á╔ÁngDeclareComponent, ╔Á╔ÁngDeclareDirective, 
╔Á╔ÁngDeclareFactory, ╔Á╔ÁngDeclareInjectable, ╔Á╔ÁngDeclareInjector, ╔Á╔ÁngDeclareNgModule, ╔Á╔ÁngDeclarePipe, 
╔Á╔Ápipe, ╔Á╔ÁpipeBind1, ╔Á╔ÁpipeBind2, ╔Á╔ÁpipeBind3, ╔Á╔ÁpipeBind4, ╔Á╔ÁpipeBindV, ╔Á╔Áprojection, 
╔Á╔ÁprojectionDef, ╔Á╔Áproperty, ╔Á╔ÁpropertyInterpolate, ╔Á╔ÁpropertyInterpolate1, ╔Á╔ÁpropertyInterpolate2, 
╔Á╔ÁpropertyInterpolate3, ╔Á╔ÁpropertyInterpolate4, ╔Á╔ÁpropertyInterpolate5, ╔Á╔ÁpropertyInterpolate6, 
╔Á╔ÁpropertyInterpolate7, ╔Á╔ÁpropertyInterpolate8, ╔Á╔ÁpropertyInterpolateV, ╔Á╔ÁpureFunction0, ╔Á╔ÁpureFunction1, 
╔Á╔ÁpureFunction2, ╔Á╔ÁpureFunction3, ╔Á╔ÁpureFunction4, ╔Á╔ÁpureFunction5, ╔Á╔ÁpureFunction6, ╔Á╔ÁpureFunction7, 
╔Á╔ÁpureFunction8, ╔Á╔ÁpureFunctionV, ╔Á╔ÁqueryAdvance, ╔Á╔ÁqueryRefresh, ╔Á╔ÁreadContextLet, ╔Á╔Áreference, 
╔Á╔ÁregisterNgModuleType, ╔Á╔Árepeater, ╔Á╔ÁrepeaterCreate, ╔Á╔ÁrepeaterTrackByIdentity, ╔Á╔ÁrepeaterTrackByIndex, 
╔Á╔ÁresetView, ╔Á╔ÁresolveBody, ╔Á╔ÁresolveDocument, ╔Á╔ÁresolveWindow, ╔Á╔ÁrestoreView, ╔Á╔ÁsanitizeHtml, 
╔Á╔ÁsanitizeResourceUrl, ╔Á╔ÁsanitizeScript, ╔Á╔ÁsanitizeStyle, ╔Á╔ÁsanitizeUrl, ╔Á╔ÁsanitizeUrlOrResourceUrl, 
╔Á╔ÁsetComponentScope, ╔Á╔ÁsetNgModuleScope, ╔Á╔ÁstoreLet, ╔Á╔ÁstyleMap, ╔Á╔ÁstyleMapInterpolate1, 
╔Á╔ÁstyleMapInterpolate2, ╔Á╔ÁstyleMapInterpolate3, ╔Á╔ÁstyleMapInterpolate4, ╔Á╔ÁstyleMapInterpolate5, 
╔Á╔ÁstyleMapInterpolate6, ╔Á╔ÁstyleMapInterpolate7, ╔Á╔ÁstyleMapInterpolate8, ╔Á╔ÁstyleMapInterpolateV, ╔Á╔ÁstyleProp, 
╔Á╔ÁstylePropInterpolate1, ╔Á╔ÁstylePropInterpolate2, ╔Á╔ÁstylePropInterpolate3, ╔Á╔ÁstylePropInterpolate4, 
╔Á╔ÁstylePropInterpolate5, ╔Á╔ÁstylePropInterpolate6, ╔Á╔ÁstylePropInterpolate7, ╔Á╔ÁstylePropInterpolate8, 
╔Á╔ÁstylePropInterpolateV, ╔Á╔ÁsyntheticHostListener, ╔Á╔ÁsyntheticHostProperty, ╔Á╔Átemplate, 
╔Á╔ÁtemplateRefExtractor, ╔Á╔Átext, ╔Á╔ÁtextInterpolate, ╔Á╔ÁtextInterpolate1, ╔Á╔ÁtextInterpolate2, 
╔Á╔ÁtextInterpolate3, ╔Á╔ÁtextInterpolate4, ╔Á╔ÁtextInterpolate5, ╔Á╔ÁtextInterpolate6, ╔Á╔ÁtextInterpolate7, 
╔Á╔ÁtextInterpolate8, ╔Á╔ÁtextInterpolateV, ╔Á╔ÁtrustConstantHtml, ╔Á╔ÁtrustConstantResourceUrl, ╔Á╔ÁtwoWayBindingSet, 
╔Á╔ÁtwoWayListener, ╔Á╔ÁtwoWayProperty, ╔Á╔ÁvalidateIframeAttribute, ╔Á╔ÁviewQuery, ╔Á╔ÁviewQuerySignal)

../node_modules/@angular/common/fesm2022/common.mjs:7185:15-57 - Error: export '╔Á╔ÁInputFlags' (imported as 'i0') was 
not found in '@angular/core' (possible exports: ANIMATION_MODULE_TYPE, APP_BOOTSTRAP_LISTENER, APP_ID, 
APP_INITIALIZER, AfterRenderPhase, ApplicationInitStatus, ApplicationModule, ApplicationRef, Attribute, 
COMPILER_OPTIONS, CSP_NONCE, CUSTOM_ELEMENTS_SCHEMA, ChangeDetectionStrategy, ChangeDetectorRef, Compiler, 
CompilerFactory, Component, ComponentFactory, ComponentFactoryResolver, ComponentRef, ContentChild, ContentChildren, 
DEFAULT_CURRENCY_CODE, DebugElement, DebugEventListener, DebugNode, DefaultIterableDiffer, DestroyRef, Directive, 
ENVIRONMENT_INITIALIZER, ElementRef, EmbeddedViewRef, EnvironmentInjector, ErrorHandler, EventEmitter, 
ExperimentalPendingTasks, HOST_TAG_NAME, Host, HostAttributeToken, HostBinding, HostListener, INJECTOR, Inject, 
InjectFlags, Injectable, InjectionToken, Injector, Input, IterableDiffers, KeyValueDiffers, LOCALE_ID, 
MissingTranslationStrategy, ModuleWithComponentFactories, NO_ERRORS_SCHEMA, NgModule, NgModuleFactory, NgModuleRef, 
NgProbeToken, NgZone, Optional, Output, OutputEmitterRef, PACKAGE_ROOT_URL, PLATFORM_ID, PLATFORM_INITIALIZER, Pipe, 
PlatformRef, Query, QueryList, Renderer2, RendererFactory2, RendererStyleFlags2, Sanitizer, SecurityContext, Self, 
SimpleChange, SkipSelf, TRANSLATIONS, TRANSLATIONS_FORMAT, TemplateRef, Testability, TestabilityRegistry, 
TransferState, Type, VERSION, Version, ViewChild, ViewChildren, ViewContainerRef, ViewEncapsulation, ViewRef, 
afterNextRender, afterRender, asNativeElements, assertInInjectionContext, assertNotInReactiveContext, assertPlatform, 
booleanAttribute, computed, contentChild, contentChildren, createComponent, createEnvironmentInjector, createNgModule, 
createNgModuleRef, createPlatform, createPlatformFactory, defineInjectable, destroyPlatform, effect, enableProdMode, 
forwardRef, getDebugNode, getModuleFactory, getNgModuleById, getPlatform, importProvidersFrom, inject, input, 
isDevMode, isSignal, isStandalone, makeEnvironmentProviders, makeStateKey, mergeApplicationConfig, model, 
numberAttribute, output, platformCore, provideExperimentalCheckNoChangesForDebug, 
provideExperimentalZonelessChangeDetection, provideZoneChangeDetection, reflectComponentType, resolveForwardRef, 
runInInjectionContext, setTestabilityGetter, signal, untracked, viewChild, viewChildren, ╔ÁALLOW_MULTIPLE_PLATFORMS, 
╔ÁAfterRenderManager, ╔ÁCONTAINER_HEADER_OFFSET, ╔ÁChangeDetectionScheduler, ╔ÁChangeDetectionSchedulerImpl, 
╔ÁComponentFactory, ╔ÁConsole, ╔ÁDEFAULT_LOCALE_ID, ╔ÁDEFER_BLOCK_CONFIG, ╔ÁDEFER_BLOCK_DEPENDENCY_INTERCEPTOR, 
╔ÁDeferBlockBehavior, ╔ÁDeferBlockState, ╔ÁEffectScheduler, ╔ÁIMAGE_CONFIG, ╔ÁIMAGE_CONFIG_DEFAULTS, ╔ÁINJECTOR_SCOPE, 
╔ÁINPUT_SIGNAL_BRAND_WRITE_TYPE, ╔ÁINTERNAL_APPLICATION_ERROR_HANDLER, ╔ÁIS_HYDRATION_DOM_REUSE_ENABLED, 
╔ÁJSACTION_EVENT_CONTRACT, ╔ÁLContext, ╔ÁLifecycleHooksFeature, ╔ÁLocaleDataIndex, ╔ÁNG_COMP_DEF, ╔ÁNG_DIR_DEF, 
╔ÁNG_ELEMENT_ID, ╔ÁNG_INJ_DEF, ╔ÁNG_MOD_DEF, ╔ÁNG_PIPE_DEF, ╔ÁNG_PROV_DEF, ╔ÁNOT_FOUND_CHECK_ONLY_ELEMENT_INJECTOR, 
╔ÁNO_CHANGE, ╔ÁNgModuleFactory, ╔ÁNoopNgZone, ╔ÁPROVIDED_NG_ZONE, ╔ÁPendingTasks, ╔ÁReflectionCapabilities, 
╔ÁRender3ComponentFactory, ╔ÁRender3ComponentRef, ╔ÁRender3NgModuleRef, ╔ÁRuntimeError, ╔ÁSIGNAL, 
╔ÁSSR_CONTENT_INTEGRITY_MARKER, ╔ÁTESTABILITY, ╔ÁTESTABILITY_GETTER, ╔ÁUSE_RUNTIME_DEPS_TRACKER_FOR_JIT, ╔ÁViewRef, 
╔ÁXSS_SECURITY_URL, ╔ÁZONELESS_ENABLED, ╔Á_sanitizeHtml, ╔Á_sanitizeUrl, ╔ÁallowSanitizationBypassAndThrow, 
╔ÁannotateForHydration, ╔ÁbypassSanitizationTrustHtml, ╔ÁbypassSanitizationTrustResourceUrl, 
╔ÁbypassSanitizationTrustScript, ╔ÁbypassSanitizationTrustStyle, ╔ÁbypassSanitizationTrustUrl, 
╔ÁclearResolutionOfComponentResourcesQueue, ╔ÁcompileComponent, ╔ÁcompileDirective, ╔ÁcompileNgModule, 
╔ÁcompileNgModuleDefs, ╔ÁcompileNgModuleFactory, ╔ÁcompilePipe, ╔ÁconvertToBitFlags, ╔ÁcreateInjector, 
╔ÁdefaultIterableDiffers, ╔ÁdefaultKeyValueDiffers, ╔ÁdepsTracker, ╔ÁdetectChangesInViewIfRequired, ╔ÁdevModeEqual, 
╔ÁfindLocaleData, ╔ÁflushModuleScopingQueueAsMuchAsPossible, ╔ÁformatRuntimeError, 
╔ÁgenerateStandaloneInDeclarationsError, ╔ÁgetAsyncClassMetadataFn, ╔ÁgetDebugNode, ╔ÁgetDeferBlocks, ╔ÁgetDirectives, 
╔ÁgetHostElement, ╔ÁgetInjectableDef, ╔ÁgetLContext, ╔ÁgetLocaleCurrencyCode, ╔ÁgetLocalePluralCase, 
╔ÁgetOutputDestroyRef, ╔ÁgetSanitizationBypassType, ╔ÁgetUnknownElementStrictMode, ╔ÁgetUnknownPropertyStrictMode, 
╔Áglobal, ╔ÁinjectChangeDetectorRef, ╔ÁinternalCreateApplication, ╔ÁinternalProvideZoneChangeDetection, 
╔ÁisBoundToModule, ╔ÁisComponentDefPendingResolution, ╔ÁisEnvironmentProviders, ╔ÁisInjectable, ╔ÁisNgModule, 
╔ÁisPromise, ╔ÁisSubscribable, ╔ÁnoSideEffects, ╔ÁpatchComponentDefWithScope, ╔ÁperformanceMarkFeature, 
╔ÁreadHydrationInfo, ╔ÁregisterLocaleData, ╔ÁrenderDeferBlockState, ╔ÁresetCompiledComponents, ╔ÁresetJitOptions, 
╔ÁresolveComponentResources, ╔ÁrestoreComponentResolutionQueue, ╔ÁsetAllowDuplicateNgModuleIdsForTest, 
╔ÁsetAlternateWeakRefImpl, ╔ÁsetClassDebugInfo, ╔ÁsetClassMetadata, ╔ÁsetClassMetadataAsync, ╔ÁsetCurrentInjector, 
╔ÁsetDocument, ╔ÁsetInjectorProfilerContext, ╔ÁsetLocaleId, ╔ÁsetUnknownElementStrictMode, 
╔ÁsetUnknownPropertyStrictMode, ╔Ástore, ╔Ástringify, ╔ÁtransitiveScopesFor, ╔ÁtriggerResourceLoading, 
╔ÁtruncateMiddle, ╔ÁunregisterLocaleData, ╔ÁunwrapSafeValue, ╔ÁunwrapWritableSignal, ╔ÁwhenStable, ╔ÁwithDomHydration, 
╔ÁwithEventReplay, ╔ÁwithI18nSupport, ╔Á╔ÁCopyDefinitionFeature, ╔Á╔ÁFactoryTarget, ╔Á╔ÁHostDirectivesFeature, 
╔Á╔ÁInheritDefinitionFeature, ╔Á╔ÁInputTransformsFeature, ╔Á╔ÁNgOnChangesFeature, ╔Á╔ÁProvidersFeature, 
╔Á╔ÁStandaloneFeature, ╔Á╔Áadvance, ╔Á╔Áattribute, ╔Á╔ÁattributeInterpolate1, ╔Á╔ÁattributeInterpolate2, 
╔Á╔ÁattributeInterpolate3, ╔Á╔ÁattributeInterpolate4, ╔Á╔ÁattributeInterpolate5, ╔Á╔ÁattributeInterpolate6, 
╔Á╔ÁattributeInterpolate7, ╔Á╔ÁattributeInterpolate8, ╔Á╔ÁattributeInterpolateV, ╔Á╔ÁclassMap, 
╔Á╔ÁclassMapInterpolate1, ╔Á╔ÁclassMapInterpolate2, ╔Á╔ÁclassMapInterpolate3, ╔Á╔ÁclassMapInterpolate4, 
╔Á╔ÁclassMapInterpolate5, ╔Á╔ÁclassMapInterpolate6, ╔Á╔ÁclassMapInterpolate7, ╔Á╔ÁclassMapInterpolate8, 
╔Á╔ÁclassMapInterpolateV, ╔Á╔ÁclassProp, ╔Á╔ÁcomponentInstance, ╔Á╔Áconditional, ╔Á╔ÁcontentQuery, 
╔Á╔ÁcontentQuerySignal, ╔Á╔ÁdeclareLet, ╔Á╔Ádefer, ╔Á╔ÁdeferEnableTimerScheduling, ╔Á╔ÁdeferOnHover, ╔Á╔ÁdeferOnIdle, 
╔Á╔ÁdeferOnImmediate, ╔Á╔ÁdeferOnInteraction, ╔Á╔ÁdeferOnTimer, ╔Á╔ÁdeferOnViewport, ╔Á╔ÁdeferPrefetchOnHover, 
╔Á╔ÁdeferPrefetchOnIdle, ╔Á╔ÁdeferPrefetchOnImmediate, ╔Á╔ÁdeferPrefetchOnInteraction, ╔Á╔ÁdeferPrefetchOnTimer, 
╔Á╔ÁdeferPrefetchOnViewport, ╔Á╔ÁdeferPrefetchWhen, ╔Á╔ÁdeferWhen, ╔Á╔ÁdefineComponent, ╔Á╔ÁdefineDirective, 
╔Á╔ÁdefineInjectable, ╔Á╔ÁdefineInjector, ╔Á╔ÁdefineNgModule, ╔Á╔ÁdefinePipe, ╔Á╔ÁdirectiveInject, 
╔Á╔ÁdisableBindings, ╔Á╔Áelement, ╔Á╔ÁelementContainer, ╔Á╔ÁelementContainerEnd, ╔Á╔ÁelementContainerStart, 
╔Á╔ÁelementEnd, ╔Á╔ÁelementStart, ╔Á╔ÁenableBindings, ╔Á╔ÁgetComponentDepsFactory, ╔Á╔ÁgetCurrentView, 
╔Á╔ÁgetInheritedFactory, ╔Á╔ÁhostProperty, ╔Á╔Ái18n, ╔Á╔Ái18nApply, ╔Á╔Ái18nAttributes, ╔Á╔Ái18nEnd, ╔Á╔Ái18nExp, 
╔Á╔Ái18nPostprocess, ╔Á╔Ái18nStart, ╔Á╔Áinject, ╔Á╔ÁinjectAttribute, ╔Á╔ÁinvalidFactory, ╔Á╔ÁinvalidFactoryDep, 
╔Á╔Álistener, ╔Á╔ÁloadQuery, ╔Á╔ÁnamespaceHTML, ╔Á╔ÁnamespaceMathML, ╔Á╔ÁnamespaceSVG, ╔Á╔ÁnextContext, 
╔Á╔ÁngDeclareClassMetadata, ╔Á╔ÁngDeclareClassMetadataAsync, ╔Á╔ÁngDeclareComponent, ╔Á╔ÁngDeclareDirective, 
╔Á╔ÁngDeclareFactory, ╔Á╔ÁngDeclareInjectable, ╔Á╔ÁngDeclareInjector, ╔Á╔ÁngDeclareNgModule, ╔Á╔ÁngDeclarePipe, 
╔Á╔Ápipe, ╔Á╔ÁpipeBind1, ╔Á╔ÁpipeBind2, ╔Á╔ÁpipeBind3, ╔Á╔ÁpipeBind4, ╔Á╔ÁpipeBindV, ╔Á╔Áprojection, 
╔Á╔ÁprojectionDef, ╔Á╔Áproperty, ╔Á╔ÁpropertyInterpolate, ╔Á╔ÁpropertyInterpolate1, ╔Á╔ÁpropertyInterpolate2, 
╔Á╔ÁpropertyInterpolate3, ╔Á╔ÁpropertyInterpolate4, ╔Á╔ÁpropertyInterpolate5, ╔Á╔ÁpropertyInterpolate6, 
╔Á╔ÁpropertyInterpolate7, ╔Á╔ÁpropertyInterpolate8, ╔Á╔ÁpropertyInterpolateV, ╔Á╔ÁpureFunction0, ╔Á╔ÁpureFunction1, 
╔Á╔ÁpureFunction2, ╔Á╔ÁpureFunction3, ╔Á╔ÁpureFunction4, ╔Á╔ÁpureFunction5, ╔Á╔ÁpureFunction6, ╔Á╔ÁpureFunction7, 
╔Á╔ÁpureFunction8, ╔Á╔ÁpureFunctionV, ╔Á╔ÁqueryAdvance, ╔Á╔ÁqueryRefresh, ╔Á╔ÁreadContextLet, ╔Á╔Áreference, 
╔Á╔ÁregisterNgModuleType, ╔Á╔Árepeater, ╔Á╔ÁrepeaterCreate, ╔Á╔ÁrepeaterTrackByIdentity, ╔Á╔ÁrepeaterTrackByIndex, 
╔Á╔ÁresetView, ╔Á╔ÁresolveBody, ╔Á╔ÁresolveDocument, ╔Á╔ÁresolveWindow, ╔Á╔ÁrestoreView, ╔Á╔ÁsanitizeHtml, 
╔Á╔ÁsanitizeResourceUrl, ╔Á╔ÁsanitizeScript, ╔Á╔ÁsanitizeStyle, ╔Á╔ÁsanitizeUrl, ╔Á╔ÁsanitizeUrlOrResourceUrl, 
╔Á╔ÁsetComponentScope, ╔Á╔ÁsetNgModuleScope, ╔Á╔ÁstoreLet, ╔Á╔ÁstyleMap, ╔Á╔ÁstyleMapInterpolate1, 
╔Á╔ÁstyleMapInterpolate2, ╔Á╔ÁstyleMapInterpolate3, ╔Á╔ÁstyleMapInterpolate4, ╔Á╔ÁstyleMapInterpolate5, 
╔Á╔ÁstyleMapInterpolate6, ╔Á╔ÁstyleMapInterpolate7, ╔Á╔ÁstyleMapInterpolate8, ╔Á╔ÁstyleMapInterpolateV, ╔Á╔ÁstyleProp, 
╔Á╔ÁstylePropInterpolate1, ╔Á╔ÁstylePropInterpolate2, ╔Á╔ÁstylePropInterpolate3, ╔Á╔ÁstylePropInterpolate4, 
╔Á╔ÁstylePropInterpolate5, ╔Á╔ÁstylePropInterpolate6, ╔Á╔ÁstylePropInterpolate7, ╔Á╔ÁstylePropInterpolate8, 
╔Á╔ÁstylePropInterpolateV, ╔Á╔ÁsyntheticHostListener, ╔Á╔ÁsyntheticHostProperty, ╔Á╔Átemplate, 
╔Á╔ÁtemplateRefExtractor, ╔Á╔Átext, ╔Á╔ÁtextInterpolate, ╔Á╔ÁtextInterpolate1, ╔Á╔ÁtextInterpolate2, 
╔Á╔ÁtextInterpolate3, ╔Á╔ÁtextInterpolate4, ╔Á╔ÁtextInterpolate5, ╔Á╔ÁtextInterpolate6, ╔Á╔ÁtextInterpolate7, 
╔Á╔ÁtextInterpolate8, ╔Á╔ÁtextInterpolateV, ╔Á╔ÁtrustConstantHtml, ╔Á╔ÁtrustConstantResourceUrl, ╔Á╔ÁtwoWayBindingSet, 
╔Á╔ÁtwoWayListener, ╔Á╔ÁtwoWayProperty, ╔Á╔ÁvalidateIframeAttribute, ╔Á╔ÁviewQuery, ╔Á╔ÁviewQuerySignal)

../node_modules/@angular/common/fesm2022/common.mjs:7186:22-64 - Error: export '╔Á╔ÁInputFlags' (imported as 'i0') was 
not found in '@angular/core' (possible exports: ANIMATION_MODULE_TYPE, APP_BOOTSTRAP_LISTENER, APP_ID, 
APP_INITIALIZER, AfterRenderPhase, ApplicationInitStatus, ApplicationModule, ApplicationRef, Attribute, 
COMPILER_OPTIONS, CSP_NONCE, CUSTOM_ELEMENTS_SCHEMA, ChangeDetectionStrategy, ChangeDetectorRef, Compiler, 
CompilerFactory, Component, ComponentFactory, ComponentFactoryResolver, ComponentRef, ContentChild, ContentChildren, 
DEFAULT_CURRENCY_CODE, DebugElement, DebugEventListener, DebugNode, DefaultIterableDiffer, DestroyRef, Directive, 
ENVIRONMENT_INITIALIZER, ElementRef, EmbeddedViewRef, EnvironmentInjector, ErrorHandler, EventEmitter, 
ExperimentalPendingTasks, HOST_TAG_NAME, Host, HostAttributeToken, HostBinding, HostListener, INJECTOR, Inject, 
InjectFlags, Injectable, InjectionToken, Injector, Input, IterableDiffers, KeyValueDiffers, LOCALE_ID, 
MissingTranslationStrategy, ModuleWithComponentFactories, NO_ERRORS_SCHEMA, NgModule, NgModuleFactory, NgModuleRef, 
NgProbeToken, NgZone, Optional, Output, OutputEmitterRef, PACKAGE_ROOT_URL, PLATFORM_ID, PLATFORM_INITIALIZER, Pipe, 
PlatformRef, Query, QueryList, Renderer2, RendererFactory2, RendererStyleFlags2, Sanitizer, SecurityContext, Self, 
SimpleChange, SkipSelf, TRANSLATIONS, TRANSLATIONS_FORMAT, TemplateRef, Testability, TestabilityRegistry, 
TransferState, Type, VERSION, Version, ViewChild, ViewChildren, ViewContainerRef, ViewEncapsulation, ViewRef, 
afterNextRender, afterRender, asNativeElements, assertInInjectionContext, assertNotInReactiveContext, assertPlatform, 
booleanAttribute, computed, contentChild, contentChildren, createComponent, createEnvironmentInjector, createNgModule, 
createNgModuleRef, createPlatform, createPlatformFactory, defineInjectable, destroyPlatform, effect, enableProdMode, 
forwardRef, getDebugNode, getModuleFactory, getNgModuleById, getPlatform, importProvidersFrom, inject, input, 
isDevMode, isSignal, isStandalone, makeEnvironmentProviders, makeStateKey, mergeApplicationConfig, model, 
numberAttribute, output, platformCore, provideExperimentalCheckNoChangesForDebug, 
provideExperimentalZonelessChangeDetection, provideZoneChangeDetection, reflectComponentType, resolveForwardRef, 
runInInjectionContext, setTestabilityGetter, signal, untracked, viewChild, viewChildren, ╔ÁALLOW_MULTIPLE_PLATFORMS, 
╔ÁAfterRenderManager, ╔ÁCONTAINER_HEADER_OFFSET, ╔ÁChangeDetectionScheduler, ╔ÁChangeDetectionSchedulerImpl, 
╔ÁComponentFactory, ╔ÁConsole, ╔ÁDEFAULT_LOCALE_ID, ╔ÁDEFER_BLOCK_CONFIG, ╔ÁDEFER_BLOCK_DEPENDENCY_INTERCEPTOR, 
╔ÁDeferBlockBehavior, ╔ÁDeferBlockState, ╔ÁEffectScheduler, ╔ÁIMAGE_CONFIG, ╔ÁIMAGE_CONFIG_DEFAULTS, ╔ÁINJECTOR_SCOPE, 
╔ÁINPUT_SIGNAL_BRAND_WRITE_TYPE, ╔ÁINTERNAL_APPLICATION_ERROR_HANDLER, ╔ÁIS_HYDRATION_DOM_REUSE_ENABLED, 
╔ÁJSACTION_EVENT_CONTRACT, ╔ÁLContext, ╔ÁLifecycleHooksFeature, ╔ÁLocaleDataIndex, ╔ÁNG_COMP_DEF, ╔ÁNG_DIR_DEF, 
╔ÁNG_ELEMENT_ID, ╔ÁNG_INJ_DEF, ╔ÁNG_MOD_DEF, ╔ÁNG_PIPE_DEF, ╔ÁNG_PROV_DEF, ╔ÁNOT_FOUND_CHECK_ONLY_ELEMENT_INJECTOR, 
╔ÁNO_CHANGE, ╔ÁNgModuleFactory, ╔ÁNoopNgZone, ╔ÁPROVIDED_NG_ZONE, ╔ÁPendingTasks, ╔ÁReflectionCapabilities, 
╔ÁRender3ComponentFactory, ╔ÁRender3ComponentRef, ╔ÁRender3NgModuleRef, ╔ÁRuntimeError, ╔ÁSIGNAL, 
╔ÁSSR_CONTENT_INTEGRITY_MARKER, ╔ÁTESTABILITY, ╔ÁTESTABILITY_GETTER, ╔ÁUSE_RUNTIME_DEPS_TRACKER_FOR_JIT, ╔ÁViewRef, 
╔ÁXSS_SECURITY_URL, ╔ÁZONELESS_ENABLED, ╔Á_sanitizeHtml, ╔Á_sanitizeUrl, ╔ÁallowSanitizationBypassAndThrow, 
╔ÁannotateForHydration, ╔ÁbypassSanitizationTrustHtml, ╔ÁbypassSanitizationTrustResourceUrl, 
╔ÁbypassSanitizationTrustScript, ╔ÁbypassSanitizationTrustStyle, ╔ÁbypassSanitizationTrustUrl, 
╔ÁclearResolutionOfComponentResourcesQueue, ╔ÁcompileComponent, ╔ÁcompileDirective, ╔ÁcompileNgModule, 
╔ÁcompileNgModuleDefs, ╔ÁcompileNgModuleFactory, ╔ÁcompilePipe, ╔ÁconvertToBitFlags, ╔ÁcreateInjector, 
╔ÁdefaultIterableDiffers, ╔ÁdefaultKeyValueDiffers, ╔ÁdepsTracker, ╔ÁdetectChangesInViewIfRequired, ╔ÁdevModeEqual, 
╔ÁfindLocaleData, ╔ÁflushModuleScopingQueueAsMuchAsPossible, ╔ÁformatRuntimeError, 
╔ÁgenerateStandaloneInDeclarationsError, ╔ÁgetAsyncClassMetadataFn, ╔ÁgetDebugNode, ╔ÁgetDeferBlocks, ╔ÁgetDirectives, 
╔ÁgetHostElement, ╔ÁgetInjectableDef, ╔ÁgetLContext, ╔ÁgetLocaleCurrencyCode, ╔ÁgetLocalePluralCase, 
╔ÁgetOutputDestroyRef, ╔ÁgetSanitizationBypassType, ╔ÁgetUnknownElementStrictMode, ╔ÁgetUnknownPropertyStrictMode, 
╔Áglobal, ╔ÁinjectChangeDetectorRef, ╔ÁinternalCreateApplication, ╔ÁinternalProvideZoneChangeDetection, 
╔ÁisBoundToModule, ╔ÁisComponentDefPendingResolution, ╔ÁisEnvironmentProviders, ╔ÁisInjectable, ╔ÁisNgModule, 
╔ÁisPromise, ╔ÁisSubscribable, ╔ÁnoSideEffects, ╔ÁpatchComponentDefWithScope, ╔ÁperformanceMarkFeature, 
╔ÁreadHydrationInfo, ╔ÁregisterLocaleData, ╔ÁrenderDeferBlockState, ╔ÁresetCompiledComponents, ╔ÁresetJitOptions, 
╔ÁresolveComponentResources, ╔ÁrestoreComponentResolutionQueue, ╔ÁsetAllowDuplicateNgModuleIdsForTest, 
╔ÁsetAlternateWeakRefImpl, ╔ÁsetClassDebugInfo, ╔ÁsetClassMetadata, ╔ÁsetClassMetadataAsync, ╔ÁsetCurrentInjector, 
╔ÁsetDocument, ╔ÁsetInjectorProfilerContext, ╔ÁsetLocaleId, ╔ÁsetUnknownElementStrictMode, 
╔ÁsetUnknownPropertyStrictMode, ╔Ástore, ╔Ástringify, ╔ÁtransitiveScopesFor, ╔ÁtriggerResourceLoading, 
╔ÁtruncateMiddle, ╔ÁunregisterLocaleData, ╔ÁunwrapSafeValue, ╔ÁunwrapWritableSignal, ╔ÁwhenStable, ╔ÁwithDomHydration, 
╔ÁwithEventReplay, ╔ÁwithI18nSupport, ╔Á╔ÁCopyDefinitionFeature, ╔Á╔ÁFactoryTarget, ╔Á╔ÁHostDirectivesFeature, 
╔Á╔ÁInheritDefinitionFeature, ╔Á╔ÁInputTransformsFeature, ╔Á╔ÁNgOnChangesFeature, ╔Á╔ÁProvidersFeature, 
╔Á╔ÁStandaloneFeature, ╔Á╔Áadvance, ╔Á╔Áattribute, ╔Á╔ÁattributeInterpolate1, ╔Á╔ÁattributeInterpolate2, 
╔Á╔ÁattributeInterpolate3, ╔Á╔ÁattributeInterpolate4, ╔Á╔ÁattributeInterpolate5, ╔Á╔ÁattributeInterpolate6, 
╔Á╔ÁattributeInterpolate7, ╔Á╔ÁattributeInterpolate8, ╔Á╔ÁattributeInterpolateV, ╔Á╔ÁclassMap, 
╔Á╔ÁclassMapInterpolate1, ╔Á╔ÁclassMapInterpolate2, ╔Á╔ÁclassMapInterpolate3, ╔Á╔ÁclassMapInterpolate4, 
╔Á╔ÁclassMapInterpolate5, ╔Á╔ÁclassMapInterpolate6, ╔Á╔ÁclassMapInterpolate7, ╔Á╔ÁclassMapInterpolate8, 
╔Á╔ÁclassMapInterpolateV, ╔Á╔ÁclassProp, ╔Á╔ÁcomponentInstance, ╔Á╔Áconditional, ╔Á╔ÁcontentQuery, 
╔Á╔ÁcontentQuerySignal, ╔Á╔ÁdeclareLet, ╔Á╔Ádefer, ╔Á╔ÁdeferEnableTimerScheduling, ╔Á╔ÁdeferOnHover, ╔Á╔ÁdeferOnIdle, 
╔Á╔ÁdeferOnImmediate, ╔Á╔ÁdeferOnInteraction, ╔Á╔ÁdeferOnTimer, ╔Á╔ÁdeferOnViewport, ╔Á╔ÁdeferPrefetchOnHover, 
╔Á╔ÁdeferPrefetchOnIdle, ╔Á╔ÁdeferPrefetchOnImmediate, ╔Á╔ÁdeferPrefetchOnInteraction, ╔Á╔ÁdeferPrefetchOnTimer, 
╔Á╔ÁdeferPrefetchOnViewport, ╔Á╔ÁdeferPrefetchWhen, ╔Á╔ÁdeferWhen, ╔Á╔ÁdefineComponent, ╔Á╔ÁdefineDirective, 
╔Á╔ÁdefineInjectable, ╔Á╔ÁdefineInjector, ╔Á╔ÁdefineNgModule, ╔Á╔ÁdefinePipe, ╔Á╔ÁdirectiveInject, 
╔Á╔ÁdisableBindings, ╔Á╔Áelement, ╔Á╔ÁelementContainer, ╔Á╔ÁelementContainerEnd, ╔Á╔ÁelementContainerStart, 
╔Á╔ÁelementEnd, ╔Á╔ÁelementStart, ╔Á╔ÁenableBindings, ╔Á╔ÁgetComponentDepsFactory, ╔Á╔ÁgetCurrentView, 
╔Á╔ÁgetInheritedFactory, ╔Á╔ÁhostProperty, ╔Á╔Ái18n, ╔Á╔Ái18nApply, ╔Á╔Ái18nAttributes, ╔Á╔Ái18nEnd, ╔Á╔Ái18nExp, 
╔Á╔Ái18nPostprocess, ╔Á╔Ái18nStart, ╔Á╔Áinject, ╔Á╔ÁinjectAttribute, ╔Á╔ÁinvalidFactory, ╔Á╔ÁinvalidFactoryDep, 
╔Á╔Álistener, ╔Á╔ÁloadQuery, ╔Á╔ÁnamespaceHTML, ╔Á╔ÁnamespaceMathML, ╔Á╔ÁnamespaceSVG, ╔Á╔ÁnextContext, 
╔Á╔ÁngDeclareClassMetadata, ╔Á╔ÁngDeclareClassMetadataAsync, ╔Á╔ÁngDeclareComponent, ╔Á╔ÁngDeclareDirective, 
╔Á╔ÁngDeclareFactory, ╔Á╔ÁngDeclareInjectable, ╔Á╔ÁngDeclareInjector, ╔Á╔ÁngDeclareNgModule, ╔Á╔ÁngDeclarePipe, 
╔Á╔Ápipe, ╔Á╔ÁpipeBind1, ╔Á╔ÁpipeBind2, ╔Á╔ÁpipeBind3, ╔Á╔ÁpipeBind4, ╔Á╔ÁpipeBindV, ╔Á╔Áprojection, 
╔Á╔ÁprojectionDef, ╔Á╔Áproperty, ╔Á╔ÁpropertyInterpolate, ╔Á╔ÁpropertyInterpolate1, ╔Á╔ÁpropertyInterpolate2, 
╔Á╔ÁpropertyInterpolate3, ╔Á╔ÁpropertyInterpolate4, ╔Á╔ÁpropertyInterpolate5, ╔Á╔ÁpropertyInterpolate6, 
╔Á╔ÁpropertyInterpolate7, ╔Á╔ÁpropertyInterpolate8, ╔Á╔ÁpropertyInterpolateV, ╔Á╔ÁpureFunction0, ╔Á╔ÁpureFunction1, 
╔Á╔ÁpureFunction2, ╔Á╔ÁpureFunction3, ╔Á╔ÁpureFunction4, ╔Á╔ÁpureFunction5, ╔Á╔ÁpureFunction6, ╔Á╔ÁpureFunction7, 
╔Á╔ÁpureFunction8, ╔Á╔ÁpureFunctionV, ╔Á╔ÁqueryAdvance, ╔Á╔ÁqueryRefresh, ╔Á╔ÁreadContextLet, ╔Á╔Áreference, 
╔Á╔ÁregisterNgModuleType, ╔Á╔Árepeater, ╔Á╔ÁrepeaterCreate, ╔Á╔ÁrepeaterTrackByIdentity, ╔Á╔ÁrepeaterTrackByIndex, 
╔Á╔ÁresetView, ╔Á╔ÁresolveBody, ╔Á╔ÁresolveDocument, ╔Á╔ÁresolveWindow, ╔Á╔ÁrestoreView, ╔Á╔ÁsanitizeHtml, 
╔Á╔ÁsanitizeResourceUrl, ╔Á╔ÁsanitizeScript, ╔Á╔ÁsanitizeStyle, ╔Á╔ÁsanitizeUrl, ╔Á╔ÁsanitizeUrlOrResourceUrl, 
╔Á╔ÁsetComponentScope, ╔Á╔ÁsetNgModuleScope, ╔Á╔ÁstoreLet, ╔Á╔ÁstyleMap, ╔Á╔ÁstyleMapInterpolate1, 
╔Á╔ÁstyleMapInterpolate2, ╔Á╔ÁstyleMapInterpolate3, ╔Á╔ÁstyleMapInterpolate4, ╔Á╔ÁstyleMapInterpolate5, 
╔Á╔ÁstyleMapInterpolate6, ╔Á╔ÁstyleMapInterpolate7, ╔Á╔ÁstyleMapInterpolate8, ╔Á╔ÁstyleMapInterpolateV, ╔Á╔ÁstyleProp, 
╔Á╔ÁstylePropInterpolate1, ╔Á╔ÁstylePropInterpolate2, ╔Á╔ÁstylePropInterpolate3, ╔Á╔ÁstylePropInterpolate4, 
╔Á╔ÁstylePropInterpolate5, ╔Á╔ÁstylePropInterpolate6, ╔Á╔ÁstylePropInterpolate7, ╔Á╔ÁstylePropInterpolate8, 
╔Á╔ÁstylePropInterpolateV, ╔Á╔ÁsyntheticHostListener, ╔Á╔ÁsyntheticHostProperty, ╔Á╔Átemplate, 
╔Á╔ÁtemplateRefExtractor, ╔Á╔Átext, ╔Á╔ÁtextInterpolate, ╔Á╔ÁtextInterpolate1, ╔Á╔ÁtextInterpolate2, 
╔Á╔ÁtextInterpolate3, ╔Á╔ÁtextInterpolate4, ╔Á╔ÁtextInterpolate5, ╔Á╔ÁtextInterpolate6, ╔Á╔ÁtextInterpolate7, 
╔Á╔ÁtextInterpolate8, ╔Á╔ÁtextInterpolateV, ╔Á╔ÁtrustConstantHtml, ╔Á╔ÁtrustConstantResourceUrl, ╔Á╔ÁtwoWayBindingSet, 
╔Á╔ÁtwoWayListener, ╔Á╔ÁtwoWayProperty, ╔Á╔ÁvalidateIframeAttribute, ╔Á╔ÁviewQuery, ╔Á╔ÁviewQuerySignal)

../node_modules/@angular/forms/fesm2022/forms.mjs:3772:18-38 - Error: export '╔Á╔ÁInputFlags' (imported as 'i0') was 
not found in '@angular/core' (possible exports: ANIMATION_MODULE_TYPE, APP_BOOTSTRAP_LISTENER, APP_ID, 
APP_INITIALIZER, AfterRenderPhase, ApplicationInitStatus, ApplicationModule, ApplicationRef, Attribute, 
COMPILER_OPTIONS, CSP_NONCE, CUSTOM_ELEMENTS_SCHEMA, ChangeDetectionStrategy, ChangeDetectorRef, Compiler, 
CompilerFactory, Component, ComponentFactory, ComponentFactoryResolver, ComponentRef, ContentChild, ContentChildren, 
DEFAULT_CURRENCY_CODE, DebugElement, DebugEventListener, DebugNode, DefaultIterableDiffer, DestroyRef, Directive, 
ENVIRONMENT_INITIALIZER, ElementRef, EmbeddedViewRef, EnvironmentInjector, ErrorHandler, EventEmitter, 
ExperimentalPendingTasks, HOST_TAG_NAME, Host, HostAttributeToken, HostBinding, HostListener, INJECTOR, Inject, 
InjectFlags, Injectable, InjectionToken, Injector, Input, IterableDiffers, KeyValueDiffers, LOCALE_ID, 
MissingTranslationStrategy, ModuleWithComponentFactories, NO_ERRORS_SCHEMA, NgModule, NgModuleFactory, NgModuleRef, 
NgProbeToken, NgZone, Optional, Output, OutputEmitterRef, PACKAGE_ROOT_URL, PLATFORM_ID, PLATFORM_INITIALIZER, Pipe, 
PlatformRef, Query, QueryList, Renderer2, RendererFactory2, RendererStyleFlags2, Sanitizer, SecurityContext, Self, 
SimpleChange, SkipSelf, TRANSLATIONS, TRANSLATIONS_FORMAT, TemplateRef, Testability, TestabilityRegistry, 
TransferState, Type, VERSION, Version, ViewChild, ViewChildren, ViewContainerRef, ViewEncapsulation, ViewRef, 
afterNextRender, afterRender, asNativeElements, assertInInjectionContext, assertNotInReactiveContext, assertPlatform, 
booleanAttribute, computed, contentChild, contentChildren, createComponent, createEnvironmentInjector, createNgModule, 
createNgModuleRef, createPlatform, createPlatformFactory, defineInjectable, destroyPlatform, effect, enableProdMode, 
forwardRef, getDebugNode, getModuleFactory, getNgModuleById, getPlatform, importProvidersFrom, inject, input, 
isDevMode, isSignal, isStandalone, makeEnvironmentProviders, makeStateKey, mergeApplicationConfig, model, 
numberAttribute, output, platformCore, provideExperimentalCheckNoChangesForDebug, 
provideExperimentalZonelessChangeDetection, provideZoneChangeDetection, reflectComponentType, resolveForwardRef, 
runInInjectionContext, setTestabilityGetter, signal, untracked, viewChild, viewChildren, ╔ÁALLOW_MULTIPLE_PLATFORMS, 
╔ÁAfterRenderManager, ╔ÁCONTAINER_HEADER_OFFSET, ╔ÁChangeDetectionScheduler, ╔ÁChangeDetectionSchedulerImpl, 
╔ÁComponentFactory, ╔ÁConsole, ╔ÁDEFAULT_LOCALE_ID, ╔ÁDEFER_BLOCK_CONFIG, ╔ÁDEFER_BLOCK_DEPENDENCY_INTERCEPTOR, 
╔ÁDeferBlockBehavior, ╔ÁDeferBlockState, ╔ÁEffectScheduler, ╔ÁIMAGE_CONFIG, ╔ÁIMAGE_CONFIG_DEFAULTS, ╔ÁINJECTOR_SCOPE, 
╔ÁINPUT_SIGNAL_BRAND_WRITE_TYPE, ╔ÁINTERNAL_APPLICATION_ERROR_HANDLER, ╔ÁIS_HYDRATION_DOM_REUSE_ENABLED, 
╔ÁJSACTION_EVENT_CONTRACT, ╔ÁLContext, ╔ÁLifecycleHooksFeature, ╔ÁLocaleDataIndex, ╔ÁNG_COMP_DEF, ╔ÁNG_DIR_DEF, 
╔ÁNG_ELEMENT_ID, ╔ÁNG_INJ_DEF, ╔ÁNG_MOD_DEF, ╔ÁNG_PIPE_DEF, ╔ÁNG_PROV_DEF, ╔ÁNOT_FOUND_CHECK_ONLY_ELEMENT_INJECTOR, 
╔ÁNO_CHANGE, ╔ÁNgModuleFactory, ╔ÁNoopNgZone, ╔ÁPROVIDED_NG_ZONE, ╔ÁPendingTasks, ╔ÁReflectionCapabilities, 
╔ÁRender3ComponentFactory, ╔ÁRender3ComponentRef, ╔ÁRender3NgModuleRef, ╔ÁRuntimeError, ╔ÁSIGNAL, 
╔ÁSSR_CONTENT_INTEGRITY_MARKER, ╔ÁTESTABILITY, ╔ÁTESTABILITY_GETTER, ╔ÁUSE_RUNTIME_DEPS_TRACKER_FOR_JIT, ╔ÁViewRef, 
╔ÁXSS_SECURITY_URL, ╔ÁZONELESS_ENABLED, ╔Á_sanitizeHtml, ╔Á_sanitizeUrl, ╔ÁallowSanitizationBypassAndThrow, 
╔ÁannotateForHydration, ╔ÁbypassSanitizationTrustHtml, ╔ÁbypassSanitizationTrustResourceUrl, 
╔ÁbypassSanitizationTrustScript, ╔ÁbypassSanitizationTrustStyle, ╔ÁbypassSanitizationTrustUrl, 
╔ÁclearResolutionOfComponentResourcesQueue, ╔ÁcompileComponent, ╔ÁcompileDirective, ╔ÁcompileNgModule, 
╔ÁcompileNgModuleDefs, ╔ÁcompileNgModuleFactory, ╔ÁcompilePipe, ╔ÁconvertToBitFlags, ╔ÁcreateInjector, 
╔ÁdefaultIterableDiffers, ╔ÁdefaultKeyValueDiffers, ╔ÁdepsTracker, ╔ÁdetectChangesInViewIfRequired, ╔ÁdevModeEqual, 
╔ÁfindLocaleData, ╔ÁflushModuleScopingQueueAsMuchAsPossible, ╔ÁformatRuntimeError, 
╔ÁgenerateStandaloneInDeclarationsError, ╔ÁgetAsyncClassMetadataFn, ╔ÁgetDebugNode, ╔ÁgetDeferBlocks, ╔ÁgetDirectives, 
╔ÁgetHostElement, ╔ÁgetInjectableDef, ╔ÁgetLContext, ╔ÁgetLocaleCurrencyCode, ╔ÁgetLocalePluralCase, 
╔ÁgetOutputDestroyRef, ╔ÁgetSanitizationBypassType, ╔ÁgetUnknownElementStrictMode, ╔ÁgetUnknownPropertyStrictMode, 
╔Áglobal, ╔ÁinjectChangeDetectorRef, ╔ÁinternalCreateApplication, ╔ÁinternalProvideZoneChangeDetection, 
╔ÁisBoundToModule, ╔ÁisComponentDefPendingResolution, ╔ÁisEnvironmentProviders, ╔ÁisInjectable, ╔ÁisNgModule, 
╔ÁisPromise, ╔ÁisSubscribable, ╔ÁnoSideEffects, ╔ÁpatchComponentDefWithScope, ╔ÁperformanceMarkFeature, 
╔ÁreadHydrationInfo, ╔ÁregisterLocaleData, ╔ÁrenderDeferBlockState, ╔ÁresetCompiledComponents, ╔ÁresetJitOptions, 
╔ÁresolveComponentResources, ╔ÁrestoreComponentResolutionQueue, ╔ÁsetAllowDuplicateNgModuleIdsForTest, 
╔ÁsetAlternateWeakRefImpl, ╔ÁsetClassDebugInfo, ╔ÁsetClassMetadata, ╔ÁsetClassMetadataAsync, ╔ÁsetCurrentInjector, 
╔ÁsetDocument, ╔ÁsetInjectorProfilerContext, ╔ÁsetLocaleId, ╔ÁsetUnknownElementStrictMode, 
╔ÁsetUnknownPropertyStrictMode, ╔Ástore, ╔Ástringify, ╔ÁtransitiveScopesFor, ╔ÁtriggerResourceLoading, 
╔ÁtruncateMiddle, ╔ÁunregisterLocaleData, ╔ÁunwrapSafeValue, ╔ÁunwrapWritableSignal, ╔ÁwhenStable, ╔ÁwithDomHydration, 
╔ÁwithEventReplay, ╔ÁwithI18nSupport, ╔Á╔ÁCopyDefinitionFeature, ╔Á╔ÁFactoryTarget, ╔Á╔ÁHostDirectivesFeature, 
╔Á╔ÁInheritDefinitionFeature, ╔Á╔ÁInputTransformsFeature, ╔Á╔ÁNgOnChangesFeature, ╔Á╔ÁProvidersFeature, 
╔Á╔ÁStandaloneFeature, ╔Á╔Áadvance, ╔Á╔Áattribute, ╔Á╔ÁattributeInterpolate1, ╔Á╔ÁattributeInterpolate2, 
╔Á╔ÁattributeInterpolate3, ╔Á╔ÁattributeInterpolate4, ╔Á╔ÁattributeInterpolate5, ╔Á╔ÁattributeInterpolate6, 
╔Á╔ÁattributeInterpolate7, ╔Á╔ÁattributeInterpolate8, ╔Á╔ÁattributeInterpolateV, ╔Á╔ÁclassMap, 
╔Á╔ÁclassMapInterpolate1, ╔Á╔ÁclassMapInterpolate2, ╔Á╔ÁclassMapInterpolate3, ╔Á╔ÁclassMapInterpolate4, 
╔Á╔ÁclassMapInterpolate5, ╔Á╔ÁclassMapInterpolate6, ╔Á╔ÁclassMapInterpolate7, ╔Á╔ÁclassMapInterpolate8, 
╔Á╔ÁclassMapInterpolateV, ╔Á╔ÁclassProp, ╔Á╔ÁcomponentInstance, ╔Á╔Áconditional, ╔Á╔ÁcontentQuery, 
╔Á╔ÁcontentQuerySignal, ╔Á╔ÁdeclareLet, ╔Á╔Ádefer, ╔Á╔ÁdeferEnableTimerScheduling, ╔Á╔ÁdeferOnHover, ╔Á╔ÁdeferOnIdle, 
╔Á╔ÁdeferOnImmediate, ╔Á╔ÁdeferOnInteraction, ╔Á╔ÁdeferOnTimer, ╔Á╔ÁdeferOnViewport, ╔Á╔ÁdeferPrefetchOnHover, 
╔Á╔ÁdeferPrefetchOnIdle, ╔Á╔ÁdeferPrefetchOnImmediate, ╔Á╔ÁdeferPrefetchOnInteraction, ╔Á╔ÁdeferPrefetchOnTimer, 
╔Á╔ÁdeferPrefetchOnViewport, ╔Á╔ÁdeferPrefetchWhen, ╔Á╔ÁdeferWhen, ╔Á╔ÁdefineComponent, ╔Á╔ÁdefineDirective, 
╔Á╔ÁdefineInjectable, ╔Á╔ÁdefineInjector, ╔Á╔ÁdefineNgModule, ╔Á╔ÁdefinePipe, ╔Á╔ÁdirectiveInject, 
╔Á╔ÁdisableBindings, ╔Á╔Áelement, ╔Á╔ÁelementContainer, ╔Á╔ÁelementContainerEnd, ╔Á╔ÁelementContainerStart, 
╔Á╔ÁelementEnd, ╔Á╔ÁelementStart, ╔Á╔ÁenableBindings, ╔Á╔ÁgetComponentDepsFactory, ╔Á╔ÁgetCurrentView, 
╔Á╔ÁgetInheritedFactory, ╔Á╔ÁhostProperty, ╔Á╔Ái18n, ╔Á╔Ái18nApply, ╔Á╔Ái18nAttributes, ╔Á╔Ái18nEnd, ╔Á╔Ái18nExp, 
╔Á╔Ái18nPostprocess, ╔Á╔Ái18nStart, ╔Á╔Áinject, ╔Á╔ÁinjectAttribute, ╔Á╔ÁinvalidFactory, ╔Á╔ÁinvalidFactoryDep, 
╔Á╔Álistener, ╔Á╔ÁloadQuery, ╔Á╔ÁnamespaceHTML, ╔Á╔ÁnamespaceMathML, ╔Á╔ÁnamespaceSVG, ╔Á╔ÁnextContext, 
╔Á╔ÁngDeclareClassMetadata, ╔Á╔ÁngDeclareClassMetadataAsync, ╔Á╔ÁngDeclareComponent, ╔Á╔ÁngDeclareDirective, 
╔Á╔ÁngDeclareFactory, ╔Á╔ÁngDeclareInjectable, ╔Á╔ÁngDeclareInjector, ╔Á╔ÁngDeclareNgModule, ╔Á╔ÁngDeclarePipe, 
╔Á╔Ápipe, ╔Á╔ÁpipeBind1, ╔Á╔ÁpipeBind2, ╔Á╔ÁpipeBind3, ╔Á╔ÁpipeBind4, ╔Á╔ÁpipeBindV, ╔Á╔Áprojection, 
╔Á╔ÁprojectionDef, ╔Á╔Áproperty, ╔Á╔ÁpropertyInterpolate, ╔Á╔ÁpropertyInterpolate1, ╔Á╔ÁpropertyInterpolate2, 
╔Á╔ÁpropertyInterpolate3, ╔Á╔ÁpropertyInterpolate4, ╔Á╔ÁpropertyInterpolate5, ╔Á╔ÁpropertyInterpolate6, 
╔Á╔ÁpropertyInterpolate7, ╔Á╔ÁpropertyInterpolate8, ╔Á╔ÁpropertyInterpolateV, ╔Á╔ÁpureFunction0, ╔Á╔ÁpureFunction1, 
╔Á╔ÁpureFunction2, ╔Á╔ÁpureFunction3, ╔Á╔ÁpureFunction4, ╔Á╔ÁpureFunction5, ╔Á╔ÁpureFunction6, ╔Á╔ÁpureFunction7, 
╔Á╔ÁpureFunction8, ╔Á╔ÁpureFunctionV, ╔Á╔ÁqueryAdvance, ╔Á╔ÁqueryRefresh, ╔Á╔ÁreadContextLet, ╔Á╔Áreference, 
╔Á╔ÁregisterNgModuleType, ╔Á╔Árepeater, ╔Á╔ÁrepeaterCreate, ╔Á╔ÁrepeaterTrackByIdentity, ╔Á╔ÁrepeaterTrackByIndex, 
╔Á╔ÁresetView, ╔Á╔ÁresolveBody, ╔Á╔ÁresolveDocument, ╔Á╔ÁresolveWindow, ╔Á╔ÁrestoreView, ╔Á╔ÁsanitizeHtml, 
╔Á╔ÁsanitizeResourceUrl, ╔Á╔ÁsanitizeScript, ╔Á╔ÁsanitizeStyle, ╔Á╔ÁsanitizeUrl, ╔Á╔ÁsanitizeUrlOrResourceUrl, 
╔Á╔ÁsetComponentScope, ╔Á╔ÁsetNgModuleScope, ╔Á╔ÁstoreLet, ╔Á╔ÁstyleMap, ╔Á╔ÁstyleMapInterpolate1, 
╔Á╔ÁstyleMapInterpolate2, ╔Á╔ÁstyleMapInterpolate3, ╔Á╔ÁstyleMapInterpolate4, ╔Á╔ÁstyleMapInterpolate5, 
╔Á╔ÁstyleMapInterpolate6, ╔Á╔ÁstyleMapInterpolate7, ╔Á╔ÁstyleMapInterpolate8, ╔Á╔ÁstyleMapInterpolateV, ╔Á╔ÁstyleProp, 
╔Á╔ÁstylePropInterpolate1, ╔Á╔ÁstylePropInterpolate2, ╔Á╔ÁstylePropInterpolate3, ╔Á╔ÁstylePropInterpolate4, 
╔Á╔ÁstylePropInterpolate5, ╔Á╔ÁstylePropInterpolate6, ╔Á╔ÁstylePropInterpolate7, ╔Á╔ÁstylePropInterpolate8, 
╔Á╔ÁstylePropInterpolateV, ╔Á╔ÁsyntheticHostListener, ╔Á╔ÁsyntheticHostProperty, ╔Á╔Átemplate, 
╔Á╔ÁtemplateRefExtractor, ╔Á╔Átext, ╔Á╔ÁtextInterpolate, ╔Á╔ÁtextInterpolate1, ╔Á╔ÁtextInterpolate2, 
╔Á╔ÁtextInterpolate3, ╔Á╔ÁtextInterpolate4, ╔Á╔ÁtextInterpolate5, ╔Á╔ÁtextInterpolate6, ╔Á╔ÁtextInterpolate7, 
╔Á╔ÁtextInterpolate8, ╔Á╔ÁtextInterpolateV, ╔Á╔ÁtrustConstantHtml, ╔Á╔ÁtrustConstantResourceUrl, ╔Á╔ÁtwoWayBindingSet, 
╔Á╔ÁtwoWayListener, ╔Á╔ÁtwoWayProperty, ╔Á╔ÁvalidateIframeAttribute, ╔Á╔ÁviewQuery, ╔Á╔ÁviewQuerySignal)

../node_modules/@angular/forms/fesm2022/forms.mjs:4115:15-35 - Error: export '╔Á╔ÁInputFlags' (imported as 'i0') was 
not found in '@angular/core' (possible exports: ANIMATION_MODULE_TYPE, APP_BOOTSTRAP_LISTENER, APP_ID, 
APP_INITIALIZER, AfterRenderPhase, ApplicationInitStatus, ApplicationModule, ApplicationRef, Attribute, 
COMPILER_OPTIONS, CSP_NONCE, CUSTOM_ELEMENTS_SCHEMA, ChangeDetectionStrategy, ChangeDetectorRef, Compiler, 
CompilerFactory, Component, ComponentFactory, ComponentFactoryResolver, ComponentRef, ContentChild, ContentChildren, 
DEFAULT_CURRENCY_CODE, DebugElement, DebugEventListener, DebugNode, DefaultIterableDiffer, DestroyRef, Directive, 
ENVIRONMENT_INITIALIZER, ElementRef, EmbeddedViewRef, EnvironmentInjector, ErrorHandler, EventEmitter, 
ExperimentalPendingTasks, HOST_TAG_NAME, Host, HostAttributeToken, HostBinding, HostListener, INJECTOR, Inject, 
InjectFlags, Injectable, InjectionToken, Injector, Input, IterableDiffers, KeyValueDiffers, LOCALE_ID, 
MissingTranslationStrategy, ModuleWithComponentFactories, NO_ERRORS_SCHEMA, NgModule, NgModuleFactory, NgModuleRef, 
NgProbeToken, NgZone, Optional, Output, OutputEmitterRef, PACKAGE_ROOT_URL, PLATFORM_ID, PLATFORM_INITIALIZER, Pipe, 
PlatformRef, Query, QueryList, Renderer2, RendererFactory2, RendererStyleFlags2, Sanitizer, SecurityContext, Self, 
SimpleChange, SkipSelf, TRANSLATIONS, TRANSLATIONS_FORMAT, TemplateRef, Testability, TestabilityRegistry, 
TransferState, Type, VERSION, Version, ViewChild, ViewChildren, ViewContainerRef, ViewEncapsulation, ViewRef, 
afterNextRender, afterRender, asNativeElements, assertInInjectionContext, assertNotInReactiveContext, assertPlatform, 
booleanAttribute, computed, contentChild, contentChildren, createComponent, createEnvironmentInjector, createNgModule, 
createNgModuleRef, createPlatform, createPlatformFactory, defineInjectable, destroyPlatform, effect, enableProdMode, 
forwardRef, getDebugNode, getModuleFactory, getNgModuleById, getPlatform, importProvidersFrom, inject, input, 
isDevMode, isSignal, isStandalone, makeEnvironmentProviders, makeStateKey, mergeApplicationConfig, model, 
numberAttribute, output, platformCore, provideExperimentalCheckNoChangesForDebug, 
provideExperimentalZonelessChangeDetection, provideZoneChangeDetection, reflectComponentType, resolveForwardRef, 
runInInjectionContext, setTestabilityGetter, signal, untracked, viewChild, viewChildren, ╔ÁALLOW_MULTIPLE_PLATFORMS, 
╔ÁAfterRenderManager, ╔ÁCONTAINER_HEADER_OFFSET, ╔ÁChangeDetectionScheduler, ╔ÁChangeDetectionSchedulerImpl, 
╔ÁComponentFactory, ╔ÁConsole, ╔ÁDEFAULT_LOCALE_ID, ╔ÁDEFER_BLOCK_CONFIG, ╔ÁDEFER_BLOCK_DEPENDENCY_INTERCEPTOR, 
╔ÁDeferBlockBehavior, ╔ÁDeferBlockState, ╔ÁEffectScheduler, ╔ÁIMAGE_CONFIG, ╔ÁIMAGE_CONFIG_DEFAULTS, ╔ÁINJECTOR_SCOPE, 
╔ÁINPUT_SIGNAL_BRAND_WRITE_TYPE, ╔ÁINTERNAL_APPLICATION_ERROR_HANDLER, ╔ÁIS_HYDRATION_DOM_REUSE_ENABLED, 
╔ÁJSACTION_EVENT_CONTRACT, ╔ÁLContext, ╔ÁLifecycleHooksFeature, ╔ÁLocaleDataIndex, ╔ÁNG_COMP_DEF, ╔ÁNG_DIR_DEF, 
╔ÁNG_ELEMENT_ID, ╔ÁNG_INJ_DEF, ╔ÁNG_MOD_DEF, ╔ÁNG_PIPE_DEF, ╔ÁNG_PROV_DEF, ╔ÁNOT_FOUND_CHECK_ONLY_ELEMENT_INJECTOR, 
╔ÁNO_CHANGE, ╔ÁNgModuleFactory, ╔ÁNoopNgZone, ╔ÁPROVIDED_NG_ZONE, ╔ÁPendingTasks, ╔ÁReflectionCapabilities, 
╔ÁRender3ComponentFactory, ╔ÁRender3ComponentRef, ╔ÁRender3NgModuleRef, ╔ÁRuntimeError, ╔ÁSIGNAL, 
╔ÁSSR_CONTENT_INTEGRITY_MARKER, ╔ÁTESTABILITY, ╔ÁTESTABILITY_GETTER, ╔ÁUSE_RUNTIME_DEPS_TRACKER_FOR_JIT, ╔ÁViewRef, 
╔ÁXSS_SECURITY_URL, ╔ÁZONELESS_ENABLED, ╔Á_sanitizeHtml, ╔Á_sanitizeUrl, ╔ÁallowSanitizationBypassAndThrow, 
╔ÁannotateForHydration, ╔ÁbypassSanitizationTrustHtml, ╔ÁbypassSanitizationTrustResourceUrl, 
╔ÁbypassSanitizationTrustScript, ╔ÁbypassSanitizationTrustStyle, ╔ÁbypassSanitizationTrustUrl, 
╔ÁclearResolutionOfComponentResourcesQueue, ╔ÁcompileComponent, ╔ÁcompileDirective, ╔ÁcompileNgModule, 
╔ÁcompileNgModuleDefs, ╔ÁcompileNgModuleFactory, ╔ÁcompilePipe, ╔ÁconvertToBitFlags, ╔ÁcreateInjector, 
╔ÁdefaultIterableDiffers, ╔ÁdefaultKeyValueDiffers, ╔ÁdepsTracker, ╔ÁdetectChangesInViewIfRequired, ╔ÁdevModeEqual, 
╔ÁfindLocaleData, ╔ÁflushModuleScopingQueueAsMuchAsPossible, ╔ÁformatRuntimeError, 
╔ÁgenerateStandaloneInDeclarationsError, ╔ÁgetAsyncClassMetadataFn, ╔ÁgetDebugNode, ╔ÁgetDeferBlocks, ╔ÁgetDirectives, 
╔ÁgetHostElement, ╔ÁgetInjectableDef, ╔ÁgetLContext, ╔ÁgetLocaleCurrencyCode, ╔ÁgetLocalePluralCase, 
╔ÁgetOutputDestroyRef, ╔ÁgetSanitizationBypassType, ╔ÁgetUnknownElementStrictMode, ╔ÁgetUnknownPropertyStrictMode, 
╔Áglobal, ╔ÁinjectChangeDetectorRef, ╔ÁinternalCreateApplication, ╔ÁinternalProvideZoneChangeDetection, 
╔ÁisBoundToModule, ╔ÁisComponentDefPendingResolution, ╔ÁisEnvironmentProviders, ╔ÁisInjectable, ╔ÁisNgModule, 
╔ÁisPromise, ╔ÁisSubscribable, ╔ÁnoSideEffects, ╔ÁpatchComponentDefWithScope, ╔ÁperformanceMarkFeature, 
╔ÁreadHydrationInfo, ╔ÁregisterLocaleData, ╔ÁrenderDeferBlockState, ╔ÁresetCompiledComponents, ╔ÁresetJitOptions, 
╔ÁresolveComponentResources, ╔ÁrestoreComponentResolutionQueue, ╔ÁsetAllowDuplicateNgModuleIdsForTest, 
╔ÁsetAlternateWeakRefImpl, ╔ÁsetClassDebugInfo, ╔ÁsetClassMetadata, ╔ÁsetClassMetadataAsync, ╔ÁsetCurrentInjector, 
╔ÁsetDocument, ╔ÁsetInjectorProfilerContext, ╔ÁsetLocaleId, ╔ÁsetUnknownElementStrictMode, 
╔ÁsetUnknownPropertyStrictMode, ╔Ástore, ╔Ástringify, ╔ÁtransitiveScopesFor, ╔ÁtriggerResourceLoading, 
╔ÁtruncateMiddle, ╔ÁunregisterLocaleData, ╔ÁunwrapSafeValue, ╔ÁunwrapWritableSignal, ╔ÁwhenStable, ╔ÁwithDomHydration, 
╔ÁwithEventReplay, ╔ÁwithI18nSupport, ╔Á╔ÁCopyDefinitionFeature, ╔Á╔ÁFactoryTarget, ╔Á╔ÁHostDirectivesFeature, 
╔Á╔ÁInheritDefinitionFeature, ╔Á╔ÁInputTransformsFeature, ╔Á╔ÁNgOnChangesFeature, ╔Á╔ÁProvidersFeature, 
╔Á╔ÁStandaloneFeature, ╔Á╔Áadvance, ╔Á╔Áattribute, ╔Á╔ÁattributeInterpolate1, ╔Á╔ÁattributeInterpolate2, 
╔Á╔ÁattributeInterpolate3, ╔Á╔ÁattributeInterpolate4, ╔Á╔ÁattributeInterpolate5, ╔Á╔ÁattributeInterpolate6, 
╔Á╔ÁattributeInterpolate7, ╔Á╔ÁattributeInterpolate8, ╔Á╔ÁattributeInterpolateV, ╔Á╔ÁclassMap, 
╔Á╔ÁclassMapInterpolate1, ╔Á╔ÁclassMapInterpolate2, ╔Á╔ÁclassMapInterpolate3, ╔Á╔ÁclassMapInterpolate4, 
╔Á╔ÁclassMapInterpolate5, ╔Á╔ÁclassMapInterpolate6, ╔Á╔ÁclassMapInterpolate7, ╔Á╔ÁclassMapInterpolate8, 
╔Á╔ÁclassMapInterpolateV, ╔Á╔ÁclassProp, ╔Á╔ÁcomponentInstance, ╔Á╔Áconditional, ╔Á╔ÁcontentQuery, 
╔Á╔ÁcontentQuerySignal, ╔Á╔ÁdeclareLet, ╔Á╔Ádefer, ╔Á╔ÁdeferEnableTimerScheduling, ╔Á╔ÁdeferOnHover, ╔Á╔ÁdeferOnIdle, 
╔Á╔ÁdeferOnImmediate, ╔Á╔ÁdeferOnInteraction, ╔Á╔ÁdeferOnTimer, ╔Á╔ÁdeferOnViewport, ╔Á╔ÁdeferPrefetchOnHover, 
╔Á╔ÁdeferPrefetchOnIdle, ╔Á╔ÁdeferPrefetchOnImmediate, ╔Á╔ÁdeferPrefetchOnInteraction, ╔Á╔ÁdeferPrefetchOnTimer, 
╔Á╔ÁdeferPrefetchOnViewport, ╔Á╔ÁdeferPrefetchWhen, ╔Á╔ÁdeferWhen, ╔Á╔ÁdefineComponent, ╔Á╔ÁdefineDirective, 
╔Á╔ÁdefineInjectable, ╔Á╔ÁdefineInjector, ╔Á╔ÁdefineNgModule, ╔Á╔ÁdefinePipe, ╔Á╔ÁdirectiveInject, 
╔Á╔ÁdisableBindings, ╔Á╔Áelement, ╔Á╔ÁelementContainer, ╔Á╔ÁelementContainerEnd, ╔Á╔ÁelementContainerStart, 
╔Á╔ÁelementEnd, ╔Á╔ÁelementStart, ╔Á╔ÁenableBindings, ╔Á╔ÁgetComponentDepsFactory, ╔Á╔ÁgetCurrentView, 
╔Á╔ÁgetInheritedFactory, ╔Á╔ÁhostProperty, ╔Á╔Ái18n, ╔Á╔Ái18nApply, ╔Á╔Ái18nAttributes, ╔Á╔Ái18nEnd, ╔Á╔Ái18nExp, 
╔Á╔Ái18nPostprocess, ╔Á╔Ái18nStart, ╔Á╔Áinject, ╔Á╔ÁinjectAttribute, ╔Á╔ÁinvalidFactory, ╔Á╔ÁinvalidFactoryDep, 
╔Á╔Álistener, ╔Á╔ÁloadQuery, ╔Á╔ÁnamespaceHTML, ╔Á╔ÁnamespaceMathML, ╔Á╔ÁnamespaceSVG, ╔Á╔ÁnextContext, 
╔Á╔ÁngDeclareClassMetadata, ╔Á╔ÁngDeclareClassMetadataAsync, ╔Á╔ÁngDeclareComponent, ╔Á╔ÁngDeclareDirective, 
╔Á╔ÁngDeclareFactory, ╔Á╔ÁngDeclareInjectable, ╔Á╔ÁngDeclareInjector, ╔Á╔ÁngDeclareNgModule, ╔Á╔ÁngDeclarePipe, 
╔Á╔Ápipe, ╔Á╔ÁpipeBind1, ╔Á╔ÁpipeBind2, ╔Á╔ÁpipeBind3, ╔Á╔ÁpipeBind4, ╔Á╔ÁpipeBindV, ╔Á╔Áprojection, 
╔Á╔ÁprojectionDef, ╔Á╔Áproperty, ╔Á╔ÁpropertyInterpolate, ╔Á╔ÁpropertyInterpolate1, ╔Á╔ÁpropertyInterpolate2, 
╔Á╔ÁpropertyInterpolate3, ╔Á╔ÁpropertyInterpolate4, ╔Á╔ÁpropertyInterpolate5, ╔Á╔ÁpropertyInterpolate6, 
╔Á╔ÁpropertyInterpolate7, ╔Á╔ÁpropertyInterpolate8, ╔Á╔ÁpropertyInterpolateV, ╔Á╔ÁpureFunction0, ╔Á╔ÁpureFunction1, 
╔Á╔ÁpureFunction2, ╔Á╔ÁpureFunction3, ╔Á╔ÁpureFunction4, ╔Á╔ÁpureFunction5, ╔Á╔ÁpureFunction6, ╔Á╔ÁpureFunction7, 
╔Á╔ÁpureFunction8, ╔Á╔ÁpureFunctionV, ╔Á╔ÁqueryAdvance, ╔Á╔ÁqueryRefresh, ╔Á╔ÁreadContextLet, ╔Á╔Áreference, 
╔Á╔ÁregisterNgModuleType, ╔Á╔Árepeater, ╔Á╔ÁrepeaterCreate, ╔Á╔ÁrepeaterTrackByIdentity, ╔Á╔ÁrepeaterTrackByIndex, 
╔Á╔ÁresetView, ╔Á╔ÁresolveBody, ╔Á╔ÁresolveDocument, ╔Á╔ÁresolveWindow, ╔Á╔ÁrestoreView, ╔Á╔ÁsanitizeHtml, 
╔Á╔ÁsanitizeResourceUrl, ╔Á╔ÁsanitizeScript, ╔Á╔ÁsanitizeStyle, ╔Á╔ÁsanitizeUrl, ╔Á╔ÁsanitizeUrlOrResourceUrl, 
╔Á╔ÁsetComponentScope, ╔Á╔ÁsetNgModuleScope, ╔Á╔ÁstoreLet, ╔Á╔ÁstyleMap, ╔Á╔ÁstyleMapInterpolate1, 
╔Á╔ÁstyleMapInterpolate2, ╔Á╔ÁstyleMapInterpolate3, ╔Á╔ÁstyleMapInterpolate4, ╔Á╔ÁstyleMapInterpolate5, 
╔Á╔ÁstyleMapInterpolate6, ╔Á╔ÁstyleMapInterpolate7, ╔Á╔ÁstyleMapInterpolate8, ╔Á╔ÁstyleMapInterpolateV, ╔Á╔ÁstyleProp, 
╔Á╔ÁstylePropInterpolate1, ╔Á╔ÁstylePropInterpolate2, ╔Á╔ÁstylePropInterpolate3, ╔Á╔ÁstylePropInterpolate4, 
╔Á╔ÁstylePropInterpolate5, ╔Á╔ÁstylePropInterpolate6, ╔Á╔ÁstylePropInterpolate7, ╔Á╔ÁstylePropInterpolate8, 
╔Á╔ÁstylePropInterpolateV, ╔Á╔ÁsyntheticHostListener, ╔Á╔ÁsyntheticHostProperty, ╔Á╔Átemplate, 
╔Á╔ÁtemplateRefExtractor, ╔Á╔Átext, ╔Á╔ÁtextInterpolate, ╔Á╔ÁtextInterpolate1, ╔Á╔ÁtextInterpolate2, 
╔Á╔ÁtextInterpolate3, ╔Á╔ÁtextInterpolate4, ╔Á╔ÁtextInterpolate5, ╔Á╔ÁtextInterpolate6, ╔Á╔ÁtextInterpolate7, 
╔Á╔ÁtextInterpolate8, ╔Á╔ÁtextInterpolateV, ╔Á╔ÁtrustConstantHtml, ╔Á╔ÁtrustConstantResourceUrl, ╔Á╔ÁtwoWayBindingSet, 
╔Á╔ÁtwoWayListener, ╔Á╔ÁtwoWayProperty, ╔Á╔ÁvalidateIframeAttribute, ╔Á╔ÁviewQuery, ╔Á╔ÁviewQuerySignal)

../node_modules/@angular/forms/fesm2022/forms.mjs:4428:21-41 - Error: export '╔Á╔ÁInputFlags' (imported as 'i0') was 
not found in '@angular/core' (possible exports: ANIMATION_MODULE_TYPE, APP_BOOTSTRAP_LISTENER, APP_ID, 
APP_INITIALIZER, AfterRenderPhase, ApplicationInitStatus, ApplicationModule, ApplicationRef, Attribute, 
COMPILER_OPTIONS, CSP_NONCE, CUSTOM_ELEMENTS_SCHEMA, ChangeDetectionStrategy, ChangeDetectorRef, Compiler, 
CompilerFactory, Component, ComponentFactory, ComponentFactoryResolver, ComponentRef, ContentChild, ContentChildren, 
DEFAULT_CURRENCY_CODE, DebugElement, DebugEventListener, DebugNode, DefaultIterableDiffer, DestroyRef, Directive, 
ENVIRONMENT_INITIALIZER, ElementRef, EmbeddedViewRef, EnvironmentInjector, ErrorHandler, EventEmitter, 
ExperimentalPendingTasks, HOST_TAG_NAME, Host, HostAttributeToken, HostBinding, HostListener, INJECTOR, Inject, 
InjectFlags, Injectable, InjectionToken, Injector, Input, IterableDiffers, KeyValueDiffers, LOCALE_ID, 
MissingTranslationStrategy, ModuleWithComponentFactories, NO_ERRORS_SCHEMA, NgModule, NgModuleFactory, NgModuleRef, 
NgProbeToken, NgZone, Optional, Output, OutputEmitterRef, PACKAGE_ROOT_URL, PLATFORM_ID, PLATFORM_INITIALIZER, Pipe, 
PlatformRef, Query, QueryList, Renderer2, RendererFactory2, RendererStyleFlags2, Sanitizer, SecurityContext, Self, 
SimpleChange, SkipSelf, TRANSLATIONS, TRANSLATIONS_FORMAT, TemplateRef, Testability, TestabilityRegistry, 
TransferState, Type, VERSION, Version, ViewChild, ViewChildren, ViewContainerRef, ViewEncapsulation, ViewRef, 
afterNextRender, afterRender, asNativeElements, assertInInjectionContext, assertNotInReactiveContext, assertPlatform, 
booleanAttribute, computed, contentChild, contentChildren, createComponent, createEnvironmentInjector, createNgModule, 
createNgModuleRef, createPlatform, createPlatformFactory, defineInjectable, destroyPlatform, effect, enableProdMode, 
forwardRef, getDebugNode, getModuleFactory, getNgModuleById, getPlatform, importProvidersFrom, inject, input, 
isDevMode, isSignal, isStandalone, makeEnvironmentProviders, makeStateKey, mergeApplicationConfig, model, 
numberAttribute, output, platformCore, provideExperimentalCheckNoChangesForDebug, 
provideExperimentalZonelessChangeDetection, provideZoneChangeDetection, reflectComponentType, resolveForwardRef, 
runInInjectionContext, setTestabilityGetter, signal, untracked, viewChild, viewChildren, ╔ÁALLOW_MULTIPLE_PLATFORMS, 
╔ÁAfterRenderManager, ╔ÁCONTAINER_HEADER_OFFSET, ╔ÁChangeDetectionScheduler, ╔ÁChangeDetectionSchedulerImpl, 
╔ÁComponentFactory, ╔ÁConsole, ╔ÁDEFAULT_LOCALE_ID, ╔ÁDEFER_BLOCK_CONFIG, ╔ÁDEFER_BLOCK_DEPENDENCY_INTERCEPTOR, 
╔ÁDeferBlockBehavior, ╔ÁDeferBlockState, ╔ÁEffectScheduler, ╔ÁIMAGE_CONFIG, ╔ÁIMAGE_CONFIG_DEFAULTS, ╔ÁINJECTOR_SCOPE, 
╔ÁINPUT_SIGNAL_BRAND_WRITE_TYPE, ╔ÁINTERNAL_APPLICATION_ERROR_HANDLER, ╔ÁIS_HYDRATION_DOM_REUSE_ENABLED, 
╔ÁJSACTION_EVENT_CONTRACT, ╔ÁLContext, ╔ÁLifecycleHooksFeature, ╔ÁLocaleDataIndex, ╔ÁNG_COMP_DEF, ╔ÁNG_DIR_DEF, 
╔ÁNG_ELEMENT_ID, ╔ÁNG_INJ_DEF, ╔ÁNG_MOD_DEF, ╔ÁNG_PIPE_DEF, ╔ÁNG_PROV_DEF, ╔ÁNOT_FOUND_CHECK_ONLY_ELEMENT_INJECTOR, 
╔ÁNO_CHANGE, ╔ÁNgModuleFactory, ╔ÁNoopNgZone, ╔ÁPROVIDED_NG_ZONE, ╔ÁPendingTasks, ╔ÁReflectionCapabilities, 
╔ÁRender3ComponentFactory, ╔ÁRender3ComponentRef, ╔ÁRender3NgModuleRef, ╔ÁRuntimeError, ╔ÁSIGNAL, 
╔ÁSSR_CONTENT_INTEGRITY_MARKER, ╔ÁTESTABILITY, ╔ÁTESTABILITY_GETTER, ╔ÁUSE_RUNTIME_DEPS_TRACKER_FOR_JIT, ╔ÁViewRef, 
╔ÁXSS_SECURITY_URL, ╔ÁZONELESS_ENABLED, ╔Á_sanitizeHtml, ╔Á_sanitizeUrl, ╔ÁallowSanitizationBypassAndThrow, 
╔ÁannotateForHydration, ╔ÁbypassSanitizationTrustHtml, ╔ÁbypassSanitizationTrustResourceUrl, 
╔ÁbypassSanitizationTrustScript, ╔ÁbypassSanitizationTrustStyle, ╔ÁbypassSanitizationTrustUrl, 
╔ÁclearResolutionOfComponentResourcesQueue, ╔ÁcompileComponent, ╔ÁcompileDirective, ╔ÁcompileNgModule, 
╔ÁcompileNgModuleDefs, ╔ÁcompileNgModuleFactory, ╔ÁcompilePipe, ╔ÁconvertToBitFlags, ╔ÁcreateInjector, 
╔ÁdefaultIterableDiffers, ╔ÁdefaultKeyValueDiffers, ╔ÁdepsTracker, ╔ÁdetectChangesInViewIfRequired, ╔ÁdevModeEqual, 
╔ÁfindLocaleData, ╔ÁflushModuleScopingQueueAsMuchAsPossible, ╔ÁformatRuntimeError, 
╔ÁgenerateStandaloneInDeclarationsError, ╔ÁgetAsyncClassMetadataFn, ╔ÁgetDebugNode, ╔ÁgetDeferBlocks, ╔ÁgetDirectives, 
╔ÁgetHostElement, ╔ÁgetInjectableDef, ╔ÁgetLContext, ╔ÁgetLocaleCurrencyCode, ╔ÁgetLocalePluralCase, 
╔ÁgetOutputDestroyRef, ╔ÁgetSanitizationBypassType, ╔ÁgetUnknownElementStrictMode, ╔ÁgetUnknownPropertyStrictMode, 
╔Áglobal, ╔ÁinjectChangeDetectorRef, ╔ÁinternalCreateApplication, ╔ÁinternalProvideZoneChangeDetection, 
╔ÁisBoundToModule, ╔ÁisComponentDefPendingResolution, ╔ÁisEnvironmentProviders, ╔ÁisInjectable, ╔ÁisNgModule, 
╔ÁisPromise, ╔ÁisSubscribable, ╔ÁnoSideEffects, ╔ÁpatchComponentDefWithScope, ╔ÁperformanceMarkFeature, 
╔ÁreadHydrationInfo, ╔ÁregisterLocaleData, ╔ÁrenderDeferBlockState, ╔ÁresetCompiledComponents, ╔ÁresetJitOptions, 
╔ÁresolveComponentResources, ╔ÁrestoreComponentResolutionQueue, ╔ÁsetAllowDuplicateNgModuleIdsForTest, 
╔ÁsetAlternateWeakRefImpl, ╔ÁsetClassDebugInfo, ╔ÁsetClassMetadata, ╔ÁsetClassMetadataAsync, ╔ÁsetCurrentInjector, 
╔ÁsetDocument, ╔ÁsetInjectorProfilerContext, ╔ÁsetLocaleId, ╔ÁsetUnknownElementStrictMode, 
╔ÁsetUnknownPropertyStrictMode, ╔Ástore, ╔Ástringify, ╔ÁtransitiveScopesFor, ╔ÁtriggerResourceLoading, 
╔ÁtruncateMiddle, ╔ÁunregisterLocaleData, ╔ÁunwrapSafeValue, ╔ÁunwrapWritableSignal, ╔ÁwhenStable, ╔ÁwithDomHydration, 
╔ÁwithEventReplay, ╔ÁwithI18nSupport, ╔Á╔ÁCopyDefinitionFeature, ╔Á╔ÁFactoryTarget, ╔Á╔ÁHostDirectivesFeature, 
╔Á╔ÁInheritDefinitionFeature, ╔Á╔ÁInputTransformsFeature, ╔Á╔ÁNgOnChangesFeature, ╔Á╔ÁProvidersFeature, 
╔Á╔ÁStandaloneFeature, ╔Á╔Áadvance, ╔Á╔Áattribute, ╔Á╔ÁattributeInterpolate1, ╔Á╔ÁattributeInterpolate2, 
╔Á╔ÁattributeInterpolate3, ╔Á╔ÁattributeInterpolate4, ╔Á╔ÁattributeInterpolate5, ╔Á╔ÁattributeInterpolate6, 
╔Á╔ÁattributeInterpolate7, ╔Á╔ÁattributeInterpolate8, ╔Á╔ÁattributeInterpolateV, ╔Á╔ÁclassMap, 
╔Á╔ÁclassMapInterpolate1, ╔Á╔ÁclassMapInterpolate2, ╔Á╔ÁclassMapInterpolate3, ╔Á╔ÁclassMapInterpolate4, 
╔Á╔ÁclassMapInterpolate5, ╔Á╔ÁclassMapInterpolate6, ╔Á╔ÁclassMapInterpolate7, ╔Á╔ÁclassMapInterpolate8, 
╔Á╔ÁclassMapInterpolateV, ╔Á╔ÁclassProp, ╔Á╔ÁcomponentInstance, ╔Á╔Áconditional, ╔Á╔ÁcontentQuery, 
╔Á╔ÁcontentQuerySignal, ╔Á╔ÁdeclareLet, ╔Á╔Ádefer, ╔Á╔ÁdeferEnableTimerScheduling, ╔Á╔ÁdeferOnHover, ╔Á╔ÁdeferOnIdle, 
╔Á╔ÁdeferOnImmediate, ╔Á╔ÁdeferOnInteraction, ╔Á╔ÁdeferOnTimer, ╔Á╔ÁdeferOnViewport, ╔Á╔ÁdeferPrefetchOnHover, 
╔Á╔ÁdeferPrefetchOnIdle, ╔Á╔ÁdeferPrefetchOnImmediate, ╔Á╔ÁdeferPrefetchOnInteraction, ╔Á╔ÁdeferPrefetchOnTimer, 
╔Á╔ÁdeferPrefetchOnViewport, ╔Á╔ÁdeferPrefetchWhen, ╔Á╔ÁdeferWhen, ╔Á╔ÁdefineComponent, ╔Á╔ÁdefineDirective, 
╔Á╔ÁdefineInjectable, ╔Á╔ÁdefineInjector, ╔Á╔ÁdefineNgModule, ╔Á╔ÁdefinePipe, ╔Á╔ÁdirectiveInject, 
╔Á╔ÁdisableBindings, ╔Á╔Áelement, ╔Á╔ÁelementContainer, ╔Á╔ÁelementContainerEnd, ╔Á╔ÁelementContainerStart, 
╔Á╔ÁelementEnd, ╔Á╔ÁelementStart, ╔Á╔ÁenableBindings, ╔Á╔ÁgetComponentDepsFactory, ╔Á╔ÁgetCurrentView, 
╔Á╔ÁgetInheritedFactory, ╔Á╔ÁhostProperty, ╔Á╔Ái18n, ╔Á╔Ái18nApply, ╔Á╔Ái18nAttributes, ╔Á╔Ái18nEnd, ╔Á╔Ái18nExp, 
╔Á╔Ái18nPostprocess, ╔Á╔Ái18nStart, ╔Á╔Áinject, ╔Á╔ÁinjectAttribute, ╔Á╔ÁinvalidFactory, ╔Á╔ÁinvalidFactoryDep, 
╔Á╔Álistener, ╔Á╔ÁloadQuery, ╔Á╔ÁnamespaceHTML, ╔Á╔ÁnamespaceMathML, ╔Á╔ÁnamespaceSVG, ╔Á╔ÁnextContext, 
╔Á╔ÁngDeclareClassMetadata, ╔Á╔ÁngDeclareClassMetadataAsync, ╔Á╔ÁngDeclareComponent, ╔Á╔ÁngDeclareDirective, 
╔Á╔ÁngDeclareFactory, ╔Á╔ÁngDeclareInjectable, ╔Á╔ÁngDeclareInjector, ╔Á╔ÁngDeclareNgModule, ╔Á╔ÁngDeclarePipe, 
╔Á╔Ápipe, ╔Á╔ÁpipeBind1, ╔Á╔ÁpipeBind2, ╔Á╔ÁpipeBind3, ╔Á╔ÁpipeBind4, ╔Á╔ÁpipeBindV, ╔Á╔Áprojection, 
╔Á╔ÁprojectionDef, ╔Á╔Áproperty, ╔Á╔ÁpropertyInterpolate, ╔Á╔ÁpropertyInterpolate1, ╔Á╔ÁpropertyInterpolate2, 
╔Á╔ÁpropertyInterpolate3, ╔Á╔ÁpropertyInterpolate4, ╔Á╔ÁpropertyInterpolate5, ╔Á╔ÁpropertyInterpolate6, 
╔Á╔ÁpropertyInterpolate7, ╔Á╔ÁpropertyInterpolate8, ╔Á╔ÁpropertyInterpolateV, ╔Á╔ÁpureFunction0, ╔Á╔ÁpureFunction1, 
╔Á╔ÁpureFunction2, ╔Á╔ÁpureFunction3, ╔Á╔ÁpureFunction4, ╔Á╔ÁpureFunction5, ╔Á╔ÁpureFunction6, ╔Á╔ÁpureFunction7, 
╔Á╔ÁpureFunction8, ╔Á╔ÁpureFunctionV, ╔Á╔ÁqueryAdvance, ╔Á╔ÁqueryRefresh, ╔Á╔ÁreadContextLet, ╔Á╔Áreference, 
╔Á╔ÁregisterNgModuleType, ╔Á╔Árepeater, ╔Á╔ÁrepeaterCreate, ╔Á╔ÁrepeaterTrackByIdentity, ╔Á╔ÁrepeaterTrackByIndex, 
╔Á╔ÁresetView, ╔Á╔ÁresolveBody, ╔Á╔ÁresolveDocument, ╔Á╔ÁresolveWindow, ╔Á╔ÁrestoreView, ╔Á╔ÁsanitizeHtml, 
╔Á╔ÁsanitizeResourceUrl, ╔Á╔ÁsanitizeScript, ╔Á╔ÁsanitizeStyle, ╔Á╔ÁsanitizeUrl, ╔Á╔ÁsanitizeUrlOrResourceUrl, 
╔Á╔ÁsetComponentScope, ╔Á╔ÁsetNgModuleScope, ╔Á╔ÁstoreLet, ╔Á╔ÁstyleMap, ╔Á╔ÁstyleMapInterpolate1, 
╔Á╔ÁstyleMapInterpolate2, ╔Á╔ÁstyleMapInterpolate3, ╔Á╔ÁstyleMapInterpolate4, ╔Á╔ÁstyleMapInterpolate5, 
╔Á╔ÁstyleMapInterpolate6, ╔Á╔ÁstyleMapInterpolate7, ╔Á╔ÁstyleMapInterpolate8, ╔Á╔ÁstyleMapInterpolateV, ╔Á╔ÁstyleProp, 
╔Á╔ÁstylePropInterpolate1, ╔Á╔ÁstylePropInterpolate2, ╔Á╔ÁstylePropInterpolate3, ╔Á╔ÁstylePropInterpolate4, 
╔Á╔ÁstylePropInterpolate5, ╔Á╔ÁstylePropInterpolate6, ╔Á╔ÁstylePropInterpolate7, ╔Á╔ÁstylePropInterpolate8, 
╔Á╔ÁstylePropInterpolateV, ╔Á╔ÁsyntheticHostListener, ╔Á╔ÁsyntheticHostProperty, ╔Á╔Átemplate, 
╔Á╔ÁtemplateRefExtractor, ╔Á╔Átext, ╔Á╔ÁtextInterpolate, ╔Á╔ÁtextInterpolate1, ╔Á╔ÁtextInterpolate2, 
╔Á╔ÁtextInterpolate3, ╔Á╔ÁtextInterpolate4, ╔Á╔ÁtextInterpolate5, ╔Á╔ÁtextInterpolate6, ╔Á╔ÁtextInterpolate7, 
╔Á╔ÁtextInterpolate8, ╔Á╔ÁtextInterpolateV, ╔Á╔ÁtrustConstantHtml, ╔Á╔ÁtrustConstantResourceUrl, ╔Á╔ÁtwoWayBindingSet, 
╔Á╔ÁtwoWayListener, ╔Á╔ÁtwoWayProperty, ╔Á╔ÁvalidateIframeAttribute, ╔Á╔ÁviewQuery, ╔Á╔ÁviewQuerySignal)

../node_modules/@angular/forms/fesm2022/forms.mjs:4429:16-36 - Error: export '╔Á╔ÁInputFlags' (imported as 'i0') was 
not found in '@angular/core' (possible exports: ANIMATION_MODULE_TYPE, APP_BOOTSTRAP_LISTENER, APP_ID, 
APP_INITIALIZER, AfterRenderPhase, ApplicationInitStatus, ApplicationModule, ApplicationRef, Attribute, 
COMPILER_OPTIONS, CSP_NONCE, CUSTOM_ELEMENTS_SCHEMA, ChangeDetectionStrategy, ChangeDetectorRef, Compiler, 
CompilerFactory, Component, ComponentFactory, ComponentFactoryResolver, ComponentRef, ContentChild, ContentChildren, 
DEFAULT_CURRENCY_CODE, DebugElement, DebugEventListener, DebugNode, DefaultIterableDiffer, DestroyRef, Directive, 
ENVIRONMENT_INITIALIZER, ElementRef, EmbeddedViewRef, EnvironmentInjector, ErrorHandler, EventEmitter, 
ExperimentalPendingTasks, HOST_TAG_NAME, Host, HostAttributeToken, HostBinding, HostListener, INJECTOR, Inject, 
InjectFlags, Injectable, InjectionToken, Injector, Input, IterableDiffers, KeyValueDiffers, LOCALE_ID, 
MissingTranslationStrategy, ModuleWithComponentFactories, NO_ERRORS_SCHEMA, NgModule, NgModuleFactory, NgModuleRef, 
NgProbeToken, NgZone, Optional, Output, OutputEmitterRef, PACKAGE_ROOT_URL, PLATFORM_ID, PLATFORM_INITIALIZER, Pipe, 
PlatformRef, Query, QueryList, Renderer2, RendererFactory2, RendererStyleFlags2, Sanitizer, SecurityContext, Self, 
SimpleChange, SkipSelf, TRANSLATIONS, TRANSLATIONS_FORMAT, TemplateRef, Testability, TestabilityRegistry, 
TransferState, Type, VERSION, Version, ViewChild, ViewChildren, ViewContainerRef, ViewEncapsulation, ViewRef, 
afterNextRender, afterRender, asNativeElements, assertInInjectionContext, assertNotInReactiveContext, assertPlatform, 
booleanAttribute, computed, contentChild, contentChildren, createComponent, createEnvironmentInjector, createNgModule, 
createNgModuleRef, createPlatform, createPlatformFactory, defineInjectable, destroyPlatform, effect, enableProdMode, 
forwardRef, getDebugNode, getModuleFactory, getNgModuleById, getPlatform, importProvidersFrom, inject, input, 
isDevMode, isSignal, isStandalone, makeEnvironmentProviders, makeStateKey, mergeApplicationConfig, model, 
numberAttribute, output, platformCore, provideExperimentalCheckNoChangesForDebug, 
provideExperimentalZonelessChangeDetection, provideZoneChangeDetection, reflectComponentType, resolveForwardRef, 
runInInjectionContext, setTestabilityGetter, signal, untracked, viewChild, viewChildren, ╔ÁALLOW_MULTIPLE_PLATFORMS, 
╔ÁAfterRenderManager, ╔ÁCONTAINER_HEADER_OFFSET, ╔ÁChangeDetectionScheduler, ╔ÁChangeDetectionSchedulerImpl, 
╔ÁComponentFactory, ╔ÁConsole, ╔ÁDEFAULT_LOCALE_ID, ╔ÁDEFER_BLOCK_CONFIG, ╔ÁDEFER_BLOCK_DEPENDENCY_INTERCEPTOR, 
╔ÁDeferBlockBehavior, ╔ÁDeferBlockState, ╔ÁEffectScheduler, ╔ÁIMAGE_CONFIG, ╔ÁIMAGE_CONFIG_DEFAULTS, ╔ÁINJECTOR_SCOPE, 
╔ÁINPUT_SIGNAL_BRAND_WRITE_TYPE, ╔ÁINTERNAL_APPLICATION_ERROR_HANDLER, ╔ÁIS_HYDRATION_DOM_REUSE_ENABLED, 
╔ÁJSACTION_EVENT_CONTRACT, ╔ÁLContext, ╔ÁLifecycleHooksFeature, ╔ÁLocaleDataIndex, ╔ÁNG_COMP_DEF, ╔ÁNG_DIR_DEF, 
╔ÁNG_ELEMENT_ID, ╔ÁNG_INJ_DEF, ╔ÁNG_MOD_DEF, ╔ÁNG_PIPE_DEF, ╔ÁNG_PROV_DEF, ╔ÁNOT_FOUND_CHECK_ONLY_ELEMENT_INJECTOR, 
╔ÁNO_CHANGE, ╔ÁNgModuleFactory, ╔ÁNoopNgZone, ╔ÁPROVIDED_NG_ZONE, ╔ÁPendingTasks, ╔ÁReflectionCapabilities, 
╔ÁRender3ComponentFactory, ╔ÁRender3ComponentRef, ╔ÁRender3NgModuleRef, ╔ÁRuntimeError, ╔ÁSIGNAL, 
╔ÁSSR_CONTENT_INTEGRITY_MARKER, ╔ÁTESTABILITY, ╔ÁTESTABILITY_GETTER, ╔ÁUSE_RUNTIME_DEPS_TRACKER_FOR_JIT, ╔ÁViewRef, 
╔ÁXSS_SECURITY_URL, ╔ÁZONELESS_ENABLED, ╔Á_sanitizeHtml, ╔Á_sanitizeUrl, ╔ÁallowSanitizationBypassAndThrow, 
╔ÁannotateForHydration, ╔ÁbypassSanitizationTrustHtml, ╔ÁbypassSanitizationTrustResourceUrl, 
╔ÁbypassSanitizationTrustScript, ╔ÁbypassSanitizationTrustStyle, ╔ÁbypassSanitizationTrustUrl, 
╔ÁclearResolutionOfComponentResourcesQueue, ╔ÁcompileComponent, ╔ÁcompileDirective, ╔ÁcompileNgModule, 
╔ÁcompileNgModuleDefs, ╔ÁcompileNgModuleFactory, ╔ÁcompilePipe, ╔ÁconvertToBitFlags, ╔ÁcreateInjector, 
╔ÁdefaultIterableDiffers, ╔ÁdefaultKeyValueDiffers, ╔ÁdepsTracker, ╔ÁdetectChangesInViewIfRequired, ╔ÁdevModeEqual, 
╔ÁfindLocaleData, ╔ÁflushModuleScopingQueueAsMuchAsPossible, ╔ÁformatRuntimeError, 
╔ÁgenerateStandaloneInDeclarationsError, ╔ÁgetAsyncClassMetadataFn, ╔ÁgetDebugNode, ╔ÁgetDeferBlocks, ╔ÁgetDirectives, 
╔ÁgetHostElement, ╔ÁgetInjectableDef, ╔ÁgetLContext, ╔ÁgetLocaleCurrencyCode, ╔ÁgetLocalePluralCase, 
╔ÁgetOutputDestroyRef, ╔ÁgetSanitizationBypassType, ╔ÁgetUnknownElementStrictMode, ╔ÁgetUnknownPropertyStrictMode, 
╔Áglobal, ╔ÁinjectChangeDetectorRef, ╔ÁinternalCreateApplication, ╔ÁinternalProvideZoneChangeDetection, 
╔ÁisBoundToModule, ╔ÁisComponentDefPendingResolution, ╔ÁisEnvironmentProviders, ╔ÁisInjectable, ╔ÁisNgModule, 
╔ÁisPromise, ╔ÁisSubscribable, ╔ÁnoSideEffects, ╔ÁpatchComponentDefWithScope, ╔ÁperformanceMarkFeature, 
╔ÁreadHydrationInfo, ╔ÁregisterLocaleData, ╔ÁrenderDeferBlockState, ╔ÁresetCompiledComponents, ╔ÁresetJitOptions, 
╔ÁresolveComponentResources, ╔ÁrestoreComponentResolutionQueue, ╔ÁsetAllowDuplicateNgModuleIdsForTest, 
╔ÁsetAlternateWeakRefImpl, ╔ÁsetClassDebugInfo, ╔ÁsetClassMetadata, ╔ÁsetClassMetadataAsync, ╔ÁsetCurrentInjector, 
╔ÁsetDocument, ╔ÁsetInjectorProfilerContext, ╔ÁsetLocaleId, ╔ÁsetUnknownElementStrictMode, 
╔ÁsetUnknownPropertyStrictMode, ╔Ástore, ╔Ástringify, ╔ÁtransitiveScopesFor, ╔ÁtriggerResourceLoading, 
╔ÁtruncateMiddle, ╔ÁunregisterLocaleData, ╔ÁunwrapSafeValue, ╔ÁunwrapWritableSignal, ╔ÁwhenStable, ╔ÁwithDomHydration, 
╔ÁwithEventReplay, ╔ÁwithI18nSupport, ╔Á╔ÁCopyDefinitionFeature, ╔Á╔ÁFactoryTarget, ╔Á╔ÁHostDirectivesFeature, 
╔Á╔ÁInheritDefinitionFeature, ╔Á╔ÁInputTransformsFeature, ╔Á╔ÁNgOnChangesFeature, ╔Á╔ÁProvidersFeature, 
╔Á╔ÁStandaloneFeature, ╔Á╔Áadvance, ╔Á╔Áattribute, ╔Á╔ÁattributeInterpolate1, ╔Á╔ÁattributeInterpolate2, 
╔Á╔ÁattributeInterpolate3, ╔Á╔ÁattributeInterpolate4, ╔Á╔ÁattributeInterpolate5, ╔Á╔ÁattributeInterpolate6, 
╔Á╔ÁattributeInterpolate7, ╔Á╔ÁattributeInterpolate8, ╔Á╔ÁattributeInterpolateV, ╔Á╔ÁclassMap, 
╔Á╔ÁclassMapInterpolate1, ╔Á╔ÁclassMapInterpolate2, ╔Á╔ÁclassMapInterpolate3, ╔Á╔ÁclassMapInterpolate4, 
╔Á╔ÁclassMapInterpolate5, ╔Á╔ÁclassMapInterpolate6, ╔Á╔ÁclassMapInterpolate7, ╔Á╔ÁclassMapInterpolate8, 
╔Á╔ÁclassMapInterpolateV, ╔Á╔ÁclassProp, ╔Á╔ÁcomponentInstance, ╔Á╔Áconditional, ╔Á╔ÁcontentQuery, 
╔Á╔ÁcontentQuerySignal, ╔Á╔ÁdeclareLet, ╔Á╔Ádefer, ╔Á╔ÁdeferEnableTimerScheduling, ╔Á╔ÁdeferOnHover, ╔Á╔ÁdeferOnIdle, 
╔Á╔ÁdeferOnImmediate, ╔Á╔ÁdeferOnInteraction, ╔Á╔ÁdeferOnTimer, ╔Á╔ÁdeferOnViewport, ╔Á╔ÁdeferPrefetchOnHover, 
╔Á╔ÁdeferPrefetchOnIdle, ╔Á╔ÁdeferPrefetchOnImmediate, ╔Á╔ÁdeferPrefetchOnInteraction, ╔Á╔ÁdeferPrefetchOnTimer, 
╔Á╔ÁdeferPrefetchOnViewport, ╔Á╔ÁdeferPrefetchWhen, ╔Á╔ÁdeferWhen, ╔Á╔ÁdefineComponent, ╔Á╔ÁdefineDirective, 
╔Á╔ÁdefineInjectable, ╔Á╔ÁdefineInjector, ╔Á╔ÁdefineNgModule, ╔Á╔ÁdefinePipe, ╔Á╔ÁdirectiveInject, 
╔Á╔ÁdisableBindings, ╔Á╔Áelement, ╔Á╔ÁelementContainer, ╔Á╔ÁelementContainerEnd, ╔Á╔ÁelementContainerStart, 
╔Á╔ÁelementEnd, ╔Á╔ÁelementStart, ╔Á╔ÁenableBindings, ╔Á╔ÁgetComponentDepsFactory, ╔Á╔ÁgetCurrentView, 
╔Á╔ÁgetInheritedFactory, ╔Á╔ÁhostProperty, ╔Á╔Ái18n, ╔Á╔Ái18nApply, ╔Á╔Ái18nAttributes, ╔Á╔Ái18nEnd, ╔Á╔Ái18nExp, 
╔Á╔Ái18nPostprocess, ╔Á╔Ái18nStart, ╔Á╔Áinject, ╔Á╔ÁinjectAttribute, ╔Á╔ÁinvalidFactory, ╔Á╔ÁinvalidFactoryDep, 
╔Á╔Álistener, ╔Á╔ÁloadQuery, ╔Á╔ÁnamespaceHTML, ╔Á╔ÁnamespaceMathML, ╔Á╔ÁnamespaceSVG, ╔Á╔ÁnextContext, 
╔Á╔ÁngDeclareClassMetadata, ╔Á╔ÁngDeclareClassMetadataAsync, ╔Á╔ÁngDeclareComponent, ╔Á╔ÁngDeclareDirective, 
╔Á╔ÁngDeclareFactory, ╔Á╔ÁngDeclareInjectable, ╔Á╔ÁngDeclareInjector, ╔Á╔ÁngDeclareNgModule, ╔Á╔ÁngDeclarePipe, 
╔Á╔Ápipe, ╔Á╔ÁpipeBind1, ╔Á╔ÁpipeBind2, ╔Á╔ÁpipeBind3, ╔Á╔ÁpipeBind4, ╔Á╔ÁpipeBindV, ╔Á╔Áprojection, 
╔Á╔ÁprojectionDef, ╔Á╔Áproperty, ╔Á╔ÁpropertyInterpolate, ╔Á╔ÁpropertyInterpolate1, ╔Á╔ÁpropertyInterpolate2, 
╔Á╔ÁpropertyInterpolate3, ╔Á╔ÁpropertyInterpolate4, ╔Á╔ÁpropertyInterpolate5, ╔Á╔ÁpropertyInterpolate6, 
╔Á╔ÁpropertyInterpolate7, ╔Á╔ÁpropertyInterpolate8, ╔Á╔ÁpropertyInterpolateV, ╔Á╔ÁpureFunction0, ╔Á╔ÁpureFunction1, 
╔Á╔ÁpureFunction2, ╔Á╔ÁpureFunction3, ╔Á╔ÁpureFunction4, ╔Á╔ÁpureFunction5, ╔Á╔ÁpureFunction6, ╔Á╔ÁpureFunction7, 
╔Á╔ÁpureFunction8, ╔Á╔ÁpureFunctionV, ╔Á╔ÁqueryAdvance, ╔Á╔ÁqueryRefresh, ╔Á╔ÁreadContextLet, ╔Á╔Áreference, 
╔Á╔ÁregisterNgModuleType, ╔Á╔Árepeater, ╔Á╔ÁrepeaterCreate, ╔Á╔ÁrepeaterTrackByIdentity, ╔Á╔ÁrepeaterTrackByIndex, 
╔Á╔ÁresetView, ╔Á╔ÁresolveBody, ╔Á╔ÁresolveDocument, ╔Á╔ÁresolveWindow, ╔Á╔ÁrestoreView, ╔Á╔ÁsanitizeHtml, 
╔Á╔ÁsanitizeResourceUrl, ╔Á╔ÁsanitizeScript, ╔Á╔ÁsanitizeStyle, ╔Á╔ÁsanitizeUrl, ╔Á╔ÁsanitizeUrlOrResourceUrl, 
╔Á╔ÁsetComponentScope, ╔Á╔ÁsetNgModuleScope, ╔Á╔ÁstoreLet, ╔Á╔ÁstyleMap, ╔Á╔ÁstyleMapInterpolate1, 
╔Á╔ÁstyleMapInterpolate2, ╔Á╔ÁstyleMapInterpolate3, ╔Á╔ÁstyleMapInterpolate4, ╔Á╔ÁstyleMapInterpolate5, 
╔Á╔ÁstyleMapInterpolate6, ╔Á╔ÁstyleMapInterpolate7, ╔Á╔ÁstyleMapInterpolate8, ╔Á╔ÁstyleMapInterpolateV, ╔Á╔ÁstyleProp, 
╔Á╔ÁstylePropInterpolate1, ╔Á╔ÁstylePropInterpolate2, ╔Á╔ÁstylePropInterpolate3, ╔Á╔ÁstylePropInterpolate4, 
╔Á╔ÁstylePropInterpolate5, ╔Á╔ÁstylePropInterpolate6, ╔Á╔ÁstylePropInterpolate7, ╔Á╔ÁstylePropInterpolate8, 
╔Á╔ÁstylePropInterpolateV, ╔Á╔ÁsyntheticHostListener, ╔Á╔ÁsyntheticHostProperty, ╔Á╔Átemplate, 
╔Á╔ÁtemplateRefExtractor, ╔Á╔Átext, ╔Á╔ÁtextInterpolate, ╔Á╔ÁtextInterpolate1, ╔Á╔ÁtextInterpolate2, 
╔Á╔ÁtextInterpolate3, ╔Á╔ÁtextInterpolate4, ╔Á╔ÁtextInterpolate5, ╔Á╔ÁtextInterpolate6, ╔Á╔ÁtextInterpolate7, 
╔Á╔ÁtextInterpolate8, ╔Á╔ÁtextInterpolateV, ╔Á╔ÁtrustConstantHtml, ╔Á╔ÁtrustConstantResourceUrl, ╔Á╔ÁtwoWayBindingSet, 
╔Á╔ÁtwoWayListener, ╔Á╔ÁtwoWayProperty, ╔Á╔ÁvalidateIframeAttribute, ╔Á╔ÁviewQuery, ╔Á╔ÁviewQuerySignal)

../node_modules/@angular/forms/fesm2022/forms.mjs:4430:18-38 - Error: export '╔Á╔ÁInputFlags' (imported as 'i0') was 
not found in '@angular/core' (possible exports: ANIMATION_MODULE_TYPE, APP_BOOTSTRAP_LISTENER, APP_ID, 
APP_INITIALIZER, AfterRenderPhase, ApplicationInitStatus, ApplicationModule, ApplicationRef, Attribute, 
COMPILER_OPTIONS, CSP_NONCE, CUSTOM_ELEMENTS_SCHEMA, ChangeDetectionStrategy, ChangeDetectorRef, Compiler, 
CompilerFactory, Component, ComponentFactory, ComponentFactoryResolver, ComponentRef, ContentChild, ContentChildren, 
DEFAULT_CURRENCY_CODE, DebugElement, DebugEventListener, DebugNode, DefaultIterableDiffer, DestroyRef, Directive, 
ENVIRONMENT_INITIALIZER, ElementRef, EmbeddedViewRef, EnvironmentInjector, ErrorHandler, EventEmitter, 
ExperimentalPendingTasks, HOST_TAG_NAME, Host, HostAttributeToken, HostBinding, HostListener, INJECTOR, Inject, 
InjectFlags, Injectable, InjectionToken, Injector, Input, IterableDiffers, KeyValueDiffers, LOCALE_ID, 
MissingTranslationStrategy, ModuleWithComponentFactories, NO_ERRORS_SCHEMA, NgModule, NgModuleFactory, NgModuleRef, 
NgProbeToken, NgZone, Optional, Output, OutputEmitterRef, PACKAGE_ROOT_URL, PLATFORM_ID, PLATFORM_INITIALIZER, Pipe, 
PlatformRef, Query, QueryList, Renderer2, RendererFactory2, RendererStyleFlags2, Sanitizer, SecurityContext, Self, 
SimpleChange, SkipSelf, TRANSLATIONS, TRANSLATIONS_FORMAT, TemplateRef, Testability, TestabilityRegistry, 
TransferState, Type, VERSION, Version, ViewChild, ViewChildren, ViewContainerRef, ViewEncapsulation, ViewRef, 
afterNextRender, afterRender, asNativeElements, assertInInjectionContext, assertNotInReactiveContext, assertPlatform, 
booleanAttribute, computed, contentChild, contentChildren, createComponent, createEnvironmentInjector, createNgModule, 
createNgModuleRef, createPlatform, createPlatformFactory, defineInjectable, destroyPlatform, effect, enableProdMode, 
forwardRef, getDebugNode, getModuleFactory, getNgModuleById, getPlatform, importProvidersFrom, inject, input, 
isDevMode, isSignal, isStandalone, makeEnvironmentProviders, makeStateKey, mergeApplicationConfig, model, 
numberAttribute, output, platformCore, provideExperimentalCheckNoChangesForDebug, 
provideExperimentalZonelessChangeDetection, provideZoneChangeDetection, reflectComponentType, resolveForwardRef, 
runInInjectionContext, setTestabilityGetter, signal, untracked, viewChild, viewChildren, ╔ÁALLOW_MULTIPLE_PLATFORMS, 
╔ÁAfterRenderManager, ╔ÁCONTAINER_HEADER_OFFSET, ╔ÁChangeDetectionScheduler, ╔ÁChangeDetectionSchedulerImpl, 
╔ÁComponentFactory, ╔ÁConsole, ╔ÁDEFAULT_LOCALE_ID, ╔ÁDEFER_BLOCK_CONFIG, ╔ÁDEFER_BLOCK_DEPENDENCY_INTERCEPTOR, 
╔ÁDeferBlockBehavior, ╔ÁDeferBlockState, ╔ÁEffectScheduler, ╔ÁIMAGE_CONFIG, ╔ÁIMAGE_CONFIG_DEFAULTS, ╔ÁINJECTOR_SCOPE, 
╔ÁINPUT_SIGNAL_BRAND_WRITE_TYPE, ╔ÁINTERNAL_APPLICATION_ERROR_HANDLER, ╔ÁIS_HYDRATION_DOM_REUSE_ENABLED, 
╔ÁJSACTION_EVENT_CONTRACT, ╔ÁLContext, ╔ÁLifecycleHooksFeature, ╔ÁLocaleDataIndex, ╔ÁNG_COMP_DEF, ╔ÁNG_DIR_DEF, 
╔ÁNG_ELEMENT_ID, ╔ÁNG_INJ_DEF, ╔ÁNG_MOD_DEF, ╔ÁNG_PIPE_DEF, ╔ÁNG_PROV_DEF, ╔ÁNOT_FOUND_CHECK_ONLY_ELEMENT_INJECTOR, 
╔ÁNO_CHANGE, ╔ÁNgModuleFactory, ╔ÁNoopNgZone, ╔ÁPROVIDED_NG_ZONE, ╔ÁPendingTasks, ╔ÁReflectionCapabilities, 
╔ÁRender3ComponentFactory, ╔ÁRender3ComponentRef, ╔ÁRender3NgModuleRef, ╔ÁRuntimeError, ╔ÁSIGNAL, 
╔ÁSSR_CONTENT_INTEGRITY_MARKER, ╔ÁTESTABILITY, ╔ÁTESTABILITY_GETTER, ╔ÁUSE_RUNTIME_DEPS_TRACKER_FOR_JIT, ╔ÁViewRef, 
╔ÁXSS_SECURITY_URL, ╔ÁZONELESS_ENABLED, ╔Á_sanitizeHtml, ╔Á_sanitizeUrl, ╔ÁallowSanitizationBypassAndThrow, 
╔ÁannotateForHydration, ╔ÁbypassSanitizationTrustHtml, ╔ÁbypassSanitizationTrustResourceUrl, 
╔ÁbypassSanitizationTrustScript, ╔ÁbypassSanitizationTrustStyle, ╔ÁbypassSanitizationTrustUrl, 
╔ÁclearResolutionOfComponentResourcesQueue, ╔ÁcompileComponent, ╔ÁcompileDirective, ╔ÁcompileNgModule, 
╔ÁcompileNgModuleDefs, ╔ÁcompileNgModuleFactory, ╔ÁcompilePipe, ╔ÁconvertToBitFlags, ╔ÁcreateInjector, 
╔ÁdefaultIterableDiffers, ╔ÁdefaultKeyValueDiffers, ╔ÁdepsTracker, ╔ÁdetectChangesInViewIfRequired, ╔ÁdevModeEqual, 
╔ÁfindLocaleData, ╔ÁflushModuleScopingQueueAsMuchAsPossible, ╔ÁformatRuntimeError, 
╔ÁgenerateStandaloneInDeclarationsError, ╔ÁgetAsyncClassMetadataFn, ╔ÁgetDebugNode, ╔ÁgetDeferBlocks, ╔ÁgetDirectives, 
╔ÁgetHostElement, ╔ÁgetInjectableDef, ╔ÁgetLContext, ╔ÁgetLocaleCurrencyCode, ╔ÁgetLocalePluralCase, 
╔ÁgetOutputDestroyRef, ╔ÁgetSanitizationBypassType, ╔ÁgetUnknownElementStrictMode, ╔ÁgetUnknownPropertyStrictMode, 
╔Áglobal, ╔ÁinjectChangeDetectorRef, ╔ÁinternalCreateApplication, ╔ÁinternalProvideZoneChangeDetection, 
╔ÁisBoundToModule, ╔ÁisComponentDefPendingResolution, ╔ÁisEnvironmentProviders, ╔ÁisInjectable, ╔ÁisNgModule, 
╔ÁisPromise, ╔ÁisSubscribable, ╔ÁnoSideEffects, ╔ÁpatchComponentDefWithScope, ╔ÁperformanceMarkFeature, 
╔ÁreadHydrationInfo, ╔ÁregisterLocaleData, ╔ÁrenderDeferBlockState, ╔ÁresetCompiledComponents, ╔ÁresetJitOptions, 
╔ÁresolveComponentResources, ╔ÁrestoreComponentResolutionQueue, ╔ÁsetAllowDuplicateNgModuleIdsForTest, 
╔ÁsetAlternateWeakRefImpl, ╔ÁsetClassDebugInfo, ╔ÁsetClassMetadata, ╔ÁsetClassMetadataAsync, ╔ÁsetCurrentInjector, 
╔ÁsetDocument, ╔ÁsetInjectorProfilerContext, ╔ÁsetLocaleId, ╔ÁsetUnknownElementStrictMode, 
╔ÁsetUnknownPropertyStrictMode, ╔Ástore, ╔Ástringify, ╔ÁtransitiveScopesFor, ╔ÁtriggerResourceLoading, 
╔ÁtruncateMiddle, ╔ÁunregisterLocaleData, ╔ÁunwrapSafeValue, ╔ÁunwrapWritableSignal, ╔ÁwhenStable, ╔ÁwithDomHydration, 
╔ÁwithEventReplay, ╔ÁwithI18nSupport, ╔Á╔ÁCopyDefinitionFeature, ╔Á╔ÁFactoryTarget, ╔Á╔ÁHostDirectivesFeature, 
╔Á╔ÁInheritDefinitionFeature, ╔Á╔ÁInputTransformsFeature, ╔Á╔ÁNgOnChangesFeature, ╔Á╔ÁProvidersFeature, 
╔Á╔ÁStandaloneFeature, ╔Á╔Áadvance, ╔Á╔Áattribute, ╔Á╔ÁattributeInterpolate1, ╔Á╔ÁattributeInterpolate2, 
╔Á╔ÁattributeInterpolate3, ╔Á╔ÁattributeInterpolate4, ╔Á╔ÁattributeInterpolate5, ╔Á╔ÁattributeInterpolate6, 
╔Á╔ÁattributeInterpolate7, ╔Á╔ÁattributeInterpolate8, ╔Á╔ÁattributeInterpolateV, ╔Á╔ÁclassMap, 
╔Á╔ÁclassMapInterpolate1, ╔Á╔ÁclassMapInterpolate2, ╔Á╔ÁclassMapInterpolate3, ╔Á╔ÁclassMapInterpolate4, 
╔Á╔ÁclassMapInterpolate5, ╔Á╔ÁclassMapInterpolate6, ╔Á╔ÁclassMapInterpolate7, ╔Á╔ÁclassMapInterpolate8, 
╔Á╔ÁclassMapInterpolateV, ╔Á╔ÁclassProp, ╔Á╔ÁcomponentInstance, ╔Á╔Áconditional, ╔Á╔ÁcontentQuery, 
╔Á╔ÁcontentQuerySignal, ╔Á╔ÁdeclareLet, ╔Á╔Ádefer, ╔Á╔ÁdeferEnableTimerScheduling, ╔Á╔ÁdeferOnHover, ╔Á╔ÁdeferOnIdle, 
╔Á╔ÁdeferOnImmediate, ╔Á╔ÁdeferOnInteraction, ╔Á╔ÁdeferOnTimer, ╔Á╔ÁdeferOnViewport, ╔Á╔ÁdeferPrefetchOnHover, 
╔Á╔ÁdeferPrefetchOnIdle, ╔Á╔ÁdeferPrefetchOnImmediate, ╔Á╔ÁdeferPrefetchOnInteraction, ╔Á╔ÁdeferPrefetchOnTimer, 
╔Á╔ÁdeferPrefetchOnViewport, ╔Á╔ÁdeferPrefetchWhen, ╔Á╔ÁdeferWhen, ╔Á╔ÁdefineComponent, ╔Á╔ÁdefineDirective, 
╔Á╔ÁdefineInjectable, ╔Á╔ÁdefineInjector, ╔Á╔ÁdefineNgModule, ╔Á╔ÁdefinePipe, ╔Á╔ÁdirectiveInject, 
╔Á╔ÁdisableBindings, ╔Á╔Áelement, ╔Á╔ÁelementContainer, ╔Á╔ÁelementContainerEnd, ╔Á╔ÁelementContainerStart, 
╔Á╔ÁelementEnd, ╔Á╔ÁelementStart, ╔Á╔ÁenableBindings, ╔Á╔ÁgetComponentDepsFactory, ╔Á╔ÁgetCurrentView, 
╔Á╔ÁgetInheritedFactory, ╔Á╔ÁhostProperty, ╔Á╔Ái18n, ╔Á╔Ái18nApply, ╔Á╔Ái18nAttributes, ╔Á╔Ái18nEnd, ╔Á╔Ái18nExp, 
╔Á╔Ái18nPostprocess, ╔Á╔Ái18nStart, ╔Á╔Áinject, ╔Á╔ÁinjectAttribute, ╔Á╔ÁinvalidFactory, ╔Á╔ÁinvalidFactoryDep, 
╔Á╔Álistener, ╔Á╔ÁloadQuery, ╔Á╔ÁnamespaceHTML, ╔Á╔ÁnamespaceMathML, ╔Á╔ÁnamespaceSVG, ╔Á╔ÁnextContext, 
╔Á╔ÁngDeclareClassMetadata, ╔Á╔ÁngDeclareClassMetadataAsync, ╔Á╔ÁngDeclareComponent, ╔Á╔ÁngDeclareDirective, 
╔Á╔ÁngDeclareFactory, ╔Á╔ÁngDeclareInjectable, ╔Á╔ÁngDeclareInjector, ╔Á╔ÁngDeclareNgModule, ╔Á╔ÁngDeclarePipe, 
╔Á╔Ápipe, ╔Á╔ÁpipeBind1, ╔Á╔ÁpipeBind2, ╔Á╔ÁpipeBind3, ╔Á╔ÁpipeBind4, ╔Á╔ÁpipeBindV, ╔Á╔Áprojection, 
╔Á╔ÁprojectionDef, ╔Á╔Áproperty, ╔Á╔ÁpropertyInterpolate, ╔Á╔ÁpropertyInterpolate1, ╔Á╔ÁpropertyInterpolate2, 
╔Á╔ÁpropertyInterpolate3, ╔Á╔ÁpropertyInterpolate4, ╔Á╔ÁpropertyInterpolate5, ╔Á╔ÁpropertyInterpolate6, 
╔Á╔ÁpropertyInterpolate7, ╔Á╔ÁpropertyInterpolate8, ╔Á╔ÁpropertyInterpolateV, ╔Á╔ÁpureFunction0, ╔Á╔ÁpureFunction1, 
╔Á╔ÁpureFunction2, ╔Á╔ÁpureFunction3, ╔Á╔ÁpureFunction4, ╔Á╔ÁpureFunction5, ╔Á╔ÁpureFunction6, ╔Á╔ÁpureFunction7, 
╔Á╔ÁpureFunction8, ╔Á╔ÁpureFunctionV, ╔Á╔ÁqueryAdvance, ╔Á╔ÁqueryRefresh, ╔Á╔ÁreadContextLet, ╔Á╔Áreference, 
╔Á╔ÁregisterNgModuleType, ╔Á╔Árepeater, ╔Á╔ÁrepeaterCreate, ╔Á╔ÁrepeaterTrackByIdentity, ╔Á╔ÁrepeaterTrackByIndex, 
╔Á╔ÁresetView, ╔Á╔ÁresolveBody, ╔Á╔ÁresolveDocument, ╔Á╔ÁresolveWindow, ╔Á╔ÁrestoreView, ╔Á╔ÁsanitizeHtml, 
╔Á╔ÁsanitizeResourceUrl, ╔Á╔ÁsanitizeScript, ╔Á╔ÁsanitizeStyle, ╔Á╔ÁsanitizeUrl, ╔Á╔ÁsanitizeUrlOrResourceUrl, 
╔Á╔ÁsetComponentScope, ╔Á╔ÁsetNgModuleScope, ╔Á╔ÁstoreLet, ╔Á╔ÁstyleMap, ╔Á╔ÁstyleMapInterpolate1, 
╔Á╔ÁstyleMapInterpolate2, ╔Á╔ÁstyleMapInterpolate3, ╔Á╔ÁstyleMapInterpolate4, ╔Á╔ÁstyleMapInterpolate5, 
╔Á╔ÁstyleMapInterpolate6, ╔Á╔ÁstyleMapInterpolate7, ╔Á╔ÁstyleMapInterpolate8, ╔Á╔ÁstyleMapInterpolateV, ╔Á╔ÁstyleProp, 
╔Á╔ÁstylePropInterpolate1, ╔Á╔ÁstylePropInterpolate2, ╔Á╔ÁstylePropInterpolate3, ╔Á╔ÁstylePropInterpolate4, 
╔Á╔ÁstylePropInterpolate5, ╔Á╔ÁstylePropInterpolate6, ╔Á╔ÁstylePropInterpolate7, ╔Á╔ÁstylePropInterpolate8, 
╔Á╔ÁstylePropInterpolateV, ╔Á╔ÁsyntheticHostListener, ╔Á╔ÁsyntheticHostProperty, ╔Á╔Átemplate, 
╔Á╔ÁtemplateRefExtractor, ╔Á╔Átext, ╔Á╔ÁtextInterpolate, ╔Á╔ÁtextInterpolate1, ╔Á╔ÁtextInterpolate2, 
╔Á╔ÁtextInterpolate3, ╔Á╔ÁtextInterpolate4, ╔Á╔ÁtextInterpolate5, ╔Á╔ÁtextInterpolate6, ╔Á╔ÁtextInterpolate7, 
╔Á╔ÁtextInterpolate8, ╔Á╔ÁtextInterpolateV, ╔Á╔ÁtrustConstantHtml, ╔Á╔ÁtrustConstantResourceUrl, ╔Á╔ÁtwoWayBindingSet, 
╔Á╔ÁtwoWayListener, ╔Á╔ÁtwoWayProperty, ╔Á╔ÁvalidateIframeAttribute, ╔Á╔ÁviewQuery, ╔Á╔ÁviewQuerySignal)

../node_modules/@angular/forms/fesm2022/forms.mjs:5109:15-35 - Error: export '╔Á╔ÁInputFlags' (imported as 'i0') was 
not found in '@angular/core' (possible exports: ANIMATION_MODULE_TYPE, APP_BOOTSTRAP_LISTENER, APP_ID, 
APP_INITIALIZER, AfterRenderPhase, ApplicationInitStatus, ApplicationModule, ApplicationRef, Attribute, 
COMPILER_OPTIONS, CSP_NONCE, CUSTOM_ELEMENTS_SCHEMA, ChangeDetectionStrategy, ChangeDetectorRef, Compiler, 
CompilerFactory, Component, ComponentFactory, ComponentFactoryResolver, ComponentRef, ContentChild, ContentChildren, 
DEFAULT_CURRENCY_CODE, DebugElement, DebugEventListener, DebugNode, DefaultIterableDiffer, DestroyRef, Directive, 
ENVIRONMENT_INITIALIZER, ElementRef, EmbeddedViewRef, EnvironmentInjector, ErrorHandler, EventEmitter, 
ExperimentalPendingTasks, HOST_TAG_NAME, Host, HostAttributeToken, HostBinding, HostListener, INJECTOR, Inject, 
InjectFlags, Injectable, InjectionToken, Injector, Input, IterableDiffers, KeyValueDiffers, LOCALE_ID, 
MissingTranslationStrategy, ModuleWithComponentFactories, NO_ERRORS_SCHEMA, NgModule, NgModuleFactory, NgModuleRef, 
NgProbeToken, NgZone, Optional, Output, OutputEmitterRef, PACKAGE_ROOT_URL, PLATFORM_ID, PLATFORM_INITIALIZER, Pipe, 
PlatformRef, Query, QueryList, Renderer2, RendererFactory2, RendererStyleFlags2, Sanitizer, SecurityContext, Self, 
SimpleChange, SkipSelf, TRANSLATIONS, TRANSLATIONS_FORMAT, TemplateRef, Testability, TestabilityRegistry, 
TransferState, Type, VERSION, Version, ViewChild, ViewChildren, ViewContainerRef, ViewEncapsulation, ViewRef, 
afterNextRender, afterRender, asNativeElements, assertInInjectionContext, assertNotInReactiveContext, assertPlatform, 
booleanAttribute, computed, contentChild, contentChildren, createComponent, createEnvironmentInjector, createNgModule, 
createNgModuleRef, createPlatform, createPlatformFactory, defineInjectable, destroyPlatform, effect, enableProdMode, 
forwardRef, getDebugNode, getModuleFactory, getNgModuleById, getPlatform, importProvidersFrom, inject, input, 
isDevMode, isSignal, isStandalone, makeEnvironmentProviders, makeStateKey, mergeApplicationConfig, model, 
numberAttribute, output, platformCore, provideExperimentalCheckNoChangesForDebug, 
provideExperimentalZonelessChangeDetection, provideZoneChangeDetection, reflectComponentType, resolveForwardRef, 
runInInjectionContext, setTestabilityGetter, signal, untracked, viewChild, viewChildren, ╔ÁALLOW_MULTIPLE_PLATFORMS, 
╔ÁAfterRenderManager, ╔ÁCONTAINER_HEADER_OFFSET, ╔ÁChangeDetectionScheduler, ╔ÁChangeDetectionSchedulerImpl, 
╔ÁComponentFactory, ╔ÁConsole, ╔ÁDEFAULT_LOCALE_ID, ╔ÁDEFER_BLOCK_CONFIG, ╔ÁDEFER_BLOCK_DEPENDENCY_INTERCEPTOR, 
╔ÁDeferBlockBehavior, ╔ÁDeferBlockState, ╔ÁEffectScheduler, ╔ÁIMAGE_CONFIG, ╔ÁIMAGE_CONFIG_DEFAULTS, ╔ÁINJECTOR_SCOPE, 
╔ÁINPUT_SIGNAL_BRAND_WRITE_TYPE, ╔ÁINTERNAL_APPLICATION_ERROR_HANDLER, ╔ÁIS_HYDRATION_DOM_REUSE_ENABLED, 
╔ÁJSACTION_EVENT_CONTRACT, ╔ÁLContext, ╔ÁLifecycleHooksFeature, ╔ÁLocaleDataIndex, ╔ÁNG_COMP_DEF, ╔ÁNG_DIR_DEF, 
╔ÁNG_ELEMENT_ID, ╔ÁNG_INJ_DEF, ╔ÁNG_MOD_DEF, ╔ÁNG_PIPE_DEF, ╔ÁNG_PROV_DEF, ╔ÁNOT_FOUND_CHECK_ONLY_ELEMENT_INJECTOR, 
╔ÁNO_CHANGE, ╔ÁNgModuleFactory, ╔ÁNoopNgZone, ╔ÁPROVIDED_NG_ZONE, ╔ÁPendingTasks, ╔ÁReflectionCapabilities, 
╔ÁRender3ComponentFactory, ╔ÁRender3ComponentRef, ╔ÁRender3NgModuleRef, ╔ÁRuntimeError, ╔ÁSIGNAL, 
╔ÁSSR_CONTENT_INTEGRITY_MARKER, ╔ÁTESTABILITY, ╔ÁTESTABILITY_GETTER, ╔ÁUSE_RUNTIME_DEPS_TRACKER_FOR_JIT, ╔ÁViewRef, 
╔ÁXSS_SECURITY_URL, ╔ÁZONELESS_ENABLED, ╔Á_sanitizeHtml, ╔Á_sanitizeUrl, ╔ÁallowSanitizationBypassAndThrow, 
╔ÁannotateForHydration, ╔ÁbypassSanitizationTrustHtml, ╔ÁbypassSanitizationTrustResourceUrl, 
╔ÁbypassSanitizationTrustScript, ╔ÁbypassSanitizationTrustStyle, ╔ÁbypassSanitizationTrustUrl, 
╔ÁclearResolutionOfComponentResourcesQueue, ╔ÁcompileComponent, ╔ÁcompileDirective, ╔ÁcompileNgModule, 
╔ÁcompileNgModuleDefs, ╔ÁcompileNgModuleFactory, ╔ÁcompilePipe, ╔ÁconvertToBitFlags, ╔ÁcreateInjector, 
╔ÁdefaultIterableDiffers, ╔ÁdefaultKeyValueDiffers, ╔ÁdepsTracker, ╔ÁdetectChangesInViewIfRequired, ╔ÁdevModeEqual, 
╔ÁfindLocaleData, ╔ÁflushModuleScopingQueueAsMuchAsPossible, ╔ÁformatRuntimeError, 
╔ÁgenerateStandaloneInDeclarationsError, ╔ÁgetAsyncClassMetadataFn, ╔ÁgetDebugNode, ╔ÁgetDeferBlocks, ╔ÁgetDirectives, 
╔ÁgetHostElement, ╔ÁgetInjectableDef, ╔ÁgetLContext, ╔ÁgetLocaleCurrencyCode, ╔ÁgetLocalePluralCase, 
╔ÁgetOutputDestroyRef, ╔ÁgetSanitizationBypassType, ╔ÁgetUnknownElementStrictMode, ╔ÁgetUnknownPropertyStrictMode, 
╔Áglobal, ╔ÁinjectChangeDetectorRef, ╔ÁinternalCreateApplication, ╔ÁinternalProvideZoneChangeDetection, 
╔ÁisBoundToModule, ╔ÁisComponentDefPendingResolution, ╔ÁisEnvironmentProviders, ╔ÁisInjectable, ╔ÁisNgModule, 
╔ÁisPromise, ╔ÁisSubscribable, ╔ÁnoSideEffects, ╔ÁpatchComponentDefWithScope, ╔ÁperformanceMarkFeature, 
╔ÁreadHydrationInfo, ╔ÁregisterLocaleData, ╔ÁrenderDeferBlockState, ╔ÁresetCompiledComponents, ╔ÁresetJitOptions, 
╔ÁresolveComponentResources, ╔ÁrestoreComponentResolutionQueue, ╔ÁsetAllowDuplicateNgModuleIdsForTest, 
╔ÁsetAlternateWeakRefImpl, ╔ÁsetClassDebugInfo, ╔ÁsetClassMetadata, ╔ÁsetClassMetadataAsync, ╔ÁsetCurrentInjector, 
╔ÁsetDocument, ╔ÁsetInjectorProfilerContext, ╔ÁsetLocaleId, ╔ÁsetUnknownElementStrictMode, 
╔ÁsetUnknownPropertyStrictMode, ╔Ástore, ╔Ástringify, ╔ÁtransitiveScopesFor, ╔ÁtriggerResourceLoading, 
╔ÁtruncateMiddle, ╔ÁunregisterLocaleData, ╔ÁunwrapSafeValue, ╔ÁunwrapWritableSignal, ╔ÁwhenStable, ╔ÁwithDomHydration, 
╔ÁwithEventReplay, ╔ÁwithI18nSupport, ╔Á╔ÁCopyDefinitionFeature, ╔Á╔ÁFactoryTarget, ╔Á╔ÁHostDirectivesFeature, 
╔Á╔ÁInheritDefinitionFeature, ╔Á╔ÁInputTransformsFeature, ╔Á╔ÁNgOnChangesFeature, ╔Á╔ÁProvidersFeature, 
╔Á╔ÁStandaloneFeature, ╔Á╔Áadvance, ╔Á╔Áattribute, ╔Á╔ÁattributeInterpolate1, ╔Á╔ÁattributeInterpolate2, 
╔Á╔ÁattributeInterpolate3, ╔Á╔ÁattributeInterpolate4, ╔Á╔ÁattributeInterpolate5, ╔Á╔ÁattributeInterpolate6, 
╔Á╔ÁattributeInterpolate7, ╔Á╔ÁattributeInterpolate8, ╔Á╔ÁattributeInterpolateV, ╔Á╔ÁclassMap, 
╔Á╔ÁclassMapInterpolate1, ╔Á╔ÁclassMapInterpolate2, ╔Á╔ÁclassMapInterpolate3, ╔Á╔ÁclassMapInterpolate4, 
╔Á╔ÁclassMapInterpolate5, ╔Á╔ÁclassMapInterpolate6, ╔Á╔ÁclassMapInterpolate7, ╔Á╔ÁclassMapInterpolate8, 
╔Á╔ÁclassMapInterpolateV, ╔Á╔ÁclassProp, ╔Á╔ÁcomponentInstance, ╔Á╔Áconditional, ╔Á╔ÁcontentQuery, 
╔Á╔ÁcontentQuerySignal, ╔Á╔ÁdeclareLet, ╔Á╔Ádefer, ╔Á╔ÁdeferEnableTimerScheduling, ╔Á╔ÁdeferOnHover, ╔Á╔ÁdeferOnIdle, 
╔Á╔ÁdeferOnImmediate, ╔Á╔ÁdeferOnInteraction, ╔Á╔ÁdeferOnTimer, ╔Á╔ÁdeferOnViewport, ╔Á╔ÁdeferPrefetchOnHover, 
╔Á╔ÁdeferPrefetchOnIdle, ╔Á╔ÁdeferPrefetchOnImmediate, ╔Á╔ÁdeferPrefetchOnInteraction, ╔Á╔ÁdeferPrefetchOnTimer, 
╔Á╔ÁdeferPrefetchOnViewport, ╔Á╔ÁdeferPrefetchWhen, ╔Á╔ÁdeferWhen, ╔Á╔ÁdefineComponent, ╔Á╔ÁdefineDirective, 
╔Á╔ÁdefineInjectable, ╔Á╔ÁdefineInjector, ╔Á╔ÁdefineNgModule, ╔Á╔ÁdefinePipe, ╔Á╔ÁdirectiveInject, 
╔Á╔ÁdisableBindings, ╔Á╔Áelement, ╔Á╔ÁelementContainer, ╔Á╔ÁelementContainerEnd, ╔Á╔ÁelementContainerStart, 
╔Á╔ÁelementEnd, ╔Á╔ÁelementStart, ╔Á╔ÁenableBindings, ╔Á╔ÁgetComponentDepsFactory, ╔Á╔ÁgetCurrentView, 
╔Á╔ÁgetInheritedFactory, ╔Á╔ÁhostProperty, ╔Á╔Ái18n, ╔Á╔Ái18nApply, ╔Á╔Ái18nAttributes, ╔Á╔Ái18nEnd, ╔Á╔Ái18nExp, 
╔Á╔Ái18nPostprocess, ╔Á╔Ái18nStart, ╔Á╔Áinject, ╔Á╔ÁinjectAttribute, ╔Á╔ÁinvalidFactory, ╔Á╔ÁinvalidFactoryDep, 
╔Á╔Álistener, ╔Á╔ÁloadQuery, ╔Á╔ÁnamespaceHTML, ╔Á╔ÁnamespaceMathML, ╔Á╔ÁnamespaceSVG, ╔Á╔ÁnextContext, 
╔Á╔ÁngDeclareClassMetadata, ╔Á╔ÁngDeclareClassMetadataAsync, ╔Á╔ÁngDeclareComponent, ╔Á╔ÁngDeclareDirective, 
╔Á╔ÁngDeclareFactory, ╔Á╔ÁngDeclareInjectable, ╔Á╔ÁngDeclareInjector, ╔Á╔ÁngDeclareNgModule, ╔Á╔ÁngDeclarePipe, 
╔Á╔Ápipe, ╔Á╔ÁpipeBind1, ╔Á╔ÁpipeBind2, ╔Á╔ÁpipeBind3, ╔Á╔ÁpipeBind4, ╔Á╔ÁpipeBindV, ╔Á╔Áprojection, 
╔Á╔ÁprojectionDef, ╔Á╔Áproperty, ╔Á╔ÁpropertyInterpolate, ╔Á╔ÁpropertyInterpolate1, ╔Á╔ÁpropertyInterpolate2, 
╔Á╔ÁpropertyInterpolate3, ╔Á╔ÁpropertyInterpolate4, ╔Á╔ÁpropertyInterpolate5, ╔Á╔ÁpropertyInterpolate6, 
╔Á╔ÁpropertyInterpolate7, ╔Á╔ÁpropertyInterpolate8, ╔Á╔ÁpropertyInterpolateV, ╔Á╔ÁpureFunction0, ╔Á╔ÁpureFunction1, 
╔Á╔ÁpureFunction2, ╔Á╔ÁpureFunction3, ╔Á╔ÁpureFunction4, ╔Á╔ÁpureFunction5, ╔Á╔ÁpureFunction6, ╔Á╔ÁpureFunction7, 
╔Á╔ÁpureFunction8, ╔Á╔ÁpureFunctionV, ╔Á╔ÁqueryAdvance, ╔Á╔ÁqueryRefresh, ╔Á╔ÁreadContextLet, ╔Á╔Áreference, 
╔Á╔ÁregisterNgModuleType, ╔Á╔Árepeater, ╔Á╔ÁrepeaterCreate, ╔Á╔ÁrepeaterTrackByIdentity, ╔Á╔ÁrepeaterTrackByIndex, 
╔Á╔ÁresetView, ╔Á╔ÁresolveBody, ╔Á╔ÁresolveDocument, ╔Á╔ÁresolveWindow, ╔Á╔ÁrestoreView, ╔Á╔ÁsanitizeHtml, 
╔Á╔ÁsanitizeResourceUrl, ╔Á╔ÁsanitizeScript, ╔Á╔ÁsanitizeStyle, ╔Á╔ÁsanitizeUrl, ╔Á╔ÁsanitizeUrlOrResourceUrl, 
╔Á╔ÁsetComponentScope, ╔Á╔ÁsetNgModuleScope, ╔Á╔ÁstoreLet, ╔Á╔ÁstyleMap, ╔Á╔ÁstyleMapInterpolate1, 
╔Á╔ÁstyleMapInterpolate2, ╔Á╔ÁstyleMapInterpolate3, ╔Á╔ÁstyleMapInterpolate4, ╔Á╔ÁstyleMapInterpolate5, 
╔Á╔ÁstyleMapInterpolate6, ╔Á╔ÁstyleMapInterpolate7, ╔Á╔ÁstyleMapInterpolate8, ╔Á╔ÁstyleMapInterpolateV, ╔Á╔ÁstyleProp, 
╔Á╔ÁstylePropInterpolate1, ╔Á╔ÁstylePropInterpolate2, ╔Á╔ÁstylePropInterpolate3, ╔Á╔ÁstylePropInterpolate4, 
╔Á╔ÁstylePropInterpolate5, ╔Á╔ÁstylePropInterpolate6, ╔Á╔ÁstylePropInterpolate7, ╔Á╔ÁstylePropInterpolate8, 
╔Á╔ÁstylePropInterpolateV, ╔Á╔ÁsyntheticHostListener, ╔Á╔ÁsyntheticHostProperty, ╔Á╔Átemplate, 
╔Á╔ÁtemplateRefExtractor, ╔Á╔Átext, ╔Á╔ÁtextInterpolate, ╔Á╔ÁtextInterpolate1, ╔Á╔ÁtextInterpolate2, 
╔Á╔ÁtextInterpolate3, ╔Á╔ÁtextInterpolate4, ╔Á╔ÁtextInterpolate5, ╔Á╔ÁtextInterpolate6, ╔Á╔ÁtextInterpolate7, 
╔Á╔ÁtextInterpolate8, ╔Á╔ÁtextInterpolateV, ╔Á╔ÁtrustConstantHtml, ╔Á╔ÁtrustConstantResourceUrl, ╔Á╔ÁtwoWayBindingSet, 
╔Á╔ÁtwoWayListener, ╔Á╔ÁtwoWayProperty, ╔Á╔ÁvalidateIframeAttribute, ╔Á╔ÁviewQuery, ╔Á╔ÁviewQuerySignal)

../node_modules/@angular/forms/fesm2022/forms.mjs:5110:21-41 - Error: export '╔Á╔ÁInputFlags' (imported as 'i0') was 
not found in '@angular/core' (possible exports: ANIMATION_MODULE_TYPE, APP_BOOTSTRAP_LISTENER, APP_ID, 
APP_INITIALIZER, AfterRenderPhase, ApplicationInitStatus, ApplicationModule, ApplicationRef, Attribute, 
COMPILER_OPTIONS, CSP_NONCE, CUSTOM_ELEMENTS_SCHEMA, ChangeDetectionStrategy, ChangeDetectorRef, Compiler, 
CompilerFactory, Component, ComponentFactory, ComponentFactoryResolver, ComponentRef, ContentChild, ContentChildren, 
DEFAULT_CURRENCY_CODE, DebugElement, DebugEventListener, DebugNode, DefaultIterableDiffer, DestroyRef, Directive, 
ENVIRONMENT_INITIALIZER, ElementRef, EmbeddedViewRef, EnvironmentInjector, ErrorHandler, EventEmitter, 
ExperimentalPendingTasks, HOST_TAG_NAME, Host, HostAttributeToken, HostBinding, HostListener, INJECTOR, Inject, 
InjectFlags, Injectable, InjectionToken, Injector, Input, IterableDiffers, KeyValueDiffers, LOCALE_ID, 
MissingTranslationStrategy, ModuleWithComponentFactories, NO_ERRORS_SCHEMA, NgModule, NgModuleFactory, NgModuleRef, 
NgProbeToken, NgZone, Optional, Output, OutputEmitterRef, PACKAGE_ROOT_URL, PLATFORM_ID, PLATFORM_INITIALIZER, Pipe, 
PlatformRef, Query, QueryList, Renderer2, RendererFactory2, RendererStyleFlags2, Sanitizer, SecurityContext, Self, 
SimpleChange, SkipSelf, TRANSLATIONS, TRANSLATIONS_FORMAT, TemplateRef, Testability, TestabilityRegistry, 
TransferState, Type, VERSION, Version, ViewChild, ViewChildren, ViewContainerRef, ViewEncapsulation, ViewRef, 
afterNextRender, afterRender, asNativeElements, assertInInjectionContext, assertNotInReactiveContext, assertPlatform, 
booleanAttribute, computed, contentChild, contentChildren, createComponent, createEnvironmentInjector, createNgModule, 
createNgModuleRef, createPlatform, createPlatformFactory, defineInjectable, destroyPlatform, effect, enableProdMode, 
forwardRef, getDebugNode, getModuleFactory, getNgModuleById, getPlatform, importProvidersFrom, inject, input, 
isDevMode, isSignal, isStandalone, makeEnvironmentProviders, makeStateKey, mergeApplicationConfig, model, 
numberAttribute, output, platformCore, provideExperimentalCheckNoChangesForDebug, 
provideExperimentalZonelessChangeDetection, provideZoneChangeDetection, reflectComponentType, resolveForwardRef, 
runInInjectionContext, setTestabilityGetter, signal, untracked, viewChild, viewChildren, ╔ÁALLOW_MULTIPLE_PLATFORMS, 
╔ÁAfterRenderManager, ╔ÁCONTAINER_HEADER_OFFSET, ╔ÁChangeDetectionScheduler, ╔ÁChangeDetectionSchedulerImpl, 
╔ÁComponentFactory, ╔ÁConsole, ╔ÁDEFAULT_LOCALE_ID, ╔ÁDEFER_BLOCK_CONFIG, ╔ÁDEFER_BLOCK_DEPENDENCY_INTERCEPTOR, 
╔ÁDeferBlockBehavior, ╔ÁDeferBlockState, ╔ÁEffectScheduler, ╔ÁIMAGE_CONFIG, ╔ÁIMAGE_CONFIG_DEFAULTS, ╔ÁINJECTOR_SCOPE, 
╔ÁINPUT_SIGNAL_BRAND_WRITE_TYPE, ╔ÁINTERNAL_APPLICATION_ERROR_HANDLER, ╔ÁIS_HYDRATION_DOM_REUSE_ENABLED, 
╔ÁJSACTION_EVENT_CONTRACT, ╔ÁLContext, ╔ÁLifecycleHooksFeature, ╔ÁLocaleDataIndex, ╔ÁNG_COMP_DEF, ╔ÁNG_DIR_DEF, 
╔ÁNG_ELEMENT_ID, ╔ÁNG_INJ_DEF, ╔ÁNG_MOD_DEF, ╔ÁNG_PIPE_DEF, ╔ÁNG_PROV_DEF, ╔ÁNOT_FOUND_CHECK_ONLY_ELEMENT_INJECTOR, 
╔ÁNO_CHANGE, ╔ÁNgModuleFactory, ╔ÁNoopNgZone, ╔ÁPROVIDED_NG_ZONE, ╔ÁPendingTasks, ╔ÁReflectionCapabilities, 
╔ÁRender3ComponentFactory, ╔ÁRender3ComponentRef, ╔ÁRender3NgModuleRef, ╔ÁRuntimeError, ╔ÁSIGNAL, 
╔ÁSSR_CONTENT_INTEGRITY_MARKER, ╔ÁTESTABILITY, ╔ÁTESTABILITY_GETTER, ╔ÁUSE_RUNTIME_DEPS_TRACKER_FOR_JIT, ╔ÁViewRef, 
╔ÁXSS_SECURITY_URL, ╔ÁZONELESS_ENABLED, ╔Á_sanitizeHtml, ╔Á_sanitizeUrl, ╔ÁallowSanitizationBypassAndThrow, 
╔ÁannotateForHydration, ╔ÁbypassSanitizationTrustHtml, ╔ÁbypassSanitizationTrustResourceUrl, 
╔ÁbypassSanitizationTrustScript, ╔ÁbypassSanitizationTrustStyle, ╔ÁbypassSanitizationTrustUrl, 
╔ÁclearResolutionOfComponentResourcesQueue, ╔ÁcompileComponent, ╔ÁcompileDirective, ╔ÁcompileNgModule, 
╔ÁcompileNgModuleDefs, ╔ÁcompileNgModuleFactory, ╔ÁcompilePipe, ╔ÁconvertToBitFlags, ╔ÁcreateInjector, 
╔ÁdefaultIterableDiffers, ╔ÁdefaultKeyValueDiffers, ╔ÁdepsTracker, ╔ÁdetectChangesInViewIfRequired, ╔ÁdevModeEqual, 
╔ÁfindLocaleData, ╔ÁflushModuleScopingQueueAsMuchAsPossible, ╔ÁformatRuntimeError, 
╔ÁgenerateStandaloneInDeclarationsError, ╔ÁgetAsyncClassMetadataFn, ╔ÁgetDebugNode, ╔ÁgetDeferBlocks, ╔ÁgetDirectives, 
╔ÁgetHostElement, ╔ÁgetInjectableDef, ╔ÁgetLContext, ╔ÁgetLocaleCurrencyCode, ╔ÁgetLocalePluralCase, 
╔ÁgetOutputDestroyRef, ╔ÁgetSanitizationBypassType, ╔ÁgetUnknownElementStrictMode, ╔ÁgetUnknownPropertyStrictMode, 
╔Áglobal, ╔ÁinjectChangeDetectorRef, ╔ÁinternalCreateApplication, ╔ÁinternalProvideZoneChangeDetection, 
╔ÁisBoundToModule, ╔ÁisComponentDefPendingResolution, ╔ÁisEnvironmentProviders, ╔ÁisInjectable, ╔ÁisNgModule, 
╔ÁisPromise, ╔ÁisSubscribable, ╔ÁnoSideEffects, ╔ÁpatchComponentDefWithScope, ╔ÁperformanceMarkFeature, 
╔ÁreadHydrationInfo, ╔ÁregisterLocaleData, ╔ÁrenderDeferBlockState, ╔ÁresetCompiledComponents, ╔ÁresetJitOptions, 
╔ÁresolveComponentResources, ╔ÁrestoreComponentResolutionQueue, ╔ÁsetAllowDuplicateNgModuleIdsForTest, 
╔ÁsetAlternateWeakRefImpl, ╔ÁsetClassDebugInfo, ╔ÁsetClassMetadata, ╔ÁsetClassMetadataAsync, ╔ÁsetCurrentInjector, 
╔ÁsetDocument, ╔ÁsetInjectorProfilerContext, ╔ÁsetLocaleId, ╔ÁsetUnknownElementStrictMode, 
╔ÁsetUnknownPropertyStrictMode, ╔Ástore, ╔Ástringify, ╔ÁtransitiveScopesFor, ╔ÁtriggerResourceLoading, 
╔ÁtruncateMiddle, ╔ÁunregisterLocaleData, ╔ÁunwrapSafeValue, ╔ÁunwrapWritableSignal, ╔ÁwhenStable, ╔ÁwithDomHydration, 
╔ÁwithEventReplay, ╔ÁwithI18nSupport, ╔Á╔ÁCopyDefinitionFeature, ╔Á╔ÁFactoryTarget, ╔Á╔ÁHostDirectivesFeature, 
╔Á╔ÁInheritDefinitionFeature, ╔Á╔ÁInputTransformsFeature, ╔Á╔ÁNgOnChangesFeature, ╔Á╔ÁProvidersFeature, 
╔Á╔ÁStandaloneFeature, ╔Á╔Áadvance, ╔Á╔Áattribute, ╔Á╔ÁattributeInterpolate1, ╔Á╔ÁattributeInterpolate2, 
╔Á╔ÁattributeInterpolate3, ╔Á╔ÁattributeInterpolate4, ╔Á╔ÁattributeInterpolate5, ╔Á╔ÁattributeInterpolate6, 
╔Á╔ÁattributeInterpolate7, ╔Á╔ÁattributeInterpolate8, ╔Á╔ÁattributeInterpolateV, ╔Á╔ÁclassMap, 
╔Á╔ÁclassMapInterpolate1, ╔Á╔ÁclassMapInterpolate2, ╔Á╔ÁclassMapInterpolate3, ╔Á╔ÁclassMapInterpolate4, 
╔Á╔ÁclassMapInterpolate5, ╔Á╔ÁclassMapInterpolate6, ╔Á╔ÁclassMapInterpolate7, ╔Á╔ÁclassMapInterpolate8, 
╔Á╔ÁclassMapInterpolateV, ╔Á╔ÁclassProp, ╔Á╔ÁcomponentInstance, ╔Á╔Áconditional, ╔Á╔ÁcontentQuery, 
╔Á╔ÁcontentQuerySignal, ╔Á╔ÁdeclareLet, ╔Á╔Ádefer, ╔Á╔ÁdeferEnableTimerScheduling, ╔Á╔ÁdeferOnHover, ╔Á╔ÁdeferOnIdle, 
╔Á╔ÁdeferOnImmediate, ╔Á╔ÁdeferOnInteraction, ╔Á╔ÁdeferOnTimer, ╔Á╔ÁdeferOnViewport, ╔Á╔ÁdeferPrefetchOnHover, 
╔Á╔ÁdeferPrefetchOnIdle, ╔Á╔ÁdeferPrefetchOnImmediate, ╔Á╔ÁdeferPrefetchOnInteraction, ╔Á╔ÁdeferPrefetchOnTimer, 
╔Á╔ÁdeferPrefetchOnViewport, ╔Á╔ÁdeferPrefetchWhen, ╔Á╔ÁdeferWhen, ╔Á╔ÁdefineComponent, ╔Á╔ÁdefineDirective, 
╔Á╔ÁdefineInjectable, ╔Á╔ÁdefineInjector, ╔Á╔ÁdefineNgModule, ╔Á╔ÁdefinePipe, ╔Á╔ÁdirectiveInject, 
╔Á╔ÁdisableBindings, ╔Á╔Áelement, ╔Á╔ÁelementContainer, ╔Á╔ÁelementContainerEnd, ╔Á╔ÁelementContainerStart, 
╔Á╔ÁelementEnd, ╔Á╔ÁelementStart, ╔Á╔ÁenableBindings, ╔Á╔ÁgetComponentDepsFactory, ╔Á╔ÁgetCurrentView, 
╔Á╔ÁgetInheritedFactory, ╔Á╔ÁhostProperty, ╔Á╔Ái18n, ╔Á╔Ái18nApply, ╔Á╔Ái18nAttributes, ╔Á╔Ái18nEnd, ╔Á╔Ái18nExp, 
╔Á╔Ái18nPostprocess, ╔Á╔Ái18nStart, ╔Á╔Áinject, ╔Á╔ÁinjectAttribute, ╔Á╔ÁinvalidFactory, ╔Á╔ÁinvalidFactoryDep, 
╔Á╔Álistener, ╔Á╔ÁloadQuery, ╔Á╔ÁnamespaceHTML, ╔Á╔ÁnamespaceMathML, ╔Á╔ÁnamespaceSVG, ╔Á╔ÁnextContext, 
╔Á╔ÁngDeclareClassMetadata, ╔Á╔ÁngDeclareClassMetadataAsync, ╔Á╔ÁngDeclareComponent, ╔Á╔ÁngDeclareDirective, 
╔Á╔ÁngDeclareFactory, ╔Á╔ÁngDeclareInjectable, ╔Á╔ÁngDeclareInjector, ╔Á╔ÁngDeclareNgModule, ╔Á╔ÁngDeclarePipe, 
╔Á╔Ápipe, ╔Á╔ÁpipeBind1, ╔Á╔ÁpipeBind2, ╔Á╔ÁpipeBind3, ╔Á╔ÁpipeBind4, ╔Á╔ÁpipeBindV, ╔Á╔Áprojection, 
╔Á╔ÁprojectionDef, ╔Á╔Áproperty, ╔Á╔ÁpropertyInterpolate, ╔Á╔ÁpropertyInterpolate1, ╔Á╔ÁpropertyInterpolate2, 
╔Á╔ÁpropertyInterpolate3, ╔Á╔ÁpropertyInterpolate4, ╔Á╔ÁpropertyInterpolate5, ╔Á╔ÁpropertyInterpolate6, 
╔Á╔ÁpropertyInterpolate7, ╔Á╔ÁpropertyInterpolate8, ╔Á╔ÁpropertyInterpolateV, ╔Á╔ÁpureFunction0, ╔Á╔ÁpureFunction1, 
╔Á╔ÁpureFunction2, ╔Á╔ÁpureFunction3, ╔Á╔ÁpureFunction4, ╔Á╔ÁpureFunction5, ╔Á╔ÁpureFunction6, ╔Á╔ÁpureFunction7, 
╔Á╔ÁpureFunction8, ╔Á╔ÁpureFunctionV, ╔Á╔ÁqueryAdvance, ╔Á╔ÁqueryRefresh, ╔Á╔ÁreadContextLet, ╔Á╔Áreference, 
╔Á╔ÁregisterNgModuleType, ╔Á╔Árepeater, ╔Á╔ÁrepeaterCreate, ╔Á╔ÁrepeaterTrackByIdentity, ╔Á╔ÁrepeaterTrackByIndex, 
╔Á╔ÁresetView, ╔Á╔ÁresolveBody, ╔Á╔ÁresolveDocument, ╔Á╔ÁresolveWindow, ╔Á╔ÁrestoreView, ╔Á╔ÁsanitizeHtml, 
╔Á╔ÁsanitizeResourceUrl, ╔Á╔ÁsanitizeScript, ╔Á╔ÁsanitizeStyle, ╔Á╔ÁsanitizeUrl, ╔Á╔ÁsanitizeUrlOrResourceUrl, 
╔Á╔ÁsetComponentScope, ╔Á╔ÁsetNgModuleScope, ╔Á╔ÁstoreLet, ╔Á╔ÁstyleMap, ╔Á╔ÁstyleMapInterpolate1, 
╔Á╔ÁstyleMapInterpolate2, ╔Á╔ÁstyleMapInterpolate3, ╔Á╔ÁstyleMapInterpolate4, ╔Á╔ÁstyleMapInterpolate5, 
╔Á╔ÁstyleMapInterpolate6, ╔Á╔ÁstyleMapInterpolate7, ╔Á╔ÁstyleMapInterpolate8, ╔Á╔ÁstyleMapInterpolateV, ╔Á╔ÁstyleProp, 
╔Á╔ÁstylePropInterpolate1, ╔Á╔ÁstylePropInterpolate2, ╔Á╔ÁstylePropInterpolate3, ╔Á╔ÁstylePropInterpolate4, 
╔Á╔ÁstylePropInterpolate5, ╔Á╔ÁstylePropInterpolate6, ╔Á╔ÁstylePropInterpolate7, ╔Á╔ÁstylePropInterpolate8, 
╔Á╔ÁstylePropInterpolateV, ╔Á╔ÁsyntheticHostListener, ╔Á╔ÁsyntheticHostProperty, ╔Á╔Átemplate, 
╔Á╔ÁtemplateRefExtractor, ╔Á╔Átext, ╔Á╔ÁtextInterpolate, ╔Á╔ÁtextInterpolate1, ╔Á╔ÁtextInterpolate2, 
╔Á╔ÁtextInterpolate3, ╔Á╔ÁtextInterpolate4, ╔Á╔ÁtextInterpolate5, ╔Á╔ÁtextInterpolate6, ╔Á╔ÁtextInterpolate7, 
╔Á╔ÁtextInterpolate8, ╔Á╔ÁtextInterpolateV, ╔Á╔ÁtrustConstantHtml, ╔Á╔ÁtrustConstantResourceUrl, ╔Á╔ÁtwoWayBindingSet, 
╔Á╔ÁtwoWayListener, ╔Á╔ÁtwoWayProperty, ╔Á╔ÁvalidateIframeAttribute, ╔Á╔ÁviewQuery, ╔Á╔ÁviewQuerySignal)

../node_modules/@angular/forms/fesm2022/forms.mjs:5111:16-36 - Error: export '╔Á╔ÁInputFlags' (imported as 'i0') was 
not found in '@angular/core' (possible exports: ANIMATION_MODULE_TYPE, APP_BOOTSTRAP_LISTENER, APP_ID, 
APP_INITIALIZER, AfterRenderPhase, ApplicationInitStatus, ApplicationModule, ApplicationRef, Attribute, 
COMPILER_OPTIONS, CSP_NONCE, CUSTOM_ELEMENTS_SCHEMA, ChangeDetectionStrategy, ChangeDetectorRef, Compiler, 
CompilerFactory, Component, ComponentFactory, ComponentFactoryResolver, ComponentRef, ContentChild, ContentChildren, 
DEFAULT_CURRENCY_CODE, DebugElement, DebugEventListener, DebugNode, DefaultIterableDiffer, DestroyRef, Directive, 
ENVIRONMENT_INITIALIZER, ElementRef, EmbeddedViewRef, EnvironmentInjector, ErrorHandler, EventEmitter, 
ExperimentalPendingTasks, HOST_TAG_NAME, Host, HostAttributeToken, HostBinding, HostListener, INJECTOR, Inject, 
InjectFlags, Injectable, InjectionToken, Injector, Input, IterableDiffers, KeyValueDiffers, LOCALE_ID, 
MissingTranslationStrategy, ModuleWithComponentFactories, NO_ERRORS_SCHEMA, NgModule, NgModuleFactory, NgModuleRef, 
NgProbeToken, NgZone, Optional, Output, OutputEmitterRef, PACKAGE_ROOT_URL, PLATFORM_ID, PLATFORM_INITIALIZER, Pipe, 
PlatformRef, Query, QueryList, Renderer2, RendererFactory2, RendererStyleFlags2, Sanitizer, SecurityContext, Self, 
SimpleChange, SkipSelf, TRANSLATIONS, TRANSLATIONS_FORMAT, TemplateRef, Testability, TestabilityRegistry, 
TransferState, Type, VERSION, Version, ViewChild, ViewChildren, ViewContainerRef, ViewEncapsulation, ViewRef, 
afterNextRender, afterRender, asNativeElements, assertInInjectionContext, assertNotInReactiveContext, assertPlatform, 
booleanAttribute, computed, contentChild, contentChildren, createComponent, createEnvironmentInjector, createNgModule, 
createNgModuleRef, createPlatform, createPlatformFactory, defineInjectable, destroyPlatform, effect, enableProdMode, 
forwardRef, getDebugNode, getModuleFactory, getNgModuleById, getPlatform, importProvidersFrom, inject, input, 
isDevMode, isSignal, isStandalone, makeEnvironmentProviders, makeStateKey, mergeApplicationConfig, model, 
numberAttribute, output, platformCore, provideExperimentalCheckNoChangesForDebug, 
provideExperimentalZonelessChangeDetection, provideZoneChangeDetection, reflectComponentType, resolveForwardRef, 
runInInjectionContext, setTestabilityGetter, signal, untracked, viewChild, viewChildren, ╔ÁALLOW_MULTIPLE_PLATFORMS, 
╔ÁAfterRenderManager, ╔ÁCONTAINER_HEADER_OFFSET, ╔ÁChangeDetectionScheduler, ╔ÁChangeDetectionSchedulerImpl, 
╔ÁComponentFactory, ╔ÁConsole, ╔ÁDEFAULT_LOCALE_ID, ╔ÁDEFER_BLOCK_CONFIG, ╔ÁDEFER_BLOCK_DEPENDENCY_INTERCEPTOR, 
╔ÁDeferBlockBehavior, ╔ÁDeferBlockState, ╔ÁEffectScheduler, ╔ÁIMAGE_CONFIG, ╔ÁIMAGE_CONFIG_DEFAULTS, ╔ÁINJECTOR_SCOPE, 
╔ÁINPUT_SIGNAL_BRAND_WRITE_TYPE, ╔ÁINTERNAL_APPLICATION_ERROR_HANDLER, ╔ÁIS_HYDRATION_DOM_REUSE_ENABLED, 
╔ÁJSACTION_EVENT_CONTRACT, ╔ÁLContext, ╔ÁLifecycleHooksFeature, ╔ÁLocaleDataIndex, ╔ÁNG_COMP_DEF, ╔ÁNG_DIR_DEF, 
╔ÁNG_ELEMENT_ID, ╔ÁNG_INJ_DEF, ╔ÁNG_MOD_DEF, ╔ÁNG_PIPE_DEF, ╔ÁNG_PROV_DEF, ╔ÁNOT_FOUND_CHECK_ONLY_ELEMENT_INJECTOR, 
╔ÁNO_CHANGE, ╔ÁNgModuleFactory, ╔ÁNoopNgZone, ╔ÁPROVIDED_NG_ZONE, ╔ÁPendingTasks, ╔ÁReflectionCapabilities, 
╔ÁRender3ComponentFactory, ╔ÁRender3ComponentRef, ╔ÁRender3NgModuleRef, ╔ÁRuntimeError, ╔ÁSIGNAL, 
╔ÁSSR_CONTENT_INTEGRITY_MARKER, ╔ÁTESTABILITY, ╔ÁTESTABILITY_GETTER, ╔ÁUSE_RUNTIME_DEPS_TRACKER_FOR_JIT, ╔ÁViewRef, 
╔ÁXSS_SECURITY_URL, ╔ÁZONELESS_ENABLED, ╔Á_sanitizeHtml, ╔Á_sanitizeUrl, ╔ÁallowSanitizationBypassAndThrow, 
╔ÁannotateForHydration, ╔ÁbypassSanitizationTrustHtml, ╔ÁbypassSanitizationTrustResourceUrl, 
╔ÁbypassSanitizationTrustScript, ╔ÁbypassSanitizationTrustStyle, ╔ÁbypassSanitizationTrustUrl, 
╔ÁclearResolutionOfComponentResourcesQueue, ╔ÁcompileComponent, ╔ÁcompileDirective, ╔ÁcompileNgModule, 
╔ÁcompileNgModuleDefs, ╔ÁcompileNgModuleFactory, ╔ÁcompilePipe, ╔ÁconvertToBitFlags, ╔ÁcreateInjector, 
╔ÁdefaultIterableDiffers, ╔ÁdefaultKeyValueDiffers, ╔ÁdepsTracker, ╔ÁdetectChangesInViewIfRequired, ╔ÁdevModeEqual, 
╔ÁfindLocaleData, ╔ÁflushModuleScopingQueueAsMuchAsPossible, ╔ÁformatRuntimeError, 
╔ÁgenerateStandaloneInDeclarationsError, ╔ÁgetAsyncClassMetadataFn, ╔ÁgetDebugNode, ╔ÁgetDeferBlocks, ╔ÁgetDirectives, 
╔ÁgetHostElement, ╔ÁgetInjectableDef, ╔ÁgetLContext, ╔ÁgetLocaleCurrencyCode, ╔ÁgetLocalePluralCase, 
╔ÁgetOutputDestroyRef, ╔ÁgetSanitizationBypassType, ╔ÁgetUnknownElementStrictMode, ╔ÁgetUnknownPropertyStrictMode, 
╔Áglobal, ╔ÁinjectChangeDetectorRef, ╔ÁinternalCreateApplication, ╔ÁinternalProvideZoneChangeDetection, 
╔ÁisBoundToModule, ╔ÁisComponentDefPendingResolution, ╔ÁisEnvironmentProviders, ╔ÁisInjectable, ╔ÁisNgModule, 
╔ÁisPromise, ╔ÁisSubscribable, ╔ÁnoSideEffects, ╔ÁpatchComponentDefWithScope, ╔ÁperformanceMarkFeature, 
╔ÁreadHydrationInfo, ╔ÁregisterLocaleData, ╔ÁrenderDeferBlockState, ╔ÁresetCompiledComponents, ╔ÁresetJitOptions, 
╔ÁresolveComponentResources, ╔ÁrestoreComponentResolutionQueue, ╔ÁsetAllowDuplicateNgModuleIdsForTest, 
╔ÁsetAlternateWeakRefImpl, ╔ÁsetClassDebugInfo, ╔ÁsetClassMetadata, ╔ÁsetClassMetadataAsync, ╔ÁsetCurrentInjector, 
╔ÁsetDocument, ╔ÁsetInjectorProfilerContext, ╔ÁsetLocaleId, ╔ÁsetUnknownElementStrictMode, 
╔ÁsetUnknownPropertyStrictMode, ╔Ástore, ╔Ástringify, ╔ÁtransitiveScopesFor, ╔ÁtriggerResourceLoading, 
╔ÁtruncateMiddle, ╔ÁunregisterLocaleData, ╔ÁunwrapSafeValue, ╔ÁunwrapWritableSignal, ╔ÁwhenStable, ╔ÁwithDomHydration, 
╔ÁwithEventReplay, ╔ÁwithI18nSupport, ╔Á╔ÁCopyDefinitionFeature, ╔Á╔ÁFactoryTarget, ╔Á╔ÁHostDirectivesFeature, 
╔Á╔ÁInheritDefinitionFeature, ╔Á╔ÁInputTransformsFeature, ╔Á╔ÁNgOnChangesFeature, ╔Á╔ÁProvidersFeature, 
╔Á╔ÁStandaloneFeature, ╔Á╔Áadvance, ╔Á╔Áattribute, ╔Á╔ÁattributeInterpolate1, ╔Á╔ÁattributeInterpolate2, 
╔Á╔ÁattributeInterpolate3, ╔Á╔ÁattributeInterpolate4, ╔Á╔ÁattributeInterpolate5, ╔Á╔ÁattributeInterpolate6, 
╔Á╔ÁattributeInterpolate7, ╔Á╔ÁattributeInterpolate8, ╔Á╔ÁattributeInterpolateV, ╔Á╔ÁclassMap, 
╔Á╔ÁclassMapInterpolate1, ╔Á╔ÁclassMapInterpolate2, ╔Á╔ÁclassMapInterpolate3, ╔Á╔ÁclassMapInterpolate4, 
╔Á╔ÁclassMapInterpolate5, ╔Á╔ÁclassMapInterpolate6, ╔Á╔ÁclassMapInterpolate7, ╔Á╔ÁclassMapInterpolate8, 
╔Á╔ÁclassMapInterpolateV, ╔Á╔ÁclassProp, ╔Á╔ÁcomponentInstance, ╔Á╔Áconditional, ╔Á╔ÁcontentQuery, 
╔Á╔ÁcontentQuerySignal, ╔Á╔ÁdeclareLet, ╔Á╔Ádefer, ╔Á╔ÁdeferEnableTimerScheduling, ╔Á╔ÁdeferOnHover, ╔Á╔ÁdeferOnIdle, 
╔Á╔ÁdeferOnImmediate, ╔Á╔ÁdeferOnInteraction, ╔Á╔ÁdeferOnTimer, ╔Á╔ÁdeferOnViewport, ╔Á╔ÁdeferPrefetchOnHover, 
╔Á╔ÁdeferPrefetchOnIdle, ╔Á╔ÁdeferPrefetchOnImmediate, ╔Á╔ÁdeferPrefetchOnInteraction, ╔Á╔ÁdeferPrefetchOnTimer, 
╔Á╔ÁdeferPrefetchOnViewport, ╔Á╔ÁdeferPrefetchWhen, ╔Á╔ÁdeferWhen, ╔Á╔ÁdefineComponent, ╔Á╔ÁdefineDirective, 
╔Á╔ÁdefineInjectable, ╔Á╔ÁdefineInjector, ╔Á╔ÁdefineNgModule, ╔Á╔ÁdefinePipe, ╔Á╔ÁdirectiveInject, 
╔Á╔ÁdisableBindings, ╔Á╔Áelement, ╔Á╔ÁelementContainer, ╔Á╔ÁelementContainerEnd, ╔Á╔ÁelementContainerStart, 
╔Á╔ÁelementEnd, ╔Á╔ÁelementStart, ╔Á╔ÁenableBindings, ╔Á╔ÁgetComponentDepsFactory, ╔Á╔ÁgetCurrentView, 
╔Á╔ÁgetInheritedFactory, ╔Á╔ÁhostProperty, ╔Á╔Ái18n, ╔Á╔Ái18nApply, ╔Á╔Ái18nAttributes, ╔Á╔Ái18nEnd, ╔Á╔Ái18nExp, 
╔Á╔Ái18nPostprocess, ╔Á╔Ái18nStart, ╔Á╔Áinject, ╔Á╔ÁinjectAttribute, ╔Á╔ÁinvalidFactory, ╔Á╔ÁinvalidFactoryDep, 
╔Á╔Álistener, ╔Á╔ÁloadQuery, ╔Á╔ÁnamespaceHTML, ╔Á╔ÁnamespaceMathML, ╔Á╔ÁnamespaceSVG, ╔Á╔ÁnextContext, 
╔Á╔ÁngDeclareClassMetadata, ╔Á╔ÁngDeclareClassMetadataAsync, ╔Á╔ÁngDeclareComponent, ╔Á╔ÁngDeclareDirective, 
╔Á╔ÁngDeclareFactory, ╔Á╔ÁngDeclareInjectable, ╔Á╔ÁngDeclareInjector, ╔Á╔ÁngDeclareNgModule, ╔Á╔ÁngDeclarePipe, 
╔Á╔Ápipe, ╔Á╔ÁpipeBind1, ╔Á╔ÁpipeBind2, ╔Á╔ÁpipeBind3, ╔Á╔ÁpipeBind4, ╔Á╔ÁpipeBindV, ╔Á╔Áprojection, 
╔Á╔ÁprojectionDef, ╔Á╔Áproperty, ╔Á╔ÁpropertyInterpolate, ╔Á╔ÁpropertyInterpolate1, ╔Á╔ÁpropertyInterpolate2, 
╔Á╔ÁpropertyInterpolate3, ╔Á╔ÁpropertyInterpolate4, ╔Á╔ÁpropertyInterpolate5, ╔Á╔ÁpropertyInterpolate6, 
╔Á╔ÁpropertyInterpolate7, ╔Á╔ÁpropertyInterpolate8, ╔Á╔ÁpropertyInterpolateV, ╔Á╔ÁpureFunction0, ╔Á╔ÁpureFunction1, 
╔Á╔ÁpureFunction2, ╔Á╔ÁpureFunction3, ╔Á╔ÁpureFunction4, ╔Á╔ÁpureFunction5, ╔Á╔ÁpureFunction6, ╔Á╔ÁpureFunction7, 
╔Á╔ÁpureFunction8, ╔Á╔ÁpureFunctionV, ╔Á╔ÁqueryAdvance, ╔Á╔ÁqueryRefresh, ╔Á╔ÁreadContextLet, ╔Á╔Áreference, 
╔Á╔ÁregisterNgModuleType, ╔Á╔Árepeater, ╔Á╔ÁrepeaterCreate, ╔Á╔ÁrepeaterTrackByIdentity, ╔Á╔ÁrepeaterTrackByIndex, 
╔Á╔ÁresetView, ╔Á╔ÁresolveBody, ╔Á╔ÁresolveDocument, ╔Á╔ÁresolveWindow, ╔Á╔ÁrestoreView, ╔Á╔ÁsanitizeHtml, 
╔Á╔ÁsanitizeResourceUrl, ╔Á╔ÁsanitizeScript, ╔Á╔ÁsanitizeStyle, ╔Á╔ÁsanitizeUrl, ╔Á╔ÁsanitizeUrlOrResourceUrl, 
╔Á╔ÁsetComponentScope, ╔Á╔ÁsetNgModuleScope, ╔Á╔ÁstoreLet, ╔Á╔ÁstyleMap, ╔Á╔ÁstyleMapInterpolate1, 
╔Á╔ÁstyleMapInterpolate2, ╔Á╔ÁstyleMapInterpolate3, ╔Á╔ÁstyleMapInterpolate4, ╔Á╔ÁstyleMapInterpolate5, 
╔Á╔ÁstyleMapInterpolate6, ╔Á╔ÁstyleMapInterpolate7, ╔Á╔ÁstyleMapInterpolate8, ╔Á╔ÁstyleMapInterpolateV, ╔Á╔ÁstyleProp, 
╔Á╔ÁstylePropInterpolate1, ╔Á╔ÁstylePropInterpolate2, ╔Á╔ÁstylePropInterpolate3, ╔Á╔ÁstylePropInterpolate4, 
╔Á╔ÁstylePropInterpolate5, ╔Á╔ÁstylePropInterpolate6, ╔Á╔ÁstylePropInterpolate7, ╔Á╔ÁstylePropInterpolate8, 
╔Á╔ÁstylePropInterpolateV, ╔Á╔ÁsyntheticHostListener, ╔Á╔ÁsyntheticHostProperty, ╔Á╔Átemplate, 
╔Á╔ÁtemplateRefExtractor, ╔Á╔Átext, ╔Á╔ÁtextInterpolate, ╔Á╔ÁtextInterpolate1, ╔Á╔ÁtextInterpolate2, 
╔Á╔ÁtextInterpolate3, ╔Á╔ÁtextInterpolate4, ╔Á╔ÁtextInterpolate5, ╔Á╔ÁtextInterpolate6, ╔Á╔ÁtextInterpolate7, 
╔Á╔ÁtextInterpolate8, ╔Á╔ÁtextInterpolateV, ╔Á╔ÁtrustConstantHtml, ╔Á╔ÁtrustConstantResourceUrl, ╔Á╔ÁtwoWayBindingSet, 
╔Á╔ÁtwoWayListener, ╔Á╔ÁtwoWayProperty, ╔Á╔ÁvalidateIframeAttribute, ╔Á╔ÁviewQuery, ╔Á╔ÁviewQuerySignal)

../node_modules/@angular/forms/fesm2022/forms.mjs:5527:15-35 - Error: export '╔Á╔ÁInputFlags' (imported as 'i0') was 
not found in '@angular/core' (possible exports: ANIMATION_MODULE_TYPE, APP_BOOTSTRAP_LISTENER, APP_ID, 
APP_INITIALIZER, AfterRenderPhase, ApplicationInitStatus, ApplicationModule, ApplicationRef, Attribute, 
COMPILER_OPTIONS, CSP_NONCE, CUSTOM_ELEMENTS_SCHEMA, ChangeDetectionStrategy, ChangeDetectorRef, Compiler, 
CompilerFactory, Component, ComponentFactory, ComponentFactoryResolver, ComponentRef, ContentChild, ContentChildren, 
DEFAULT_CURRENCY_CODE, DebugElement, DebugEventListener, DebugNode, DefaultIterableDiffer, DestroyRef, Directive, 
ENVIRONMENT_INITIALIZER, ElementRef, EmbeddedViewRef, EnvironmentInjector, ErrorHandler, EventEmitter, 
ExperimentalPendingTasks, HOST_TAG_NAME, Host, HostAttributeToken, HostBinding, HostListener, INJECTOR, Inject, 
InjectFlags, Injectable, InjectionToken, Injector, Input, IterableDiffers, KeyValueDiffers, LOCALE_ID, 
MissingTranslationStrategy, ModuleWithComponentFactories, NO_ERRORS_SCHEMA, NgModule, NgModuleFactory, NgModuleRef, 
NgProbeToken, NgZone, Optional, Output, OutputEmitterRef, PACKAGE_ROOT_URL, PLATFORM_ID, PLATFORM_INITIALIZER, Pipe, 
PlatformRef, Query, QueryList, Renderer2, RendererFactory2, RendererStyleFlags2, Sanitizer, SecurityContext, Self, 
SimpleChange, SkipSelf, TRANSLATIONS, TRANSLATIONS_FORMAT, TemplateRef, Testability, TestabilityRegistry, 
TransferState, Type, VERSION, Version, ViewChild, ViewChildren, ViewContainerRef, ViewEncapsulation, ViewRef, 
afterNextRender, afterRender, asNativeElements, assertInInjectionContext, assertNotInReactiveContext, assertPlatform, 
booleanAttribute, computed, contentChild, contentChildren, createComponent, createEnvironmentInjector, createNgModule, 
createNgModuleRef, createPlatform, createPlatformFactory, defineInjectable, destroyPlatform, effect, enableProdMode, 
forwardRef, getDebugNode, getModuleFactory, getNgModuleById, getPlatform, importProvidersFrom, inject, input, 
isDevMode, isSignal, isStandalone, makeEnvironmentProviders, makeStateKey, mergeApplicationConfig, model, 
numberAttribute, output, platformCore, provideExperimentalCheckNoChangesForDebug, 
provideExperimentalZonelessChangeDetection, provideZoneChangeDetection, reflectComponentType, resolveForwardRef, 
runInInjectionContext, setTestabilityGetter, signal, untracked, viewChild, viewChildren, ╔ÁALLOW_MULTIPLE_PLATFORMS, 
╔ÁAfterRenderManager, ╔ÁCONTAINER_HEADER_OFFSET, ╔ÁChangeDetectionScheduler, ╔ÁChangeDetectionSchedulerImpl, 
╔ÁComponentFactory, ╔ÁConsole, ╔ÁDEFAULT_LOCALE_ID, ╔ÁDEFER_BLOCK_CONFIG, ╔ÁDEFER_BLOCK_DEPENDENCY_INTERCEPTOR, 
╔ÁDeferBlockBehavior, ╔ÁDeferBlockState, ╔ÁEffectScheduler, ╔ÁIMAGE_CONFIG, ╔ÁIMAGE_CONFIG_DEFAULTS, ╔ÁINJECTOR_SCOPE, 
╔ÁINPUT_SIGNAL_BRAND_WRITE_TYPE, ╔ÁINTERNAL_APPLICATION_ERROR_HANDLER, ╔ÁIS_HYDRATION_DOM_REUSE_ENABLED, 
╔ÁJSACTION_EVENT_CONTRACT, ╔ÁLContext, ╔ÁLifecycleHooksFeature, ╔ÁLocaleDataIndex, ╔ÁNG_COMP_DEF, ╔ÁNG_DIR_DEF, 
╔ÁNG_ELEMENT_ID, ╔ÁNG_INJ_DEF, ╔ÁNG_MOD_DEF, ╔ÁNG_PIPE_DEF, ╔ÁNG_PROV_DEF, ╔ÁNOT_FOUND_CHECK_ONLY_ELEMENT_INJECTOR, 
╔ÁNO_CHANGE, ╔ÁNgModuleFactory, ╔ÁNoopNgZone, ╔ÁPROVIDED_NG_ZONE, ╔ÁPendingTasks, ╔ÁReflectionCapabilities, 
╔ÁRender3ComponentFactory, ╔ÁRender3ComponentRef, ╔ÁRender3NgModuleRef, ╔ÁRuntimeError, ╔ÁSIGNAL, 
╔ÁSSR_CONTENT_INTEGRITY_MARKER, ╔ÁTESTABILITY, ╔ÁTESTABILITY_GETTER, ╔ÁUSE_RUNTIME_DEPS_TRACKER_FOR_JIT, ╔ÁViewRef, 
╔ÁXSS_SECURITY_URL, ╔ÁZONELESS_ENABLED, ╔Á_sanitizeHtml, ╔Á_sanitizeUrl, ╔ÁallowSanitizationBypassAndThrow, 
╔ÁannotateForHydration, ╔ÁbypassSanitizationTrustHtml, ╔ÁbypassSanitizationTrustResourceUrl, 
╔ÁbypassSanitizationTrustScript, ╔ÁbypassSanitizationTrustStyle, ╔ÁbypassSanitizationTrustUrl, 
╔ÁclearResolutionOfComponentResourcesQueue, ╔ÁcompileComponent, ╔ÁcompileDirective, ╔ÁcompileNgModule, 
╔ÁcompileNgModuleDefs, ╔ÁcompileNgModuleFactory, ╔ÁcompilePipe, ╔ÁconvertToBitFlags, ╔ÁcreateInjector, 
╔ÁdefaultIterableDiffers, ╔ÁdefaultKeyValueDiffers, ╔ÁdepsTracker, ╔ÁdetectChangesInViewIfRequired, ╔ÁdevModeEqual, 
╔ÁfindLocaleData, ╔ÁflushModuleScopingQueueAsMuchAsPossible, ╔ÁformatRuntimeError, 
╔ÁgenerateStandaloneInDeclarationsError, ╔ÁgetAsyncClassMetadataFn, ╔ÁgetDebugNode, ╔ÁgetDeferBlocks, ╔ÁgetDirectives, 
╔ÁgetHostElement, ╔ÁgetInjectableDef, ╔ÁgetLContext, ╔ÁgetLocaleCurrencyCode, ╔ÁgetLocalePluralCase, 
╔ÁgetOutputDestroyRef, ╔ÁgetSanitizationBypassType, ╔ÁgetUnknownElementStrictMode, ╔ÁgetUnknownPropertyStrictMode, 
╔Áglobal, ╔ÁinjectChangeDetectorRef, ╔ÁinternalCreateApplication, ╔ÁinternalProvideZoneChangeDetection, 
╔ÁisBoundToModule, ╔ÁisComponentDefPendingResolution, ╔ÁisEnvironmentProviders, ╔ÁisInjectable, ╔ÁisNgModule, 
╔ÁisPromise, ╔ÁisSubscribable, ╔ÁnoSideEffects, ╔ÁpatchComponentDefWithScope, ╔ÁperformanceMarkFeature, 
╔ÁreadHydrationInfo, ╔ÁregisterLocaleData, ╔ÁrenderDeferBlockState, ╔ÁresetCompiledComponents, ╔ÁresetJitOptions, 
╔ÁresolveComponentResources, ╔ÁrestoreComponentResolutionQueue, ╔ÁsetAllowDuplicateNgModuleIdsForTest, 
╔ÁsetAlternateWeakRefImpl, ╔ÁsetClassDebugInfo, ╔ÁsetClassMetadata, ╔ÁsetClassMetadataAsync, ╔ÁsetCurrentInjector, 
╔ÁsetDocument, ╔ÁsetInjectorProfilerContext, ╔ÁsetLocaleId, ╔ÁsetUnknownElementStrictMode, 
╔ÁsetUnknownPropertyStrictMode, ╔Ástore, ╔Ástringify, ╔ÁtransitiveScopesFor, ╔ÁtriggerResourceLoading, 
╔ÁtruncateMiddle, ╔ÁunregisterLocaleData, ╔ÁunwrapSafeValue, ╔ÁunwrapWritableSignal, ╔ÁwhenStable, ╔ÁwithDomHydration, 
╔ÁwithEventReplay, ╔ÁwithI18nSupport, ╔Á╔ÁCopyDefinitionFeature, ╔Á╔ÁFactoryTarget, ╔Á╔ÁHostDirectivesFeature, 
╔Á╔ÁInheritDefinitionFeature, ╔Á╔ÁInputTransformsFeature, ╔Á╔ÁNgOnChangesFeature, ╔Á╔ÁProvidersFeature, 
╔Á╔ÁStandaloneFeature, ╔Á╔Áadvance, ╔Á╔Áattribute, ╔Á╔ÁattributeInterpolate1, ╔Á╔ÁattributeInterpolate2, 
╔Á╔ÁattributeInterpolate3, ╔Á╔ÁattributeInterpolate4, ╔Á╔ÁattributeInterpolate5, ╔Á╔ÁattributeInterpolate6, 
╔Á╔ÁattributeInterpolate7, ╔Á╔ÁattributeInterpolate8, ╔Á╔ÁattributeInterpolateV, ╔Á╔ÁclassMap, 
╔Á╔ÁclassMapInterpolate1, ╔Á╔ÁclassMapInterpolate2, ╔Á╔ÁclassMapInterpolate3, ╔Á╔ÁclassMapInterpolate4, 
╔Á╔ÁclassMapInterpolate5, ╔Á╔ÁclassMapInterpolate6, ╔Á╔ÁclassMapInterpolate7, ╔Á╔ÁclassMapInterpolate8, 
╔Á╔ÁclassMapInterpolateV, ╔Á╔ÁclassProp, ╔Á╔ÁcomponentInstance, ╔Á╔Áconditional, ╔Á╔ÁcontentQuery, 
╔Á╔ÁcontentQuerySignal, ╔Á╔ÁdeclareLet, ╔Á╔Ádefer, ╔Á╔ÁdeferEnableTimerScheduling, ╔Á╔ÁdeferOnHover, ╔Á╔ÁdeferOnIdle, 
╔Á╔ÁdeferOnImmediate, ╔Á╔ÁdeferOnInteraction, ╔Á╔ÁdeferOnTimer, ╔Á╔ÁdeferOnViewport, ╔Á╔ÁdeferPrefetchOnHover, 
╔Á╔ÁdeferPrefetchOnIdle, ╔Á╔ÁdeferPrefetchOnImmediate, ╔Á╔ÁdeferPrefetchOnInteraction, ╔Á╔ÁdeferPrefetchOnTimer, 
╔Á╔ÁdeferPrefetchOnViewport, ╔Á╔ÁdeferPrefetchWhen, ╔Á╔ÁdeferWhen, ╔Á╔ÁdefineComponent, ╔Á╔ÁdefineDirective, 
╔Á╔ÁdefineInjectable, ╔Á╔ÁdefineInjector, ╔Á╔ÁdefineNgModule, ╔Á╔ÁdefinePipe, ╔Á╔ÁdirectiveInject, 
╔Á╔ÁdisableBindings, ╔Á╔Áelement, ╔Á╔ÁelementContainer, ╔Á╔ÁelementContainerEnd, ╔Á╔ÁelementContainerStart, 
╔Á╔ÁelementEnd, ╔Á╔ÁelementStart, ╔Á╔ÁenableBindings, ╔Á╔ÁgetComponentDepsFactory, ╔Á╔ÁgetCurrentView, 
╔Á╔ÁgetInheritedFactory, ╔Á╔ÁhostProperty, ╔Á╔Ái18n, ╔Á╔Ái18nApply, ╔Á╔Ái18nAttributes, ╔Á╔Ái18nEnd, ╔Á╔Ái18nExp, 
╔Á╔Ái18nPostprocess, ╔Á╔Ái18nStart, ╔Á╔Áinject, ╔Á╔ÁinjectAttribute, ╔Á╔ÁinvalidFactory, ╔Á╔ÁinvalidFactoryDep, 
╔Á╔Álistener, ╔Á╔ÁloadQuery, ╔Á╔ÁnamespaceHTML, ╔Á╔ÁnamespaceMathML, ╔Á╔ÁnamespaceSVG, ╔Á╔ÁnextContext, 
╔Á╔ÁngDeclareClassMetadata, ╔Á╔ÁngDeclareClassMetadataAsync, ╔Á╔ÁngDeclareComponent, ╔Á╔ÁngDeclareDirective, 
╔Á╔ÁngDeclareFactory, ╔Á╔ÁngDeclareInjectable, ╔Á╔ÁngDeclareInjector, ╔Á╔ÁngDeclareNgModule, ╔Á╔ÁngDeclarePipe, 
╔Á╔Ápipe, ╔Á╔ÁpipeBind1, ╔Á╔ÁpipeBind2, ╔Á╔ÁpipeBind3, ╔Á╔ÁpipeBind4, ╔Á╔ÁpipeBindV, ╔Á╔Áprojection, 
╔Á╔ÁprojectionDef, ╔Á╔Áproperty, ╔Á╔ÁpropertyInterpolate, ╔Á╔ÁpropertyInterpolate1, ╔Á╔ÁpropertyInterpolate2, 
╔Á╔ÁpropertyInterpolate3, ╔Á╔ÁpropertyInterpolate4, ╔Á╔ÁpropertyInterpolate5, ╔Á╔ÁpropertyInterpolate6, 
╔Á╔ÁpropertyInterpolate7, ╔Á╔ÁpropertyInterpolate8, ╔Á╔ÁpropertyInterpolateV, ╔Á╔ÁpureFunction0, ╔Á╔ÁpureFunction1, 
╔Á╔ÁpureFunction2, ╔Á╔ÁpureFunction3, ╔Á╔ÁpureFunction4, ╔Á╔ÁpureFunction5, ╔Á╔ÁpureFunction6, ╔Á╔ÁpureFunction7, 
╔Á╔ÁpureFunction8, ╔Á╔ÁpureFunctionV, ╔Á╔ÁqueryAdvance, ╔Á╔ÁqueryRefresh, ╔Á╔ÁreadContextLet, ╔Á╔Áreference, 
╔Á╔ÁregisterNgModuleType, ╔Á╔Árepeater, ╔Á╔ÁrepeaterCreate, ╔Á╔ÁrepeaterTrackByIdentity, ╔Á╔ÁrepeaterTrackByIndex, 
╔Á╔ÁresetView, ╔Á╔ÁresolveBody, ╔Á╔ÁresolveDocument, ╔Á╔ÁresolveWindow, ╔Á╔ÁrestoreView, ╔Á╔ÁsanitizeHtml, 
╔Á╔ÁsanitizeResourceUrl, ╔Á╔ÁsanitizeScript, ╔Á╔ÁsanitizeStyle, ╔Á╔ÁsanitizeUrl, ╔Á╔ÁsanitizeUrlOrResourceUrl, 
╔Á╔ÁsetComponentScope, ╔Á╔ÁsetNgModuleScope, ╔Á╔ÁstoreLet, ╔Á╔ÁstyleMap, ╔Á╔ÁstyleMapInterpolate1, 
╔Á╔ÁstyleMapInterpolate2, ╔Á╔ÁstyleMapInterpolate3, ╔Á╔ÁstyleMapInterpolate4, ╔Á╔ÁstyleMapInterpolate5, 
╔Á╔ÁstyleMapInterpolate6, ╔Á╔ÁstyleMapInterpolate7, ╔Á╔ÁstyleMapInterpolate8, ╔Á╔ÁstyleMapInterpolateV, ╔Á╔ÁstyleProp, 
╔Á╔ÁstylePropInterpolate1, ╔Á╔ÁstylePropInterpolate2, ╔Á╔ÁstylePropInterpolate3, ╔Á╔ÁstylePropInterpolate4, 
╔Á╔ÁstylePropInterpolate5, ╔Á╔ÁstylePropInterpolate6, ╔Á╔ÁstylePropInterpolate7, ╔Á╔ÁstylePropInterpolate8, 
╔Á╔ÁstylePropInterpolateV, ╔Á╔ÁsyntheticHostListener, ╔Á╔ÁsyntheticHostProperty, ╔Á╔Átemplate, 
╔Á╔ÁtemplateRefExtractor, ╔Á╔Átext, ╔Á╔ÁtextInterpolate, ╔Á╔ÁtextInterpolate1, ╔Á╔ÁtextInterpolate2, 
╔Á╔ÁtextInterpolate3, ╔Á╔ÁtextInterpolate4, ╔Á╔ÁtextInterpolate5, ╔Á╔ÁtextInterpolate6, ╔Á╔ÁtextInterpolate7, 
╔Á╔ÁtextInterpolate8, ╔Á╔ÁtextInterpolateV, ╔Á╔ÁtrustConstantHtml, ╔Á╔ÁtrustConstantResourceUrl, ╔Á╔ÁtwoWayBindingSet, 
╔Á╔ÁtwoWayListener, ╔Á╔ÁtwoWayProperty, ╔Á╔ÁvalidateIframeAttribute, ╔Á╔ÁviewQuery, ╔Á╔ÁviewQuerySignal)

../node_modules/@angular/forms/fesm2022/forms.mjs:5671:15-35 - Error: export '╔Á╔ÁInputFlags' (imported as 'i0') was 
not found in '@angular/core' (possible exports: ANIMATION_MODULE_TYPE, APP_BOOTSTRAP_LISTENER, APP_ID, 
APP_INITIALIZER, AfterRenderPhase, ApplicationInitStatus, ApplicationModule, ApplicationRef, Attribute, 
COMPILER_OPTIONS, CSP_NONCE, CUSTOM_ELEMENTS_SCHEMA, ChangeDetectionStrategy, ChangeDetectorRef, Compiler, 
CompilerFactory, Component, ComponentFactory, ComponentFactoryResolver, ComponentRef, ContentChild, ContentChildren, 
DEFAULT_CURRENCY_CODE, DebugElement, DebugEventListener, DebugNode, DefaultIterableDiffer, DestroyRef, Directive, 
ENVIRONMENT_INITIALIZER, ElementRef, EmbeddedViewRef, EnvironmentInjector, ErrorHandler, EventEmitter, 
ExperimentalPendingTasks, HOST_TAG_NAME, Host, HostAttributeToken, HostBinding, HostListener, INJECTOR, Inject, 
InjectFlags, Injectable, InjectionToken, Injector, Input, IterableDiffers, KeyValueDiffers, LOCALE_ID, 
MissingTranslationStrategy, ModuleWithComponentFactories, NO_ERRORS_SCHEMA, NgModule, NgModuleFactory, NgModuleRef, 
NgProbeToken, NgZone, Optional, Output, OutputEmitterRef, PACKAGE_ROOT_URL, PLATFORM_ID, PLATFORM_INITIALIZER, Pipe, 
PlatformRef, Query, QueryList, Renderer2, RendererFactory2, RendererStyleFlags2, Sanitizer, SecurityContext, Self, 
SimpleChange, SkipSelf, TRANSLATIONS, TRANSLATIONS_FORMAT, TemplateRef, Testability, TestabilityRegistry, 
TransferState, Type, VERSION, Version, ViewChild, ViewChildren, ViewContainerRef, ViewEncapsulation, ViewRef, 
afterNextRender, afterRender, asNativeElements, assertInInjectionContext, assertNotInReactiveContext, assertPlatform, 
booleanAttribute, computed, contentChild, contentChildren, createComponent, createEnvironmentInjector, createNgModule, 
createNgModuleRef, createPlatform, createPlatformFactory, defineInjectable, destroyPlatform, effect, enableProdMode, 
forwardRef, getDebugNode, getModuleFactory, getNgModuleById, getPlatform, importProvidersFrom, inject, input, 
isDevMode, isSignal, isStandalone, makeEnvironmentProviders, makeStateKey, mergeApplicationConfig, model, 
numberAttribute, output, platformCore, provideExperimentalCheckNoChangesForDebug, 
provideExperimentalZonelessChangeDetection, provideZoneChangeDetection, reflectComponentType, resolveForwardRef, 
runInInjectionContext, setTestabilityGetter, signal, untracked, viewChild, viewChildren, ╔ÁALLOW_MULTIPLE_PLATFORMS, 
╔ÁAfterRenderManager, ╔ÁCONTAINER_HEADER_OFFSET, ╔ÁChangeDetectionScheduler, ╔ÁChangeDetectionSchedulerImpl, 
╔ÁComponentFactory, ╔ÁConsole, ╔ÁDEFAULT_LOCALE_ID, ╔ÁDEFER_BLOCK_CONFIG, ╔ÁDEFER_BLOCK_DEPENDENCY_INTERCEPTOR, 
╔ÁDeferBlockBehavior, ╔ÁDeferBlockState, ╔ÁEffectScheduler, ╔ÁIMAGE_CONFIG, ╔ÁIMAGE_CONFIG_DEFAULTS, ╔ÁINJECTOR_SCOPE, 
╔ÁINPUT_SIGNAL_BRAND_WRITE_TYPE, ╔ÁINTERNAL_APPLICATION_ERROR_HANDLER, ╔ÁIS_HYDRATION_DOM_REUSE_ENABLED, 
╔ÁJSACTION_EVENT_CONTRACT, ╔ÁLContext, ╔ÁLifecycleHooksFeature, ╔ÁLocaleDataIndex, ╔ÁNG_COMP_DEF, ╔ÁNG_DIR_DEF, 
╔ÁNG_ELEMENT_ID, ╔ÁNG_INJ_DEF, ╔ÁNG_MOD_DEF, ╔ÁNG_PIPE_DEF, ╔ÁNG_PROV_DEF, ╔ÁNOT_FOUND_CHECK_ONLY_ELEMENT_INJECTOR, 
╔ÁNO_CHANGE, ╔ÁNgModuleFactory, ╔ÁNoopNgZone, ╔ÁPROVIDED_NG_ZONE, ╔ÁPendingTasks, ╔ÁReflectionCapabilities, 
╔ÁRender3ComponentFactory, ╔ÁRender3ComponentRef, ╔ÁRender3NgModuleRef, ╔ÁRuntimeError, ╔ÁSIGNAL, 
╔ÁSSR_CONTENT_INTEGRITY_MARKER, ╔ÁTESTABILITY, ╔ÁTESTABILITY_GETTER, ╔ÁUSE_RUNTIME_DEPS_TRACKER_FOR_JIT, ╔ÁViewRef, 
╔ÁXSS_SECURITY_URL, ╔ÁZONELESS_ENABLED, ╔Á_sanitizeHtml, ╔Á_sanitizeUrl, ╔ÁallowSanitizationBypassAndThrow, 
╔ÁannotateForHydration, ╔ÁbypassSanitizationTrustHtml, ╔ÁbypassSanitizationTrustResourceUrl, 
╔ÁbypassSanitizationTrustScript, ╔ÁbypassSanitizationTrustStyle, ╔ÁbypassSanitizationTrustUrl, 
╔ÁclearResolutionOfComponentResourcesQueue, ╔ÁcompileComponent, ╔ÁcompileDirective, ╔ÁcompileNgModule, 
╔ÁcompileNgModuleDefs, ╔ÁcompileNgModuleFactory, ╔ÁcompilePipe, ╔ÁconvertToBitFlags, ╔ÁcreateInjector, 
╔ÁdefaultIterableDiffers, ╔ÁdefaultKeyValueDiffers, ╔ÁdepsTracker, ╔ÁdetectChangesInViewIfRequired, ╔ÁdevModeEqual, 
╔ÁfindLocaleData, ╔ÁflushModuleScopingQueueAsMuchAsPossible, ╔ÁformatRuntimeError, 
╔ÁgenerateStandaloneInDeclarationsError, ╔ÁgetAsyncClassMetadataFn, ╔ÁgetDebugNode, ╔ÁgetDeferBlocks, ╔ÁgetDirectives, 
╔ÁgetHostElement, ╔ÁgetInjectableDef, ╔ÁgetLContext, ╔ÁgetLocaleCurrencyCode, ╔ÁgetLocalePluralCase, 
╔ÁgetOutputDestroyRef, ╔ÁgetSanitizationBypassType, ╔ÁgetUnknownElementStrictMode, ╔ÁgetUnknownPropertyStrictMode, 
╔Áglobal, ╔ÁinjectChangeDetectorRef, ╔ÁinternalCreateApplication, ╔ÁinternalProvideZoneChangeDetection, 
╔ÁisBoundToModule, ╔ÁisComponentDefPendingResolution, ╔ÁisEnvironmentProviders, ╔ÁisInjectable, ╔ÁisNgModule, 
╔ÁisPromise, ╔ÁisSubscribable, ╔ÁnoSideEffects, ╔ÁpatchComponentDefWithScope, ╔ÁperformanceMarkFeature, 
╔ÁreadHydrationInfo, ╔ÁregisterLocaleData, ╔ÁrenderDeferBlockState, ╔ÁresetCompiledComponents, ╔ÁresetJitOptions, 
╔ÁresolveComponentResources, ╔ÁrestoreComponentResolutionQueue, ╔ÁsetAllowDuplicateNgModuleIdsForTest, 
╔ÁsetAlternateWeakRefImpl, ╔ÁsetClassDebugInfo, ╔ÁsetClassMetadata, ╔ÁsetClassMetadataAsync, ╔ÁsetCurrentInjector, 
╔ÁsetDocument, ╔ÁsetInjectorProfilerContext, ╔ÁsetLocaleId, ╔ÁsetUnknownElementStrictMode, 
╔ÁsetUnknownPropertyStrictMode, ╔Ástore, ╔Ástringify, ╔ÁtransitiveScopesFor, ╔ÁtriggerResourceLoading, 
╔ÁtruncateMiddle, ╔ÁunregisterLocaleData, ╔ÁunwrapSafeValue, ╔ÁunwrapWritableSignal, ╔ÁwhenStable, ╔ÁwithDomHydration, 
╔ÁwithEventReplay, ╔ÁwithI18nSupport, ╔Á╔ÁCopyDefinitionFeature, ╔Á╔ÁFactoryTarget, ╔Á╔ÁHostDirectivesFeature, 
╔Á╔ÁInheritDefinitionFeature, ╔Á╔ÁInputTransformsFeature, ╔Á╔ÁNgOnChangesFeature, ╔Á╔ÁProvidersFeature, 
╔Á╔ÁStandaloneFeature, ╔Á╔Áadvance, ╔Á╔Áattribute, ╔Á╔ÁattributeInterpolate1, ╔Á╔ÁattributeInterpolate2, 
╔Á╔ÁattributeInterpolate3, ╔Á╔ÁattributeInterpolate4, ╔Á╔ÁattributeInterpolate5, ╔Á╔ÁattributeInterpolate6, 
╔Á╔ÁattributeInterpolate7, ╔Á╔ÁattributeInterpolate8, ╔Á╔ÁattributeInterpolateV, ╔Á╔ÁclassMap, 
╔Á╔ÁclassMapInterpolate1, ╔Á╔ÁclassMapInterpolate2, ╔Á╔ÁclassMapInterpolate3, ╔Á╔ÁclassMapInterpolate4, 
╔Á╔ÁclassMapInterpolate5, ╔Á╔ÁclassMapInterpolate6, ╔Á╔ÁclassMapInterpolate7, ╔Á╔ÁclassMapInterpolate8, 
╔Á╔ÁclassMapInterpolateV, ╔Á╔ÁclassProp, ╔Á╔ÁcomponentInstance, ╔Á╔Áconditional, ╔Á╔ÁcontentQuery, 
╔Á╔ÁcontentQuerySignal, ╔Á╔ÁdeclareLet, ╔Á╔Ádefer, ╔Á╔ÁdeferEnableTimerScheduling, ╔Á╔ÁdeferOnHover, ╔Á╔ÁdeferOnIdle, 
╔Á╔ÁdeferOnImmediate, ╔Á╔ÁdeferOnInteraction, ╔Á╔ÁdeferOnTimer, ╔Á╔ÁdeferOnViewport, ╔Á╔ÁdeferPrefetchOnHover, 
╔Á╔ÁdeferPrefetchOnIdle, ╔Á╔ÁdeferPrefetchOnImmediate, ╔Á╔ÁdeferPrefetchOnInteraction, ╔Á╔ÁdeferPrefetchOnTimer, 
╔Á╔ÁdeferPrefetchOnViewport, ╔Á╔ÁdeferPrefetchWhen, ╔Á╔ÁdeferWhen, ╔Á╔ÁdefineComponent, ╔Á╔ÁdefineDirective, 
╔Á╔ÁdefineInjectable, ╔Á╔ÁdefineInjector, ╔Á╔ÁdefineNgModule, ╔Á╔ÁdefinePipe, ╔Á╔ÁdirectiveInject, 
╔Á╔ÁdisableBindings, ╔Á╔Áelement, ╔Á╔ÁelementContainer, ╔Á╔ÁelementContainerEnd, ╔Á╔ÁelementContainerStart, 
╔Á╔ÁelementEnd, ╔Á╔ÁelementStart, ╔Á╔ÁenableBindings, ╔Á╔ÁgetComponentDepsFactory, ╔Á╔ÁgetCurrentView, 
╔Á╔ÁgetInheritedFactory, ╔Á╔ÁhostProperty, ╔Á╔Ái18n, ╔Á╔Ái18nApply, ╔Á╔Ái18nAttributes, ╔Á╔Ái18nEnd, ╔Á╔Ái18nExp, 
╔Á╔Ái18nPostprocess, ╔Á╔Ái18nStart, ╔Á╔Áinject, ╔Á╔ÁinjectAttribute, ╔Á╔ÁinvalidFactory, ╔Á╔ÁinvalidFactoryDep, 
╔Á╔Álistener, ╔Á╔ÁloadQuery, ╔Á╔ÁnamespaceHTML, ╔Á╔ÁnamespaceMathML, ╔Á╔ÁnamespaceSVG, ╔Á╔ÁnextContext, 
╔Á╔ÁngDeclareClassMetadata, ╔Á╔ÁngDeclareClassMetadataAsync, ╔Á╔ÁngDeclareComponent, ╔Á╔ÁngDeclareDirective, 
╔Á╔ÁngDeclareFactory, ╔Á╔ÁngDeclareInjectable, ╔Á╔ÁngDeclareInjector, ╔Á╔ÁngDeclareNgModule, ╔Á╔ÁngDeclarePipe, 
╔Á╔Ápipe, ╔Á╔ÁpipeBind1, ╔Á╔ÁpipeBind2, ╔Á╔ÁpipeBind3, ╔Á╔ÁpipeBind4, ╔Á╔ÁpipeBindV, ╔Á╔Áprojection, 
╔Á╔ÁprojectionDef, ╔Á╔Áproperty, ╔Á╔ÁpropertyInterpolate, ╔Á╔ÁpropertyInterpolate1, ╔Á╔ÁpropertyInterpolate2, 
╔Á╔ÁpropertyInterpolate3, ╔Á╔ÁpropertyInterpolate4, ╔Á╔ÁpropertyInterpolate5, ╔Á╔ÁpropertyInterpolate6, 
╔Á╔ÁpropertyInterpolate7, ╔Á╔ÁpropertyInterpolate8, ╔Á╔ÁpropertyInterpolateV, ╔Á╔ÁpureFunction0, ╔Á╔ÁpureFunction1, 
╔Á╔ÁpureFunction2, ╔Á╔ÁpureFunction3, ╔Á╔ÁpureFunction4, ╔Á╔ÁpureFunction5, ╔Á╔ÁpureFunction6, ╔Á╔ÁpureFunction7, 
╔Á╔ÁpureFunction8, ╔Á╔ÁpureFunctionV, ╔Á╔ÁqueryAdvance, ╔Á╔ÁqueryRefresh, ╔Á╔ÁreadContextLet, ╔Á╔Áreference, 
╔Á╔ÁregisterNgModuleType, ╔Á╔Árepeater, ╔Á╔ÁrepeaterCreate, ╔Á╔ÁrepeaterTrackByIdentity, ╔Á╔ÁrepeaterTrackByIndex, 
╔Á╔ÁresetView, ╔Á╔ÁresolveBody, ╔Á╔ÁresolveDocument, ╔Á╔ÁresolveWindow, ╔Á╔ÁrestoreView, ╔Á╔ÁsanitizeHtml, 
╔Á╔ÁsanitizeResourceUrl, ╔Á╔ÁsanitizeScript, ╔Á╔ÁsanitizeStyle, ╔Á╔ÁsanitizeUrl, ╔Á╔ÁsanitizeUrlOrResourceUrl, 
╔Á╔ÁsetComponentScope, ╔Á╔ÁsetNgModuleScope, ╔Á╔ÁstoreLet, ╔Á╔ÁstyleMap, ╔Á╔ÁstyleMapInterpolate1, 
╔Á╔ÁstyleMapInterpolate2, ╔Á╔ÁstyleMapInterpolate3, ╔Á╔ÁstyleMapInterpolate4, ╔Á╔ÁstyleMapInterpolate5, 
╔Á╔ÁstyleMapInterpolate6, ╔Á╔ÁstyleMapInterpolate7, ╔Á╔ÁstyleMapInterpolate8, ╔Á╔ÁstyleMapInterpolateV, ╔Á╔ÁstyleProp, 
╔Á╔ÁstylePropInterpolate1, ╔Á╔ÁstylePropInterpolate2, ╔Á╔ÁstylePropInterpolate3, ╔Á╔ÁstylePropInterpolate4, 
╔Á╔ÁstylePropInterpolate5, ╔Á╔ÁstylePropInterpolate6, ╔Á╔ÁstylePropInterpolate7, ╔Á╔ÁstylePropInterpolate8, 
╔Á╔ÁstylePropInterpolateV, ╔Á╔ÁsyntheticHostListener, ╔Á╔ÁsyntheticHostProperty, ╔Á╔Átemplate, 
╔Á╔ÁtemplateRefExtractor, ╔Á╔Átext, ╔Á╔ÁtextInterpolate, ╔Á╔ÁtextInterpolate1, ╔Á╔ÁtextInterpolate2, 
╔Á╔ÁtextInterpolate3, ╔Á╔ÁtextInterpolate4, ╔Á╔ÁtextInterpolate5, ╔Á╔ÁtextInterpolate6, ╔Á╔ÁtextInterpolate7, 
╔Á╔ÁtextInterpolate8, ╔Á╔ÁtextInterpolateV, ╔Á╔ÁtrustConstantHtml, ╔Á╔ÁtrustConstantResourceUrl, ╔Á╔ÁtwoWayBindingSet, 
╔Á╔ÁtwoWayListener, ╔Á╔ÁtwoWayProperty, ╔Á╔ÁvalidateIframeAttribute, ╔Á╔ÁviewQuery, ╔Á╔ÁviewQuerySignal)

../node_modules/@angular/forms/fesm2022/forms.mjs:5820:15-35 - Error: export '╔Á╔ÁInputFlags' (imported as 'i0') was 
not found in '@angular/core' (possible exports: ANIMATION_MODULE_TYPE, APP_BOOTSTRAP_LISTENER, APP_ID, 
APP_INITIALIZER, AfterRenderPhase, ApplicationInitStatus, ApplicationModule, ApplicationRef, Attribute, 
COMPILER_OPTIONS, CSP_NONCE, CUSTOM_ELEMENTS_SCHEMA, ChangeDetectionStrategy, ChangeDetectorRef, Compiler, 
CompilerFactory, Component, ComponentFactory, ComponentFactoryResolver, ComponentRef, ContentChild, ContentChildren, 
DEFAULT_CURRENCY_CODE, DebugElement, DebugEventListener, DebugNode, DefaultIterableDiffer, DestroyRef, Directive, 
ENVIRONMENT_INITIALIZER, ElementRef, EmbeddedViewRef, EnvironmentInjector, ErrorHandler, EventEmitter, 
ExperimentalPendingTasks, HOST_TAG_NAME, Host, HostAttributeToken, HostBinding, HostListener, INJECTOR, Inject, 
InjectFlags, Injectable, InjectionToken, Injector, Input, IterableDiffers, KeyValueDiffers, LOCALE_ID, 
MissingTranslationStrategy, ModuleWithComponentFactories, NO_ERRORS_SCHEMA, NgModule, NgModuleFactory, NgModuleRef, 
NgProbeToken, NgZone, Optional, Output, OutputEmitterRef, PACKAGE_ROOT_URL, PLATFORM_ID, PLATFORM_INITIALIZER, Pipe, 
PlatformRef, Query, QueryList, Renderer2, RendererFactory2, RendererStyleFlags2, Sanitizer, SecurityContext, Self, 
SimpleChange, SkipSelf, TRANSLATIONS, TRANSLATIONS_FORMAT, TemplateRef, Testability, TestabilityRegistry, 
TransferState, Type, VERSION, Version, ViewChild, ViewChildren, ViewContainerRef, ViewEncapsulation, ViewRef, 
afterNextRender, afterRender, asNativeElements, assertInInjectionContext, assertNotInReactiveContext, assertPlatform, 
booleanAttribute, computed, contentChild, contentChildren, createComponent, createEnvironmentInjector, createNgModule, 
createNgModuleRef, createPlatform, createPlatformFactory, defineInjectable, destroyPlatform, effect, enableProdMode, 
forwardRef, getDebugNode, getModuleFactory, getNgModuleById, getPlatform, importProvidersFrom, inject, input, 
isDevMode, isSignal, isStandalone, makeEnvironmentProviders, makeStateKey, mergeApplicationConfig, model, 
numberAttribute, output, platformCore, provideExperimentalCheckNoChangesForDebug, 
provideExperimentalZonelessChangeDetection, provideZoneChangeDetection, reflectComponentType, resolveForwardRef, 
runInInjectionContext, setTestabilityGetter, signal, untracked, viewChild, viewChildren, ╔ÁALLOW_MULTIPLE_PLATFORMS, 
╔ÁAfterRenderManager, ╔ÁCONTAINER_HEADER_OFFSET, ╔ÁChangeDetectionScheduler, ╔ÁChangeDetectionSchedulerImpl, 
╔ÁComponentFactory, ╔ÁConsole, ╔ÁDEFAULT_LOCALE_ID, ╔ÁDEFER_BLOCK_CONFIG, ╔ÁDEFER_BLOCK_DEPENDENCY_INTERCEPTOR, 
╔ÁDeferBlockBehavior, ╔ÁDeferBlockState, ╔ÁEffectScheduler, ╔ÁIMAGE_CONFIG, ╔ÁIMAGE_CONFIG_DEFAULTS, ╔ÁINJECTOR_SCOPE, 
╔ÁINPUT_SIGNAL_BRAND_WRITE_TYPE, ╔ÁINTERNAL_APPLICATION_ERROR_HANDLER, ╔ÁIS_HYDRATION_DOM_REUSE_ENABLED, 
╔ÁJSACTION_EVENT_CONTRACT, ╔ÁLContext, ╔ÁLifecycleHooksFeature, ╔ÁLocaleDataIndex, ╔ÁNG_COMP_DEF, ╔ÁNG_DIR_DEF, 
╔ÁNG_ELEMENT_ID, ╔ÁNG_INJ_DEF, ╔ÁNG_MOD_DEF, ╔ÁNG_PIPE_DEF, ╔ÁNG_PROV_DEF, ╔ÁNOT_FOUND_CHECK_ONLY_ELEMENT_INJECTOR, 
╔ÁNO_CHANGE, ╔ÁNgModuleFactory, ╔ÁNoopNgZone, ╔ÁPROVIDED_NG_ZONE, ╔ÁPendingTasks, ╔ÁReflectionCapabilities, 
╔ÁRender3ComponentFactory, ╔ÁRender3ComponentRef, ╔ÁRender3NgModuleRef, ╔ÁRuntimeError, ╔ÁSIGNAL, 
╔ÁSSR_CONTENT_INTEGRITY_MARKER, ╔ÁTESTABILITY, ╔ÁTESTABILITY_GETTER, ╔ÁUSE_RUNTIME_DEPS_TRACKER_FOR_JIT, ╔ÁViewRef, 
╔ÁXSS_SECURITY_URL, ╔ÁZONELESS_ENABLED, ╔Á_sanitizeHtml, ╔Á_sanitizeUrl, ╔ÁallowSanitizationBypassAndThrow, 
╔ÁannotateForHydration, ╔ÁbypassSanitizationTrustHtml, ╔ÁbypassSanitizationTrustResourceUrl, 
╔ÁbypassSanitizationTrustScript, ╔ÁbypassSanitizationTrustStyle, ╔ÁbypassSanitizationTrustUrl, 
╔ÁclearResolutionOfComponentResourcesQueue, ╔ÁcompileComponent, ╔ÁcompileDirective, ╔ÁcompileNgModule, 
╔ÁcompileNgModuleDefs, ╔ÁcompileNgModuleFactory, ╔ÁcompilePipe, ╔ÁconvertToBitFlags, ╔ÁcreateInjector, 
╔ÁdefaultIterableDiffers, ╔ÁdefaultKeyValueDiffers, ╔ÁdepsTracker, ╔ÁdetectChangesInViewIfRequired, ╔ÁdevModeEqual, 
╔ÁfindLocaleData, ╔ÁflushModuleScopingQueueAsMuchAsPossible, ╔ÁformatRuntimeError, 
╔ÁgenerateStandaloneInDeclarationsError, ╔ÁgetAsyncClassMetadataFn, ╔ÁgetDebugNode, ╔ÁgetDeferBlocks, ╔ÁgetDirectives, 
╔ÁgetHostElement, ╔ÁgetInjectableDef, ╔ÁgetLContext, ╔ÁgetLocaleCurrencyCode, ╔ÁgetLocalePluralCase, 
╔ÁgetOutputDestroyRef, ╔ÁgetSanitizationBypassType, ╔ÁgetUnknownElementStrictMode, ╔ÁgetUnknownPropertyStrictMode, 
╔Áglobal, ╔ÁinjectChangeDetectorRef, ╔ÁinternalCreateApplication, ╔ÁinternalProvideZoneChangeDetection, 
╔ÁisBoundToModule, ╔ÁisComponentDefPendingResolution, ╔ÁisEnvironmentProviders, ╔ÁisInjectable, ╔ÁisNgModule, 
╔ÁisPromise, ╔ÁisSubscribable, ╔ÁnoSideEffects, ╔ÁpatchComponentDefWithScope, ╔ÁperformanceMarkFeature, 
╔ÁreadHydrationInfo, ╔ÁregisterLocaleData, ╔ÁrenderDeferBlockState, ╔ÁresetCompiledComponents, ╔ÁresetJitOptions, 
╔ÁresolveComponentResources, ╔ÁrestoreComponentResolutionQueue, ╔ÁsetAllowDuplicateNgModuleIdsForTest, 
╔ÁsetAlternateWeakRefImpl, ╔ÁsetClassDebugInfo, ╔ÁsetClassMetadata, ╔ÁsetClassMetadataAsync, ╔ÁsetCurrentInjector, 
╔ÁsetDocument, ╔ÁsetInjectorProfilerContext, ╔ÁsetLocaleId, ╔ÁsetUnknownElementStrictMode, 
╔ÁsetUnknownPropertyStrictMode, ╔Ástore, ╔Ástringify, ╔ÁtransitiveScopesFor, ╔ÁtriggerResourceLoading, 
╔ÁtruncateMiddle, ╔ÁunregisterLocaleData, ╔ÁunwrapSafeValue, ╔ÁunwrapWritableSignal, ╔ÁwhenStable, ╔ÁwithDomHydration, 
╔ÁwithEventReplay, ╔ÁwithI18nSupport, ╔Á╔ÁCopyDefinitionFeature, ╔Á╔ÁFactoryTarget, ╔Á╔ÁHostDirectivesFeature, 
╔Á╔ÁInheritDefinitionFeature, ╔Á╔ÁInputTransformsFeature, ╔Á╔ÁNgOnChangesFeature, ╔Á╔ÁProvidersFeature, 
╔Á╔ÁStandaloneFeature, ╔Á╔Áadvance, ╔Á╔Áattribute, ╔Á╔ÁattributeInterpolate1, ╔Á╔ÁattributeInterpolate2, 
╔Á╔ÁattributeInterpolate3, ╔Á╔ÁattributeInterpolate4, ╔Á╔ÁattributeInterpolate5, ╔Á╔ÁattributeInterpolate6, 
╔Á╔ÁattributeInterpolate7, ╔Á╔ÁattributeInterpolate8, ╔Á╔ÁattributeInterpolateV, ╔Á╔ÁclassMap, 
╔Á╔ÁclassMapInterpolate1, ╔Á╔ÁclassMapInterpolate2, ╔Á╔ÁclassMapInterpolate3, ╔Á╔ÁclassMapInterpolate4, 
╔Á╔ÁclassMapInterpolate5, ╔Á╔ÁclassMapInterpolate6, ╔Á╔ÁclassMapInterpolate7, ╔Á╔ÁclassMapInterpolate8, 
╔Á╔ÁclassMapInterpolateV, ╔Á╔ÁclassProp, ╔Á╔ÁcomponentInstance, ╔Á╔Áconditional, ╔Á╔ÁcontentQuery, 
╔Á╔ÁcontentQuerySignal, ╔Á╔ÁdeclareLet, ╔Á╔Ádefer, ╔Á╔ÁdeferEnableTimerScheduling, ╔Á╔ÁdeferOnHover, ╔Á╔ÁdeferOnIdle, 
╔Á╔ÁdeferOnImmediate, ╔Á╔ÁdeferOnInteraction, ╔Á╔ÁdeferOnTimer, ╔Á╔ÁdeferOnViewport, ╔Á╔ÁdeferPrefetchOnHover, 
╔Á╔ÁdeferPrefetchOnIdle, ╔Á╔ÁdeferPrefetchOnImmediate, ╔Á╔ÁdeferPrefetchOnInteraction, ╔Á╔ÁdeferPrefetchOnTimer, 
╔Á╔ÁdeferPrefetchOnViewport, ╔Á╔ÁdeferPrefetchWhen, ╔Á╔ÁdeferWhen, ╔Á╔ÁdefineComponent, ╔Á╔ÁdefineDirective, 
╔Á╔ÁdefineInjectable, ╔Á╔ÁdefineInjector, ╔Á╔ÁdefineNgModule, ╔Á╔ÁdefinePipe, ╔Á╔ÁdirectiveInject, 
╔Á╔ÁdisableBindings, ╔Á╔Áelement, ╔Á╔ÁelementContainer, ╔Á╔ÁelementContainerEnd, ╔Á╔ÁelementContainerStart, 
╔Á╔ÁelementEnd, ╔Á╔ÁelementStart, ╔Á╔ÁenableBindings, ╔Á╔ÁgetComponentDepsFactory, ╔Á╔ÁgetCurrentView, 
╔Á╔ÁgetInheritedFactory, ╔Á╔ÁhostProperty, ╔Á╔Ái18n, ╔Á╔Ái18nApply, ╔Á╔Ái18nAttributes, ╔Á╔Ái18nEnd, ╔Á╔Ái18nExp, 
╔Á╔Ái18nPostprocess, ╔Á╔Ái18nStart, ╔Á╔Áinject, ╔Á╔ÁinjectAttribute, ╔Á╔ÁinvalidFactory, ╔Á╔ÁinvalidFactoryDep, 
╔Á╔Álistener, ╔Á╔ÁloadQuery, ╔Á╔ÁnamespaceHTML, ╔Á╔ÁnamespaceMathML, ╔Á╔ÁnamespaceSVG, ╔Á╔ÁnextContext, 
╔Á╔ÁngDeclareClassMetadata, ╔Á╔ÁngDeclareClassMetadataAsync, ╔Á╔ÁngDeclareComponent, ╔Á╔ÁngDeclareDirective, 
╔Á╔ÁngDeclareFactory, ╔Á╔ÁngDeclareInjectable, ╔Á╔ÁngDeclareInjector, ╔Á╔ÁngDeclareNgModule, ╔Á╔ÁngDeclarePipe, 
╔Á╔Ápipe, ╔Á╔ÁpipeBind1, ╔Á╔ÁpipeBind2, ╔Á╔ÁpipeBind3, ╔Á╔ÁpipeBind4, ╔Á╔ÁpipeBindV, ╔Á╔Áprojection, 
╔Á╔ÁprojectionDef, ╔Á╔Áproperty, ╔Á╔ÁpropertyInterpolate, ╔Á╔ÁpropertyInterpolate1, ╔Á╔ÁpropertyInterpolate2, 
╔Á╔ÁpropertyInterpolate3, ╔Á╔ÁpropertyInterpolate4, ╔Á╔ÁpropertyInterpolate5, ╔Á╔ÁpropertyInterpolate6, 
╔Á╔ÁpropertyInterpolate7, ╔Á╔ÁpropertyInterpolate8, ╔Á╔ÁpropertyInterpolateV, ╔Á╔ÁpureFunction0, ╔Á╔ÁpureFunction1, 
╔Á╔ÁpureFunction2, ╔Á╔ÁpureFunction3, ╔Á╔ÁpureFunction4, ╔Á╔ÁpureFunction5, ╔Á╔ÁpureFunction6, ╔Á╔ÁpureFunction7, 
╔Á╔ÁpureFunction8, ╔Á╔ÁpureFunctionV, ╔Á╔ÁqueryAdvance, ╔Á╔ÁqueryRefresh, ╔Á╔ÁreadContextLet, ╔Á╔Áreference, 
╔Á╔ÁregisterNgModuleType, ╔Á╔Árepeater, ╔Á╔ÁrepeaterCreate, ╔Á╔ÁrepeaterTrackByIdentity, ╔Á╔ÁrepeaterTrackByIndex, 
╔Á╔ÁresetView, ╔Á╔ÁresolveBody, ╔Á╔ÁresolveDocument, ╔Á╔ÁresolveWindow, ╔Á╔ÁrestoreView, ╔Á╔ÁsanitizeHtml, 
╔Á╔ÁsanitizeResourceUrl, ╔Á╔ÁsanitizeScript, ╔Á╔ÁsanitizeStyle, ╔Á╔ÁsanitizeUrl, ╔Á╔ÁsanitizeUrlOrResourceUrl, 
╔Á╔ÁsetComponentScope, ╔Á╔ÁsetNgModuleScope, ╔Á╔ÁstoreLet, ╔Á╔ÁstyleMap, ╔Á╔ÁstyleMapInterpolate1, 
╔Á╔ÁstyleMapInterpolate2, ╔Á╔ÁstyleMapInterpolate3, ╔Á╔ÁstyleMapInterpolate4, ╔Á╔ÁstyleMapInterpolate5, 
╔Á╔ÁstyleMapInterpolate6, ╔Á╔ÁstyleMapInterpolate7, ╔Á╔ÁstyleMapInterpolate8, ╔Á╔ÁstyleMapInterpolateV, ╔Á╔ÁstyleProp, 
╔Á╔ÁstylePropInterpolate1, ╔Á╔ÁstylePropInterpolate2, ╔Á╔ÁstylePropInterpolate3, ╔Á╔ÁstylePropInterpolate4, 
╔Á╔ÁstylePropInterpolate5, ╔Á╔ÁstylePropInterpolate6, ╔Á╔ÁstylePropInterpolate7, ╔Á╔ÁstylePropInterpolate8, 
╔Á╔ÁstylePropInterpolateV, ╔Á╔ÁsyntheticHostListener, ╔Á╔ÁsyntheticHostProperty, ╔Á╔Átemplate, 
╔Á╔ÁtemplateRefExtractor, ╔Á╔Átext, ╔Á╔ÁtextInterpolate, ╔Á╔ÁtextInterpolate1, ╔Á╔ÁtextInterpolate2, 
╔Á╔ÁtextInterpolate3, ╔Á╔ÁtextInterpolate4, ╔Á╔ÁtextInterpolate5, ╔Á╔ÁtextInterpolate6, ╔Á╔ÁtextInterpolate7, 
╔Á╔ÁtextInterpolate8, ╔Á╔ÁtextInterpolateV, ╔Á╔ÁtrustConstantHtml, ╔Á╔ÁtrustConstantResourceUrl, ╔Á╔ÁtwoWayBindingSet, 
╔Á╔ÁtwoWayListener, ╔Á╔ÁtwoWayProperty, ╔Á╔ÁvalidateIframeAttribute, ╔Á╔ÁviewQuery, ╔Á╔ÁviewQuerySignal)

../node_modules/@angular/forms/fesm2022/forms.mjs:6023:15-35 - Error: export '╔Á╔ÁInputFlags' (imported as 'i0') was 
not found in '@angular/core' (possible exports: ANIMATION_MODULE_TYPE, APP_BOOTSTRAP_LISTENER, APP_ID, 
APP_INITIALIZER, AfterRenderPhase, ApplicationInitStatus, ApplicationModule, ApplicationRef, Attribute, 
COMPILER_OPTIONS, CSP_NONCE, CUSTOM_ELEMENTS_SCHEMA, ChangeDetectionStrategy, ChangeDetectorRef, Compiler, 
CompilerFactory, Component, ComponentFactory, ComponentFactoryResolver, ComponentRef, ContentChild, ContentChildren, 
DEFAULT_CURRENCY_CODE, DebugElement, DebugEventListener, DebugNode, DefaultIterableDiffer, DestroyRef, Directive, 
ENVIRONMENT_INITIALIZER, ElementRef, EmbeddedViewRef, EnvironmentInjector, ErrorHandler, EventEmitter, 
ExperimentalPendingTasks, HOST_TAG_NAME, Host, HostAttributeToken, HostBinding, HostListener, INJECTOR, Inject, 
InjectFlags, Injectable, InjectionToken, Injector, Input, IterableDiffers, KeyValueDiffers, LOCALE_ID, 
MissingTranslationStrategy, ModuleWithComponentFactories, NO_ERRORS_SCHEMA, NgModule, NgModuleFactory, NgModuleRef, 
NgProbeToken, NgZone, Optional, Output, OutputEmitterRef, PACKAGE_ROOT_URL, PLATFORM_ID, PLATFORM_INITIALIZER, Pipe, 
PlatformRef, Query, QueryList, Renderer2, RendererFactory2, RendererStyleFlags2, Sanitizer, SecurityContext, Self, 
SimpleChange, SkipSelf, TRANSLATIONS, TRANSLATIONS_FORMAT, TemplateRef, Testability, TestabilityRegistry, 
TransferState, Type, VERSION, Version, ViewChild, ViewChildren, ViewContainerRef, ViewEncapsulation, ViewRef, 
afterNextRender, afterRender, asNativeElements, assertInInjectionContext, assertNotInReactiveContext, assertPlatform, 
booleanAttribute, computed, contentChild, contentChildren, createComponent, createEnvironmentInjector, createNgModule, 
createNgModuleRef, createPlatform, createPlatformFactory, defineInjectable, destroyPlatform, effect, enableProdMode, 
forwardRef, getDebugNode, getModuleFactory, getNgModuleById, getPlatform, importProvidersFrom, inject, input, 
isDevMode, isSignal, isStandalone, makeEnvironmentProviders, makeStateKey, mergeApplicationConfig, model, 
numberAttribute, output, platformCore, provideExperimentalCheckNoChangesForDebug, 
provideExperimentalZonelessChangeDetection, provideZoneChangeDetection, reflectComponentType, resolveForwardRef, 
runInInjectionContext, setTestabilityGetter, signal, untracked, viewChild, viewChildren, ╔ÁALLOW_MULTIPLE_PLATFORMS, 
╔ÁAfterRenderManager, ╔ÁCONTAINER_HEADER_OFFSET, ╔ÁChangeDetectionScheduler, ╔ÁChangeDetectionSchedulerImpl, 
╔ÁComponentFactory, ╔ÁConsole, ╔ÁDEFAULT_LOCALE_ID, ╔ÁDEFER_BLOCK_CONFIG, ╔ÁDEFER_BLOCK_DEPENDENCY_INTERCEPTOR, 
╔ÁDeferBlockBehavior, ╔ÁDeferBlockState, ╔ÁEffectScheduler, ╔ÁIMAGE_CONFIG, ╔ÁIMAGE_CONFIG_DEFAULTS, ╔ÁINJECTOR_SCOPE, 
╔ÁINPUT_SIGNAL_BRAND_WRITE_TYPE, ╔ÁINTERNAL_APPLICATION_ERROR_HANDLER, ╔ÁIS_HYDRATION_DOM_REUSE_ENABLED, 
╔ÁJSACTION_EVENT_CONTRACT, ╔ÁLContext, ╔ÁLifecycleHooksFeature, ╔ÁLocaleDataIndex, ╔ÁNG_COMP_DEF, ╔ÁNG_DIR_DEF, 
╔ÁNG_ELEMENT_ID, ╔ÁNG_INJ_DEF, ╔ÁNG_MOD_DEF, ╔ÁNG_PIPE_DEF, ╔ÁNG_PROV_DEF, ╔ÁNOT_FOUND_CHECK_ONLY_ELEMENT_INJECTOR, 
╔ÁNO_CHANGE, ╔ÁNgModuleFactory, ╔ÁNoopNgZone, ╔ÁPROVIDED_NG_ZONE, ╔ÁPendingTasks, ╔ÁReflectionCapabilities, 
╔ÁRender3ComponentFactory, ╔ÁRender3ComponentRef, ╔ÁRender3NgModuleRef, ╔ÁRuntimeError, ╔ÁSIGNAL, 
╔ÁSSR_CONTENT_INTEGRITY_MARKER, ╔ÁTESTABILITY, ╔ÁTESTABILITY_GETTER, ╔ÁUSE_RUNTIME_DEPS_TRACKER_FOR_JIT, ╔ÁViewRef, 
╔ÁXSS_SECURITY_URL, ╔ÁZONELESS_ENABLED, ╔Á_sanitizeHtml, ╔Á_sanitizeUrl, ╔ÁallowSanitizationBypassAndThrow, 
╔ÁannotateForHydration, ╔ÁbypassSanitizationTrustHtml, ╔ÁbypassSanitizationTrustResourceUrl, 
╔ÁbypassSanitizationTrustScript, ╔ÁbypassSanitizationTrustStyle, ╔ÁbypassSanitizationTrustUrl, 
╔ÁclearResolutionOfComponentResourcesQueue, ╔ÁcompileComponent, ╔ÁcompileDirective, ╔ÁcompileNgModule, 
╔ÁcompileNgModuleDefs, ╔ÁcompileNgModuleFactory, ╔ÁcompilePipe, ╔ÁconvertToBitFlags, ╔ÁcreateInjector, 
╔ÁdefaultIterableDiffers, ╔ÁdefaultKeyValueDiffers, ╔ÁdepsTracker, ╔ÁdetectChangesInViewIfRequired, ╔ÁdevModeEqual, 
╔ÁfindLocaleData, ╔ÁflushModuleScopingQueueAsMuchAsPossible, ╔ÁformatRuntimeError, 
╔ÁgenerateStandaloneInDeclarationsError, ╔ÁgetAsyncClassMetadataFn, ╔ÁgetDebugNode, ╔ÁgetDeferBlocks, ╔ÁgetDirectives, 
╔ÁgetHostElement, ╔ÁgetInjectableDef, ╔ÁgetLContext, ╔ÁgetLocaleCurrencyCode, ╔ÁgetLocalePluralCase, 
╔ÁgetOutputDestroyRef, ╔ÁgetSanitizationBypassType, ╔ÁgetUnknownElementStrictMode, ╔ÁgetUnknownPropertyStrictMode, 
╔Áglobal, ╔ÁinjectChangeDetectorRef, ╔ÁinternalCreateApplication, ╔ÁinternalProvideZoneChangeDetection, 
╔ÁisBoundToModule, ╔ÁisComponentDefPendingResolution, ╔ÁisEnvironmentProviders, ╔ÁisInjectable, ╔ÁisNgModule, 
╔ÁisPromise, ╔ÁisSubscribable, ╔ÁnoSideEffects, ╔ÁpatchComponentDefWithScope, ╔ÁperformanceMarkFeature, 
╔ÁreadHydrationInfo, ╔ÁregisterLocaleData, ╔ÁrenderDeferBlockState, ╔ÁresetCompiledComponents, ╔ÁresetJitOptions, 
╔ÁresolveComponentResources, ╔ÁrestoreComponentResolutionQueue, ╔ÁsetAllowDuplicateNgModuleIdsForTest, 
╔ÁsetAlternateWeakRefImpl, ╔ÁsetClassDebugInfo, ╔ÁsetClassMetadata, ╔ÁsetClassMetadataAsync, ╔ÁsetCurrentInjector, 
╔ÁsetDocument, ╔ÁsetInjectorProfilerContext, ╔ÁsetLocaleId, ╔ÁsetUnknownElementStrictMode, 
╔ÁsetUnknownPropertyStrictMode, ╔Ástore, ╔Ástringify, ╔ÁtransitiveScopesFor, ╔ÁtriggerResourceLoading, 
╔ÁtruncateMiddle, ╔ÁunregisterLocaleData, ╔ÁunwrapSafeValue, ╔ÁunwrapWritableSignal, ╔ÁwhenStable, ╔ÁwithDomHydration, 
╔ÁwithEventReplay, ╔ÁwithI18nSupport, ╔Á╔ÁCopyDefinitionFeature, ╔Á╔ÁFactoryTarget, ╔Á╔ÁHostDirectivesFeature, 
╔Á╔ÁInheritDefinitionFeature, ╔Á╔ÁInputTransformsFeature, ╔Á╔ÁNgOnChangesFeature, ╔Á╔ÁProvidersFeature, 
╔Á╔ÁStandaloneFeature, ╔Á╔Áadvance, ╔Á╔Áattribute, ╔Á╔ÁattributeInterpolate1, ╔Á╔ÁattributeInterpolate2, 
╔Á╔ÁattributeInterpolate3, ╔Á╔ÁattributeInterpolate4, ╔Á╔ÁattributeInterpolate5, ╔Á╔ÁattributeInterpolate6, 
╔Á╔ÁattributeInterpolate7, ╔Á╔ÁattributeInterpolate8, ╔Á╔ÁattributeInterpolateV, ╔Á╔ÁclassMap, 
╔Á╔ÁclassMapInterpolate1, ╔Á╔ÁclassMapInterpolate2, ╔Á╔ÁclassMapInterpolate3, ╔Á╔ÁclassMapInterpolate4, 
╔Á╔ÁclassMapInterpolate5, ╔Á╔ÁclassMapInterpolate6, ╔Á╔ÁclassMapInterpolate7, ╔Á╔ÁclassMapInterpolate8, 
╔Á╔ÁclassMapInterpolateV, ╔Á╔ÁclassProp, ╔Á╔ÁcomponentInstance, ╔Á╔Áconditional, ╔Á╔ÁcontentQuery, 
╔Á╔ÁcontentQuerySignal, ╔Á╔ÁdeclareLet, ╔Á╔Ádefer, ╔Á╔ÁdeferEnableTimerScheduling, ╔Á╔ÁdeferOnHover, ╔Á╔ÁdeferOnIdle, 
╔Á╔ÁdeferOnImmediate, ╔Á╔ÁdeferOnInteraction, ╔Á╔ÁdeferOnTimer, ╔Á╔ÁdeferOnViewport, ╔Á╔ÁdeferPrefetchOnHover, 
╔Á╔ÁdeferPrefetchOnIdle, ╔Á╔ÁdeferPrefetchOnImmediate, ╔Á╔ÁdeferPrefetchOnInteraction, ╔Á╔ÁdeferPrefetchOnTimer, 
╔Á╔ÁdeferPrefetchOnViewport, ╔Á╔ÁdeferPrefetchWhen, ╔Á╔ÁdeferWhen, ╔Á╔ÁdefineComponent, ╔Á╔ÁdefineDirective, 
╔Á╔ÁdefineInjectable, ╔Á╔ÁdefineInjector, ╔Á╔ÁdefineNgModule, ╔Á╔ÁdefinePipe, ╔Á╔ÁdirectiveInject, 
╔Á╔ÁdisableBindings, ╔Á╔Áelement, ╔Á╔ÁelementContainer, ╔Á╔ÁelementContainerEnd, ╔Á╔ÁelementContainerStart, 
╔Á╔ÁelementEnd, ╔Á╔ÁelementStart, ╔Á╔ÁenableBindings, ╔Á╔ÁgetComponentDepsFactory, ╔Á╔ÁgetCurrentView, 
╔Á╔ÁgetInheritedFactory, ╔Á╔ÁhostProperty, ╔Á╔Ái18n, ╔Á╔Ái18nApply, ╔Á╔Ái18nAttributes, ╔Á╔Ái18nEnd, ╔Á╔Ái18nExp, 
╔Á╔Ái18nPostprocess, ╔Á╔Ái18nStart, ╔Á╔Áinject, ╔Á╔ÁinjectAttribute, ╔Á╔ÁinvalidFactory, ╔Á╔ÁinvalidFactoryDep, 
╔Á╔Álistener, ╔Á╔ÁloadQuery, ╔Á╔ÁnamespaceHTML, ╔Á╔ÁnamespaceMathML, ╔Á╔ÁnamespaceSVG, ╔Á╔ÁnextContext, 
╔Á╔ÁngDeclareClassMetadata, ╔Á╔ÁngDeclareClassMetadataAsync, ╔Á╔ÁngDeclareComponent, ╔Á╔ÁngDeclareDirective, 
╔Á╔ÁngDeclareFactory, ╔Á╔ÁngDeclareInjectable, ╔Á╔ÁngDeclareInjector, ╔Á╔ÁngDeclareNgModule, ╔Á╔ÁngDeclarePipe, 
╔Á╔Ápipe, ╔Á╔ÁpipeBind1, ╔Á╔ÁpipeBind2, ╔Á╔ÁpipeBind3, ╔Á╔ÁpipeBind4, ╔Á╔ÁpipeBindV, ╔Á╔Áprojection, 
╔Á╔ÁprojectionDef, ╔Á╔Áproperty, ╔Á╔ÁpropertyInterpolate, ╔Á╔ÁpropertyInterpolate1, ╔Á╔ÁpropertyInterpolate2, 
╔Á╔ÁpropertyInterpolate3, ╔Á╔ÁpropertyInterpolate4, ╔Á╔ÁpropertyInterpolate5, ╔Á╔ÁpropertyInterpolate6, 
╔Á╔ÁpropertyInterpolate7, ╔Á╔ÁpropertyInterpolate8, ╔Á╔ÁpropertyInterpolateV, ╔Á╔ÁpureFunction0, ╔Á╔ÁpureFunction1, 
╔Á╔ÁpureFunction2, ╔Á╔ÁpureFunction3, ╔Á╔ÁpureFunction4, ╔Á╔ÁpureFunction5, ╔Á╔ÁpureFunction6, ╔Á╔ÁpureFunction7, 
╔Á╔ÁpureFunction8, ╔Á╔ÁpureFunctionV, ╔Á╔ÁqueryAdvance, ╔Á╔ÁqueryRefresh, ╔Á╔ÁreadContextLet, ╔Á╔Áreference, 
╔Á╔ÁregisterNgModuleType, ╔Á╔Árepeater, ╔Á╔ÁrepeaterCreate, ╔Á╔ÁrepeaterTrackByIdentity, ╔Á╔ÁrepeaterTrackByIndex, 
╔Á╔ÁresetView, ╔Á╔ÁresolveBody, ╔Á╔ÁresolveDocument, ╔Á╔ÁresolveWindow, ╔Á╔ÁrestoreView, ╔Á╔ÁsanitizeHtml, 
╔Á╔ÁsanitizeResourceUrl, ╔Á╔ÁsanitizeScript, ╔Á╔ÁsanitizeStyle, ╔Á╔ÁsanitizeUrl, ╔Á╔ÁsanitizeUrlOrResourceUrl, 
╔Á╔ÁsetComponentScope, ╔Á╔ÁsetNgModuleScope, ╔Á╔ÁstoreLet, ╔Á╔ÁstyleMap, ╔Á╔ÁstyleMapInterpolate1, 
╔Á╔ÁstyleMapInterpolate2, ╔Á╔ÁstyleMapInterpolate3, ╔Á╔ÁstyleMapInterpolate4, ╔Á╔ÁstyleMapInterpolate5, 
╔Á╔ÁstyleMapInterpolate6, ╔Á╔ÁstyleMapInterpolate7, ╔Á╔ÁstyleMapInterpolate8, ╔Á╔ÁstyleMapInterpolateV, ╔Á╔ÁstyleProp, 
╔Á╔ÁstylePropInterpolate1, ╔Á╔ÁstylePropInterpolate2, ╔Á╔ÁstylePropInterpolate3, ╔Á╔ÁstylePropInterpolate4, 
╔Á╔ÁstylePropInterpolate5, ╔Á╔ÁstylePropInterpolate6, ╔Á╔ÁstylePropInterpolate7, ╔Á╔ÁstylePropInterpolate8, 
╔Á╔ÁstylePropInterpolateV, ╔Á╔ÁsyntheticHostListener, ╔Á╔ÁsyntheticHostProperty, ╔Á╔Átemplate, 
╔Á╔ÁtemplateRefExtractor, ╔Á╔Átext, ╔Á╔ÁtextInterpolate, ╔Á╔ÁtextInterpolate1, ╔Á╔ÁtextInterpolate2, 
╔Á╔ÁtextInterpolate3, ╔Á╔ÁtextInterpolate4, ╔Á╔ÁtextInterpolate5, ╔Á╔ÁtextInterpolate6, ╔Á╔ÁtextInterpolate7, 
╔Á╔ÁtextInterpolate8, ╔Á╔ÁtextInterpolateV, ╔Á╔ÁtrustConstantHtml, ╔Á╔ÁtrustConstantResourceUrl, ╔Á╔ÁtwoWayBindingSet, 
╔Á╔ÁtwoWayListener, ╔Á╔ÁtwoWayProperty, ╔Á╔ÁvalidateIframeAttribute, ╔Á╔ÁviewQuery, ╔Á╔ÁviewQuerySignal)

../node_modules/@angular/forms/fesm2022/forms.mjs:6024:21-41 - Error: export '╔Á╔ÁInputFlags' (imported as 'i0') was 
not found in '@angular/core' (possible exports: ANIMATION_MODULE_TYPE, APP_BOOTSTRAP_LISTENER, APP_ID, 
APP_INITIALIZER, AfterRenderPhase, ApplicationInitStatus, ApplicationModule, ApplicationRef, Attribute, 
COMPILER_OPTIONS, CSP_NONCE, CUSTOM_ELEMENTS_SCHEMA, ChangeDetectionStrategy, ChangeDetectorRef, Compiler, 
CompilerFactory, Component, ComponentFactory, ComponentFactoryResolver, ComponentRef, ContentChild, ContentChildren, 
DEFAULT_CURRENCY_CODE, DebugElement, DebugEventListener, DebugNode, DefaultIterableDiffer, DestroyRef, Directive, 
ENVIRONMENT_INITIALIZER, ElementRef, EmbeddedViewRef, EnvironmentInjector, ErrorHandler, EventEmitter, 
ExperimentalPendingTasks, HOST_TAG_NAME, Host, HostAttributeToken, HostBinding, HostListener, INJECTOR, Inject, 
InjectFlags, Injectable, InjectionToken, Injector, Input, IterableDiffers, KeyValueDiffers, LOCALE_ID, 
MissingTranslationStrategy, ModuleWithComponentFactories, NO_ERRORS_SCHEMA, NgModule, NgModuleFactory, NgModuleRef, 
NgProbeToken, NgZone, Optional, Output, OutputEmitterRef, PACKAGE_ROOT_URL, PLATFORM_ID, PLATFORM_INITIALIZER, Pipe, 
PlatformRef, Query, QueryList, Renderer2, RendererFactory2, RendererStyleFlags2, Sanitizer, SecurityContext, Self, 
SimpleChange, SkipSelf, TRANSLATIONS, TRANSLATIONS_FORMAT, TemplateRef, Testability, TestabilityRegistry, 
TransferState, Type, VERSION, Version, ViewChild, ViewChildren, ViewContainerRef, ViewEncapsulation, ViewRef, 
afterNextRender, afterRender, asNativeElements, assertInInjectionContext, assertNotInReactiveContext, assertPlatform, 
booleanAttribute, computed, contentChild, contentChildren, createComponent, createEnvironmentInjector, createNgModule, 
createNgModuleRef, createPlatform, createPlatformFactory, defineInjectable, destroyPlatform, effect, enableProdMode, 
forwardRef, getDebugNode, getModuleFactory, getNgModuleById, getPlatform, importProvidersFrom, inject, input, 
isDevMode, isSignal, isStandalone, makeEnvironmentProviders, makeStateKey, mergeApplicationConfig, model, 
numberAttribute, output, platformCore, provideExperimentalCheckNoChangesForDebug, 
provideExperimentalZonelessChangeDetection, provideZoneChangeDetection, reflectComponentType, resolveForwardRef, 
runInInjectionContext, setTestabilityGetter, signal, untracked, viewChild, viewChildren, ╔ÁALLOW_MULTIPLE_PLATFORMS, 
╔ÁAfterRenderManager, ╔ÁCONTAINER_HEADER_OFFSET, ╔ÁChangeDetectionScheduler, ╔ÁChangeDetectionSchedulerImpl, 
╔ÁComponentFactory, ╔ÁConsole, ╔ÁDEFAULT_LOCALE_ID, ╔ÁDEFER_BLOCK_CONFIG, ╔ÁDEFER_BLOCK_DEPENDENCY_INTERCEPTOR, 
╔ÁDeferBlockBehavior, ╔ÁDeferBlockState, ╔ÁEffectScheduler, ╔ÁIMAGE_CONFIG, ╔ÁIMAGE_CONFIG_DEFAULTS, ╔ÁINJECTOR_SCOPE, 
╔ÁINPUT_SIGNAL_BRAND_WRITE_TYPE, ╔ÁINTERNAL_APPLICATION_ERROR_HANDLER, ╔ÁIS_HYDRATION_DOM_REUSE_ENABLED, 
╔ÁJSACTION_EVENT_CONTRACT, ╔ÁLContext, ╔ÁLifecycleHooksFeature, ╔ÁLocaleDataIndex, ╔ÁNG_COMP_DEF, ╔ÁNG_DIR_DEF, 
╔ÁNG_ELEMENT_ID, ╔ÁNG_INJ_DEF, ╔ÁNG_MOD_DEF, ╔ÁNG_PIPE_DEF, ╔ÁNG_PROV_DEF, ╔ÁNOT_FOUND_CHECK_ONLY_ELEMENT_INJECTOR, 
╔ÁNO_CHANGE, ╔ÁNgModuleFactory, ╔ÁNoopNgZone, ╔ÁPROVIDED_NG_ZONE, ╔ÁPendingTasks, ╔ÁReflectionCapabilities, 
╔ÁRender3ComponentFactory, ╔ÁRender3ComponentRef, ╔ÁRender3NgModuleRef, ╔ÁRuntimeError, ╔ÁSIGNAL, 
╔ÁSSR_CONTENT_INTEGRITY_MARKER, ╔ÁTESTABILITY, ╔ÁTESTABILITY_GETTER, ╔ÁUSE_RUNTIME_DEPS_TRACKER_FOR_JIT, ╔ÁViewRef, 
╔ÁXSS_SECURITY_URL, ╔ÁZONELESS_ENABLED, ╔Á_sanitizeHtml, ╔Á_sanitizeUrl, ╔ÁallowSanitizationBypassAndThrow, 
╔ÁannotateForHydration, ╔ÁbypassSanitizationTrustHtml, ╔ÁbypassSanitizationTrustResourceUrl, 
╔ÁbypassSanitizationTrustScript, ╔ÁbypassSanitizationTrustStyle, ╔ÁbypassSanitizationTrustUrl, 
╔ÁclearResolutionOfComponentResourcesQueue, ╔ÁcompileComponent, ╔ÁcompileDirective, ╔ÁcompileNgModule, 
╔ÁcompileNgModuleDefs, ╔ÁcompileNgModuleFactory, ╔ÁcompilePipe, ╔ÁconvertToBitFlags, ╔ÁcreateInjector, 
╔ÁdefaultIterableDiffers, ╔ÁdefaultKeyValueDiffers, ╔ÁdepsTracker, ╔ÁdetectChangesInViewIfRequired, ╔ÁdevModeEqual, 
╔ÁfindLocaleData, ╔ÁflushModuleScopingQueueAsMuchAsPossible, ╔ÁformatRuntimeError, 
╔ÁgenerateStandaloneInDeclarationsError, ╔ÁgetAsyncClassMetadataFn, ╔ÁgetDebugNode, ╔ÁgetDeferBlocks, ╔ÁgetDirectives, 
╔ÁgetHostElement, ╔ÁgetInjectableDef, ╔ÁgetLContext, ╔ÁgetLocaleCurrencyCode, ╔ÁgetLocalePluralCase, 
╔ÁgetOutputDestroyRef, ╔ÁgetSanitizationBypassType, ╔ÁgetUnknownElementStrictMode, ╔ÁgetUnknownPropertyStrictMode, 
╔Áglobal, ╔ÁinjectChangeDetectorRef, ╔ÁinternalCreateApplication, ╔ÁinternalProvideZoneChangeDetection, 
╔ÁisBoundToModule, ╔ÁisComponentDefPendingResolution, ╔ÁisEnvironmentProviders, ╔ÁisInjectable, ╔ÁisNgModule, 
╔ÁisPromise, ╔ÁisSubscribable, ╔ÁnoSideEffects, ╔ÁpatchComponentDefWithScope, ╔ÁperformanceMarkFeature, 
╔ÁreadHydrationInfo, ╔ÁregisterLocaleData, ╔ÁrenderDeferBlockState, ╔ÁresetCompiledComponents, ╔ÁresetJitOptions, 
╔ÁresolveComponentResources, ╔ÁrestoreComponentResolutionQueue, ╔ÁsetAllowDuplicateNgModuleIdsForTest, 
╔ÁsetAlternateWeakRefImpl, ╔ÁsetClassDebugInfo, ╔ÁsetClassMetadata, ╔ÁsetClassMetadataAsync, ╔ÁsetCurrentInjector, 
╔ÁsetDocument, ╔ÁsetInjectorProfilerContext, ╔ÁsetLocaleId, ╔ÁsetUnknownElementStrictMode, 
╔ÁsetUnknownPropertyStrictMode, ╔Ástore, ╔Ástringify, ╔ÁtransitiveScopesFor, ╔ÁtriggerResourceLoading, 
╔ÁtruncateMiddle, ╔ÁunregisterLocaleData, ╔ÁunwrapSafeValue, ╔ÁunwrapWritableSignal, ╔ÁwhenStable, ╔ÁwithDomHydration, 
╔ÁwithEventReplay, ╔ÁwithI18nSupport, ╔Á╔ÁCopyDefinitionFeature, ╔Á╔ÁFactoryTarget, ╔Á╔ÁHostDirectivesFeature, 
╔Á╔ÁInheritDefinitionFeature, ╔Á╔ÁInputTransformsFeature, ╔Á╔ÁNgOnChangesFeature, ╔Á╔ÁProvidersFeature, 
╔Á╔ÁStandaloneFeature, ╔Á╔Áadvance, ╔Á╔Áattribute, ╔Á╔ÁattributeInterpolate1, ╔Á╔ÁattributeInterpolate2, 
╔Á╔ÁattributeInterpolate3, ╔Á╔ÁattributeInterpolate4, ╔Á╔ÁattributeInterpolate5, ╔Á╔ÁattributeInterpolate6, 
╔Á╔ÁattributeInterpolate7, ╔Á╔ÁattributeInterpolate8, ╔Á╔ÁattributeInterpolateV, ╔Á╔ÁclassMap, 
╔Á╔ÁclassMapInterpolate1, ╔Á╔ÁclassMapInterpolate2, ╔Á╔ÁclassMapInterpolate3, ╔Á╔ÁclassMapInterpolate4, 
╔Á╔ÁclassMapInterpolate5, ╔Á╔ÁclassMapInterpolate6, ╔Á╔ÁclassMapInterpolate7, ╔Á╔ÁclassMapInterpolate8, 
╔Á╔ÁclassMapInterpolateV, ╔Á╔ÁclassProp, ╔Á╔ÁcomponentInstance, ╔Á╔Áconditional, ╔Á╔ÁcontentQuery, 
╔Á╔ÁcontentQuerySignal, ╔Á╔ÁdeclareLet, ╔Á╔Ádefer, ╔Á╔ÁdeferEnableTimerScheduling, ╔Á╔ÁdeferOnHover, ╔Á╔ÁdeferOnIdle, 
╔Á╔ÁdeferOnImmediate, ╔Á╔ÁdeferOnInteraction, ╔Á╔ÁdeferOnTimer, ╔Á╔ÁdeferOnViewport, ╔Á╔ÁdeferPrefetchOnHover, 
╔Á╔ÁdeferPrefetchOnIdle, ╔Á╔ÁdeferPrefetchOnImmediate, ╔Á╔ÁdeferPrefetchOnInteraction, ╔Á╔ÁdeferPrefetchOnTimer, 
╔Á╔ÁdeferPrefetchOnViewport, ╔Á╔ÁdeferPrefetchWhen, ╔Á╔ÁdeferWhen, ╔Á╔ÁdefineComponent, ╔Á╔ÁdefineDirective, 
╔Á╔ÁdefineInjectable, ╔Á╔ÁdefineInjector, ╔Á╔ÁdefineNgModule, ╔Á╔ÁdefinePipe, ╔Á╔ÁdirectiveInject, 
╔Á╔ÁdisableBindings, ╔Á╔Áelement, ╔Á╔ÁelementContainer, ╔Á╔ÁelementContainerEnd, ╔Á╔ÁelementContainerStart, 
╔Á╔ÁelementEnd, ╔Á╔ÁelementStart, ╔Á╔ÁenableBindings, ╔Á╔ÁgetComponentDepsFactory, ╔Á╔ÁgetCurrentView, 
╔Á╔ÁgetInheritedFactory, ╔Á╔ÁhostProperty, ╔Á╔Ái18n, ╔Á╔Ái18nApply, ╔Á╔Ái18nAttributes, ╔Á╔Ái18nEnd, ╔Á╔Ái18nExp, 
╔Á╔Ái18nPostprocess, ╔Á╔Ái18nStart, ╔Á╔Áinject, ╔Á╔ÁinjectAttribute, ╔Á╔ÁinvalidFactory, ╔Á╔ÁinvalidFactoryDep, 
╔Á╔Álistener, ╔Á╔ÁloadQuery, ╔Á╔ÁnamespaceHTML, ╔Á╔ÁnamespaceMathML, ╔Á╔ÁnamespaceSVG, ╔Á╔ÁnextContext, 
╔Á╔ÁngDeclareClassMetadata, ╔Á╔ÁngDeclareClassMetadataAsync, ╔Á╔ÁngDeclareComponent, ╔Á╔ÁngDeclareDirective, 
╔Á╔ÁngDeclareFactory, ╔Á╔ÁngDeclareInjectable, ╔Á╔ÁngDeclareInjector, ╔Á╔ÁngDeclareNgModule, ╔Á╔ÁngDeclarePipe, 
╔Á╔Ápipe, ╔Á╔ÁpipeBind1, ╔Á╔ÁpipeBind2, ╔Á╔ÁpipeBind3, ╔Á╔ÁpipeBind4, ╔Á╔ÁpipeBindV, ╔Á╔Áprojection, 
╔Á╔ÁprojectionDef, ╔Á╔Áproperty, ╔Á╔ÁpropertyInterpolate, ╔Á╔ÁpropertyInterpolate1, ╔Á╔ÁpropertyInterpolate2, 
╔Á╔ÁpropertyInterpolate3, ╔Á╔ÁpropertyInterpolate4, ╔Á╔ÁpropertyInterpolate5, ╔Á╔ÁpropertyInterpolate6, 
╔Á╔ÁpropertyInterpolate7, ╔Á╔ÁpropertyInterpolate8, ╔Á╔ÁpropertyInterpolateV, ╔Á╔ÁpureFunction0, ╔Á╔ÁpureFunction1, 
╔Á╔ÁpureFunction2, ╔Á╔ÁpureFunction3, ╔Á╔ÁpureFunction4, ╔Á╔ÁpureFunction5, ╔Á╔ÁpureFunction6, ╔Á╔ÁpureFunction7, 
╔Á╔ÁpureFunction8, ╔Á╔ÁpureFunctionV, ╔Á╔ÁqueryAdvance, ╔Á╔ÁqueryRefresh, ╔Á╔ÁreadContextLet, ╔Á╔Áreference, 
╔Á╔ÁregisterNgModuleType, ╔Á╔Árepeater, ╔Á╔ÁrepeaterCreate, ╔Á╔ÁrepeaterTrackByIdentity, ╔Á╔ÁrepeaterTrackByIndex, 
╔Á╔ÁresetView, ╔Á╔ÁresolveBody, ╔Á╔ÁresolveDocument, ╔Á╔ÁresolveWindow, ╔Á╔ÁrestoreView, ╔Á╔ÁsanitizeHtml, 
╔Á╔ÁsanitizeResourceUrl, ╔Á╔ÁsanitizeScript, ╔Á╔ÁsanitizeStyle, ╔Á╔ÁsanitizeUrl, ╔Á╔ÁsanitizeUrlOrResourceUrl, 
╔Á╔ÁsetComponentScope, ╔Á╔ÁsetNgModuleScope, ╔Á╔ÁstoreLet, ╔Á╔ÁstyleMap, ╔Á╔ÁstyleMapInterpolate1, 
╔Á╔ÁstyleMapInterpolate2, ╔Á╔ÁstyleMapInterpolate3, ╔Á╔ÁstyleMapInterpolate4, ╔Á╔ÁstyleMapInterpolate5, 
╔Á╔ÁstyleMapInterpolate6, ╔Á╔ÁstyleMapInterpolate7, ╔Á╔ÁstyleMapInterpolate8, ╔Á╔ÁstyleMapInterpolateV, ╔Á╔ÁstyleProp, 
╔Á╔ÁstylePropInterpolate1, ╔Á╔ÁstylePropInterpolate2, ╔Á╔ÁstylePropInterpolate3, ╔Á╔ÁstylePropInterpolate4, 
╔Á╔ÁstylePropInterpolate5, ╔Á╔ÁstylePropInterpolate6, ╔Á╔ÁstylePropInterpolate7, ╔Á╔ÁstylePropInterpolate8, 
╔Á╔ÁstylePropInterpolateV, ╔Á╔ÁsyntheticHostListener, ╔Á╔ÁsyntheticHostProperty, ╔Á╔Átemplate, 
╔Á╔ÁtemplateRefExtractor, ╔Á╔Átext, ╔Á╔ÁtextInterpolate, ╔Á╔ÁtextInterpolate1, ╔Á╔ÁtextInterpolate2, 
╔Á╔ÁtextInterpolate3, ╔Á╔ÁtextInterpolate4, ╔Á╔ÁtextInterpolate5, ╔Á╔ÁtextInterpolate6, ╔Á╔ÁtextInterpolate7, 
╔Á╔ÁtextInterpolate8, ╔Á╔ÁtextInterpolateV, ╔Á╔ÁtrustConstantHtml, ╔Á╔ÁtrustConstantResourceUrl, ╔Á╔ÁtwoWayBindingSet, 
╔Á╔ÁtwoWayListener, ╔Á╔ÁtwoWayProperty, ╔Á╔ÁvalidateIframeAttribute, ╔Á╔ÁviewQuery, ╔Á╔ÁviewQuerySignal)

../node_modules/@angular/forms/fesm2022/forms.mjs:6025:16-36 - Error: export '╔Á╔ÁInputFlags' (imported as 'i0') was 
not found in '@angular/core' (possible exports: ANIMATION_MODULE_TYPE, APP_BOOTSTRAP_LISTENER, APP_ID, 
APP_INITIALIZER, AfterRenderPhase, ApplicationInitStatus, ApplicationModule, ApplicationRef, Attribute, 
COMPILER_OPTIONS, CSP_NONCE, CUSTOM_ELEMENTS_SCHEMA, ChangeDetectionStrategy, ChangeDetectorRef, Compiler, 
CompilerFactory, Component, ComponentFactory, ComponentFactoryResolver, ComponentRef, ContentChild, ContentChildren, 
DEFAULT_CURRENCY_CODE, DebugElement, DebugEventListener, DebugNode, DefaultIterableDiffer, DestroyRef, Directive, 
ENVIRONMENT_INITIALIZER, ElementRef, EmbeddedViewRef, EnvironmentInjector, ErrorHandler, EventEmitter, 
ExperimentalPendingTasks, HOST_TAG_NAME, Host, HostAttributeToken, HostBinding, HostListener, INJECTOR, Inject, 
InjectFlags, Injectable, InjectionToken, Injector, Input, IterableDiffers, KeyValueDiffers, LOCALE_ID, 
MissingTranslationStrategy, ModuleWithComponentFactories, NO_ERRORS_SCHEMA, NgModule, NgModuleFactory, NgModuleRef, 
NgProbeToken, NgZone, Optional, Output, OutputEmitterRef, PACKAGE_ROOT_URL, PLATFORM_ID, PLATFORM_INITIALIZER, Pipe, 
PlatformRef, Query, QueryList, Renderer2, RendererFactory2, RendererStyleFlags2, Sanitizer, SecurityContext, Self, 
SimpleChange, SkipSelf, TRANSLATIONS, TRANSLATIONS_FORMAT, TemplateRef, Testability, TestabilityRegistry, 
TransferState, Type, VERSION, Version, ViewChild, ViewChildren, ViewContainerRef, ViewEncapsulation, ViewRef, 
afterNextRender, afterRender, asNativeElements, assertInInjectionContext, assertNotInReactiveContext, assertPlatform, 
booleanAttribute, computed, contentChild, contentChildren, createComponent, createEnvironmentInjector, createNgModule, 
createNgModuleRef, createPlatform, createPlatformFactory, defineInjectable, destroyPlatform, effect, enableProdMode, 
forwardRef, getDebugNode, getModuleFactory, getNgModuleById, getPlatform, importProvidersFrom, inject, input, 
isDevMode, isSignal, isStandalone, makeEnvironmentProviders, makeStateKey, mergeApplicationConfig, model, 
numberAttribute, output, platformCore, provideExperimentalCheckNoChangesForDebug, 
provideExperimentalZonelessChangeDetection, provideZoneChangeDetection, reflectComponentType, resolveForwardRef, 
runInInjectionContext, setTestabilityGetter, signal, untracked, viewChild, viewChildren, ╔ÁALLOW_MULTIPLE_PLATFORMS, 
╔ÁAfterRenderManager, ╔ÁCONTAINER_HEADER_OFFSET, ╔ÁChangeDetectionScheduler, ╔ÁChangeDetectionSchedulerImpl, 
╔ÁComponentFactory, ╔ÁConsole, ╔ÁDEFAULT_LOCALE_ID, ╔ÁDEFER_BLOCK_CONFIG, ╔ÁDEFER_BLOCK_DEPENDENCY_INTERCEPTOR, 
╔ÁDeferBlockBehavior, ╔ÁDeferBlockState, ╔ÁEffectScheduler, ╔ÁIMAGE_CONFIG, ╔ÁIMAGE_CONFIG_DEFAULTS, ╔ÁINJECTOR_SCOPE, 
╔ÁINPUT_SIGNAL_BRAND_WRITE_TYPE, ╔ÁINTERNAL_APPLICATION_ERROR_HANDLER, ╔ÁIS_HYDRATION_DOM_REUSE_ENABLED, 
╔ÁJSACTION_EVENT_CONTRACT, ╔ÁLContext, ╔ÁLifecycleHooksFeature, ╔ÁLocaleDataIndex, ╔ÁNG_COMP_DEF, ╔ÁNG_DIR_DEF, 
╔ÁNG_ELEMENT_ID, ╔ÁNG_INJ_DEF, ╔ÁNG_MOD_DEF, ╔ÁNG_PIPE_DEF, ╔ÁNG_PROV_DEF, ╔ÁNOT_FOUND_CHECK_ONLY_ELEMENT_INJECTOR, 
╔ÁNO_CHANGE, ╔ÁNgModuleFactory, ╔ÁNoopNgZone, ╔ÁPROVIDED_NG_ZONE, ╔ÁPendingTasks, ╔ÁReflectionCapabilities, 
╔ÁRender3ComponentFactory, ╔ÁRender3ComponentRef, ╔ÁRender3NgModuleRef, ╔ÁRuntimeError, ╔ÁSIGNAL, 
╔ÁSSR_CONTENT_INTEGRITY_MARKER, ╔ÁTESTABILITY, ╔ÁTESTABILITY_GETTER, ╔ÁUSE_RUNTIME_DEPS_TRACKER_FOR_JIT, ╔ÁViewRef, 
╔ÁXSS_SECURITY_URL, ╔ÁZONELESS_ENABLED, ╔Á_sanitizeHtml, ╔Á_sanitizeUrl, ╔ÁallowSanitizationBypassAndThrow, 
╔ÁannotateForHydration, ╔ÁbypassSanitizationTrustHtml, ╔ÁbypassSanitizationTrustResourceUrl, 
╔ÁbypassSanitizationTrustScript, ╔ÁbypassSanitizationTrustStyle, ╔ÁbypassSanitizationTrustUrl, 
╔ÁclearResolutionOfComponentResourcesQueue, ╔ÁcompileComponent, ╔ÁcompileDirective, ╔ÁcompileNgModule, 
╔ÁcompileNgModuleDefs, ╔ÁcompileNgModuleFactory, ╔ÁcompilePipe, ╔ÁconvertToBitFlags, ╔ÁcreateInjector, 
╔ÁdefaultIterableDiffers, ╔ÁdefaultKeyValueDiffers, ╔ÁdepsTracker, ╔ÁdetectChangesInViewIfRequired, ╔ÁdevModeEqual, 
╔ÁfindLocaleData, ╔ÁflushModuleScopingQueueAsMuchAsPossible, ╔ÁformatRuntimeError, 
╔ÁgenerateStandaloneInDeclarationsError, ╔ÁgetAsyncClassMetadataFn, ╔ÁgetDebugNode, ╔ÁgetDeferBlocks, ╔ÁgetDirectives, 
╔ÁgetHostElement, ╔ÁgetInjectableDef, ╔ÁgetLContext, ╔ÁgetLocaleCurrencyCode, ╔ÁgetLocalePluralCase, 
╔ÁgetOutputDestroyRef, ╔ÁgetSanitizationBypassType, ╔ÁgetUnknownElementStrictMode, ╔ÁgetUnknownPropertyStrictMode, 
╔Áglobal, ╔ÁinjectChangeDetectorRef, ╔ÁinternalCreateApplication, ╔ÁinternalProvideZoneChangeDetection, 
╔ÁisBoundToModule, ╔ÁisComponentDefPendingResolution, ╔ÁisEnvironmentProviders, ╔ÁisInjectable, ╔ÁisNgModule, 
╔ÁisPromise, ╔ÁisSubscribable, ╔ÁnoSideEffects, ╔ÁpatchComponentDefWithScope, ╔ÁperformanceMarkFeature, 
╔ÁreadHydrationInfo, ╔ÁregisterLocaleData, ╔ÁrenderDeferBlockState, ╔ÁresetCompiledComponents, ╔ÁresetJitOptions, 
╔ÁresolveComponentResources, ╔ÁrestoreComponentResolutionQueue, ╔ÁsetAllowDuplicateNgModuleIdsForTest, 
╔ÁsetAlternateWeakRefImpl, ╔ÁsetClassDebugInfo, ╔ÁsetClassMetadata, ╔ÁsetClassMetadataAsync, ╔ÁsetCurrentInjector, 
╔ÁsetDocument, ╔ÁsetInjectorProfilerContext, ╔ÁsetLocaleId, ╔ÁsetUnknownElementStrictMode, 
╔ÁsetUnknownPropertyStrictMode, ╔Ástore, ╔Ástringify, ╔ÁtransitiveScopesFor, ╔ÁtriggerResourceLoading, 
╔ÁtruncateMiddle, ╔ÁunregisterLocaleData, ╔ÁunwrapSafeValue, ╔ÁunwrapWritableSignal, ╔ÁwhenStable, ╔ÁwithDomHydration, 
╔ÁwithEventReplay, ╔ÁwithI18nSupport, ╔Á╔ÁCopyDefinitionFeature, ╔Á╔ÁFactoryTarget, ╔Á╔ÁHostDirectivesFeature, 
╔Á╔ÁInheritDefinitionFeature, ╔Á╔ÁInputTransformsFeature, ╔Á╔ÁNgOnChangesFeature, ╔Á╔ÁProvidersFeature, 
╔Á╔ÁStandaloneFeature, ╔Á╔Áadvance, ╔Á╔Áattribute, ╔Á╔ÁattributeInterpolate1, ╔Á╔ÁattributeInterpolate2, 
╔Á╔ÁattributeInterpolate3, ╔Á╔ÁattributeInterpolate4, ╔Á╔ÁattributeInterpolate5, ╔Á╔ÁattributeInterpolate6, 
╔Á╔ÁattributeInterpolate7, ╔Á╔ÁattributeInterpolate8, ╔Á╔ÁattributeInterpolateV, ╔Á╔ÁclassMap, 
╔Á╔ÁclassMapInterpolate1, ╔Á╔ÁclassMapInterpolate2, ╔Á╔ÁclassMapInterpolate3, ╔Á╔ÁclassMapInterpolate4, 
╔Á╔ÁclassMapInterpolate5, ╔Á╔ÁclassMapInterpolate6, ╔Á╔ÁclassMapInterpolate7, ╔Á╔ÁclassMapInterpolate8, 
╔Á╔ÁclassMapInterpolateV, ╔Á╔ÁclassProp, ╔Á╔ÁcomponentInstance, ╔Á╔Áconditional, ╔Á╔ÁcontentQuery, 
╔Á╔ÁcontentQuerySignal, ╔Á╔ÁdeclareLet, ╔Á╔Ádefer, ╔Á╔ÁdeferEnableTimerScheduling, ╔Á╔ÁdeferOnHover, ╔Á╔ÁdeferOnIdle, 
╔Á╔ÁdeferOnImmediate, ╔Á╔ÁdeferOnInteraction, ╔Á╔ÁdeferOnTimer, ╔Á╔ÁdeferOnViewport, ╔Á╔ÁdeferPrefetchOnHover, 
╔Á╔ÁdeferPrefetchOnIdle, ╔Á╔ÁdeferPrefetchOnImmediate, ╔Á╔ÁdeferPrefetchOnInteraction, ╔Á╔ÁdeferPrefetchOnTimer, 
╔Á╔ÁdeferPrefetchOnViewport, ╔Á╔ÁdeferPrefetchWhen, ╔Á╔ÁdeferWhen, ╔Á╔ÁdefineComponent, ╔Á╔ÁdefineDirective, 
╔Á╔ÁdefineInjectable, ╔Á╔ÁdefineInjector, ╔Á╔ÁdefineNgModule, ╔Á╔ÁdefinePipe, ╔Á╔ÁdirectiveInject, 
╔Á╔ÁdisableBindings, ╔Á╔Áelement, ╔Á╔ÁelementContainer, ╔Á╔ÁelementContainerEnd, ╔Á╔ÁelementContainerStart, 
╔Á╔ÁelementEnd, ╔Á╔ÁelementStart, ╔Á╔ÁenableBindings, ╔Á╔ÁgetComponentDepsFactory, ╔Á╔ÁgetCurrentView, 
╔Á╔ÁgetInheritedFactory, ╔Á╔ÁhostProperty, ╔Á╔Ái18n, ╔Á╔Ái18nApply, ╔Á╔Ái18nAttributes, ╔Á╔Ái18nEnd, ╔Á╔Ái18nExp, 
╔Á╔Ái18nPostprocess, ╔Á╔Ái18nStart, ╔Á╔Áinject, ╔Á╔ÁinjectAttribute, ╔Á╔ÁinvalidFactory, ╔Á╔ÁinvalidFactoryDep, 
╔Á╔Álistener, ╔Á╔ÁloadQuery, ╔Á╔ÁnamespaceHTML, ╔Á╔ÁnamespaceMathML, ╔Á╔ÁnamespaceSVG, ╔Á╔ÁnextContext, 
╔Á╔ÁngDeclareClassMetadata, ╔Á╔ÁngDeclareClassMetadataAsync, ╔Á╔ÁngDeclareComponent, ╔Á╔ÁngDeclareDirective, 
╔Á╔ÁngDeclareFactory, ╔Á╔ÁngDeclareInjectable, ╔Á╔ÁngDeclareInjector, ╔Á╔ÁngDeclareNgModule, ╔Á╔ÁngDeclarePipe, 
╔Á╔Ápipe, ╔Á╔ÁpipeBind1, ╔Á╔ÁpipeBind2, ╔Á╔ÁpipeBind3, ╔Á╔ÁpipeBind4, ╔Á╔ÁpipeBindV, ╔Á╔Áprojection, 
╔Á╔ÁprojectionDef, ╔Á╔Áproperty, ╔Á╔ÁpropertyInterpolate, ╔Á╔ÁpropertyInterpolate1, ╔Á╔ÁpropertyInterpolate2, 
╔Á╔ÁpropertyInterpolate3, ╔Á╔ÁpropertyInterpolate4, ╔Á╔ÁpropertyInterpolate5, ╔Á╔ÁpropertyInterpolate6, 
╔Á╔ÁpropertyInterpolate7, ╔Á╔ÁpropertyInterpolate8, ╔Á╔ÁpropertyInterpolateV, ╔Á╔ÁpureFunction0, ╔Á╔ÁpureFunction1, 
╔Á╔ÁpureFunction2, ╔Á╔ÁpureFunction3, ╔Á╔ÁpureFunction4, ╔Á╔ÁpureFunction5, ╔Á╔ÁpureFunction6, ╔Á╔ÁpureFunction7, 
╔Á╔ÁpureFunction8, ╔Á╔ÁpureFunctionV, ╔Á╔ÁqueryAdvance, ╔Á╔ÁqueryRefresh, ╔Á╔ÁreadContextLet, ╔Á╔Áreference, 
╔Á╔ÁregisterNgModuleType, ╔Á╔Árepeater, ╔Á╔ÁrepeaterCreate, ╔Á╔ÁrepeaterTrackByIdentity, ╔Á╔ÁrepeaterTrackByIndex, 
╔Á╔ÁresetView, ╔Á╔ÁresolveBody, ╔Á╔ÁresolveDocument, ╔Á╔ÁresolveWindow, ╔Á╔ÁrestoreView, ╔Á╔ÁsanitizeHtml, 
╔Á╔ÁsanitizeResourceUrl, ╔Á╔ÁsanitizeScript, ╔Á╔ÁsanitizeStyle, ╔Á╔ÁsanitizeUrl, ╔Á╔ÁsanitizeUrlOrResourceUrl, 
╔Á╔ÁsetComponentScope, ╔Á╔ÁsetNgModuleScope, ╔Á╔ÁstoreLet, ╔Á╔ÁstyleMap, ╔Á╔ÁstyleMapInterpolate1, 
╔Á╔ÁstyleMapInterpolate2, ╔Á╔ÁstyleMapInterpolate3, ╔Á╔ÁstyleMapInterpolate4, ╔Á╔ÁstyleMapInterpolate5, 
╔Á╔ÁstyleMapInterpolate6, ╔Á╔ÁstyleMapInterpolate7, ╔Á╔ÁstyleMapInterpolate8, ╔Á╔ÁstyleMapInterpolateV, ╔Á╔ÁstyleProp, 
╔Á╔ÁstylePropInterpolate1, ╔Á╔ÁstylePropInterpolate2, ╔Á╔ÁstylePropInterpolate3, ╔Á╔ÁstylePropInterpolate4, 
╔Á╔ÁstylePropInterpolate5, ╔Á╔ÁstylePropInterpolate6, ╔Á╔ÁstylePropInterpolate7, ╔Á╔ÁstylePropInterpolate8, 
╔Á╔ÁstylePropInterpolateV, ╔Á╔ÁsyntheticHostListener, ╔Á╔ÁsyntheticHostProperty, ╔Á╔Átemplate, 
╔Á╔ÁtemplateRefExtractor, ╔Á╔Átext, ╔Á╔ÁtextInterpolate, ╔Á╔ÁtextInterpolate1, ╔Á╔ÁtextInterpolate2, 
╔Á╔ÁtextInterpolate3, ╔Á╔ÁtextInterpolate4, ╔Á╔ÁtextInterpolate5, ╔Á╔ÁtextInterpolate6, ╔Á╔ÁtextInterpolate7, 
╔Á╔ÁtextInterpolate8, ╔Á╔ÁtextInterpolateV, ╔Á╔ÁtrustConstantHtml, ╔Á╔ÁtrustConstantResourceUrl, ╔Á╔ÁtwoWayBindingSet, 
╔Á╔ÁtwoWayListener, ╔Á╔ÁtwoWayProperty, ╔Á╔ÁvalidateIframeAttribute, ╔Á╔ÁviewQuery, ╔Á╔ÁviewQuerySignal)

../node_modules/@angular/material/fesm2022/button-toggle.mjs:305:19-61 - Error: export '╔Á╔ÁInputFlags' (imported as 
'i0') was not found in '@angular/core' (possible exports: ANIMATION_MODULE_TYPE, APP_BOOTSTRAP_LISTENER, APP_ID, 
APP_INITIALIZER, AfterRenderPhase, ApplicationInitStatus, ApplicationModule, ApplicationRef, Attribute, 
COMPILER_OPTIONS, CSP_NONCE, CUSTOM_ELEMENTS_SCHEMA, ChangeDetectionStrategy, ChangeDetectorRef, Compiler, 
CompilerFactory, Component, ComponentFactory, ComponentFactoryResolver, ComponentRef, ContentChild, ContentChildren, 
DEFAULT_CURRENCY_CODE, DebugElement, DebugEventListener, DebugNode, DefaultIterableDiffer, DestroyRef, Directive, 
ENVIRONMENT_INITIALIZER, ElementRef, EmbeddedViewRef, EnvironmentInjector, ErrorHandler, EventEmitter, 
ExperimentalPendingTasks, HOST_TAG_NAME, Host, HostAttributeToken, HostBinding, HostListener, INJECTOR, Inject, 
InjectFlags, Injectable, InjectionToken, Injector, Input, IterableDiffers, KeyValueDiffers, LOCALE_ID, 
MissingTranslationStrategy, ModuleWithComponentFactories, NO_ERRORS_SCHEMA, NgModule, NgModuleFactory, NgModuleRef, 
NgProbeToken, NgZone, Optional, Output, OutputEmitterRef, PACKAGE_ROOT_URL, PLATFORM_ID, PLATFORM_INITIALIZER, Pipe, 
PlatformRef, Query, QueryList, Renderer2, RendererFactory2, RendererStyleFlags2, Sanitizer, SecurityContext, Self, 
SimpleChange, SkipSelf, TRANSLATIONS, TRANSLATIONS_FORMAT, TemplateRef, Testability, TestabilityRegistry, 
TransferState, Type, VERSION, Version, ViewChild, ViewChildren, ViewContainerRef, ViewEncapsulation, ViewRef, 
afterNextRender, afterRender, asNativeElements, assertInInjectionContext, assertNotInReactiveContext, assertPlatform, 
booleanAttribute, computed, contentChild, contentChildren, createComponent, createEnvironmentInjector, createNgModule, 
createNgModuleRef, createPlatform, createPlatformFactory, defineInjectable, destroyPlatform, effect, enableProdMode, 
forwardRef, getDebugNode, getModuleFactory, getNgModuleById, getPlatform, importProvidersFrom, inject, input, 
isDevMode, isSignal, isStandalone, makeEnvironmentProviders, makeStateKey, mergeApplicationConfig, model, 
numberAttribute, output, platformCore, provideExperimentalCheckNoChangesForDebug, 
provideExperimentalZonelessChangeDetection, provideZoneChangeDetection, reflectComponentType, resolveForwardRef, 
runInInjectionContext, setTestabilityGetter, signal, untracked, viewChild, viewChildren, ╔ÁALLOW_MULTIPLE_PLATFORMS, 
╔ÁAfterRenderManager, ╔ÁCONTAINER_HEADER_OFFSET, ╔ÁChangeDetectionScheduler, ╔ÁChangeDetectionSchedulerImpl, 
╔ÁComponentFactory, ╔ÁConsole, ╔ÁDEFAULT_LOCALE_ID, ╔ÁDEFER_BLOCK_CONFIG, ╔ÁDEFER_BLOCK_DEPENDENCY_INTERCEPTOR, 
╔ÁDeferBlockBehavior, ╔ÁDeferBlockState, ╔ÁEffectScheduler, ╔ÁIMAGE_CONFIG, ╔ÁIMAGE_CONFIG_DEFAULTS, ╔ÁINJECTOR_SCOPE, 
╔ÁINPUT_SIGNAL_BRAND_WRITE_TYPE, ╔ÁINTERNAL_APPLICATION_ERROR_HANDLER, ╔ÁIS_HYDRATION_DOM_REUSE_ENABLED, 
╔ÁJSACTION_EVENT_CONTRACT, ╔ÁLContext, ╔ÁLifecycleHooksFeature, ╔ÁLocaleDataIndex, ╔ÁNG_COMP_DEF, ╔ÁNG_DIR_DEF, 
╔ÁNG_ELEMENT_ID, ╔ÁNG_INJ_DEF, ╔ÁNG_MOD_DEF, ╔ÁNG_PIPE_DEF, ╔ÁNG_PROV_DEF, ╔ÁNOT_FOUND_CHECK_ONLY_ELEMENT_INJECTOR, 
╔ÁNO_CHANGE, ╔ÁNgModuleFactory, ╔ÁNoopNgZone, ╔ÁPROVIDED_NG_ZONE, ╔ÁPendingTasks, ╔ÁReflectionCapabilities, 
╔ÁRender3ComponentFactory, ╔ÁRender3ComponentRef, ╔ÁRender3NgModuleRef, ╔ÁRuntimeError, ╔ÁSIGNAL, 
╔ÁSSR_CONTENT_INTEGRITY_MARKER, ╔ÁTESTABILITY, ╔ÁTESTABILITY_GETTER, ╔ÁUSE_RUNTIME_DEPS_TRACKER_FOR_JIT, ╔ÁViewRef, 
╔ÁXSS_SECURITY_URL, ╔ÁZONELESS_ENABLED, ╔Á_sanitizeHtml, ╔Á_sanitizeUrl, ╔ÁallowSanitizationBypassAndThrow, 
╔ÁannotateForHydration, ╔ÁbypassSanitizationTrustHtml, ╔ÁbypassSanitizationTrustResourceUrl, 
╔ÁbypassSanitizationTrustScript, ╔ÁbypassSanitizationTrustStyle, ╔ÁbypassSanitizationTrustUrl, 
╔ÁclearResolutionOfComponentResourcesQueue, ╔ÁcompileComponent, ╔ÁcompileDirective, ╔ÁcompileNgModule, 
╔ÁcompileNgModuleDefs, ╔ÁcompileNgModuleFactory, ╔ÁcompilePipe, ╔ÁconvertToBitFlags, ╔ÁcreateInjector, 
╔ÁdefaultIterableDiffers, ╔ÁdefaultKeyValueDiffers, ╔ÁdepsTracker, ╔ÁdetectChangesInViewIfRequired, ╔ÁdevModeEqual, 
╔ÁfindLocaleData, ╔ÁflushModuleScopingQueueAsMuchAsPossible, ╔ÁformatRuntimeError, 
╔ÁgenerateStandaloneInDeclarationsError, ╔ÁgetAsyncClassMetadataFn, ╔ÁgetDebugNode, ╔ÁgetDeferBlocks, ╔ÁgetDirectives, 
╔ÁgetHostElement, ╔ÁgetInjectableDef, ╔ÁgetLContext, ╔ÁgetLocaleCurrencyCode, ╔ÁgetLocalePluralCase, 
╔ÁgetOutputDestroyRef, ╔ÁgetSanitizationBypassType, ╔ÁgetUnknownElementStrictMode, ╔ÁgetUnknownPropertyStrictMode, 
╔Áglobal, ╔ÁinjectChangeDetectorRef, ╔ÁinternalCreateApplication, ╔ÁinternalProvideZoneChangeDetection, 
╔ÁisBoundToModule, ╔ÁisComponentDefPendingResolution, ╔ÁisEnvironmentProviders, ╔ÁisInjectable, ╔ÁisNgModule, 
╔ÁisPromise, ╔ÁisSubscribable, ╔ÁnoSideEffects, ╔ÁpatchComponentDefWithScope, ╔ÁperformanceMarkFeature, 
╔ÁreadHydrationInfo, ╔ÁregisterLocaleData, ╔ÁrenderDeferBlockState, ╔ÁresetCompiledComponents, ╔ÁresetJitOptions, 
╔ÁresolveComponentResources, ╔ÁrestoreComponentResolutionQueue, ╔ÁsetAllowDuplicateNgModuleIdsForTest, 
╔ÁsetAlternateWeakRefImpl, ╔ÁsetClassDebugInfo, ╔ÁsetClassMetadata, ╔ÁsetClassMetadataAsync, ╔ÁsetCurrentInjector, 
╔ÁsetDocument, ╔ÁsetInjectorProfilerContext, ╔ÁsetLocaleId, ╔ÁsetUnknownElementStrictMode, 
╔ÁsetUnknownPropertyStrictMode, ╔Ástore, ╔Ástringify, ╔ÁtransitiveScopesFor, ╔ÁtriggerResourceLoading, 
╔ÁtruncateMiddle, ╔ÁunregisterLocaleData, ╔ÁunwrapSafeValue, ╔ÁunwrapWritableSignal, ╔ÁwhenStable, ╔ÁwithDomHydration, 
╔ÁwithEventReplay, ╔ÁwithI18nSupport, ╔Á╔ÁCopyDefinitionFeature, ╔Á╔ÁFactoryTarget, ╔Á╔ÁHostDirectivesFeature, 
╔Á╔ÁInheritDefinitionFeature, ╔Á╔ÁInputTransformsFeature, ╔Á╔ÁNgOnChangesFeature, ╔Á╔ÁProvidersFeature, 
╔Á╔ÁStandaloneFeature, ╔Á╔Áadvance, ╔Á╔Áattribute, ╔Á╔ÁattributeInterpolate1, ╔Á╔ÁattributeInterpolate2, 
╔Á╔ÁattributeInterpolate3, ╔Á╔ÁattributeInterpolate4, ╔Á╔ÁattributeInterpolate5, ╔Á╔ÁattributeInterpolate6, 
╔Á╔ÁattributeInterpolate7, ╔Á╔ÁattributeInterpolate8, ╔Á╔ÁattributeInterpolateV, ╔Á╔ÁclassMap, 
╔Á╔ÁclassMapInterpolate1, ╔Á╔ÁclassMapInterpolate2, ╔Á╔ÁclassMapInterpolate3, ╔Á╔ÁclassMapInterpolate4, 
╔Á╔ÁclassMapInterpolate5, ╔Á╔ÁclassMapInterpolate6, ╔Á╔ÁclassMapInterpolate7, ╔Á╔ÁclassMapInterpolate8, 
╔Á╔ÁclassMapInterpolateV, ╔Á╔ÁclassProp, ╔Á╔ÁcomponentInstance, ╔Á╔Áconditional, ╔Á╔ÁcontentQuery, 
╔Á╔ÁcontentQuerySignal, ╔Á╔ÁdeclareLet, ╔Á╔Ádefer, ╔Á╔ÁdeferEnableTimerScheduling, ╔Á╔ÁdeferOnHover, ╔Á╔ÁdeferOnIdle, 
╔Á╔ÁdeferOnImmediate, ╔Á╔ÁdeferOnInteraction, ╔Á╔ÁdeferOnTimer, ╔Á╔ÁdeferOnViewport, ╔Á╔ÁdeferPrefetchOnHover, 
╔Á╔ÁdeferPrefetchOnIdle, ╔Á╔ÁdeferPrefetchOnImmediate, ╔Á╔ÁdeferPrefetchOnInteraction, ╔Á╔ÁdeferPrefetchOnTimer, 
╔Á╔ÁdeferPrefetchOnViewport, ╔Á╔ÁdeferPrefetchWhen, ╔Á╔ÁdeferWhen, ╔Á╔ÁdefineComponent, ╔Á╔ÁdefineDirective, 
╔Á╔ÁdefineInjectable, ╔Á╔ÁdefineInjector, ╔Á╔ÁdefineNgModule, ╔Á╔ÁdefinePipe, ╔Á╔ÁdirectiveInject, 
╔Á╔ÁdisableBindings, ╔Á╔Áelement, ╔Á╔ÁelementContainer, ╔Á╔ÁelementContainerEnd, ╔Á╔ÁelementContainerStart, 
╔Á╔ÁelementEnd, ╔Á╔ÁelementStart, ╔Á╔ÁenableBindings, ╔Á╔ÁgetComponentDepsFactory, ╔Á╔ÁgetCurrentView, 
╔Á╔ÁgetInheritedFactory, ╔Á╔ÁhostProperty, ╔Á╔Ái18n, ╔Á╔Ái18nApply, ╔Á╔Ái18nAttributes, ╔Á╔Ái18nEnd, ╔Á╔Ái18nExp, 
╔Á╔Ái18nPostprocess, ╔Á╔Ái18nStart, ╔Á╔Áinject, ╔Á╔ÁinjectAttribute, ╔Á╔ÁinvalidFactory, ╔Á╔ÁinvalidFactoryDep, 
╔Á╔Álistener, ╔Á╔ÁloadQuery, ╔Á╔ÁnamespaceHTML, ╔Á╔ÁnamespaceMathML, ╔Á╔ÁnamespaceSVG, ╔Á╔ÁnextContext, 
╔Á╔ÁngDeclareClassMetadata, ╔Á╔ÁngDeclareClassMetadataAsync, ╔Á╔ÁngDeclareComponent, ╔Á╔ÁngDeclareDirective, 
╔Á╔ÁngDeclareFactory, ╔Á╔ÁngDeclareInjectable, ╔Á╔ÁngDeclareInjector, ╔Á╔ÁngDeclareNgModule, ╔Á╔ÁngDeclarePipe, 
╔Á╔Ápipe, ╔Á╔ÁpipeBind1, ╔Á╔ÁpipeBind2, ╔Á╔ÁpipeBind3, ╔Á╔ÁpipeBind4, ╔Á╔ÁpipeBindV, ╔Á╔Áprojection, 
╔Á╔ÁprojectionDef, ╔Á╔Áproperty, ╔Á╔ÁpropertyInterpolate, ╔Á╔ÁpropertyInterpolate1, ╔Á╔ÁpropertyInterpolate2, 
╔Á╔ÁpropertyInterpolate3, ╔Á╔ÁpropertyInterpolate4, ╔Á╔ÁpropertyInterpolate5, ╔Á╔ÁpropertyInterpolate6, 
╔Á╔ÁpropertyInterpolate7, ╔Á╔ÁpropertyInterpolate8, ╔Á╔ÁpropertyInterpolateV, ╔Á╔ÁpureFunction0, ╔Á╔ÁpureFunction1, 
╔Á╔ÁpureFunction2, ╔Á╔ÁpureFunction3, ╔Á╔ÁpureFunction4, ╔Á╔ÁpureFunction5, ╔Á╔ÁpureFunction6, ╔Á╔ÁpureFunction7, 
╔Á╔ÁpureFunction8, ╔Á╔ÁpureFunctionV, ╔Á╔ÁqueryAdvance, ╔Á╔ÁqueryRefresh, ╔Á╔ÁreadContextLet, ╔Á╔Áreference, 
╔Á╔ÁregisterNgModuleType, ╔Á╔Árepeater, ╔Á╔ÁrepeaterCreate, ╔Á╔ÁrepeaterTrackByIdentity, ╔Á╔ÁrepeaterTrackByIndex, 
╔Á╔ÁresetView, ╔Á╔ÁresolveBody, ╔Á╔ÁresolveDocument, ╔Á╔ÁresolveWindow, ╔Á╔ÁrestoreView, ╔Á╔ÁsanitizeHtml, 
╔Á╔ÁsanitizeResourceUrl, ╔Á╔ÁsanitizeScript, ╔Á╔ÁsanitizeStyle, ╔Á╔ÁsanitizeUrl, ╔Á╔ÁsanitizeUrlOrResourceUrl, 
╔Á╔ÁsetComponentScope, ╔Á╔ÁsetNgModuleScope, ╔Á╔ÁstoreLet, ╔Á╔ÁstyleMap, ╔Á╔ÁstyleMapInterpolate1, 
╔Á╔ÁstyleMapInterpolate2, ╔Á╔ÁstyleMapInterpolate3, ╔Á╔ÁstyleMapInterpolate4, ╔Á╔ÁstyleMapInterpolate5, 
╔Á╔ÁstyleMapInterpolate6, ╔Á╔ÁstyleMapInterpolate7, ╔Á╔ÁstyleMapInterpolate8, ╔Á╔ÁstyleMapInterpolateV, ╔Á╔ÁstyleProp, 
╔Á╔ÁstylePropInterpolate1, ╔Á╔ÁstylePropInterpolate2, ╔Á╔ÁstylePropInterpolate3, ╔Á╔ÁstylePropInterpolate4, 
╔Á╔ÁstylePropInterpolate5, ╔Á╔ÁstylePropInterpolate6, ╔Á╔ÁstylePropInterpolate7, ╔Á╔ÁstylePropInterpolate8, 
╔Á╔ÁstylePropInterpolateV, ╔Á╔ÁsyntheticHostListener, ╔Á╔ÁsyntheticHostProperty, ╔Á╔Átemplate, 
╔Á╔ÁtemplateRefExtractor, ╔Á╔Átext, ╔Á╔ÁtextInterpolate, ╔Á╔ÁtextInterpolate1, ╔Á╔ÁtextInterpolate2, 
╔Á╔ÁtextInterpolate3, ╔Á╔ÁtextInterpolate4, ╔Á╔ÁtextInterpolate5, ╔Á╔ÁtextInterpolate6, ╔Á╔ÁtextInterpolate7, 
╔Á╔ÁtextInterpolate8, ╔Á╔ÁtextInterpolateV, ╔Á╔ÁtrustConstantHtml, ╔Á╔ÁtrustConstantResourceUrl, ╔Á╔ÁtwoWayBindingSet, 
╔Á╔ÁtwoWayListener, ╔Á╔ÁtwoWayProperty, ╔Á╔ÁvalidateIframeAttribute, ╔Á╔ÁviewQuery, ╔Á╔ÁviewQuerySignal)

../node_modules/@angular/material/fesm2022/button-toggle.mjs:307:19-61 - Error: export '╔Á╔ÁInputFlags' (imported as 
'i0') was not found in '@angular/core' (possible exports: ANIMATION_MODULE_TYPE, APP_BOOTSTRAP_LISTENER, APP_ID, 
APP_INITIALIZER, AfterRenderPhase, ApplicationInitStatus, ApplicationModule, ApplicationRef, Attribute, 
COMPILER_OPTIONS, CSP_NONCE, CUSTOM_ELEMENTS_SCHEMA, ChangeDetectionStrategy, ChangeDetectorRef, Compiler, 
CompilerFactory, Component, ComponentFactory, ComponentFactoryResolver, ComponentRef, ContentChild, ContentChildren, 
DEFAULT_CURRENCY_CODE, DebugElement, DebugEventListener, DebugNode, DefaultIterableDiffer, DestroyRef, Directive, 
ENVIRONMENT_INITIALIZER, ElementRef, EmbeddedViewRef, EnvironmentInjector, ErrorHandler, EventEmitter, 
ExperimentalPendingTasks, HOST_TAG_NAME, Host, HostAttributeToken, HostBinding, HostListener, INJECTOR, Inject, 
InjectFlags, Injectable, InjectionToken, Injector, Input, IterableDiffers, KeyValueDiffers, LOCALE_ID, 
MissingTranslationStrategy, ModuleWithComponentFactories, NO_ERRORS_SCHEMA, NgModule, NgModuleFactory, NgModuleRef, 
NgProbeToken, NgZone, Optional, Output, OutputEmitterRef, PACKAGE_ROOT_URL, PLATFORM_ID, PLATFORM_INITIALIZER, Pipe, 
PlatformRef, Query, QueryList, Renderer2, RendererFactory2, RendererStyleFlags2, Sanitizer, SecurityContext, Self, 
SimpleChange, SkipSelf, TRANSLATIONS, TRANSLATIONS_FORMAT, TemplateRef, Testability, TestabilityRegistry, 
TransferState, Type, VERSION, Version, ViewChild, ViewChildren, ViewContainerRef, ViewEncapsulation, ViewRef, 
afterNextRender, afterRender, asNativeElements, assertInInjectionContext, assertNotInReactiveContext, assertPlatform, 
booleanAttribute, computed, contentChild, contentChildren, createComponent, createEnvironmentInjector, createNgModule, 
createNgModuleRef, createPlatform, createPlatformFactory, defineInjectable, destroyPlatform, effect, enableProdMode, 
forwardRef, getDebugNode, getModuleFactory, getNgModuleById, getPlatform, importProvidersFrom, inject, input, 
isDevMode, isSignal, isStandalone, makeEnvironmentProviders, makeStateKey, mergeApplicationConfig, model, 
numberAttribute, output, platformCore, provideExperimentalCheckNoChangesForDebug, 
provideExperimentalZonelessChangeDetection, provideZoneChangeDetection, reflectComponentType, resolveForwardRef, 
runInInjectionContext, setTestabilityGetter, signal, untracked, viewChild, viewChildren, ╔ÁALLOW_MULTIPLE_PLATFORMS, 
╔ÁAfterRenderManager, ╔ÁCONTAINER_HEADER_OFFSET, ╔ÁChangeDetectionScheduler, ╔ÁChangeDetectionSchedulerImpl, 
╔ÁComponentFactory, ╔ÁConsole, ╔ÁDEFAULT_LOCALE_ID, ╔ÁDEFER_BLOCK_CONFIG, ╔ÁDEFER_BLOCK_DEPENDENCY_INTERCEPTOR, 
╔ÁDeferBlockBehavior, ╔ÁDeferBlockState, ╔ÁEffectScheduler, ╔ÁIMAGE_CONFIG, ╔ÁIMAGE_CONFIG_DEFAULTS, ╔ÁINJECTOR_SCOPE, 
╔ÁINPUT_SIGNAL_BRAND_WRITE_TYPE, ╔ÁINTERNAL_APPLICATION_ERROR_HANDLER, ╔ÁIS_HYDRATION_DOM_REUSE_ENABLED, 
╔ÁJSACTION_EVENT_CONTRACT, ╔ÁLContext, ╔ÁLifecycleHooksFeature, ╔ÁLocaleDataIndex, ╔ÁNG_COMP_DEF, ╔ÁNG_DIR_DEF, 
╔ÁNG_ELEMENT_ID, ╔ÁNG_INJ_DEF, ╔ÁNG_MOD_DEF, ╔ÁNG_PIPE_DEF, ╔ÁNG_PROV_DEF, ╔ÁNOT_FOUND_CHECK_ONLY_ELEMENT_INJECTOR, 
╔ÁNO_CHANGE, ╔ÁNgModuleFactory, ╔ÁNoopNgZone, ╔ÁPROVIDED_NG_ZONE, ╔ÁPendingTasks, ╔ÁReflectionCapabilities, 
╔ÁRender3ComponentFactory, ╔ÁRender3ComponentRef, ╔ÁRender3NgModuleRef, ╔ÁRuntimeError, ╔ÁSIGNAL, 
╔ÁSSR_CONTENT_INTEGRITY_MARKER, ╔ÁTESTABILITY, ╔ÁTESTABILITY_GETTER, ╔ÁUSE_RUNTIME_DEPS_TRACKER_FOR_JIT, ╔ÁViewRef, 
╔ÁXSS_SECURITY_URL, ╔ÁZONELESS_ENABLED, ╔Á_sanitizeHtml, ╔Á_sanitizeUrl, ╔ÁallowSanitizationBypassAndThrow, 
╔ÁannotateForHydration, ╔ÁbypassSanitizationTrustHtml, ╔ÁbypassSanitizationTrustResourceUrl, 
╔ÁbypassSanitizationTrustScript, ╔ÁbypassSanitizationTrustStyle, ╔ÁbypassSanitizationTrustUrl, 
╔ÁclearResolutionOfComponentResourcesQueue, ╔ÁcompileComponent, ╔ÁcompileDirective, ╔ÁcompileNgModule, 
╔ÁcompileNgModuleDefs, ╔ÁcompileNgModuleFactory, ╔ÁcompilePipe, ╔ÁconvertToBitFlags, ╔ÁcreateInjector, 
╔ÁdefaultIterableDiffers, ╔ÁdefaultKeyValueDiffers, ╔ÁdepsTracker, ╔ÁdetectChangesInViewIfRequired, ╔ÁdevModeEqual, 
╔ÁfindLocaleData, ╔ÁflushModuleScopingQueueAsMuchAsPossible, ╔ÁformatRuntimeError, 
╔ÁgenerateStandaloneInDeclarationsError, ╔ÁgetAsyncClassMetadataFn, ╔ÁgetDebugNode, ╔ÁgetDeferBlocks, ╔ÁgetDirectives, 
╔ÁgetHostElement, ╔ÁgetInjectableDef, ╔ÁgetLContext, ╔ÁgetLocaleCurrencyCode, ╔ÁgetLocalePluralCase, 
╔ÁgetOutputDestroyRef, ╔ÁgetSanitizationBypassType, ╔ÁgetUnknownElementStrictMode, ╔ÁgetUnknownPropertyStrictMode, 
╔Áglobal, ╔ÁinjectChangeDetectorRef, ╔ÁinternalCreateApplication, ╔ÁinternalProvideZoneChangeDetection, 
╔ÁisBoundToModule, ╔ÁisComponentDefPendingResolution, ╔ÁisEnvironmentProviders, ╔ÁisInjectable, ╔ÁisNgModule, 
╔ÁisPromise, ╔ÁisSubscribable, ╔ÁnoSideEffects, ╔ÁpatchComponentDefWithScope, ╔ÁperformanceMarkFeature, 
╔ÁreadHydrationInfo, ╔ÁregisterLocaleData, ╔ÁrenderDeferBlockState, ╔ÁresetCompiledComponents, ╔ÁresetJitOptions, 
╔ÁresolveComponentResources, ╔ÁrestoreComponentResolutionQueue, ╔ÁsetAllowDuplicateNgModuleIdsForTest, 
╔ÁsetAlternateWeakRefImpl, ╔ÁsetClassDebugInfo, ╔ÁsetClassMetadata, ╔ÁsetClassMetadataAsync, ╔ÁsetCurrentInjector, 
╔ÁsetDocument, ╔ÁsetInjectorProfilerContext, ╔ÁsetLocaleId, ╔ÁsetUnknownElementStrictMode, 
╔ÁsetUnknownPropertyStrictMode, ╔Ástore, ╔Ástringify, ╔ÁtransitiveScopesFor, ╔ÁtriggerResourceLoading, 
╔ÁtruncateMiddle, ╔ÁunregisterLocaleData, ╔ÁunwrapSafeValue, ╔ÁunwrapWritableSignal, ╔ÁwhenStable, ╔ÁwithDomHydration, 
╔ÁwithEventReplay, ╔ÁwithI18nSupport, ╔Á╔ÁCopyDefinitionFeature, ╔Á╔ÁFactoryTarget, ╔Á╔ÁHostDirectivesFeature, 
╔Á╔ÁInheritDefinitionFeature, ╔Á╔ÁInputTransformsFeature, ╔Á╔ÁNgOnChangesFeature, ╔Á╔ÁProvidersFeature, 
╔Á╔ÁStandaloneFeature, ╔Á╔Áadvance, ╔Á╔Áattribute, ╔Á╔ÁattributeInterpolate1, ╔Á╔ÁattributeInterpolate2, 
╔Á╔ÁattributeInterpolate3, ╔Á╔ÁattributeInterpolate4, ╔Á╔ÁattributeInterpolate5, ╔Á╔ÁattributeInterpolate6, 
╔Á╔ÁattributeInterpolate7, ╔Á╔ÁattributeInterpolate8, ╔Á╔ÁattributeInterpolateV, ╔Á╔ÁclassMap, 
╔Á╔ÁclassMapInterpolate1, ╔Á╔ÁclassMapInterpolate2, ╔Á╔ÁclassMapInterpolate3, ╔Á╔ÁclassMapInterpolate4, 
╔Á╔ÁclassMapInterpolate5, ╔Á╔ÁclassMapInterpolate6, ╔Á╔ÁclassMapInterpolate7, ╔Á╔ÁclassMapInterpolate8, 
╔Á╔ÁclassMapInterpolateV, ╔Á╔ÁclassProp, ╔Á╔ÁcomponentInstance, ╔Á╔Áconditional, ╔Á╔ÁcontentQuery, 
╔Á╔ÁcontentQuerySignal, ╔Á╔ÁdeclareLet, ╔Á╔Ádefer, ╔Á╔ÁdeferEnableTimerScheduling, ╔Á╔ÁdeferOnHover, ╔Á╔ÁdeferOnIdle, 
╔Á╔ÁdeferOnImmediate, ╔Á╔ÁdeferOnInteraction, ╔Á╔ÁdeferOnTimer, ╔Á╔ÁdeferOnViewport, ╔Á╔ÁdeferPrefetchOnHover, 
╔Á╔ÁdeferPrefetchOnIdle, ╔Á╔ÁdeferPrefetchOnImmediate, ╔Á╔ÁdeferPrefetchOnInteraction, ╔Á╔ÁdeferPrefetchOnTimer, 
╔Á╔ÁdeferPrefetchOnViewport, ╔Á╔ÁdeferPrefetchWhen, ╔Á╔ÁdeferWhen, ╔Á╔ÁdefineComponent, ╔Á╔ÁdefineDirective, 
╔Á╔ÁdefineInjectable, ╔Á╔ÁdefineInjector, ╔Á╔ÁdefineNgModule, ╔Á╔ÁdefinePipe, ╔Á╔ÁdirectiveInject, 
╔Á╔ÁdisableBindings, ╔Á╔Áelement, ╔Á╔ÁelementContainer, ╔Á╔ÁelementContainerEnd, ╔Á╔ÁelementContainerStart, 
╔Á╔ÁelementEnd, ╔Á╔ÁelementStart, ╔Á╔ÁenableBindings, ╔Á╔ÁgetComponentDepsFactory, ╔Á╔ÁgetCurrentView, 
╔Á╔ÁgetInheritedFactory, ╔Á╔ÁhostProperty, ╔Á╔Ái18n, ╔Á╔Ái18nApply, ╔Á╔Ái18nAttributes, ╔Á╔Ái18nEnd, ╔Á╔Ái18nExp, 
╔Á╔Ái18nPostprocess, ╔Á╔Ái18nStart, ╔Á╔Áinject, ╔Á╔ÁinjectAttribute, ╔Á╔ÁinvalidFactory, ╔Á╔ÁinvalidFactoryDep, 
╔Á╔Álistener, ╔Á╔ÁloadQuery, ╔Á╔ÁnamespaceHTML, ╔Á╔ÁnamespaceMathML, ╔Á╔ÁnamespaceSVG, ╔Á╔ÁnextContext, 
╔Á╔ÁngDeclareClassMetadata, ╔Á╔ÁngDeclareClassMetadataAsync, ╔Á╔ÁngDeclareComponent, ╔Á╔ÁngDeclareDirective, 
╔Á╔ÁngDeclareFactory, ╔Á╔ÁngDeclareInjectable, ╔Á╔ÁngDeclareInjector, ╔Á╔ÁngDeclareNgModule, ╔Á╔ÁngDeclarePipe, 
╔Á╔Ápipe, ╔Á╔ÁpipeBind1, ╔Á╔ÁpipeBind2, ╔Á╔ÁpipeBind3, ╔Á╔ÁpipeBind4, ╔Á╔ÁpipeBindV, ╔Á╔Áprojection, 
╔Á╔ÁprojectionDef, ╔Á╔Áproperty, ╔Á╔ÁpropertyInterpolate, ╔Á╔ÁpropertyInterpolate1, ╔Á╔ÁpropertyInterpolate2, 
╔Á╔ÁpropertyInterpolate3, ╔Á╔ÁpropertyInterpolate4, ╔Á╔ÁpropertyInterpolate5, ╔Á╔ÁpropertyInterpolate6, 
╔Á╔ÁpropertyInterpolate7, ╔Á╔ÁpropertyInterpolate8, ╔Á╔ÁpropertyInterpolateV, ╔Á╔ÁpureFunction0, ╔Á╔ÁpureFunction1, 
╔Á╔ÁpureFunction2, ╔Á╔ÁpureFunction3, ╔Á╔ÁpureFunction4, ╔Á╔ÁpureFunction5, ╔Á╔ÁpureFunction6, ╔Á╔ÁpureFunction7, 
╔Á╔ÁpureFunction8, ╔Á╔ÁpureFunctionV, ╔Á╔ÁqueryAdvance, ╔Á╔ÁqueryRefresh, ╔Á╔ÁreadContextLet, ╔Á╔Áreference, 
╔Á╔ÁregisterNgModuleType, ╔Á╔Árepeater, ╔Á╔ÁrepeaterCreate, ╔Á╔ÁrepeaterTrackByIdentity, ╔Á╔ÁrepeaterTrackByIndex, 
╔Á╔ÁresetView, ╔Á╔ÁresolveBody, ╔Á╔ÁresolveDocument, ╔Á╔ÁresolveWindow, ╔Á╔ÁrestoreView, ╔Á╔ÁsanitizeHtml, 
╔Á╔ÁsanitizeResourceUrl, ╔Á╔ÁsanitizeScript, ╔Á╔ÁsanitizeStyle, ╔Á╔ÁsanitizeUrl, ╔Á╔ÁsanitizeUrlOrResourceUrl, 
╔Á╔ÁsetComponentScope, ╔Á╔ÁsetNgModuleScope, ╔Á╔ÁstoreLet, ╔Á╔ÁstyleMap, ╔Á╔ÁstyleMapInterpolate1, 
╔Á╔ÁstyleMapInterpolate2, ╔Á╔ÁstyleMapInterpolate3, ╔Á╔ÁstyleMapInterpolate4, ╔Á╔ÁstyleMapInterpolate5, 
╔Á╔ÁstyleMapInterpolate6, ╔Á╔ÁstyleMapInterpolate7, ╔Á╔ÁstyleMapInterpolate8, ╔Á╔ÁstyleMapInterpolateV, ╔Á╔ÁstyleProp, 
╔Á╔ÁstylePropInterpolate1, ╔Á╔ÁstylePropInterpolate2, ╔Á╔ÁstylePropInterpolate3, ╔Á╔ÁstylePropInterpolate4, 
╔Á╔ÁstylePropInterpolate5, ╔Á╔ÁstylePropInterpolate6, ╔Á╔ÁstylePropInterpolate7, ╔Á╔ÁstylePropInterpolate8, 
╔Á╔ÁstylePropInterpolateV, ╔Á╔ÁsyntheticHostListener, ╔Á╔ÁsyntheticHostProperty, ╔Á╔Átemplate, 
╔Á╔ÁtemplateRefExtractor, ╔Á╔Átext, ╔Á╔ÁtextInterpolate, ╔Á╔ÁtextInterpolate1, ╔Á╔ÁtextInterpolate2, 
╔Á╔ÁtextInterpolate3, ╔Á╔ÁtextInterpolate4, ╔Á╔ÁtextInterpolate5, ╔Á╔ÁtextInterpolate6, ╔Á╔ÁtextInterpolate7, 
╔Á╔ÁtextInterpolate8, ╔Á╔ÁtextInterpolateV, ╔Á╔ÁtrustConstantHtml, ╔Á╔ÁtrustConstantResourceUrl, ╔Á╔ÁtwoWayBindingSet, 
╔Á╔ÁtwoWayListener, ╔Á╔ÁtwoWayProperty, ╔Á╔ÁvalidateIframeAttribute, ╔Á╔ÁviewQuery, ╔Á╔ÁviewQuerySignal)

../node_modules/@angular/material/fesm2022/button-toggle.mjs:308:19-61 - Error: export '╔Á╔ÁInputFlags' (imported as 
'i0') was not found in '@angular/core' (possible exports: ANIMATION_MODULE_TYPE, APP_BOOTSTRAP_LISTENER, APP_ID, 
APP_INITIALIZER, AfterRenderPhase, ApplicationInitStatus, ApplicationModule, ApplicationRef, Attribute, 
COMPILER_OPTIONS, CSP_NONCE, CUSTOM_ELEMENTS_SCHEMA, ChangeDetectionStrategy, ChangeDetectorRef, Compiler, 
CompilerFactory, Component, ComponentFactory, ComponentFactoryResolver, ComponentRef, ContentChild, ContentChildren, 
DEFAULT_CURRENCY_CODE, DebugElement, DebugEventListener, DebugNode, DefaultIterableDiffer, DestroyRef, Directive, 
ENVIRONMENT_INITIALIZER, ElementRef, EmbeddedViewRef, EnvironmentInjector, ErrorHandler, EventEmitter, 
ExperimentalPendingTasks, HOST_TAG_NAME, Host, HostAttributeToken, HostBinding, HostListener, INJECTOR, Inject, 
InjectFlags, Injectable, InjectionToken, Injector, Input, IterableDiffers, KeyValueDiffers, LOCALE_ID, 
MissingTranslationStrategy, ModuleWithComponentFactories, NO_ERRORS_SCHEMA, NgModule, NgModuleFactory, NgModuleRef, 
NgProbeToken, NgZone, Optional, Output, OutputEmitterRef, PACKAGE_ROOT_URL, PLATFORM_ID, PLATFORM_INITIALIZER, Pipe, 
PlatformRef, Query, QueryList, Renderer2, RendererFactory2, RendererStyleFlags2, Sanitizer, SecurityContext, Self, 
SimpleChange, SkipSelf, TRANSLATIONS, TRANSLATIONS_FORMAT, TemplateRef, Testability, TestabilityRegistry, 
TransferState, Type, VERSION, Version, ViewChild, ViewChildren, ViewContainerRef, ViewEncapsulation, ViewRef, 
afterNextRender, afterRender, asNativeElements, assertInInjectionContext, assertNotInReactiveContext, assertPlatform, 
booleanAttribute, computed, contentChild, contentChildren, createComponent, createEnvironmentInjector, createNgModule, 
createNgModuleRef, createPlatform, createPlatformFactory, defineInjectable, destroyPlatform, effect, enableProdMode, 
forwardRef, getDebugNode, getModuleFactory, getNgModuleById, getPlatform, importProvidersFrom, inject, input, 
isDevMode, isSignal, isStandalone, makeEnvironmentProviders, makeStateKey, mergeApplicationConfig, model, 
numberAttribute, output, platformCore, provideExperimentalCheckNoChangesForDebug, 
provideExperimentalZonelessChangeDetection, provideZoneChangeDetection, reflectComponentType, resolveForwardRef, 
runInInjectionContext, setTestabilityGetter, signal, untracked, viewChild, viewChildren, ╔ÁALLOW_MULTIPLE_PLATFORMS, 
╔ÁAfterRenderManager, ╔ÁCONTAINER_HEADER_OFFSET, ╔ÁChangeDetectionScheduler, ╔ÁChangeDetectionSchedulerImpl, 
╔ÁComponentFactory, ╔ÁConsole, ╔ÁDEFAULT_LOCALE_ID, ╔ÁDEFER_BLOCK_CONFIG, ╔ÁDEFER_BLOCK_DEPENDENCY_INTERCEPTOR, 
╔ÁDeferBlockBehavior, ╔ÁDeferBlockState, ╔ÁEffectScheduler, ╔ÁIMAGE_CONFIG, ╔ÁIMAGE_CONFIG_DEFAULTS, ╔ÁINJECTOR_SCOPE, 
╔ÁINPUT_SIGNAL_BRAND_WRITE_TYPE, ╔ÁINTERNAL_APPLICATION_ERROR_HANDLER, ╔ÁIS_HYDRATION_DOM_REUSE_ENABLED, 
╔ÁJSACTION_EVENT_CONTRACT, ╔ÁLContext, ╔ÁLifecycleHooksFeature, ╔ÁLocaleDataIndex, ╔ÁNG_COMP_DEF, ╔ÁNG_DIR_DEF, 
╔ÁNG_ELEMENT_ID, ╔ÁNG_INJ_DEF, ╔ÁNG_MOD_DEF, ╔ÁNG_PIPE_DEF, ╔ÁNG_PROV_DEF, ╔ÁNOT_FOUND_CHECK_ONLY_ELEMENT_INJECTOR, 
╔ÁNO_CHANGE, ╔ÁNgModuleFactory, ╔ÁNoopNgZone, ╔ÁPROVIDED_NG_ZONE, ╔ÁPendingTasks, ╔ÁReflectionCapabilities, 
╔ÁRender3ComponentFactory, ╔ÁRender3ComponentRef, ╔ÁRender3NgModuleRef, ╔ÁRuntimeError, ╔ÁSIGNAL, 
╔ÁSSR_CONTENT_INTEGRITY_MARKER, ╔ÁTESTABILITY, ╔ÁTESTABILITY_GETTER, ╔ÁUSE_RUNTIME_DEPS_TRACKER_FOR_JIT, ╔ÁViewRef, 
╔ÁXSS_SECURITY_URL, ╔ÁZONELESS_ENABLED, ╔Á_sanitizeHtml, ╔Á_sanitizeUrl, ╔ÁallowSanitizationBypassAndThrow, 
╔ÁannotateForHydration, ╔ÁbypassSanitizationTrustHtml, ╔ÁbypassSanitizationTrustResourceUrl, 
╔ÁbypassSanitizationTrustScript, ╔ÁbypassSanitizationTrustStyle, ╔ÁbypassSanitizationTrustUrl, 
╔ÁclearResolutionOfComponentResourcesQueue, ╔ÁcompileComponent, ╔ÁcompileDirective, ╔ÁcompileNgModule, 
╔ÁcompileNgModuleDefs, ╔ÁcompileNgModuleFactory, ╔ÁcompilePipe, ╔ÁconvertToBitFlags, ╔ÁcreateInjector, 
╔ÁdefaultIterableDiffers, ╔ÁdefaultKeyValueDiffers, ╔ÁdepsTracker, ╔ÁdetectChangesInViewIfRequired, ╔ÁdevModeEqual, 
╔ÁfindLocaleData, ╔ÁflushModuleScopingQueueAsMuchAsPossible, ╔ÁformatRuntimeError, 
╔ÁgenerateStandaloneInDeclarationsError, ╔ÁgetAsyncClassMetadataFn, ╔ÁgetDebugNode, ╔ÁgetDeferBlocks, ╔ÁgetDirectives, 
╔ÁgetHostElement, ╔ÁgetInjectableDef, ╔ÁgetLContext, ╔ÁgetLocaleCurrencyCode, ╔ÁgetLocalePluralCase, 
╔ÁgetOutputDestroyRef, ╔ÁgetSanitizationBypassType, ╔ÁgetUnknownElementStrictMode, ╔ÁgetUnknownPropertyStrictMode, 
╔Áglobal, ╔ÁinjectChangeDetectorRef, ╔ÁinternalCreateApplication, ╔ÁinternalProvideZoneChangeDetection, 
╔ÁisBoundToModule, ╔ÁisComponentDefPendingResolution, ╔ÁisEnvironmentProviders, ╔ÁisInjectable, ╔ÁisNgModule, 
╔ÁisPromise, ╔ÁisSubscribable, ╔ÁnoSideEffects, ╔ÁpatchComponentDefWithScope, ╔ÁperformanceMarkFeature, 
╔ÁreadHydrationInfo, ╔ÁregisterLocaleData, ╔ÁrenderDeferBlockState, ╔ÁresetCompiledComponents, ╔ÁresetJitOptions, 
╔ÁresolveComponentResources, ╔ÁrestoreComponentResolutionQueue, ╔ÁsetAllowDuplicateNgModuleIdsForTest, 
╔ÁsetAlternateWeakRefImpl, ╔ÁsetClassDebugInfo, ╔ÁsetClassMetadata, ╔ÁsetClassMetadataAsync, ╔ÁsetCurrentInjector, 
╔ÁsetDocument, ╔ÁsetInjectorProfilerContext, ╔ÁsetLocaleId, ╔ÁsetUnknownElementStrictMode, 
╔ÁsetUnknownPropertyStrictMode, ╔Ástore, ╔Ástringify, ╔ÁtransitiveScopesFor, ╔ÁtriggerResourceLoading, 
╔ÁtruncateMiddle, ╔ÁunregisterLocaleData, ╔ÁunwrapSafeValue, ╔ÁunwrapWritableSignal, ╔ÁwhenStable, ╔ÁwithDomHydration, 
╔ÁwithEventReplay, ╔ÁwithI18nSupport, ╔Á╔ÁCopyDefinitionFeature, ╔Á╔ÁFactoryTarget, ╔Á╔ÁHostDirectivesFeature, 
╔Á╔ÁInheritDefinitionFeature, ╔Á╔ÁInputTransformsFeature, ╔Á╔ÁNgOnChangesFeature, ╔Á╔ÁProvidersFeature, 
╔Á╔ÁStandaloneFeature, ╔Á╔Áadvance, ╔Á╔Áattribute, ╔Á╔ÁattributeInterpolate1, ╔Á╔ÁattributeInterpolate2, 
╔Á╔ÁattributeInterpolate3, ╔Á╔ÁattributeInterpolate4, ╔Á╔ÁattributeInterpolate5, ╔Á╔ÁattributeInterpolate6, 
╔Á╔ÁattributeInterpolate7, ╔Á╔ÁattributeInterpolate8, ╔Á╔ÁattributeInterpolateV, ╔Á╔ÁclassMap, 
╔Á╔ÁclassMapInterpolate1, ╔Á╔ÁclassMapInterpolate2, ╔Á╔ÁclassMapInterpolate3, ╔Á╔ÁclassMapInterpolate4, 
╔Á╔ÁclassMapInterpolate5, ╔Á╔ÁclassMapInterpolate6, ╔Á╔ÁclassMapInterpolate7, ╔Á╔ÁclassMapInterpolate8, 
╔Á╔ÁclassMapInterpolateV, ╔Á╔ÁclassProp, ╔Á╔ÁcomponentInstance, ╔Á╔Áconditional, ╔Á╔ÁcontentQuery, 
╔Á╔ÁcontentQuerySignal, ╔Á╔ÁdeclareLet, ╔Á╔Ádefer, ╔Á╔ÁdeferEnableTimerScheduling, ╔Á╔ÁdeferOnHover, ╔Á╔ÁdeferOnIdle, 
╔Á╔ÁdeferOnImmediate, ╔Á╔ÁdeferOnInteraction, ╔Á╔ÁdeferOnTimer, ╔Á╔ÁdeferOnViewport, ╔Á╔ÁdeferPrefetchOnHover, 
╔Á╔ÁdeferPrefetchOnIdle, ╔Á╔ÁdeferPrefetchOnImmediate, ╔Á╔ÁdeferPrefetchOnInteraction, ╔Á╔ÁdeferPrefetchOnTimer, 
╔Á╔ÁdeferPrefetchOnViewport, ╔Á╔ÁdeferPrefetchWhen, ╔Á╔ÁdeferWhen, ╔Á╔ÁdefineComponent, ╔Á╔ÁdefineDirective, 
╔Á╔ÁdefineInjectable, ╔Á╔ÁdefineInjector, ╔Á╔ÁdefineNgModule, ╔Á╔ÁdefinePipe, ╔Á╔ÁdirectiveInject, 
╔Á╔ÁdisableBindings, ╔Á╔Áelement, ╔Á╔ÁelementContainer, ╔Á╔ÁelementContainerEnd, ╔Á╔ÁelementContainerStart, 
╔Á╔ÁelementEnd, ╔Á╔ÁelementStart, ╔Á╔ÁenableBindings, ╔Á╔ÁgetComponentDepsFactory, ╔Á╔ÁgetCurrentView, 
╔Á╔ÁgetInheritedFactory, ╔Á╔ÁhostProperty, ╔Á╔Ái18n, ╔Á╔Ái18nApply, ╔Á╔Ái18nAttributes, ╔Á╔Ái18nEnd, ╔Á╔Ái18nExp, 
╔Á╔Ái18nPostprocess, ╔Á╔Ái18nStart, ╔Á╔Áinject, ╔Á╔ÁinjectAttribute, ╔Á╔ÁinvalidFactory, ╔Á╔ÁinvalidFactoryDep, 
╔Á╔Álistener, ╔Á╔ÁloadQuery, ╔Á╔ÁnamespaceHTML, ╔Á╔ÁnamespaceMathML, ╔Á╔ÁnamespaceSVG, ╔Á╔ÁnextContext, 
╔Á╔ÁngDeclareClassMetadata, ╔Á╔ÁngDeclareClassMetadataAsync, ╔Á╔ÁngDeclareComponent, ╔Á╔ÁngDeclareDirective, 
╔Á╔ÁngDeclareFactory, ╔Á╔ÁngDeclareInjectable, ╔Á╔ÁngDeclareInjector, ╔Á╔ÁngDeclareNgModule, ╔Á╔ÁngDeclarePipe, 
╔Á╔Ápipe, ╔Á╔ÁpipeBind1, ╔Á╔ÁpipeBind2, ╔Á╔ÁpipeBind3, ╔Á╔ÁpipeBind4, ╔Á╔ÁpipeBindV, ╔Á╔Áprojection, 
╔Á╔ÁprojectionDef, ╔Á╔Áproperty, ╔Á╔ÁpropertyInterpolate, ╔Á╔ÁpropertyInterpolate1, ╔Á╔ÁpropertyInterpolate2, 
╔Á╔ÁpropertyInterpolate3, ╔Á╔ÁpropertyInterpolate4, ╔Á╔ÁpropertyInterpolate5, ╔Á╔ÁpropertyInterpolate6, 
╔Á╔ÁpropertyInterpolate7, ╔Á╔ÁpropertyInterpolate8, ╔Á╔ÁpropertyInterpolateV, ╔Á╔ÁpureFunction0, ╔Á╔ÁpureFunction1, 
╔Á╔ÁpureFunction2, ╔Á╔ÁpureFunction3, ╔Á╔ÁpureFunction4, ╔Á╔ÁpureFunction5, ╔Á╔ÁpureFunction6, ╔Á╔ÁpureFunction7, 
╔Á╔ÁpureFunction8, ╔Á╔ÁpureFunctionV, ╔Á╔ÁqueryAdvance, ╔Á╔ÁqueryRefresh, ╔Á╔ÁreadContextLet, ╔Á╔Áreference, 
╔Á╔ÁregisterNgModuleType, ╔Á╔Árepeater, ╔Á╔ÁrepeaterCreate, ╔Á╔ÁrepeaterTrackByIdentity, ╔Á╔ÁrepeaterTrackByIndex, 
╔Á╔ÁresetView, ╔Á╔ÁresolveBody, ╔Á╔ÁresolveDocument, ╔Á╔ÁresolveWindow, ╔Á╔ÁrestoreView, ╔Á╔ÁsanitizeHtml, 
╔Á╔ÁsanitizeResourceUrl, ╔Á╔ÁsanitizeScript, ╔Á╔ÁsanitizeStyle, ╔Á╔ÁsanitizeUrl, ╔Á╔ÁsanitizeUrlOrResourceUrl, 
╔Á╔ÁsetComponentScope, ╔Á╔ÁsetNgModuleScope, ╔Á╔ÁstoreLet, ╔Á╔ÁstyleMap, ╔Á╔ÁstyleMapInterpolate1, 
╔Á╔ÁstyleMapInterpolate2, ╔Á╔ÁstyleMapInterpolate3, ╔Á╔ÁstyleMapInterpolate4, ╔Á╔ÁstyleMapInterpolate5, 
╔Á╔ÁstyleMapInterpolate6, ╔Á╔ÁstyleMapInterpolate7, ╔Á╔ÁstyleMapInterpolate8, ╔Á╔ÁstyleMapInterpolateV, ╔Á╔ÁstyleProp, 
╔Á╔ÁstylePropInterpolate1, ╔Á╔ÁstylePropInterpolate2, ╔Á╔ÁstylePropInterpolate3, ╔Á╔ÁstylePropInterpolate4, 
╔Á╔ÁstylePropInterpolate5, ╔Á╔ÁstylePropInterpolate6, ╔Á╔ÁstylePropInterpolate7, ╔Á╔ÁstylePropInterpolate8, 
╔Á╔ÁstylePropInterpolateV, ╔Á╔ÁsyntheticHostListener, ╔Á╔ÁsyntheticHostProperty, ╔Á╔Átemplate, 
╔Á╔ÁtemplateRefExtractor, ╔Á╔Átext, ╔Á╔ÁtextInterpolate, ╔Á╔ÁtextInterpolate1, ╔Á╔ÁtextInterpolate2, 
╔Á╔ÁtextInterpolate3, ╔Á╔ÁtextInterpolate4, ╔Á╔ÁtextInterpolate5, ╔Á╔ÁtextInterpolate6, ╔Á╔ÁtextInterpolate7, 
╔Á╔ÁtextInterpolate8, ╔Á╔ÁtextInterpolateV, ╔Á╔ÁtrustConstantHtml, ╔Á╔ÁtrustConstantResourceUrl, ╔Á╔ÁtwoWayBindingSet, 
╔Á╔ÁtwoWayListener, ╔Á╔ÁtwoWayProperty, ╔Á╔ÁvalidateIframeAttribute, ╔Á╔ÁviewQuery, ╔Á╔ÁviewQuerySignal)

../node_modules/@angular/material/fesm2022/button-toggle.mjs:309:39-81 - Error: export '╔Á╔ÁInputFlags' (imported as 
'i0') was not found in '@angular/core' (possible exports: ANIMATION_MODULE_TYPE, APP_BOOTSTRAP_LISTENER, APP_ID, 
APP_INITIALIZER, AfterRenderPhase, ApplicationInitStatus, ApplicationModule, ApplicationRef, Attribute, 
COMPILER_OPTIONS, CSP_NONCE, CUSTOM_ELEMENTS_SCHEMA, ChangeDetectionStrategy, ChangeDetectorRef, Compiler, 
CompilerFactory, Component, ComponentFactory, ComponentFactoryResolver, ComponentRef, ContentChild, ContentChildren, 
DEFAULT_CURRENCY_CODE, DebugElement, DebugEventListener, DebugNode, DefaultIterableDiffer, DestroyRef, Directive, 
ENVIRONMENT_INITIALIZER, ElementRef, EmbeddedViewRef, EnvironmentInjector, ErrorHandler, EventEmitter, 
ExperimentalPendingTasks, HOST_TAG_NAME, Host, HostAttributeToken, HostBinding, HostListener, INJECTOR, Inject, 
InjectFlags, Injectable, InjectionToken, Injector, Input, IterableDiffers, KeyValueDiffers, LOCALE_ID, 
MissingTranslationStrategy, ModuleWithComponentFactories, NO_ERRORS_SCHEMA, NgModule, NgModuleFactory, NgModuleRef, 
NgProbeToken, NgZone, Optional, Output, OutputEmitterRef, PACKAGE_ROOT_URL, PLATFORM_ID, PLATFORM_INITIALIZER, Pipe, 
PlatformRef, Query, QueryList, Renderer2, RendererFactory2, RendererStyleFlags2, Sanitizer, SecurityContext, Self, 
SimpleChange, SkipSelf, TRANSLATIONS, TRANSLATIONS_FORMAT, TemplateRef, Testability, TestabilityRegistry, 
TransferState, Type, VERSION, Version, ViewChild, ViewChildren, ViewContainerRef, ViewEncapsulation, ViewRef, 
afterNextRender, afterRender, asNativeElements, assertInInjectionContext, assertNotInReactiveContext, assertPlatform, 
booleanAttribute, computed, contentChild, contentChildren, createComponent, createEnvironmentInjector, createNgModule, 
createNgModuleRef, createPlatform, createPlatformFactory, defineInjectable, destroyPlatform, effect, enableProdMode, 
forwardRef, getDebugNode, getModuleFactory, getNgModuleById, getPlatform, importProvidersFrom, inject, input, 
isDevMode, isSignal, isStandalone, makeEnvironmentProviders, makeStateKey, mergeApplicationConfig, model, 
numberAttribute, output, platformCore, provideExperimentalCheckNoChangesForDebug, 
provideExperimentalZonelessChangeDetection, provideZoneChangeDetection, reflectComponentType, resolveForwardRef, 
runInInjectionContext, setTestabilityGetter, signal, untracked, viewChild, viewChildren, ╔ÁALLOW_MULTIPLE_PLATFORMS, 
╔ÁAfterRenderManager, ╔ÁCONTAINER_HEADER_OFFSET, ╔ÁChangeDetectionScheduler, ╔ÁChangeDetectionSchedulerImpl, 
╔ÁComponentFactory, ╔ÁConsole, ╔ÁDEFAULT_LOCALE_ID, ╔ÁDEFER_BLOCK_CONFIG, ╔ÁDEFER_BLOCK_DEPENDENCY_INTERCEPTOR, 
╔ÁDeferBlockBehavior, ╔ÁDeferBlockState, ╔ÁEffectScheduler, ╔ÁIMAGE_CONFIG, ╔ÁIMAGE_CONFIG_DEFAULTS, ╔ÁINJECTOR_SCOPE, 
╔ÁINPUT_SIGNAL_BRAND_WRITE_TYPE, ╔ÁINTERNAL_APPLICATION_ERROR_HANDLER, ╔ÁIS_HYDRATION_DOM_REUSE_ENABLED, 
╔ÁJSACTION_EVENT_CONTRACT, ╔ÁLContext, ╔ÁLifecycleHooksFeature, ╔ÁLocaleDataIndex, ╔ÁNG_COMP_DEF, ╔ÁNG_DIR_DEF, 
╔ÁNG_ELEMENT_ID, ╔ÁNG_INJ_DEF, ╔ÁNG_MOD_DEF, ╔ÁNG_PIPE_DEF, ╔ÁNG_PROV_DEF, ╔ÁNOT_FOUND_CHECK_ONLY_ELEMENT_INJECTOR, 
╔ÁNO_CHANGE, ╔ÁNgModuleFactory, ╔ÁNoopNgZone, ╔ÁPROVIDED_NG_ZONE, ╔ÁPendingTasks, ╔ÁReflectionCapabilities, 
╔ÁRender3ComponentFactory, ╔ÁRender3ComponentRef, ╔ÁRender3NgModuleRef, ╔ÁRuntimeError, ╔ÁSIGNAL, 
╔ÁSSR_CONTENT_INTEGRITY_MARKER, ╔ÁTESTABILITY, ╔ÁTESTABILITY_GETTER, ╔ÁUSE_RUNTIME_DEPS_TRACKER_FOR_JIT, ╔ÁViewRef, 
╔ÁXSS_SECURITY_URL, ╔ÁZONELESS_ENABLED, ╔Á_sanitizeHtml, ╔Á_sanitizeUrl, ╔ÁallowSanitizationBypassAndThrow, 
╔ÁannotateForHydration, ╔ÁbypassSanitizationTrustHtml, ╔ÁbypassSanitizationTrustResourceUrl, 
╔ÁbypassSanitizationTrustScript, ╔ÁbypassSanitizationTrustStyle, ╔ÁbypassSanitizationTrustUrl, 
╔ÁclearResolutionOfComponentResourcesQueue, ╔ÁcompileComponent, ╔ÁcompileDirective, ╔ÁcompileNgModule, 
╔ÁcompileNgModuleDefs, ╔ÁcompileNgModuleFactory, ╔ÁcompilePipe, ╔ÁconvertToBitFlags, ╔ÁcreateInjector, 
╔ÁdefaultIterableDiffers, ╔ÁdefaultKeyValueDiffers, ╔ÁdepsTracker, ╔ÁdetectChangesInViewIfRequired, ╔ÁdevModeEqual, 
╔ÁfindLocaleData, ╔ÁflushModuleScopingQueueAsMuchAsPossible, ╔ÁformatRuntimeError, 
╔ÁgenerateStandaloneInDeclarationsError, ╔ÁgetAsyncClassMetadataFn, ╔ÁgetDebugNode, ╔ÁgetDeferBlocks, ╔ÁgetDirectives, 
╔ÁgetHostElement, ╔ÁgetInjectableDef, ╔ÁgetLContext, ╔ÁgetLocaleCurrencyCode, ╔ÁgetLocalePluralCase, 
╔ÁgetOutputDestroyRef, ╔ÁgetSanitizationBypassType, ╔ÁgetUnknownElementStrictMode, ╔ÁgetUnknownPropertyStrictMode, 
╔Áglobal, ╔ÁinjectChangeDetectorRef, ╔ÁinternalCreateApplication, ╔ÁinternalProvideZoneChangeDetection, 
╔ÁisBoundToModule, ╔ÁisComponentDefPendingResolution, ╔ÁisEnvironmentProviders, ╔ÁisInjectable, ╔ÁisNgModule, 
╔ÁisPromise, ╔ÁisSubscribable, ╔ÁnoSideEffects, ╔ÁpatchComponentDefWithScope, ╔ÁperformanceMarkFeature, 
╔ÁreadHydrationInfo, ╔ÁregisterLocaleData, ╔ÁrenderDeferBlockState, ╔ÁresetCompiledComponents, ╔ÁresetJitOptions, 
╔ÁresolveComponentResources, ╔ÁrestoreComponentResolutionQueue, ╔ÁsetAllowDuplicateNgModuleIdsForTest, 
╔ÁsetAlternateWeakRefImpl, ╔ÁsetClassDebugInfo, ╔ÁsetClassMetadata, ╔ÁsetClassMetadataAsync, ╔ÁsetCurrentInjector, 
╔ÁsetDocument, ╔ÁsetInjectorProfilerContext, ╔ÁsetLocaleId, ╔ÁsetUnknownElementStrictMode, 
╔ÁsetUnknownPropertyStrictMode, ╔Ástore, ╔Ástringify, ╔ÁtransitiveScopesFor, ╔ÁtriggerResourceLoading, 
╔ÁtruncateMiddle, ╔ÁunregisterLocaleData, ╔ÁunwrapSafeValue, ╔ÁunwrapWritableSignal, ╔ÁwhenStable, ╔ÁwithDomHydration, 
╔ÁwithEventReplay, ╔ÁwithI18nSupport, ╔Á╔ÁCopyDefinitionFeature, ╔Á╔ÁFactoryTarget, ╔Á╔ÁHostDirectivesFeature, 
╔Á╔ÁInheritDefinitionFeature, ╔Á╔ÁInputTransformsFeature, ╔Á╔ÁNgOnChangesFeature, ╔Á╔ÁProvidersFeature, 
╔Á╔ÁStandaloneFeature, ╔Á╔Áadvance, ╔Á╔Áattribute, ╔Á╔ÁattributeInterpolate1, ╔Á╔ÁattributeInterpolate2, 
╔Á╔ÁattributeInterpolate3, ╔Á╔ÁattributeInterpolate4, ╔Á╔ÁattributeInterpolate5, ╔Á╔ÁattributeInterpolate6, 
╔Á╔ÁattributeInterpolate7, ╔Á╔ÁattributeInterpolate8, ╔Á╔ÁattributeInterpolateV, ╔Á╔ÁclassMap, 
╔Á╔ÁclassMapInterpolate1, ╔Á╔ÁclassMapInterpolate2, ╔Á╔ÁclassMapInterpolate3, ╔Á╔ÁclassMapInterpolate4, 
╔Á╔ÁclassMapInterpolate5, ╔Á╔ÁclassMapInterpolate6, ╔Á╔ÁclassMapInterpolate7, ╔Á╔ÁclassMapInterpolate8, 
╔Á╔ÁclassMapInterpolateV, ╔Á╔ÁclassProp, ╔Á╔ÁcomponentInstance, ╔Á╔Áconditional, ╔Á╔ÁcontentQuery, 
╔Á╔ÁcontentQuerySignal, ╔Á╔ÁdeclareLet, ╔Á╔Ádefer, ╔Á╔ÁdeferEnableTimerScheduling, ╔Á╔ÁdeferOnHover, ╔Á╔ÁdeferOnIdle, 
╔Á╔ÁdeferOnImmediate, ╔Á╔ÁdeferOnInteraction, ╔Á╔ÁdeferOnTimer, ╔Á╔ÁdeferOnViewport, ╔Á╔ÁdeferPrefetchOnHover, 
╔Á╔ÁdeferPrefetchOnIdle, ╔Á╔ÁdeferPrefetchOnImmediate, ╔Á╔ÁdeferPrefetchOnInteraction, ╔Á╔ÁdeferPrefetchOnTimer, 
╔Á╔ÁdeferPrefetchOnViewport, ╔Á╔ÁdeferPrefetchWhen, ╔Á╔ÁdeferWhen, ╔Á╔ÁdefineComponent, ╔Á╔ÁdefineDirective, 
╔Á╔ÁdefineInjectable, ╔Á╔ÁdefineInjector, ╔Á╔ÁdefineNgModule, ╔Á╔ÁdefinePipe, ╔Á╔ÁdirectiveInject, 
╔Á╔ÁdisableBindings, ╔Á╔Áelement, ╔Á╔ÁelementContainer, ╔Á╔ÁelementContainerEnd, ╔Á╔ÁelementContainerStart, 
╔Á╔ÁelementEnd, ╔Á╔ÁelementStart, ╔Á╔ÁenableBindings, ╔Á╔ÁgetComponentDepsFactory, ╔Á╔ÁgetCurrentView, 
╔Á╔ÁgetInheritedFactory, ╔Á╔ÁhostProperty, ╔Á╔Ái18n, ╔Á╔Ái18nApply, ╔Á╔Ái18nAttributes, ╔Á╔Ái18nEnd, ╔Á╔Ái18nExp, 
╔Á╔Ái18nPostprocess, ╔Á╔Ái18nStart, ╔Á╔Áinject, ╔Á╔ÁinjectAttribute, ╔Á╔ÁinvalidFactory, ╔Á╔ÁinvalidFactoryDep, 
╔Á╔Álistener, ╔Á╔ÁloadQuery, ╔Á╔ÁnamespaceHTML, ╔Á╔ÁnamespaceMathML, ╔Á╔ÁnamespaceSVG, ╔Á╔ÁnextContext, 
╔Á╔ÁngDeclareClassMetadata, ╔Á╔ÁngDeclareClassMetadataAsync, ╔Á╔ÁngDeclareComponent, ╔Á╔ÁngDeclareDirective, 
╔Á╔ÁngDeclareFactory, ╔Á╔ÁngDeclareInjectable, ╔Á╔ÁngDeclareInjector, ╔Á╔ÁngDeclareNgModule, ╔Á╔ÁngDeclarePipe, 
╔Á╔Ápipe, ╔Á╔ÁpipeBind1, ╔Á╔ÁpipeBind2, ╔Á╔ÁpipeBind3, ╔Á╔ÁpipeBind4, ╔Á╔ÁpipeBindV, ╔Á╔Áprojection, 
╔Á╔ÁprojectionDef, ╔Á╔Áproperty, ╔Á╔ÁpropertyInterpolate, ╔Á╔ÁpropertyInterpolate1, ╔Á╔ÁpropertyInterpolate2, 
╔Á╔ÁpropertyInterpolate3, ╔Á╔ÁpropertyInterpolate4, ╔Á╔ÁpropertyInterpolate5, ╔Á╔ÁpropertyInterpolate6, 
╔Á╔ÁpropertyInterpolate7, ╔Á╔ÁpropertyInterpolate8, ╔Á╔ÁpropertyInterpolateV, ╔Á╔ÁpureFunction0, ╔Á╔ÁpureFunction1, 
╔Á╔ÁpureFunction2, ╔Á╔ÁpureFunction3, ╔Á╔ÁpureFunction4, ╔Á╔ÁpureFunction5, ╔Á╔ÁpureFunction6, ╔Á╔ÁpureFunction7, 
╔Á╔ÁpureFunction8, ╔Á╔ÁpureFunctionV, ╔Á╔ÁqueryAdvance, ╔Á╔ÁqueryRefresh, ╔Á╔ÁreadContextLet, ╔Á╔Áreference, 
╔Á╔ÁregisterNgModuleType, ╔Á╔Árepeater, ╔Á╔ÁrepeaterCreate, ╔Á╔ÁrepeaterTrackByIdentity, ╔Á╔ÁrepeaterTrackByIndex, 
╔Á╔ÁresetView, ╔Á╔ÁresolveBody, ╔Á╔ÁresolveDocument, ╔Á╔ÁresolveWindow, ╔Á╔ÁrestoreView, ╔Á╔ÁsanitizeHtml, 
╔Á╔ÁsanitizeResourceUrl, ╔Á╔ÁsanitizeScript, ╔Á╔ÁsanitizeStyle, ╔Á╔ÁsanitizeUrl, ╔Á╔ÁsanitizeUrlOrResourceUrl, 
╔Á╔ÁsetComponentScope, ╔Á╔ÁsetNgModuleScope, ╔Á╔ÁstoreLet, ╔Á╔ÁstyleMap, ╔Á╔ÁstyleMapInterpolate1, 
╔Á╔ÁstyleMapInterpolate2, ╔Á╔ÁstyleMapInterpolate3, ╔Á╔ÁstyleMapInterpolate4, ╔Á╔ÁstyleMapInterpolate5, 
╔Á╔ÁstyleMapInterpolate6, ╔Á╔ÁstyleMapInterpolate7, ╔Á╔ÁstyleMapInterpolate8, ╔Á╔ÁstyleMapInterpolateV, ╔Á╔ÁstyleProp, 
╔Á╔ÁstylePropInterpolate1, ╔Á╔ÁstylePropInterpolate2, ╔Á╔ÁstylePropInterpolate3, ╔Á╔ÁstylePropInterpolate4, 
╔Á╔ÁstylePropInterpolate5, ╔Á╔ÁstylePropInterpolate6, ╔Á╔ÁstylePropInterpolate7, ╔Á╔ÁstylePropInterpolate8, 
╔Á╔ÁstylePropInterpolateV, ╔Á╔ÁsyntheticHostListener, ╔Á╔ÁsyntheticHostProperty, ╔Á╔Átemplate, 
╔Á╔ÁtemplateRefExtractor, ╔Á╔Átext, ╔Á╔ÁtextInterpolate, ╔Á╔ÁtextInterpolate1, ╔Á╔ÁtextInterpolate2, 
╔Á╔ÁtextInterpolate3, ╔Á╔ÁtextInterpolate4, ╔Á╔ÁtextInterpolate5, ╔Á╔ÁtextInterpolate6, ╔Á╔ÁtextInterpolate7, 
╔Á╔ÁtextInterpolate8, ╔Á╔ÁtextInterpolateV, ╔Á╔ÁtrustConstantHtml, ╔Á╔ÁtrustConstantResourceUrl, ╔Á╔ÁtwoWayBindingSet, 
╔Á╔ÁtwoWayListener, ╔Á╔ÁtwoWayProperty, ╔Á╔ÁvalidateIframeAttribute, ╔Á╔ÁviewQuery, ╔Á╔ÁviewQuerySignal)

../node_modules/@angular/material/fesm2022/button-toggle.mjs:310:41-83 - Error: export '╔Á╔ÁInputFlags' (imported as 
'i0') was not found in '@angular/core' (possible exports: ANIMATION_MODULE_TYPE, APP_BOOTSTRAP_LISTENER, APP_ID, 
APP_INITIALIZER, AfterRenderPhase, ApplicationInitStatus, ApplicationModule, ApplicationRef, Attribute, 
COMPILER_OPTIONS, CSP_NONCE, CUSTOM_ELEMENTS_SCHEMA, ChangeDetectionStrategy, ChangeDetectorRef, Compiler, 
CompilerFactory, Component, ComponentFactory, ComponentFactoryResolver, ComponentRef, ContentChild, ContentChildren, 
DEFAULT_CURRENCY_CODE, DebugElement, DebugEventListener, DebugNode, DefaultIterableDiffer, DestroyRef, Directive, 
ENVIRONMENT_INITIALIZER, ElementRef, EmbeddedViewRef, EnvironmentInjector, ErrorHandler, EventEmitter, 
ExperimentalPendingTasks, HOST_TAG_NAME, Host, HostAttributeToken, HostBinding, HostListener, INJECTOR, Inject, 
InjectFlags, Injectable, InjectionToken, Injector, Input, IterableDiffers, KeyValueDiffers, LOCALE_ID, 
MissingTranslationStrategy, ModuleWithComponentFactories, NO_ERRORS_SCHEMA, NgModule, NgModuleFactory, NgModuleRef, 
NgProbeToken, NgZone, Optional, Output, OutputEmitterRef, PACKAGE_ROOT_URL, PLATFORM_ID, PLATFORM_INITIALIZER, Pipe, 
PlatformRef, Query, QueryList, Renderer2, RendererFactory2, RendererStyleFlags2, Sanitizer, SecurityContext, Self, 
SimpleChange, SkipSelf, TRANSLATIONS, TRANSLATIONS_FORMAT, TemplateRef, Testability, TestabilityRegistry, 
TransferState, Type, VERSION, Version, ViewChild, ViewChildren, ViewContainerRef, ViewEncapsulation, ViewRef, 
afterNextRender, afterRender, asNativeElements, assertInInjectionContext, assertNotInReactiveContext, assertPlatform, 
booleanAttribute, computed, contentChild, contentChildren, createComponent, createEnvironmentInjector, createNgModule, 
createNgModuleRef, createPlatform, createPlatformFactory, defineInjectable, destroyPlatform, effect, enableProdMode, 
forwardRef, getDebugNode, getModuleFactory, getNgModuleById, getPlatform, importProvidersFrom, inject, input, 
isDevMode, isSignal, isStandalone, makeEnvironmentProviders, makeStateKey, mergeApplicationConfig, model, 
numberAttribute, output, platformCore, provideExperimentalCheckNoChangesForDebug, 
provideExperimentalZonelessChangeDetection, provideZoneChangeDetection, reflectComponentType, resolveForwardRef, 
runInInjectionContext, setTestabilityGetter, signal, untracked, viewChild, viewChildren, ╔ÁALLOW_MULTIPLE_PLATFORMS, 
╔ÁAfterRenderManager, ╔ÁCONTAINER_HEADER_OFFSET, ╔ÁChangeDetectionScheduler, ╔ÁChangeDetectionSchedulerImpl, 
╔ÁComponentFactory, ╔ÁConsole, ╔ÁDEFAULT_LOCALE_ID, ╔ÁDEFER_BLOCK_CONFIG, ╔ÁDEFER_BLOCK_DEPENDENCY_INTERCEPTOR, 
╔ÁDeferBlockBehavior, ╔ÁDeferBlockState, ╔ÁEffectScheduler, ╔ÁIMAGE_CONFIG, ╔ÁIMAGE_CONFIG_DEFAULTS, ╔ÁINJECTOR_SCOPE, 
╔ÁINPUT_SIGNAL_BRAND_WRITE_TYPE, ╔ÁINTERNAL_APPLICATION_ERROR_HANDLER, ╔ÁIS_HYDRATION_DOM_REUSE_ENABLED, 
╔ÁJSACTION_EVENT_CONTRACT, ╔ÁLContext, ╔ÁLifecycleHooksFeature, ╔ÁLocaleDataIndex, ╔ÁNG_COMP_DEF, ╔ÁNG_DIR_DEF, 
╔ÁNG_ELEMENT_ID, ╔ÁNG_INJ_DEF, ╔ÁNG_MOD_DEF, ╔ÁNG_PIPE_DEF, ╔ÁNG_PROV_DEF, ╔ÁNOT_FOUND_CHECK_ONLY_ELEMENT_INJECTOR, 
╔ÁNO_CHANGE, ╔ÁNgModuleFactory, ╔ÁNoopNgZone, ╔ÁPROVIDED_NG_ZONE, ╔ÁPendingTasks, ╔ÁReflectionCapabilities, 
╔ÁRender3ComponentFactory, ╔ÁRender3ComponentRef, ╔ÁRender3NgModuleRef, ╔ÁRuntimeError, ╔ÁSIGNAL, 
╔ÁSSR_CONTENT_INTEGRITY_MARKER, ╔ÁTESTABILITY, ╔ÁTESTABILITY_GETTER, ╔ÁUSE_RUNTIME_DEPS_TRACKER_FOR_JIT, ╔ÁViewRef, 
╔ÁXSS_SECURITY_URL, ╔ÁZONELESS_ENABLED, ╔Á_sanitizeHtml, ╔Á_sanitizeUrl, ╔ÁallowSanitizationBypassAndThrow, 
╔ÁannotateForHydration, ╔ÁbypassSanitizationTrustHtml, ╔ÁbypassSanitizationTrustResourceUrl, 
╔ÁbypassSanitizationTrustScript, ╔ÁbypassSanitizationTrustStyle, ╔ÁbypassSanitizationTrustUrl, 
╔ÁclearResolutionOfComponentResourcesQueue, ╔ÁcompileComponent, ╔ÁcompileDirective, ╔ÁcompileNgModule, 
╔ÁcompileNgModuleDefs, ╔ÁcompileNgModuleFactory, ╔ÁcompilePipe, ╔ÁconvertToBitFlags, ╔ÁcreateInjector, 
╔ÁdefaultIterableDiffers, ╔ÁdefaultKeyValueDiffers, ╔ÁdepsTracker, ╔ÁdetectChangesInViewIfRequired, ╔ÁdevModeEqual, 
╔ÁfindLocaleData, ╔ÁflushModuleScopingQueueAsMuchAsPossible, ╔ÁformatRuntimeError, 
╔ÁgenerateStandaloneInDeclarationsError, ╔ÁgetAsyncClassMetadataFn, ╔ÁgetDebugNode, ╔ÁgetDeferBlocks, ╔ÁgetDirectives, 
╔ÁgetHostElement, ╔ÁgetInjectableDef, ╔ÁgetLContext, ╔ÁgetLocaleCurrencyCode, ╔ÁgetLocalePluralCase, 
╔ÁgetOutputDestroyRef, ╔ÁgetSanitizationBypassType, ╔ÁgetUnknownElementStrictMode, ╔ÁgetUnknownPropertyStrictMode, 
╔Áglobal, ╔ÁinjectChangeDetectorRef, ╔ÁinternalCreateApplication, ╔ÁinternalProvideZoneChangeDetection, 
╔ÁisBoundToModule, ╔ÁisComponentDefPendingResolution, ╔ÁisEnvironmentProviders, ╔ÁisInjectable, ╔ÁisNgModule, 
╔ÁisPromise, ╔ÁisSubscribable, ╔ÁnoSideEffects, ╔ÁpatchComponentDefWithScope, ╔ÁperformanceMarkFeature, 
╔ÁreadHydrationInfo, ╔ÁregisterLocaleData, ╔ÁrenderDeferBlockState, ╔ÁresetCompiledComponents, ╔ÁresetJitOptions, 
╔ÁresolveComponentResources, ╔ÁrestoreComponentResolutionQueue, ╔ÁsetAllowDuplicateNgModuleIdsForTest, 
╔ÁsetAlternateWeakRefImpl, ╔ÁsetClassDebugInfo, ╔ÁsetClassMetadata, ╔ÁsetClassMetadataAsync, ╔ÁsetCurrentInjector, 
╔ÁsetDocument, ╔ÁsetInjectorProfilerContext, ╔ÁsetLocaleId, ╔ÁsetUnknownElementStrictMode, 
╔ÁsetUnknownPropertyStrictMode, ╔Ástore, ╔Ástringify, ╔ÁtransitiveScopesFor, ╔ÁtriggerResourceLoading, 
╔ÁtruncateMiddle, ╔ÁunregisterLocaleData, ╔ÁunwrapSafeValue, ╔ÁunwrapWritableSignal, ╔ÁwhenStable, ╔ÁwithDomHydration, 
╔ÁwithEventReplay, ╔ÁwithI18nSupport, ╔Á╔ÁCopyDefinitionFeature, ╔Á╔ÁFactoryTarget, ╔Á╔ÁHostDirectivesFeature, 
╔Á╔ÁInheritDefinitionFeature, ╔Á╔ÁInputTransformsFeature, ╔Á╔ÁNgOnChangesFeature, ╔Á╔ÁProvidersFeature, 
╔Á╔ÁStandaloneFeature, ╔Á╔Áadvance, ╔Á╔Áattribute, ╔Á╔ÁattributeInterpolate1, ╔Á╔ÁattributeInterpolate2, 
╔Á╔ÁattributeInterpolate3, ╔Á╔ÁattributeInterpolate4, ╔Á╔ÁattributeInterpolate5, ╔Á╔ÁattributeInterpolate6, 
╔Á╔ÁattributeInterpolate7, ╔Á╔ÁattributeInterpolate8, ╔Á╔ÁattributeInterpolateV, ╔Á╔ÁclassMap, 
╔Á╔ÁclassMapInterpolate1, ╔Á╔ÁclassMapInterpolate2, ╔Á╔ÁclassMapInterpolate3, ╔Á╔ÁclassMapInterpolate4, 
╔Á╔ÁclassMapInterpolate5, ╔Á╔ÁclassMapInterpolate6, ╔Á╔ÁclassMapInterpolate7, ╔Á╔ÁclassMapInterpolate8, 
╔Á╔ÁclassMapInterpolateV, ╔Á╔ÁclassProp, ╔Á╔ÁcomponentInstance, ╔Á╔Áconditional, ╔Á╔ÁcontentQuery, 
╔Á╔ÁcontentQuerySignal, ╔Á╔ÁdeclareLet, ╔Á╔Ádefer, ╔Á╔ÁdeferEnableTimerScheduling, ╔Á╔ÁdeferOnHover, ╔Á╔ÁdeferOnIdle, 
╔Á╔ÁdeferOnImmediate, ╔Á╔ÁdeferOnInteraction, ╔Á╔ÁdeferOnTimer, ╔Á╔ÁdeferOnViewport, ╔Á╔ÁdeferPrefetchOnHover, 
╔Á╔ÁdeferPrefetchOnIdle, ╔Á╔ÁdeferPrefetchOnImmediate, ╔Á╔ÁdeferPrefetchOnInteraction, ╔Á╔ÁdeferPrefetchOnTimer, 
╔Á╔ÁdeferPrefetchOnViewport, ╔Á╔ÁdeferPrefetchWhen, ╔Á╔ÁdeferWhen, ╔Á╔ÁdefineComponent, ╔Á╔ÁdefineDirective, 
╔Á╔ÁdefineInjectable, ╔Á╔ÁdefineInjector, ╔Á╔ÁdefineNgModule, ╔Á╔ÁdefinePipe, ╔Á╔ÁdirectiveInject, 
╔Á╔ÁdisableBindings, ╔Á╔Áelement, ╔Á╔ÁelementContainer, ╔Á╔ÁelementContainerEnd, ╔Á╔ÁelementContainerStart, 
╔Á╔ÁelementEnd, ╔Á╔ÁelementStart, ╔Á╔ÁenableBindings, ╔Á╔ÁgetComponentDepsFactory, ╔Á╔ÁgetCurrentView, 
╔Á╔ÁgetInheritedFactory, ╔Á╔ÁhostProperty, ╔Á╔Ái18n, ╔Á╔Ái18nApply, ╔Á╔Ái18nAttributes, ╔Á╔Ái18nEnd, ╔Á╔Ái18nExp, 
╔Á╔Ái18nPostprocess, ╔Á╔Ái18nStart, ╔Á╔Áinject, ╔Á╔ÁinjectAttribute, ╔Á╔ÁinvalidFactory, ╔Á╔ÁinvalidFactoryDep, 
╔Á╔Álistener, ╔Á╔ÁloadQuery, ╔Á╔ÁnamespaceHTML, ╔Á╔ÁnamespaceMathML, ╔Á╔ÁnamespaceSVG, ╔Á╔ÁnextContext, 
╔Á╔ÁngDeclareClassMetadata, ╔Á╔ÁngDeclareClassMetadataAsync, ╔Á╔ÁngDeclareComponent, ╔Á╔ÁngDeclareDirective, 
╔Á╔ÁngDeclareFactory, ╔Á╔ÁngDeclareInjectable, ╔Á╔ÁngDeclareInjector, ╔Á╔ÁngDeclareNgModule, ╔Á╔ÁngDeclarePipe, 
╔Á╔Ápipe, ╔Á╔ÁpipeBind1, ╔Á╔ÁpipeBind2, ╔Á╔ÁpipeBind3, ╔Á╔ÁpipeBind4, ╔Á╔ÁpipeBindV, ╔Á╔Áprojection, 
╔Á╔ÁprojectionDef, ╔Á╔Áproperty, ╔Á╔ÁpropertyInterpolate, ╔Á╔ÁpropertyInterpolate1, ╔Á╔ÁpropertyInterpolate2, 
╔Á╔ÁpropertyInterpolate3, ╔Á╔ÁpropertyInterpolate4, ╔Á╔ÁpropertyInterpolate5, ╔Á╔ÁpropertyInterpolate6, 
╔Á╔ÁpropertyInterpolate7, ╔Á╔ÁpropertyInterpolate8, ╔Á╔ÁpropertyInterpolateV, ╔Á╔ÁpureFunction0, ╔Á╔ÁpureFunction1, 
╔Á╔ÁpureFunction2, ╔Á╔ÁpureFunction3, ╔Á╔ÁpureFunction4, ╔Á╔ÁpureFunction5, ╔Á╔ÁpureFunction6, ╔Á╔ÁpureFunction7, 
╔Á╔ÁpureFunction8, ╔Á╔ÁpureFunctionV, ╔Á╔ÁqueryAdvance, ╔Á╔ÁqueryRefresh, ╔Á╔ÁreadContextLet, ╔Á╔Áreference, 
╔Á╔ÁregisterNgModuleType, ╔Á╔Árepeater, ╔Á╔ÁrepeaterCreate, ╔Á╔ÁrepeaterTrackByIdentity, ╔Á╔ÁrepeaterTrackByIndex, 
╔Á╔ÁresetView, ╔Á╔ÁresolveBody, ╔Á╔ÁresolveDocument, ╔Á╔ÁresolveWindow, ╔Á╔ÁrestoreView, ╔Á╔ÁsanitizeHtml, 
╔Á╔ÁsanitizeResourceUrl, ╔Á╔ÁsanitizeScript, ╔Á╔ÁsanitizeStyle, ╔Á╔ÁsanitizeUrl, ╔Á╔ÁsanitizeUrlOrResourceUrl, 
╔Á╔ÁsetComponentScope, ╔Á╔ÁsetNgModuleScope, ╔Á╔ÁstoreLet, ╔Á╔ÁstyleMap, ╔Á╔ÁstyleMapInterpolate1, 
╔Á╔ÁstyleMapInterpolate2, ╔Á╔ÁstyleMapInterpolate3, ╔Á╔ÁstyleMapInterpolate4, ╔Á╔ÁstyleMapInterpolate5, 
╔Á╔ÁstyleMapInterpolate6, ╔Á╔ÁstyleMapInterpolate7, ╔Á╔ÁstyleMapInterpolate8, ╔Á╔ÁstyleMapInterpolateV, ╔Á╔ÁstyleProp, 
╔Á╔ÁstylePropInterpolate1, ╔Á╔ÁstylePropInterpolate2, ╔Á╔ÁstylePropInterpolate3, ╔Á╔ÁstylePropInterpolate4, 
╔Á╔ÁstylePropInterpolate5, ╔Á╔ÁstylePropInterpolate6, ╔Á╔ÁstylePropInterpolate7, ╔Á╔ÁstylePropInterpolate8, 
╔Á╔ÁstylePropInterpolateV, ╔Á╔ÁsyntheticHostListener, ╔Á╔ÁsyntheticHostProperty, ╔Á╔Átemplate, 
╔Á╔ÁtemplateRefExtractor, ╔Á╔Átext, ╔Á╔ÁtextInterpolate, ╔Á╔ÁtextInterpolate1, ╔Á╔ÁtextInterpolate2, 
╔Á╔ÁtextInterpolate3, ╔Á╔ÁtextInterpolate4, ╔Á╔ÁtextInterpolate5, ╔Á╔ÁtextInterpolate6, ╔Á╔ÁtextInterpolate7, 
╔Á╔ÁtextInterpolate8, ╔Á╔ÁtextInterpolateV, ╔Á╔ÁtrustConstantHtml, ╔Á╔ÁtrustConstantResourceUrl, ╔Á╔ÁtwoWayBindingSet, 
╔Á╔ÁtwoWayListener, ╔Á╔ÁtwoWayProperty, ╔Á╔ÁvalidateIframeAttribute, ╔Á╔ÁviewQuery, ╔Á╔ÁviewQuerySignal)

../node_modules/@angular/material/fesm2022/button-toggle.mjs:557:20-40 - Error: export '╔Á╔ÁInputFlags' (imported as 
'i0') was not found in '@angular/core' (possible exports: ANIMATION_MODULE_TYPE, APP_BOOTSTRAP_LISTENER, APP_ID, 
APP_INITIALIZER, AfterRenderPhase, ApplicationInitStatus, ApplicationModule, ApplicationRef, Attribute, 
COMPILER_OPTIONS, CSP_NONCE, CUSTOM_ELEMENTS_SCHEMA, ChangeDetectionStrategy, ChangeDetectorRef, Compiler, 
CompilerFactory, Component, ComponentFactory, ComponentFactoryResolver, ComponentRef, ContentChild, ContentChildren, 
DEFAULT_CURRENCY_CODE, DebugElement, DebugEventListener, DebugNode, DefaultIterableDiffer, DestroyRef, Directive, 
ENVIRONMENT_INITIALIZER, ElementRef, EmbeddedViewRef, EnvironmentInjector, ErrorHandler, EventEmitter, 
ExperimentalPendingTasks, HOST_TAG_NAME, Host, HostAttributeToken, HostBinding, HostListener, INJECTOR, Inject, 
InjectFlags, Injectable, InjectionToken, Injector, Input, IterableDiffers, KeyValueDiffers, LOCALE_ID, 
MissingTranslationStrategy, ModuleWithComponentFactories, NO_ERRORS_SCHEMA, NgModule, NgModuleFactory, NgModuleRef, 
NgProbeToken, NgZone, Optional, Output, OutputEmitterRef, PACKAGE_ROOT_URL, PLATFORM_ID, PLATFORM_INITIALIZER, Pipe, 
PlatformRef, Query, QueryList, Renderer2, RendererFactory2, RendererStyleFlags2, Sanitizer, SecurityContext, Self, 
SimpleChange, SkipSelf, TRANSLATIONS, TRANSLATIONS_FORMAT, TemplateRef, Testability, TestabilityRegistry, 
TransferState, Type, VERSION, Version, ViewChild, ViewChildren, ViewContainerRef, ViewEncapsulation, ViewRef, 
afterNextRender, afterRender, asNativeElements, assertInInjectionContext, assertNotInReactiveContext, assertPlatform, 
booleanAttribute, computed, contentChild, contentChildren, createComponent, createEnvironmentInjector, createNgModule, 
createNgModuleRef, createPlatform, createPlatformFactory, defineInjectable, destroyPlatform, effect, enableProdMode, 
forwardRef, getDebugNode, getModuleFactory, getNgModuleById, getPlatform, importProvidersFrom, inject, input, 
isDevMode, isSignal, isStandalone, makeEnvironmentProviders, makeStateKey, mergeApplicationConfig, model, 
numberAttribute, output, platformCore, provideExperimentalCheckNoChangesForDebug, 
provideExperimentalZonelessChangeDetection, provideZoneChangeDetection, reflectComponentType, resolveForwardRef, 
runInInjectionContext, setTestabilityGetter, signal, untracked, viewChild, viewChildren, ╔ÁALLOW_MULTIPLE_PLATFORMS, 
╔ÁAfterRenderManager, ╔ÁCONTAINER_HEADER_OFFSET, ╔ÁChangeDetectionScheduler, ╔ÁChangeDetectionSchedulerImpl, 
╔ÁComponentFactory, ╔ÁConsole, ╔ÁDEFAULT_LOCALE_ID, ╔ÁDEFER_BLOCK_CONFIG, ╔ÁDEFER_BLOCK_DEPENDENCY_INTERCEPTOR, 
╔ÁDeferBlockBehavior, ╔ÁDeferBlockState, ╔ÁEffectScheduler, ╔ÁIMAGE_CONFIG, ╔ÁIMAGE_CONFIG_DEFAULTS, ╔ÁINJECTOR_SCOPE, 
╔ÁINPUT_SIGNAL_BRAND_WRITE_TYPE, ╔ÁINTERNAL_APPLICATION_ERROR_HANDLER, ╔ÁIS_HYDRATION_DOM_REUSE_ENABLED, 
╔ÁJSACTION_EVENT_CONTRACT, ╔ÁLContext, ╔ÁLifecycleHooksFeature, ╔ÁLocaleDataIndex, ╔ÁNG_COMP_DEF, ╔ÁNG_DIR_DEF, 
╔ÁNG_ELEMENT_ID, ╔ÁNG_INJ_DEF, ╔ÁNG_MOD_DEF, ╔ÁNG_PIPE_DEF, ╔ÁNG_PROV_DEF, ╔ÁNOT_FOUND_CHECK_ONLY_ELEMENT_INJECTOR, 
╔ÁNO_CHANGE, ╔ÁNgModuleFactory, ╔ÁNoopNgZone, ╔ÁPROVIDED_NG_ZONE, ╔ÁPendingTasks, ╔ÁReflectionCapabilities, 
╔ÁRender3ComponentFactory, ╔ÁRender3ComponentRef, ╔ÁRender3NgModuleRef, ╔ÁRuntimeError, ╔ÁSIGNAL, 
╔ÁSSR_CONTENT_INTEGRITY_MARKER, ╔ÁTESTABILITY, ╔ÁTESTABILITY_GETTER, ╔ÁUSE_RUNTIME_DEPS_TRACKER_FOR_JIT, ╔ÁViewRef, 
╔ÁXSS_SECURITY_URL, ╔ÁZONELESS_ENABLED, ╔Á_sanitizeHtml, ╔Á_sanitizeUrl, ╔ÁallowSanitizationBypassAndThrow, 
╔ÁannotateForHydration, ╔ÁbypassSanitizationTrustHtml, ╔ÁbypassSanitizationTrustResourceUrl, 
╔ÁbypassSanitizationTrustScript, ╔ÁbypassSanitizationTrustStyle, ╔ÁbypassSanitizationTrustUrl, 
╔ÁclearResolutionOfComponentResourcesQueue, ╔ÁcompileComponent, ╔ÁcompileDirective, ╔ÁcompileNgModule, 
╔ÁcompileNgModuleDefs, ╔ÁcompileNgModuleFactory, ╔ÁcompilePipe, ╔ÁconvertToBitFlags, ╔ÁcreateInjector, 
╔ÁdefaultIterableDiffers, ╔ÁdefaultKeyValueDiffers, ╔ÁdepsTracker, ╔ÁdetectChangesInViewIfRequired, ╔ÁdevModeEqual, 
╔ÁfindLocaleData, ╔ÁflushModuleScopingQueueAsMuchAsPossible, ╔ÁformatRuntimeError, 
╔ÁgenerateStandaloneInDeclarationsError, ╔ÁgetAsyncClassMetadataFn, ╔ÁgetDebugNode, ╔ÁgetDeferBlocks, ╔ÁgetDirectives, 
╔ÁgetHostElement, ╔ÁgetInjectableDef, ╔ÁgetLContext, ╔ÁgetLocaleCurrencyCode, ╔ÁgetLocalePluralCase, 
╔ÁgetOutputDestroyRef, ╔ÁgetSanitizationBypassType, ╔ÁgetUnknownElementStrictMode, ╔ÁgetUnknownPropertyStrictMode, 
╔Áglobal, ╔ÁinjectChangeDetectorRef, ╔ÁinternalCreateApplication, ╔ÁinternalProvideZoneChangeDetection, 
╔ÁisBoundToModule, ╔ÁisComponentDefPendingResolution, ╔ÁisEnvironmentProviders, ╔ÁisInjectable, ╔ÁisNgModule, 
╔ÁisPromise, ╔ÁisSubscribable, ╔ÁnoSideEffects, ╔ÁpatchComponentDefWithScope, ╔ÁperformanceMarkFeature, 
╔ÁreadHydrationInfo, ╔ÁregisterLocaleData, ╔ÁrenderDeferBlockState, ╔ÁresetCompiledComponents, ╔ÁresetJitOptions, 
╔ÁresolveComponentResources, ╔ÁrestoreComponentResolutionQueue, ╔ÁsetAllowDuplicateNgModuleIdsForTest, 
╔ÁsetAlternateWeakRefImpl, ╔ÁsetClassDebugInfo, ╔ÁsetClassMetadata, ╔ÁsetClassMetadataAsync, ╔ÁsetCurrentInjector, 
╔ÁsetDocument, ╔ÁsetInjectorProfilerContext, ╔ÁsetLocaleId, ╔ÁsetUnknownElementStrictMode, 
╔ÁsetUnknownPropertyStrictMode, ╔Ástore, ╔Ástringify, ╔ÁtransitiveScopesFor, ╔ÁtriggerResourceLoading, 
╔ÁtruncateMiddle, ╔ÁunregisterLocaleData, ╔ÁunwrapSafeValue, ╔ÁunwrapWritableSignal, ╔ÁwhenStable, ╔ÁwithDomHydration, 
╔ÁwithEventReplay, ╔ÁwithI18nSupport, ╔Á╔ÁCopyDefinitionFeature, ╔Á╔ÁFactoryTarget, ╔Á╔ÁHostDirectivesFeature, 
╔Á╔ÁInheritDefinitionFeature, ╔Á╔ÁInputTransformsFeature, ╔Á╔ÁNgOnChangesFeature, ╔Á╔ÁProvidersFeature, 
╔Á╔ÁStandaloneFeature, ╔Á╔Áadvance, ╔Á╔Áattribute, ╔Á╔ÁattributeInterpolate1, ╔Á╔ÁattributeInterpolate2, 
╔Á╔ÁattributeInterpolate3, ╔Á╔ÁattributeInterpolate4, ╔Á╔ÁattributeInterpolate5, ╔Á╔ÁattributeInterpolate6, 
╔Á╔ÁattributeInterpolate7, ╔Á╔ÁattributeInterpolate8, ╔Á╔ÁattributeInterpolateV, ╔Á╔ÁclassMap, 
╔Á╔ÁclassMapInterpolate1, ╔Á╔ÁclassMapInterpolate2, ╔Á╔ÁclassMapInterpolate3, ╔Á╔ÁclassMapInterpolate4, 
╔Á╔ÁclassMapInterpolate5, ╔Á╔ÁclassMapInterpolate6, ╔Á╔ÁclassMapInterpolate7, ╔Á╔ÁclassMapInterpolate8, 
╔Á╔ÁclassMapInterpolateV, ╔Á╔ÁclassProp, ╔Á╔ÁcomponentInstance, ╔Á╔Áconditional, ╔Á╔ÁcontentQuery, 
╔Á╔ÁcontentQuerySignal, ╔Á╔ÁdeclareLet, ╔Á╔Ádefer, ╔Á╔ÁdeferEnableTimerScheduling, ╔Á╔ÁdeferOnHover, ╔Á╔ÁdeferOnIdle, 
╔Á╔ÁdeferOnImmediate, ╔Á╔ÁdeferOnInteraction, ╔Á╔ÁdeferOnTimer, ╔Á╔ÁdeferOnViewport, ╔Á╔ÁdeferPrefetchOnHover, 
╔Á╔ÁdeferPrefetchOnIdle, ╔Á╔ÁdeferPrefetchOnImmediate, ╔Á╔ÁdeferPrefetchOnInteraction, ╔Á╔ÁdeferPrefetchOnTimer, 
╔Á╔ÁdeferPrefetchOnViewport, ╔Á╔ÁdeferPrefetchWhen, ╔Á╔ÁdeferWhen, ╔Á╔ÁdefineComponent, ╔Á╔ÁdefineDirective, 
╔Á╔ÁdefineInjectable, ╔Á╔ÁdefineInjector, ╔Á╔ÁdefineNgModule, ╔Á╔ÁdefinePipe, ╔Á╔ÁdirectiveInject, 
╔Á╔ÁdisableBindings, ╔Á╔Áelement, ╔Á╔ÁelementContainer, ╔Á╔ÁelementContainerEnd, ╔Á╔ÁelementContainerStart, 
╔Á╔ÁelementEnd, ╔Á╔ÁelementStart, ╔Á╔ÁenableBindings, ╔Á╔ÁgetComponentDepsFactory, ╔Á╔ÁgetCurrentView, 
╔Á╔ÁgetInheritedFactory, ╔Á╔ÁhostProperty, ╔Á╔Ái18n, ╔Á╔Ái18nApply, ╔Á╔Ái18nAttributes, ╔Á╔Ái18nEnd, ╔Á╔Ái18nExp, 
╔Á╔Ái18nPostprocess, ╔Á╔Ái18nStart, ╔Á╔Áinject, ╔Á╔ÁinjectAttribute, ╔Á╔ÁinvalidFactory, ╔Á╔ÁinvalidFactoryDep, 
╔Á╔Álistener, ╔Á╔ÁloadQuery, ╔Á╔ÁnamespaceHTML, ╔Á╔ÁnamespaceMathML, ╔Á╔ÁnamespaceSVG, ╔Á╔ÁnextContext, 
╔Á╔ÁngDeclareClassMetadata, ╔Á╔ÁngDeclareClassMetadataAsync, ╔Á╔ÁngDeclareComponent, ╔Á╔ÁngDeclareDirective, 
╔Á╔ÁngDeclareFactory, ╔Á╔ÁngDeclareInjectable, ╔Á╔ÁngDeclareInjector, ╔Á╔ÁngDeclareNgModule, ╔Á╔ÁngDeclarePipe, 
╔Á╔Ápipe, ╔Á╔ÁpipeBind1, ╔Á╔ÁpipeBind2, ╔Á╔ÁpipeBind3, ╔Á╔ÁpipeBind4, ╔Á╔ÁpipeBindV, ╔Á╔Áprojection, 
╔Á╔ÁprojectionDef, ╔Á╔Áproperty, ╔Á╔ÁpropertyInterpolate, ╔Á╔ÁpropertyInterpolate1, ╔Á╔ÁpropertyInterpolate2, 
╔Á╔ÁpropertyInterpolate3, ╔Á╔ÁpropertyInterpolate4, ╔Á╔ÁpropertyInterpolate5, ╔Á╔ÁpropertyInterpolate6, 
╔Á╔ÁpropertyInterpolate7, ╔Á╔ÁpropertyInterpolate8, ╔Á╔ÁpropertyInterpolateV, ╔Á╔ÁpureFunction0, ╔Á╔ÁpureFunction1, 
╔Á╔ÁpureFunction2, ╔Á╔ÁpureFunction3, ╔Á╔ÁpureFunction4, ╔Á╔ÁpureFunction5, ╔Á╔ÁpureFunction6, ╔Á╔ÁpureFunction7, 
╔Á╔ÁpureFunction8, ╔Á╔ÁpureFunctionV, ╔Á╔ÁqueryAdvance, ╔Á╔ÁqueryRefresh, ╔Á╔ÁreadContextLet, ╔Á╔Áreference, 
╔Á╔ÁregisterNgModuleType, ╔Á╔Árepeater, ╔Á╔ÁrepeaterCreate, ╔Á╔ÁrepeaterTrackByIdentity, ╔Á╔ÁrepeaterTrackByIndex, 
╔Á╔ÁresetView, ╔Á╔ÁresolveBody, ╔Á╔ÁresolveDocument, ╔Á╔ÁresolveWindow, ╔Á╔ÁrestoreView, ╔Á╔ÁsanitizeHtml, 
╔Á╔ÁsanitizeResourceUrl, ╔Á╔ÁsanitizeScript, ╔Á╔ÁsanitizeStyle, ╔Á╔ÁsanitizeUrl, ╔Á╔ÁsanitizeUrlOrResourceUrl, 
╔Á╔ÁsetComponentScope, ╔Á╔ÁsetNgModuleScope, ╔Á╔ÁstoreLet, ╔Á╔ÁstyleMap, ╔Á╔ÁstyleMapInterpolate1, 
╔Á╔ÁstyleMapInterpolate2, ╔Á╔ÁstyleMapInterpolate3, ╔Á╔ÁstyleMapInterpolate4, ╔Á╔ÁstyleMapInterpolate5, 
╔Á╔ÁstyleMapInterpolate6, ╔Á╔ÁstyleMapInterpolate7, ╔Á╔ÁstyleMapInterpolate8, ╔Á╔ÁstyleMapInterpolateV, ╔Á╔ÁstyleProp, 
╔Á╔ÁstylePropInterpolate1, ╔Á╔ÁstylePropInterpolate2, ╔Á╔ÁstylePropInterpolate3, ╔Á╔ÁstylePropInterpolate4, 
╔Á╔ÁstylePropInterpolate5, ╔Á╔ÁstylePropInterpolate6, ╔Á╔ÁstylePropInterpolate7, ╔Á╔ÁstylePropInterpolate8, 
╔Á╔ÁstylePropInterpolateV, ╔Á╔ÁsyntheticHostListener, ╔Á╔ÁsyntheticHostProperty, ╔Á╔Átemplate, 
╔Á╔ÁtemplateRefExtractor, ╔Á╔Átext, ╔Á╔ÁtextInterpolate, ╔Á╔ÁtextInterpolate1, ╔Á╔ÁtextInterpolate2, 
╔Á╔ÁtextInterpolate3, ╔Á╔ÁtextInterpolate4, ╔Á╔ÁtextInterpolate5, ╔Á╔ÁtextInterpolate6, ╔Á╔ÁtextInterpolate7, 
╔Á╔ÁtextInterpolate8, ╔Á╔ÁtextInterpolateV, ╔Á╔ÁtrustConstantHtml, ╔Á╔ÁtrustConstantResourceUrl, ╔Á╔ÁtwoWayBindingSet, 
╔Á╔ÁtwoWayListener, ╔Á╔ÁtwoWayProperty, ╔Á╔ÁvalidateIframeAttribute, ╔Á╔ÁviewQuery, ╔Á╔ÁviewQuerySignal)

../node_modules/@angular/material/fesm2022/button-toggle.mjs:558:25-45 - Error: export '╔Á╔ÁInputFlags' (imported as 
'i0') was not found in '@angular/core' (possible exports: ANIMATION_MODULE_TYPE, APP_BOOTSTRAP_LISTENER, APP_ID, 
APP_INITIALIZER, AfterRenderPhase, ApplicationInitStatus, ApplicationModule, ApplicationRef, Attribute, 
COMPILER_OPTIONS, CSP_NONCE, CUSTOM_ELEMENTS_SCHEMA, ChangeDetectionStrategy, ChangeDetectorRef, Compiler, 
CompilerFactory, Component, ComponentFactory, ComponentFactoryResolver, ComponentRef, ContentChild, ContentChildren, 
DEFAULT_CURRENCY_CODE, DebugElement, DebugEventListener, DebugNode, DefaultIterableDiffer, DestroyRef, Directive, 
ENVIRONMENT_INITIALIZER, ElementRef, EmbeddedViewRef, EnvironmentInjector, ErrorHandler, EventEmitter, 
ExperimentalPendingTasks, HOST_TAG_NAME, Host, HostAttributeToken, HostBinding, HostListener, INJECTOR, Inject, 
InjectFlags, Injectable, InjectionToken, Injector, Input, IterableDiffers, KeyValueDiffers, LOCALE_ID, 
MissingTranslationStrategy, ModuleWithComponentFactories, NO_ERRORS_SCHEMA, NgModule, NgModuleFactory, NgModuleRef, 
NgProbeToken, NgZone, Optional, Output, OutputEmitterRef, PACKAGE_ROOT_URL, PLATFORM_ID, PLATFORM_INITIALIZER, Pipe, 
PlatformRef, Query, QueryList, Renderer2, RendererFactory2, RendererStyleFlags2, Sanitizer, SecurityContext, Self, 
SimpleChange, SkipSelf, TRANSLATIONS, TRANSLATIONS_FORMAT, TemplateRef, Testability, TestabilityRegistry, 
TransferState, Type, VERSION, Version, ViewChild, ViewChildren, ViewContainerRef, ViewEncapsulation, ViewRef, 
afterNextRender, afterRender, asNativeElements, assertInInjectionContext, assertNotInReactiveContext, assertPlatform, 
booleanAttribute, computed, contentChild, contentChildren, createComponent, createEnvironmentInjector, createNgModule, 
createNgModuleRef, createPlatform, createPlatformFactory, defineInjectable, destroyPlatform, effect, enableProdMode, 
forwardRef, getDebugNode, getModuleFactory, getNgModuleById, getPlatform, importProvidersFrom, inject, input, 
isDevMode, isSignal, isStandalone, makeEnvironmentProviders, makeStateKey, mergeApplicationConfig, model, 
numberAttribute, output, platformCore, provideExperimentalCheckNoChangesForDebug, 
provideExperimentalZonelessChangeDetection, provideZoneChangeDetection, reflectComponentType, resolveForwardRef, 
runInInjectionContext, setTestabilityGetter, signal, untracked, viewChild, viewChildren, ╔ÁALLOW_MULTIPLE_PLATFORMS, 
╔ÁAfterRenderManager, ╔ÁCONTAINER_HEADER_OFFSET, ╔ÁChangeDetectionScheduler, ╔ÁChangeDetectionSchedulerImpl, 
╔ÁComponentFactory, ╔ÁConsole, ╔ÁDEFAULT_LOCALE_ID, ╔ÁDEFER_BLOCK_CONFIG, ╔ÁDEFER_BLOCK_DEPENDENCY_INTERCEPTOR, 
╔ÁDeferBlockBehavior, ╔ÁDeferBlockState, ╔ÁEffectScheduler, ╔ÁIMAGE_CONFIG, ╔ÁIMAGE_CONFIG_DEFAULTS, ╔ÁINJECTOR_SCOPE, 
╔ÁINPUT_SIGNAL_BRAND_WRITE_TYPE, ╔ÁINTERNAL_APPLICATION_ERROR_HANDLER, ╔ÁIS_HYDRATION_DOM_REUSE_ENABLED, 
╔ÁJSACTION_EVENT_CONTRACT, ╔ÁLContext, ╔ÁLifecycleHooksFeature, ╔ÁLocaleDataIndex, ╔ÁNG_COMP_DEF, ╔ÁNG_DIR_DEF, 
╔ÁNG_ELEMENT_ID, ╔ÁNG_INJ_DEF, ╔ÁNG_MOD_DEF, ╔ÁNG_PIPE_DEF, ╔ÁNG_PROV_DEF, ╔ÁNOT_FOUND_CHECK_ONLY_ELEMENT_INJECTOR, 
╔ÁNO_CHANGE, ╔ÁNgModuleFactory, ╔ÁNoopNgZone, ╔ÁPROVIDED_NG_ZONE, ╔ÁPendingTasks, ╔ÁReflectionCapabilities, 
╔ÁRender3ComponentFactory, ╔ÁRender3ComponentRef, ╔ÁRender3NgModuleRef, ╔ÁRuntimeError, ╔ÁSIGNAL, 
╔ÁSSR_CONTENT_INTEGRITY_MARKER, ╔ÁTESTABILITY, ╔ÁTESTABILITY_GETTER, ╔ÁUSE_RUNTIME_DEPS_TRACKER_FOR_JIT, ╔ÁViewRef, 
╔ÁXSS_SECURITY_URL, ╔ÁZONELESS_ENABLED, ╔Á_sanitizeHtml, ╔Á_sanitizeUrl, ╔ÁallowSanitizationBypassAndThrow, 
╔ÁannotateForHydration, ╔ÁbypassSanitizationTrustHtml, ╔ÁbypassSanitizationTrustResourceUrl, 
╔ÁbypassSanitizationTrustScript, ╔ÁbypassSanitizationTrustStyle, ╔ÁbypassSanitizationTrustUrl, 
╔ÁclearResolutionOfComponentResourcesQueue, ╔ÁcompileComponent, ╔ÁcompileDirective, ╔ÁcompileNgModule, 
╔ÁcompileNgModuleDefs, ╔ÁcompileNgModuleFactory, ╔ÁcompilePipe, ╔ÁconvertToBitFlags, ╔ÁcreateInjector, 
╔ÁdefaultIterableDiffers, ╔ÁdefaultKeyValueDiffers, ╔ÁdepsTracker, ╔ÁdetectChangesInViewIfRequired, ╔ÁdevModeEqual, 
╔ÁfindLocaleData, ╔ÁflushModuleScopingQueueAsMuchAsPossible, ╔ÁformatRuntimeError, 
╔ÁgenerateStandaloneInDeclarationsError, ╔ÁgetAsyncClassMetadataFn, ╔ÁgetDebugNode, ╔ÁgetDeferBlocks, ╔ÁgetDirectives, 
╔ÁgetHostElement, ╔ÁgetInjectableDef, ╔ÁgetLContext, ╔ÁgetLocaleCurrencyCode, ╔ÁgetLocalePluralCase, 
╔ÁgetOutputDestroyRef, ╔ÁgetSanitizationBypassType, ╔ÁgetUnknownElementStrictMode, ╔ÁgetUnknownPropertyStrictMode, 
╔Áglobal, ╔ÁinjectChangeDetectorRef, ╔ÁinternalCreateApplication, ╔ÁinternalProvideZoneChangeDetection, 
╔ÁisBoundToModule, ╔ÁisComponentDefPendingResolution, ╔ÁisEnvironmentProviders, ╔ÁisInjectable, ╔ÁisNgModule, 
╔ÁisPromise, ╔ÁisSubscribable, ╔ÁnoSideEffects, ╔ÁpatchComponentDefWithScope, ╔ÁperformanceMarkFeature, 
╔ÁreadHydrationInfo, ╔ÁregisterLocaleData, ╔ÁrenderDeferBlockState, ╔ÁresetCompiledComponents, ╔ÁresetJitOptions, 
╔ÁresolveComponentResources, ╔ÁrestoreComponentResolutionQueue, ╔ÁsetAllowDuplicateNgModuleIdsForTest, 
╔ÁsetAlternateWeakRefImpl, ╔ÁsetClassDebugInfo, ╔ÁsetClassMetadata, ╔ÁsetClassMetadataAsync, ╔ÁsetCurrentInjector, 
╔ÁsetDocument, ╔ÁsetInjectorProfilerContext, ╔ÁsetLocaleId, ╔ÁsetUnknownElementStrictMode, 
╔ÁsetUnknownPropertyStrictMode, ╔Ástore, ╔Ástringify, ╔ÁtransitiveScopesFor, ╔ÁtriggerResourceLoading, 
╔ÁtruncateMiddle, ╔ÁunregisterLocaleData, ╔ÁunwrapSafeValue, ╔ÁunwrapWritableSignal, ╔ÁwhenStable, ╔ÁwithDomHydration, 
╔ÁwithEventReplay, ╔ÁwithI18nSupport, ╔Á╔ÁCopyDefinitionFeature, ╔Á╔ÁFactoryTarget, ╔Á╔ÁHostDirectivesFeature, 
╔Á╔ÁInheritDefinitionFeature, ╔Á╔ÁInputTransformsFeature, ╔Á╔ÁNgOnChangesFeature, ╔Á╔ÁProvidersFeature, 
╔Á╔ÁStandaloneFeature, ╔Á╔Áadvance, ╔Á╔Áattribute, ╔Á╔ÁattributeInterpolate1, ╔Á╔ÁattributeInterpolate2, 
╔Á╔ÁattributeInterpolate3, ╔Á╔ÁattributeInterpolate4, ╔Á╔ÁattributeInterpolate5, ╔Á╔ÁattributeInterpolate6, 
╔Á╔ÁattributeInterpolate7, ╔Á╔ÁattributeInterpolate8, ╔Á╔ÁattributeInterpolateV, ╔Á╔ÁclassMap, 
╔Á╔ÁclassMapInterpolate1, ╔Á╔ÁclassMapInterpolate2, ╔Á╔ÁclassMapInterpolate3, ╔Á╔ÁclassMapInterpolate4, 
╔Á╔ÁclassMapInterpolate5, ╔Á╔ÁclassMapInterpolate6, ╔Á╔ÁclassMapInterpolate7, ╔Á╔ÁclassMapInterpolate8, 
╔Á╔ÁclassMapInterpolateV, ╔Á╔ÁclassProp, ╔Á╔ÁcomponentInstance, ╔Á╔Áconditional, ╔Á╔ÁcontentQuery, 
╔Á╔ÁcontentQuerySignal, ╔Á╔ÁdeclareLet, ╔Á╔Ádefer, ╔Á╔ÁdeferEnableTimerScheduling, ╔Á╔ÁdeferOnHover, ╔Á╔ÁdeferOnIdle, 
╔Á╔ÁdeferOnImmediate, ╔Á╔ÁdeferOnInteraction, ╔Á╔ÁdeferOnTimer, ╔Á╔ÁdeferOnViewport, ╔Á╔ÁdeferPrefetchOnHover, 
╔Á╔ÁdeferPrefetchOnIdle, ╔Á╔ÁdeferPrefetchOnImmediate, ╔Á╔ÁdeferPrefetchOnInteraction, ╔Á╔ÁdeferPrefetchOnTimer, 
╔Á╔ÁdeferPrefetchOnViewport, ╔Á╔ÁdeferPrefetchWhen, ╔Á╔ÁdeferWhen, ╔Á╔ÁdefineComponent, ╔Á╔ÁdefineDirective, 
╔Á╔ÁdefineInjectable, ╔Á╔ÁdefineInjector, ╔Á╔ÁdefineNgModule, ╔Á╔ÁdefinePipe, ╔Á╔ÁdirectiveInject, 
╔Á╔ÁdisableBindings, ╔Á╔Áelement, ╔Á╔ÁelementContainer, ╔Á╔ÁelementContainerEnd, ╔Á╔ÁelementContainerStart, 
╔Á╔ÁelementEnd, ╔Á╔ÁelementStart, ╔Á╔ÁenableBindings, ╔Á╔ÁgetComponentDepsFactory, ╔Á╔ÁgetCurrentView, 
╔Á╔ÁgetInheritedFactory, ╔Á╔ÁhostProperty, ╔Á╔Ái18n, ╔Á╔Ái18nApply, ╔Á╔Ái18nAttributes, ╔Á╔Ái18nEnd, ╔Á╔Ái18nExp, 
╔Á╔Ái18nPostprocess, ╔Á╔Ái18nStart, ╔Á╔Áinject, ╔Á╔ÁinjectAttribute, ╔Á╔ÁinvalidFactory, ╔Á╔ÁinvalidFactoryDep, 
╔Á╔Álistener, ╔Á╔ÁloadQuery, ╔Á╔ÁnamespaceHTML, ╔Á╔ÁnamespaceMathML, ╔Á╔ÁnamespaceSVG, ╔Á╔ÁnextContext, 
╔Á╔ÁngDeclareClassMetadata, ╔Á╔ÁngDeclareClassMetadataAsync, ╔Á╔ÁngDeclareComponent, ╔Á╔ÁngDeclareDirective, 
╔Á╔ÁngDeclareFactory, ╔Á╔ÁngDeclareInjectable, ╔Á╔ÁngDeclareInjector, ╔Á╔ÁngDeclareNgModule, ╔Á╔ÁngDeclarePipe, 
╔Á╔Ápipe, ╔Á╔ÁpipeBind1, ╔Á╔ÁpipeBind2, ╔Á╔ÁpipeBind3, ╔Á╔ÁpipeBind4, ╔Á╔ÁpipeBindV, ╔Á╔Áprojection, 
╔Á╔ÁprojectionDef, ╔Á╔Áproperty, ╔Á╔ÁpropertyInterpolate, ╔Á╔ÁpropertyInterpolate1, ╔Á╔ÁpropertyInterpolate2, 
╔Á╔ÁpropertyInterpolate3, ╔Á╔ÁpropertyInterpolate4, ╔Á╔ÁpropertyInterpolate5, ╔Á╔ÁpropertyInterpolate6, 
╔Á╔ÁpropertyInterpolate7, ╔Á╔ÁpropertyInterpolate8, ╔Á╔ÁpropertyInterpolateV, ╔Á╔ÁpureFunction0, ╔Á╔ÁpureFunction1, 
╔Á╔ÁpureFunction2, ╔Á╔ÁpureFunction3, ╔Á╔ÁpureFunction4, ╔Á╔ÁpureFunction5, ╔Á╔ÁpureFunction6, ╔Á╔ÁpureFunction7, 
╔Á╔ÁpureFunction8, ╔Á╔ÁpureFunctionV, ╔Á╔ÁqueryAdvance, ╔Á╔ÁqueryRefresh, ╔Á╔ÁreadContextLet, ╔Á╔Áreference, 
╔Á╔ÁregisterNgModuleType, ╔Á╔Árepeater, ╔Á╔ÁrepeaterCreate, ╔Á╔ÁrepeaterTrackByIdentity, ╔Á╔ÁrepeaterTrackByIndex, 
╔Á╔ÁresetView, ╔Á╔ÁresolveBody, ╔Á╔ÁresolveDocument, ╔Á╔ÁresolveWindow, ╔Á╔ÁrestoreView, ╔Á╔ÁsanitizeHtml, 
╔Á╔ÁsanitizeResourceUrl, ╔Á╔ÁsanitizeScript, ╔Á╔ÁsanitizeStyle, ╔Á╔ÁsanitizeUrl, ╔Á╔ÁsanitizeUrlOrResourceUrl, 
╔Á╔ÁsetComponentScope, ╔Á╔ÁsetNgModuleScope, ╔Á╔ÁstoreLet, ╔Á╔ÁstyleMap, ╔Á╔ÁstyleMapInterpolate1, 
╔Á╔ÁstyleMapInterpolate2, ╔Á╔ÁstyleMapInterpolate3, ╔Á╔ÁstyleMapInterpolate4, ╔Á╔ÁstyleMapInterpolate5, 
╔Á╔ÁstyleMapInterpolate6, ╔Á╔ÁstyleMapInterpolate7, ╔Á╔ÁstyleMapInterpolate8, ╔Á╔ÁstyleMapInterpolateV, ╔Á╔ÁstyleProp, 
╔Á╔ÁstylePropInterpolate1, ╔Á╔ÁstylePropInterpolate2, ╔Á╔ÁstylePropInterpolate3, ╔Á╔ÁstylePropInterpolate4, 
╔Á╔ÁstylePropInterpolate5, ╔Á╔ÁstylePropInterpolate6, ╔Á╔ÁstylePropInterpolate7, ╔Á╔ÁstylePropInterpolate8, 
╔Á╔ÁstylePropInterpolateV, ╔Á╔ÁsyntheticHostListener, ╔Á╔ÁsyntheticHostProperty, ╔Á╔Átemplate, 
╔Á╔ÁtemplateRefExtractor, ╔Á╔Átext, ╔Á╔ÁtextInterpolate, ╔Á╔ÁtextInterpolate1, ╔Á╔ÁtextInterpolate2, 
╔Á╔ÁtextInterpolate3, ╔Á╔ÁtextInterpolate4, ╔Á╔ÁtextInterpolate5, ╔Á╔ÁtextInterpolate6, ╔Á╔ÁtextInterpolate7, 
╔Á╔ÁtextInterpolate8, ╔Á╔ÁtextInterpolateV, ╔Á╔ÁtrustConstantHtml, ╔Á╔ÁtrustConstantResourceUrl, ╔Á╔ÁtwoWayBindingSet, 
╔Á╔ÁtwoWayListener, ╔Á╔ÁtwoWayProperty, ╔Á╔ÁvalidateIframeAttribute, ╔Á╔ÁviewQuery, ╔Á╔ÁviewQuerySignal)

../node_modules/@angular/material/fesm2022/button-toggle.mjs:563:24-66 - Error: export '╔Á╔ÁInputFlags' (imported as 
'i0') was not found in '@angular/core' (possible exports: ANIMATION_MODULE_TYPE, APP_BOOTSTRAP_LISTENER, APP_ID, 
APP_INITIALIZER, AfterRenderPhase, ApplicationInitStatus, ApplicationModule, ApplicationRef, Attribute, 
COMPILER_OPTIONS, CSP_NONCE, CUSTOM_ELEMENTS_SCHEMA, ChangeDetectionStrategy, ChangeDetectorRef, Compiler, 
CompilerFactory, Component, ComponentFactory, ComponentFactoryResolver, ComponentRef, ContentChild, ContentChildren, 
DEFAULT_CURRENCY_CODE, DebugElement, DebugEventListener, DebugNode, DefaultIterableDiffer, DestroyRef, Directive, 
ENVIRONMENT_INITIALIZER, ElementRef, EmbeddedViewRef, EnvironmentInjector, ErrorHandler, EventEmitter, 
ExperimentalPendingTasks, HOST_TAG_NAME, Host, HostAttributeToken, HostBinding, HostListener, INJECTOR, Inject, 
InjectFlags, Injectable, InjectionToken, Injector, Input, IterableDiffers, KeyValueDiffers, LOCALE_ID, 
MissingTranslationStrategy, ModuleWithComponentFactories, NO_ERRORS_SCHEMA, NgModule, NgModuleFactory, NgModuleRef, 
NgProbeToken, NgZone, Optional, Output, OutputEmitterRef, PACKAGE_ROOT_URL, PLATFORM_ID, PLATFORM_INITIALIZER, Pipe, 
PlatformRef, Query, QueryList, Renderer2, RendererFactory2, RendererStyleFlags2, Sanitizer, SecurityContext, Self, 
SimpleChange, SkipSelf, TRANSLATIONS, TRANSLATIONS_FORMAT, TemplateRef, Testability, TestabilityRegistry, 
TransferState, Type, VERSION, Version, ViewChild, ViewChildren, ViewContainerRef, ViewEncapsulation, ViewRef, 
afterNextRender, afterRender, asNativeElements, assertInInjectionContext, assertNotInReactiveContext, assertPlatform, 
booleanAttribute, computed, contentChild, contentChildren, createComponent, createEnvironmentInjector, createNgModule, 
createNgModuleRef, createPlatform, createPlatformFactory, defineInjectable, destroyPlatform, effect, enableProdMode, 
forwardRef, getDebugNode, getModuleFactory, getNgModuleById, getPlatform, importProvidersFrom, inject, input, 
isDevMode, isSignal, isStandalone, makeEnvironmentProviders, makeStateKey, mergeApplicationConfig, model, 
numberAttribute, output, platformCore, provideExperimentalCheckNoChangesForDebug, 
provideExperimentalZonelessChangeDetection, provideZoneChangeDetection, reflectComponentType, resolveForwardRef, 
runInInjectionContext, setTestabilityGetter, signal, untracked, viewChild, viewChildren, ╔ÁALLOW_MULTIPLE_PLATFORMS, 
╔ÁAfterRenderManager, ╔ÁCONTAINER_HEADER_OFFSET, ╔ÁChangeDetectionScheduler, ╔ÁChangeDetectionSchedulerImpl, 
╔ÁComponentFactory, ╔ÁConsole, ╔ÁDEFAULT_LOCALE_ID, ╔ÁDEFER_BLOCK_CONFIG, ╔ÁDEFER_BLOCK_DEPENDENCY_INTERCEPTOR, 
╔ÁDeferBlockBehavior, ╔ÁDeferBlockState, ╔ÁEffectScheduler, ╔ÁIMAGE_CONFIG, ╔ÁIMAGE_CONFIG_DEFAULTS, ╔ÁINJECTOR_SCOPE, 
╔ÁINPUT_SIGNAL_BRAND_WRITE_TYPE, ╔ÁINTERNAL_APPLICATION_ERROR_HANDLER, ╔ÁIS_HYDRATION_DOM_REUSE_ENABLED, 
╔ÁJSACTION_EVENT_CONTRACT, ╔ÁLContext, ╔ÁLifecycleHooksFeature, ╔ÁLocaleDataIndex, ╔ÁNG_COMP_DEF, ╔ÁNG_DIR_DEF, 
╔ÁNG_ELEMENT_ID, ╔ÁNG_INJ_DEF, ╔ÁNG_MOD_DEF, ╔ÁNG_PIPE_DEF, ╔ÁNG_PROV_DEF, ╔ÁNOT_FOUND_CHECK_ONLY_ELEMENT_INJECTOR, 
╔ÁNO_CHANGE, ╔ÁNgModuleFactory, ╔ÁNoopNgZone, ╔ÁPROVIDED_NG_ZONE, ╔ÁPendingTasks, ╔ÁReflectionCapabilities, 
╔ÁRender3ComponentFactory, ╔ÁRender3ComponentRef, ╔ÁRender3NgModuleRef, ╔ÁRuntimeError, ╔ÁSIGNAL, 
╔ÁSSR_CONTENT_INTEGRITY_MARKER, ╔ÁTESTABILITY, ╔ÁTESTABILITY_GETTER, ╔ÁUSE_RUNTIME_DEPS_TRACKER_FOR_JIT, ╔ÁViewRef, 
╔ÁXSS_SECURITY_URL, ╔ÁZONELESS_ENABLED, ╔Á_sanitizeHtml, ╔Á_sanitizeUrl, ╔ÁallowSanitizationBypassAndThrow, 
╔ÁannotateForHydration, ╔ÁbypassSanitizationTrustHtml, ╔ÁbypassSanitizationTrustResourceUrl, 
╔ÁbypassSanitizationTrustScript, ╔ÁbypassSanitizationTrustStyle, ╔ÁbypassSanitizationTrustUrl, 
╔ÁclearResolutionOfComponentResourcesQueue, ╔ÁcompileComponent, ╔ÁcompileDirective, ╔ÁcompileNgModule, 
╔ÁcompileNgModuleDefs, ╔ÁcompileNgModuleFactory, ╔ÁcompilePipe, ╔ÁconvertToBitFlags, ╔ÁcreateInjector, 
╔ÁdefaultIterableDiffers, ╔ÁdefaultKeyValueDiffers, ╔ÁdepsTracker, ╔ÁdetectChangesInViewIfRequired, ╔ÁdevModeEqual, 
╔ÁfindLocaleData, ╔ÁflushModuleScopingQueueAsMuchAsPossible, ╔ÁformatRuntimeError, 
╔ÁgenerateStandaloneInDeclarationsError, ╔ÁgetAsyncClassMetadataFn, ╔ÁgetDebugNode, ╔ÁgetDeferBlocks, ╔ÁgetDirectives, 
╔ÁgetHostElement, ╔ÁgetInjectableDef, ╔ÁgetLContext, ╔ÁgetLocaleCurrencyCode, ╔ÁgetLocalePluralCase, 
╔ÁgetOutputDestroyRef, ╔ÁgetSanitizationBypassType, ╔ÁgetUnknownElementStrictMode, ╔ÁgetUnknownPropertyStrictMode, 
╔Áglobal, ╔ÁinjectChangeDetectorRef, ╔ÁinternalCreateApplication, ╔ÁinternalProvideZoneChangeDetection, 
╔ÁisBoundToModule, ╔ÁisComponentDefPendingResolution, ╔ÁisEnvironmentProviders, ╔ÁisInjectable, ╔ÁisNgModule, 
╔ÁisPromise, ╔ÁisSubscribable, ╔ÁnoSideEffects, ╔ÁpatchComponentDefWithScope, ╔ÁperformanceMarkFeature, 
╔ÁreadHydrationInfo, ╔ÁregisterLocaleData, ╔ÁrenderDeferBlockState, ╔ÁresetCompiledComponents, ╔ÁresetJitOptions, 
╔ÁresolveComponentResources, ╔ÁrestoreComponentResolutionQueue, ╔ÁsetAllowDuplicateNgModuleIdsForTest, 
╔ÁsetAlternateWeakRefImpl, ╔ÁsetClassDebugInfo, ╔ÁsetClassMetadata, ╔ÁsetClassMetadataAsync, ╔ÁsetCurrentInjector, 
╔ÁsetDocument, ╔ÁsetInjectorProfilerContext, ╔ÁsetLocaleId, ╔ÁsetUnknownElementStrictMode, 
╔ÁsetUnknownPropertyStrictMode, ╔Ástore, ╔Ástringify, ╔ÁtransitiveScopesFor, ╔ÁtriggerResourceLoading, 
╔ÁtruncateMiddle, ╔ÁunregisterLocaleData, ╔ÁunwrapSafeValue, ╔ÁunwrapWritableSignal, ╔ÁwhenStable, ╔ÁwithDomHydration, 
╔ÁwithEventReplay, ╔ÁwithI18nSupport, ╔Á╔ÁCopyDefinitionFeature, ╔Á╔ÁFactoryTarget, ╔Á╔ÁHostDirectivesFeature, 
╔Á╔ÁInheritDefinitionFeature, ╔Á╔ÁInputTransformsFeature, ╔Á╔ÁNgOnChangesFeature, ╔Á╔ÁProvidersFeature, 
╔Á╔ÁStandaloneFeature, ╔Á╔Áadvance, ╔Á╔Áattribute, ╔Á╔ÁattributeInterpolate1, ╔Á╔ÁattributeInterpolate2, 
╔Á╔ÁattributeInterpolate3, ╔Á╔ÁattributeInterpolate4, ╔Á╔ÁattributeInterpolate5, ╔Á╔ÁattributeInterpolate6, 
╔Á╔ÁattributeInterpolate7, ╔Á╔ÁattributeInterpolate8, ╔Á╔ÁattributeInterpolateV, ╔Á╔ÁclassMap, 
╔Á╔ÁclassMapInterpolate1, ╔Á╔ÁclassMapInterpolate2, ╔Á╔ÁclassMapInterpolate3, ╔Á╔ÁclassMapInterpolate4, 
╔Á╔ÁclassMapInterpolate5, ╔Á╔ÁclassMapInterpolate6, ╔Á╔ÁclassMapInterpolate7, ╔Á╔ÁclassMapInterpolate8, 
╔Á╔ÁclassMapInterpolateV, ╔Á╔ÁclassProp, ╔Á╔ÁcomponentInstance, ╔Á╔Áconditional, ╔Á╔ÁcontentQuery, 
╔Á╔ÁcontentQuerySignal, ╔Á╔ÁdeclareLet, ╔Á╔Ádefer, ╔Á╔ÁdeferEnableTimerScheduling, ╔Á╔ÁdeferOnHover, ╔Á╔ÁdeferOnIdle, 
╔Á╔ÁdeferOnImmediate, ╔Á╔ÁdeferOnInteraction, ╔Á╔ÁdeferOnTimer, ╔Á╔ÁdeferOnViewport, ╔Á╔ÁdeferPrefetchOnHover, 
╔Á╔ÁdeferPrefetchOnIdle, ╔Á╔ÁdeferPrefetchOnImmediate, ╔Á╔ÁdeferPrefetchOnInteraction, ╔Á╔ÁdeferPrefetchOnTimer, 
╔Á╔ÁdeferPrefetchOnViewport, ╔Á╔ÁdeferPrefetchWhen, ╔Á╔ÁdeferWhen, ╔Á╔ÁdefineComponent, ╔Á╔ÁdefineDirective, 
╔Á╔ÁdefineInjectable, ╔Á╔ÁdefineInjector, ╔Á╔ÁdefineNgModule, ╔Á╔ÁdefinePipe, ╔Á╔ÁdirectiveInject, 
╔Á╔ÁdisableBindings, ╔Á╔Áelement, ╔Á╔ÁelementContainer, ╔Á╔ÁelementContainerEnd, ╔Á╔ÁelementContainerStart, 
╔Á╔ÁelementEnd, ╔Á╔ÁelementStart, ╔Á╔ÁenableBindings, ╔Á╔ÁgetComponentDepsFactory, ╔Á╔ÁgetCurrentView, 
╔Á╔ÁgetInheritedFactory, ╔Á╔ÁhostProperty, ╔Á╔Ái18n, ╔Á╔Ái18nApply, ╔Á╔Ái18nAttributes, ╔Á╔Ái18nEnd, ╔Á╔Ái18nExp, 
╔Á╔Ái18nPostprocess, ╔Á╔Ái18nStart, ╔Á╔Áinject, ╔Á╔ÁinjectAttribute, ╔Á╔ÁinvalidFactory, ╔Á╔ÁinvalidFactoryDep, 
╔Á╔Álistener, ╔Á╔ÁloadQuery, ╔Á╔ÁnamespaceHTML, ╔Á╔ÁnamespaceMathML, ╔Á╔ÁnamespaceSVG, ╔Á╔ÁnextContext, 
╔Á╔ÁngDeclareClassMetadata, ╔Á╔ÁngDeclareClassMetadataAsync, ╔Á╔ÁngDeclareComponent, ╔Á╔ÁngDeclareDirective, 
╔Á╔ÁngDeclareFactory, ╔Á╔ÁngDeclareInjectable, ╔Á╔ÁngDeclareInjector, ╔Á╔ÁngDeclareNgModule, ╔Á╔ÁngDeclarePipe, 
╔Á╔Ápipe, ╔Á╔ÁpipeBind1, ╔Á╔ÁpipeBind2, ╔Á╔ÁpipeBind3, ╔Á╔ÁpipeBind4, ╔Á╔ÁpipeBindV, ╔Á╔Áprojection, 
╔Á╔ÁprojectionDef, ╔Á╔Áproperty, ╔Á╔ÁpropertyInterpolate, ╔Á╔ÁpropertyInterpolate1, ╔Á╔ÁpropertyInterpolate2, 
╔Á╔ÁpropertyInterpolate3, ╔Á╔ÁpropertyInterpolate4, ╔Á╔ÁpropertyInterpolate5, ╔Á╔ÁpropertyInterpolate6, 
╔Á╔ÁpropertyInterpolate7, ╔Á╔ÁpropertyInterpolate8, ╔Á╔ÁpropertyInterpolateV, ╔Á╔ÁpureFunction0, ╔Á╔ÁpureFunction1, 
╔Á╔ÁpureFunction2, ╔Á╔ÁpureFunction3, ╔Á╔ÁpureFunction4, ╔Á╔ÁpureFunction5, ╔Á╔ÁpureFunction6, ╔Á╔ÁpureFunction7, 
╔Á╔ÁpureFunction8, ╔Á╔ÁpureFunctionV, ╔Á╔ÁqueryAdvance, ╔Á╔ÁqueryRefresh, ╔Á╔ÁreadContextLet, ╔Á╔Áreference, 
╔Á╔ÁregisterNgModuleType, ╔Á╔Árepeater, ╔Á╔ÁrepeaterCreate, ╔Á╔ÁrepeaterTrackByIdentity, ╔Á╔ÁrepeaterTrackByIndex, 
╔Á╔ÁresetView, ╔Á╔ÁresolveBody, ╔Á╔ÁresolveDocument, ╔Á╔ÁresolveWindow, ╔Á╔ÁrestoreView, ╔Á╔ÁsanitizeHtml, 
╔Á╔ÁsanitizeResourceUrl, ╔Á╔ÁsanitizeScript, ╔Á╔ÁsanitizeStyle, ╔Á╔ÁsanitizeUrl, ╔Á╔ÁsanitizeUrlOrResourceUrl, 
╔Á╔ÁsetComponentScope, ╔Á╔ÁsetNgModuleScope, ╔Á╔ÁstoreLet, ╔Á╔ÁstyleMap, ╔Á╔ÁstyleMapInterpolate1, 
╔Á╔ÁstyleMapInterpolate2, ╔Á╔ÁstyleMapInterpolate3, ╔Á╔ÁstyleMapInterpolate4, ╔Á╔ÁstyleMapInterpolate5, 
╔Á╔ÁstyleMapInterpolate6, ╔Á╔ÁstyleMapInterpolate7, ╔Á╔ÁstyleMapInterpolate8, ╔Á╔ÁstyleMapInterpolateV, ╔Á╔ÁstyleProp, 
╔Á╔ÁstylePropInterpolate1, ╔Á╔ÁstylePropInterpolate2, ╔Á╔ÁstylePropInterpolate3, ╔Á╔ÁstylePropInterpolate4, 
╔Á╔ÁstylePropInterpolate5, ╔Á╔ÁstylePropInterpolate6, ╔Á╔ÁstylePropInterpolate7, ╔Á╔ÁstylePropInterpolate8, 
╔Á╔ÁstylePropInterpolateV, ╔Á╔ÁsyntheticHostListener, ╔Á╔ÁsyntheticHostProperty, ╔Á╔Átemplate, 
╔Á╔ÁtemplateRefExtractor, ╔Á╔Átext, ╔Á╔ÁtextInterpolate, ╔Á╔ÁtextInterpolate1, ╔Á╔ÁtextInterpolate2, 
╔Á╔ÁtextInterpolate3, ╔Á╔ÁtextInterpolate4, ╔Á╔ÁtextInterpolate5, ╔Á╔ÁtextInterpolate6, ╔Á╔ÁtextInterpolate7, 
╔Á╔ÁtextInterpolate8, ╔Á╔ÁtextInterpolateV, ╔Á╔ÁtrustConstantHtml, ╔Á╔ÁtrustConstantResourceUrl, ╔Á╔ÁtwoWayBindingSet, 
╔Á╔ÁtwoWayListener, ╔Á╔ÁtwoWayProperty, ╔Á╔ÁvalidateIframeAttribute, ╔Á╔ÁviewQuery, ╔Á╔ÁviewQuerySignal)

../node_modules/@angular/material/fesm2022/button-toggle.mjs:565:18-60 - Error: export '╔Á╔ÁInputFlags' (imported as 
'i0') was not found in '@angular/core' (possible exports: ANIMATION_MODULE_TYPE, APP_BOOTSTRAP_LISTENER, APP_ID, 
APP_INITIALIZER, AfterRenderPhase, ApplicationInitStatus, ApplicationModule, ApplicationRef, Attribute, 
COMPILER_OPTIONS, CSP_NONCE, CUSTOM_ELEMENTS_SCHEMA, ChangeDetectionStrategy, ChangeDetectorRef, Compiler, 
CompilerFactory, Component, ComponentFactory, ComponentFactoryResolver, ComponentRef, ContentChild, ContentChildren, 
DEFAULT_CURRENCY_CODE, DebugElement, DebugEventListener, DebugNode, DefaultIterableDiffer, DestroyRef, Directive, 
ENVIRONMENT_INITIALIZER, ElementRef, EmbeddedViewRef, EnvironmentInjector, ErrorHandler, EventEmitter, 
ExperimentalPendingTasks, HOST_TAG_NAME, Host, HostAttributeToken, HostBinding, HostListener, INJECTOR, Inject, 
InjectFlags, Injectable, InjectionToken, Injector, Input, IterableDiffers, KeyValueDiffers, LOCALE_ID, 
MissingTranslationStrategy, ModuleWithComponentFactories, NO_ERRORS_SCHEMA, NgModule, NgModuleFactory, NgModuleRef, 
NgProbeToken, NgZone, Optional, Output, OutputEmitterRef, PACKAGE_ROOT_URL, PLATFORM_ID, PLATFORM_INITIALIZER, Pipe, 
PlatformRef, Query, QueryList, Renderer2, RendererFactory2, RendererStyleFlags2, Sanitizer, SecurityContext, Self, 
SimpleChange, SkipSelf, TRANSLATIONS, TRANSLATIONS_FORMAT, TemplateRef, Testability, TestabilityRegistry, 
TransferState, Type, VERSION, Version, ViewChild, ViewChildren, ViewContainerRef, ViewEncapsulation, ViewRef, 
afterNextRender, afterRender, asNativeElements, assertInInjectionContext, assertNotInReactiveContext, assertPlatform, 
booleanAttribute, computed, contentChild, contentChildren, createComponent, createEnvironmentInjector, createNgModule, 
createNgModuleRef, createPlatform, createPlatformFactory, defineInjectable, destroyPlatform, effect, enableProdMode, 
forwardRef, getDebugNode, getModuleFactory, getNgModuleById, getPlatform, importProvidersFrom, inject, input, 
isDevMode, isSignal, isStandalone, makeEnvironmentProviders, makeStateKey, mergeApplicationConfig, model, 
numberAttribute, output, platformCore, provideExperimentalCheckNoChangesForDebug, 
provideExperimentalZonelessChangeDetection, provideZoneChangeDetection, reflectComponentType, resolveForwardRef, 
runInInjectionContext, setTestabilityGetter, signal, untracked, viewChild, viewChildren, ╔ÁALLOW_MULTIPLE_PLATFORMS, 
╔ÁAfterRenderManager, ╔ÁCONTAINER_HEADER_OFFSET, ╔ÁChangeDetectionScheduler, ╔ÁChangeDetectionSchedulerImpl, 
╔ÁComponentFactory, ╔ÁConsole, ╔ÁDEFAULT_LOCALE_ID, ╔ÁDEFER_BLOCK_CONFIG, ╔ÁDEFER_BLOCK_DEPENDENCY_INTERCEPTOR, 
╔ÁDeferBlockBehavior, ╔ÁDeferBlockState, ╔ÁEffectScheduler, ╔ÁIMAGE_CONFIG, ╔ÁIMAGE_CONFIG_DEFAULTS, ╔ÁINJECTOR_SCOPE, 
╔ÁINPUT_SIGNAL_BRAND_WRITE_TYPE, ╔ÁINTERNAL_APPLICATION_ERROR_HANDLER, ╔ÁIS_HYDRATION_DOM_REUSE_ENABLED, 
╔ÁJSACTION_EVENT_CONTRACT, ╔ÁLContext, ╔ÁLifecycleHooksFeature, ╔ÁLocaleDataIndex, ╔ÁNG_COMP_DEF, ╔ÁNG_DIR_DEF, 
╔ÁNG_ELEMENT_ID, ╔ÁNG_INJ_DEF, ╔ÁNG_MOD_DEF, ╔ÁNG_PIPE_DEF, ╔ÁNG_PROV_DEF, ╔ÁNOT_FOUND_CHECK_ONLY_ELEMENT_INJECTOR, 
╔ÁNO_CHANGE, ╔ÁNgModuleFactory, ╔ÁNoopNgZone, ╔ÁPROVIDED_NG_ZONE, ╔ÁPendingTasks, ╔ÁReflectionCapabilities, 
╔ÁRender3ComponentFactory, ╔ÁRender3ComponentRef, ╔ÁRender3NgModuleRef, ╔ÁRuntimeError, ╔ÁSIGNAL, 
╔ÁSSR_CONTENT_INTEGRITY_MARKER, ╔ÁTESTABILITY, ╔ÁTESTABILITY_GETTER, ╔ÁUSE_RUNTIME_DEPS_TRACKER_FOR_JIT, ╔ÁViewRef, 
╔ÁXSS_SECURITY_URL, ╔ÁZONELESS_ENABLED, ╔Á_sanitizeHtml, ╔Á_sanitizeUrl, ╔ÁallowSanitizationBypassAndThrow, 
╔ÁannotateForHydration, ╔ÁbypassSanitizationTrustHtml, ╔ÁbypassSanitizationTrustResourceUrl, 
╔ÁbypassSanitizationTrustScript, ╔ÁbypassSanitizationTrustStyle, ╔ÁbypassSanitizationTrustUrl, 
╔ÁclearResolutionOfComponentResourcesQueue, ╔ÁcompileComponent, ╔ÁcompileDirective, ╔ÁcompileNgModule, 
╔ÁcompileNgModuleDefs, ╔ÁcompileNgModuleFactory, ╔ÁcompilePipe, ╔ÁconvertToBitFlags, ╔ÁcreateInjector, 
╔ÁdefaultIterableDiffers, ╔ÁdefaultKeyValueDiffers, ╔ÁdepsTracker, ╔ÁdetectChangesInViewIfRequired, ╔ÁdevModeEqual, 
╔ÁfindLocaleData, ╔ÁflushModuleScopingQueueAsMuchAsPossible, ╔ÁformatRuntimeError, 
╔ÁgenerateStandaloneInDeclarationsError, ╔ÁgetAsyncClassMetadataFn, ╔ÁgetDebugNode, ╔ÁgetDeferBlocks, ╔ÁgetDirectives, 
╔ÁgetHostElement, ╔ÁgetInjectableDef, ╔ÁgetLContext, ╔ÁgetLocaleCurrencyCode, ╔ÁgetLocalePluralCase, 
╔ÁgetOutputDestroyRef, ╔ÁgetSanitizationBypassType, ╔ÁgetUnknownElementStrictMode, ╔ÁgetUnknownPropertyStrictMode, 
╔Áglobal, ╔ÁinjectChangeDetectorRef, ╔ÁinternalCreateApplication, ╔ÁinternalProvideZoneChangeDetection, 
╔ÁisBoundToModule, ╔ÁisComponentDefPendingResolution, ╔ÁisEnvironmentProviders, ╔ÁisInjectable, ╔ÁisNgModule, 
╔ÁisPromise, ╔ÁisSubscribable, ╔ÁnoSideEffects, ╔ÁpatchComponentDefWithScope, ╔ÁperformanceMarkFeature, 
╔ÁreadHydrationInfo, ╔ÁregisterLocaleData, ╔ÁrenderDeferBlockState, ╔ÁresetCompiledComponents, ╔ÁresetJitOptions, 
╔ÁresolveComponentResources, ╔ÁrestoreComponentResolutionQueue, ╔ÁsetAllowDuplicateNgModuleIdsForTest, 
╔ÁsetAlternateWeakRefImpl, ╔ÁsetClassDebugInfo, ╔ÁsetClassMetadata, ╔ÁsetClassMetadataAsync, ╔ÁsetCurrentInjector, 
╔ÁsetDocument, ╔ÁsetInjectorProfilerContext, ╔ÁsetLocaleId, ╔ÁsetUnknownElementStrictMode, 
╔ÁsetUnknownPropertyStrictMode, ╔Ástore, ╔Ástringify, ╔ÁtransitiveScopesFor, ╔ÁtriggerResourceLoading, 
╔ÁtruncateMiddle, ╔ÁunregisterLocaleData, ╔ÁunwrapSafeValue, ╔ÁunwrapWritableSignal, ╔ÁwhenStable, ╔ÁwithDomHydration, 
╔ÁwithEventReplay, ╔ÁwithI18nSupport, ╔Á╔ÁCopyDefinitionFeature, ╔Á╔ÁFactoryTarget, ╔Á╔ÁHostDirectivesFeature, 
╔Á╔ÁInheritDefinitionFeature, ╔Á╔ÁInputTransformsFeature, ╔Á╔ÁNgOnChangesFeature, ╔Á╔ÁProvidersFeature, 
╔Á╔ÁStandaloneFeature, ╔Á╔Áadvance, ╔Á╔Áattribute, ╔Á╔ÁattributeInterpolate1, ╔Á╔ÁattributeInterpolate2, 
╔Á╔ÁattributeInterpolate3, ╔Á╔ÁattributeInterpolate4, ╔Á╔ÁattributeInterpolate5, ╔Á╔ÁattributeInterpolate6, 
╔Á╔ÁattributeInterpolate7, ╔Á╔ÁattributeInterpolate8, ╔Á╔ÁattributeInterpolateV, ╔Á╔ÁclassMap, 
╔Á╔ÁclassMapInterpolate1, ╔Á╔ÁclassMapInterpolate2, ╔Á╔ÁclassMapInterpolate3, ╔Á╔ÁclassMapInterpolate4, 
╔Á╔ÁclassMapInterpolate5, ╔Á╔ÁclassMapInterpolate6, ╔Á╔ÁclassMapInterpolate7, ╔Á╔ÁclassMapInterpolate8, 
╔Á╔ÁclassMapInterpolateV, ╔Á╔ÁclassProp, ╔Á╔ÁcomponentInstance, ╔Á╔Áconditional, ╔Á╔ÁcontentQuery, 
╔Á╔ÁcontentQuerySignal, ╔Á╔ÁdeclareLet, ╔Á╔Ádefer, ╔Á╔ÁdeferEnableTimerScheduling, ╔Á╔ÁdeferOnHover, ╔Á╔ÁdeferOnIdle, 
╔Á╔ÁdeferOnImmediate, ╔Á╔ÁdeferOnInteraction, ╔Á╔ÁdeferOnTimer, ╔Á╔ÁdeferOnViewport, ╔Á╔ÁdeferPrefetchOnHover, 
╔Á╔ÁdeferPrefetchOnIdle, ╔Á╔ÁdeferPrefetchOnImmediate, ╔Á╔ÁdeferPrefetchOnInteraction, ╔Á╔ÁdeferPrefetchOnTimer, 
╔Á╔ÁdeferPrefetchOnViewport, ╔Á╔ÁdeferPrefetchWhen, ╔Á╔ÁdeferWhen, ╔Á╔ÁdefineComponent, ╔Á╔ÁdefineDirective, 
╔Á╔ÁdefineInjectable, ╔Á╔ÁdefineInjector, ╔Á╔ÁdefineNgModule, ╔Á╔ÁdefinePipe, ╔Á╔ÁdirectiveInject, 
╔Á╔ÁdisableBindings, ╔Á╔Áelement, ╔Á╔ÁelementContainer, ╔Á╔ÁelementContainerEnd, ╔Á╔ÁelementContainerStart, 
╔Á╔ÁelementEnd, ╔Á╔ÁelementStart, ╔Á╔ÁenableBindings, ╔Á╔ÁgetComponentDepsFactory, ╔Á╔ÁgetCurrentView, 
╔Á╔ÁgetInheritedFactory, ╔Á╔ÁhostProperty, ╔Á╔Ái18n, ╔Á╔Ái18nApply, ╔Á╔Ái18nAttributes, ╔Á╔Ái18nEnd, ╔Á╔Ái18nExp, 
╔Á╔Ái18nPostprocess, ╔Á╔Ái18nStart, ╔Á╔Áinject, ╔Á╔ÁinjectAttribute, ╔Á╔ÁinvalidFactory, ╔Á╔ÁinvalidFactoryDep, 
╔Á╔Álistener, ╔Á╔ÁloadQuery, ╔Á╔ÁnamespaceHTML, ╔Á╔ÁnamespaceMathML, ╔Á╔ÁnamespaceSVG, ╔Á╔ÁnextContext, 
╔Á╔ÁngDeclareClassMetadata, ╔Á╔ÁngDeclareClassMetadataAsync, ╔Á╔ÁngDeclareComponent, ╔Á╔ÁngDeclareDirective, 
╔Á╔ÁngDeclareFactory, ╔Á╔ÁngDeclareInjectable, ╔Á╔ÁngDeclareInjector, ╔Á╔ÁngDeclareNgModule, ╔Á╔ÁngDeclarePipe, 
╔Á╔Ápipe, ╔Á╔ÁpipeBind1, ╔Á╔ÁpipeBind2, ╔Á╔ÁpipeBind3, ╔Á╔ÁpipeBind4, ╔Á╔ÁpipeBindV, ╔Á╔Áprojection, 
╔Á╔ÁprojectionDef, ╔Á╔Áproperty, ╔Á╔ÁpropertyInterpolate, ╔Á╔ÁpropertyInterpolate1, ╔Á╔ÁpropertyInterpolate2, 
╔Á╔ÁpropertyInterpolate3, ╔Á╔ÁpropertyInterpolate4, ╔Á╔ÁpropertyInterpolate5, ╔Á╔ÁpropertyInterpolate6, 
╔Á╔ÁpropertyInterpolate7, ╔Á╔ÁpropertyInterpolate8, ╔Á╔ÁpropertyInterpolateV, ╔Á╔ÁpureFunction0, ╔Á╔ÁpureFunction1, 
╔Á╔ÁpureFunction2, ╔Á╔ÁpureFunction3, ╔Á╔ÁpureFunction4, ╔Á╔ÁpureFunction5, ╔Á╔ÁpureFunction6, ╔Á╔ÁpureFunction7, 
╔Á╔ÁpureFunction8, ╔Á╔ÁpureFunctionV, ╔Á╔ÁqueryAdvance, ╔Á╔ÁqueryRefresh, ╔Á╔ÁreadContextLet, ╔Á╔Áreference, 
╔Á╔ÁregisterNgModuleType, ╔Á╔Árepeater, ╔Á╔ÁrepeaterCreate, ╔Á╔ÁrepeaterTrackByIdentity, ╔Á╔ÁrepeaterTrackByIndex, 
╔Á╔ÁresetView, ╔Á╔ÁresolveBody, ╔Á╔ÁresolveDocument, ╔Á╔ÁresolveWindow, ╔Á╔ÁrestoreView, ╔Á╔ÁsanitizeHtml, 
╔Á╔ÁsanitizeResourceUrl, ╔Á╔ÁsanitizeScript, ╔Á╔ÁsanitizeStyle, ╔Á╔ÁsanitizeUrl, ╔Á╔ÁsanitizeUrlOrResourceUrl, 
╔Á╔ÁsetComponentScope, ╔Á╔ÁsetNgModuleScope, ╔Á╔ÁstoreLet, ╔Á╔ÁstyleMap, ╔Á╔ÁstyleMapInterpolate1, 
╔Á╔ÁstyleMapInterpolate2, ╔Á╔ÁstyleMapInterpolate3, ╔Á╔ÁstyleMapInterpolate4, ╔Á╔ÁstyleMapInterpolate5, 
╔Á╔ÁstyleMapInterpolate6, ╔Á╔ÁstyleMapInterpolate7, ╔Á╔ÁstyleMapInterpolate8, ╔Á╔ÁstyleMapInterpolateV, ╔Á╔ÁstyleProp, 
╔Á╔ÁstylePropInterpolate1, ╔Á╔ÁstylePropInterpolate2, ╔Á╔ÁstylePropInterpolate3, ╔Á╔ÁstylePropInterpolate4, 
╔Á╔ÁstylePropInterpolate5, ╔Á╔ÁstylePropInterpolate6, ╔Á╔ÁstylePropInterpolate7, ╔Á╔ÁstylePropInterpolate8, 
╔Á╔ÁstylePropInterpolateV, ╔Á╔ÁsyntheticHostListener, ╔Á╔ÁsyntheticHostProperty, ╔Á╔Átemplate, 
╔Á╔ÁtemplateRefExtractor, ╔Á╔Átext, ╔Á╔ÁtextInterpolate, ╔Á╔ÁtextInterpolate1, ╔Á╔ÁtextInterpolate2, 
╔Á╔ÁtextInterpolate3, ╔Á╔ÁtextInterpolate4, ╔Á╔ÁtextInterpolate5, ╔Á╔ÁtextInterpolate6, ╔Á╔ÁtextInterpolate7, 
╔Á╔ÁtextInterpolate8, ╔Á╔ÁtextInterpolateV, ╔Á╔ÁtrustConstantHtml, ╔Á╔ÁtrustConstantResourceUrl, ╔Á╔ÁtwoWayBindingSet, 
╔Á╔ÁtwoWayListener, ╔Á╔ÁtwoWayProperty, ╔Á╔ÁvalidateIframeAttribute, ╔Á╔ÁviewQuery, ╔Á╔ÁviewQuerySignal)

../node_modules/@angular/material/fesm2022/button-toggle.mjs:566:19-61 - Error: export '╔Á╔ÁInputFlags' (imported as 
'i0') was not found in '@angular/core' (possible exports: ANIMATION_MODULE_TYPE, APP_BOOTSTRAP_LISTENER, APP_ID, 
APP_INITIALIZER, AfterRenderPhase, ApplicationInitStatus, ApplicationModule, ApplicationRef, Attribute, 
COMPILER_OPTIONS, CSP_NONCE, CUSTOM_ELEMENTS_SCHEMA, ChangeDetectionStrategy, ChangeDetectorRef, Compiler, 
CompilerFactory, Component, ComponentFactory, ComponentFactoryResolver, ComponentRef, ContentChild, ContentChildren, 
DEFAULT_CURRENCY_CODE, DebugElement, DebugEventListener, DebugNode, DefaultIterableDiffer, DestroyRef, Directive, 
ENVIRONMENT_INITIALIZER, ElementRef, EmbeddedViewRef, EnvironmentInjector, ErrorHandler, EventEmitter, 
ExperimentalPendingTasks, HOST_TAG_NAME, Host, HostAttributeToken, HostBinding, HostListener, INJECTOR, Inject, 
InjectFlags, Injectable, InjectionToken, Injector, Input, IterableDiffers, KeyValueDiffers, LOCALE_ID, 
MissingTranslationStrategy, ModuleWithComponentFactories, NO_ERRORS_SCHEMA, NgModule, NgModuleFactory, NgModuleRef, 
NgProbeToken, NgZone, Optional, Output, OutputEmitterRef, PACKAGE_ROOT_URL, PLATFORM_ID, PLATFORM_INITIALIZER, Pipe, 
PlatformRef, Query, QueryList, Renderer2, RendererFactory2, RendererStyleFlags2, Sanitizer, SecurityContext, Self, 
SimpleChange, SkipSelf, TRANSLATIONS, TRANSLATIONS_FORMAT, TemplateRef, Testability, TestabilityRegistry, 
TransferState, Type, VERSION, Version, ViewChild, ViewChildren, ViewContainerRef, ViewEncapsulation, ViewRef, 
afterNextRender, afterRender, asNativeElements, assertInInjectionContext, assertNotInReactiveContext, assertPlatform, 
booleanAttribute, computed, contentChild, contentChildren, createComponent, createEnvironmentInjector, createNgModule, 
createNgModuleRef, createPlatform, createPlatformFactory, defineInjectable, destroyPlatform, effect, enableProdMode, 
forwardRef, getDebugNode, getModuleFactory, getNgModuleById, getPlatform, importProvidersFrom, inject, input, 
isDevMode, isSignal, isStandalone, makeEnvironmentProviders, makeStateKey, mergeApplicationConfig, model, 
numberAttribute, output, platformCore, provideExperimentalCheckNoChangesForDebug, 
provideExperimentalZonelessChangeDetection, provideZoneChangeDetection, reflectComponentType, resolveForwardRef, 
runInInjectionContext, setTestabilityGetter, signal, untracked, viewChild, viewChildren, ╔ÁALLOW_MULTIPLE_PLATFORMS, 
╔ÁAfterRenderManager, ╔ÁCONTAINER_HEADER_OFFSET, ╔ÁChangeDetectionScheduler, ╔ÁChangeDetectionSchedulerImpl, 
╔ÁComponentFactory, ╔ÁConsole, ╔ÁDEFAULT_LOCALE_ID, ╔ÁDEFER_BLOCK_CONFIG, ╔ÁDEFER_BLOCK_DEPENDENCY_INTERCEPTOR, 
╔ÁDeferBlockBehavior, ╔ÁDeferBlockState, ╔ÁEffectScheduler, ╔ÁIMAGE_CONFIG, ╔ÁIMAGE_CONFIG_DEFAULTS, ╔ÁINJECTOR_SCOPE, 
╔ÁINPUT_SIGNAL_BRAND_WRITE_TYPE, ╔ÁINTERNAL_APPLICATION_ERROR_HANDLER, ╔ÁIS_HYDRATION_DOM_REUSE_ENABLED, 
╔ÁJSACTION_EVENT_CONTRACT, ╔ÁLContext, ╔ÁLifecycleHooksFeature, ╔ÁLocaleDataIndex, ╔ÁNG_COMP_DEF, ╔ÁNG_DIR_DEF, 
╔ÁNG_ELEMENT_ID, ╔ÁNG_INJ_DEF, ╔ÁNG_MOD_DEF, ╔ÁNG_PIPE_DEF, ╔ÁNG_PROV_DEF, ╔ÁNOT_FOUND_CHECK_ONLY_ELEMENT_INJECTOR, 
╔ÁNO_CHANGE, ╔ÁNgModuleFactory, ╔ÁNoopNgZone, ╔ÁPROVIDED_NG_ZONE, ╔ÁPendingTasks, ╔ÁReflectionCapabilities, 
╔ÁRender3ComponentFactory, ╔ÁRender3ComponentRef, ╔ÁRender3NgModuleRef, ╔ÁRuntimeError, ╔ÁSIGNAL, 
╔ÁSSR_CONTENT_INTEGRITY_MARKER, ╔ÁTESTABILITY, ╔ÁTESTABILITY_GETTER, ╔ÁUSE_RUNTIME_DEPS_TRACKER_FOR_JIT, ╔ÁViewRef, 
╔ÁXSS_SECURITY_URL, ╔ÁZONELESS_ENABLED, ╔Á_sanitizeHtml, ╔Á_sanitizeUrl, ╔ÁallowSanitizationBypassAndThrow, 
╔ÁannotateForHydration, ╔ÁbypassSanitizationTrustHtml, ╔ÁbypassSanitizationTrustResourceUrl, 
╔ÁbypassSanitizationTrustScript, ╔ÁbypassSanitizationTrustStyle, ╔ÁbypassSanitizationTrustUrl, 
╔ÁclearResolutionOfComponentResourcesQueue, ╔ÁcompileComponent, ╔ÁcompileDirective, ╔ÁcompileNgModule, 
╔ÁcompileNgModuleDefs, ╔ÁcompileNgModuleFactory, ╔ÁcompilePipe, ╔ÁconvertToBitFlags, ╔ÁcreateInjector, 
╔ÁdefaultIterableDiffers, ╔ÁdefaultKeyValueDiffers, ╔ÁdepsTracker, ╔ÁdetectChangesInViewIfRequired, ╔ÁdevModeEqual, 
╔ÁfindLocaleData, ╔ÁflushModuleScopingQueueAsMuchAsPossible, ╔ÁformatRuntimeError, 
╔ÁgenerateStandaloneInDeclarationsError, ╔ÁgetAsyncClassMetadataFn, ╔ÁgetDebugNode, ╔ÁgetDeferBlocks, ╔ÁgetDirectives, 
╔ÁgetHostElement, ╔ÁgetInjectableDef, ╔ÁgetLContext, ╔ÁgetLocaleCurrencyCode, ╔ÁgetLocalePluralCase, 
╔ÁgetOutputDestroyRef, ╔ÁgetSanitizationBypassType, ╔ÁgetUnknownElementStrictMode, ╔ÁgetUnknownPropertyStrictMode, 
╔Áglobal, ╔ÁinjectChangeDetectorRef, ╔ÁinternalCreateApplication, ╔ÁinternalProvideZoneChangeDetection, 
╔ÁisBoundToModule, ╔ÁisComponentDefPendingResolution, ╔ÁisEnvironmentProviders, ╔ÁisInjectable, ╔ÁisNgModule, 
╔ÁisPromise, ╔ÁisSubscribable, ╔ÁnoSideEffects, ╔ÁpatchComponentDefWithScope, ╔ÁperformanceMarkFeature, 
╔ÁreadHydrationInfo, ╔ÁregisterLocaleData, ╔ÁrenderDeferBlockState, ╔ÁresetCompiledComponents, ╔ÁresetJitOptions, 
╔ÁresolveComponentResources, ╔ÁrestoreComponentResolutionQueue, ╔ÁsetAllowDuplicateNgModuleIdsForTest, 
╔ÁsetAlternateWeakRefImpl, ╔ÁsetClassDebugInfo, ╔ÁsetClassMetadata, ╔ÁsetClassMetadataAsync, ╔ÁsetCurrentInjector, 
╔ÁsetDocument, ╔ÁsetInjectorProfilerContext, ╔ÁsetLocaleId, ╔ÁsetUnknownElementStrictMode, 
╔ÁsetUnknownPropertyStrictMode, ╔Ástore, ╔Ástringify, ╔ÁtransitiveScopesFor, ╔ÁtriggerResourceLoading, 
╔ÁtruncateMiddle, ╔ÁunregisterLocaleData, ╔ÁunwrapSafeValue, ╔ÁunwrapWritableSignal, ╔ÁwhenStable, ╔ÁwithDomHydration, 
╔ÁwithEventReplay, ╔ÁwithI18nSupport, ╔Á╔ÁCopyDefinitionFeature, ╔Á╔ÁFactoryTarget, ╔Á╔ÁHostDirectivesFeature, 
╔Á╔ÁInheritDefinitionFeature, ╔Á╔ÁInputTransformsFeature, ╔Á╔ÁNgOnChangesFeature, ╔Á╔ÁProvidersFeature, 
╔Á╔ÁStandaloneFeature, ╔Á╔Áadvance, ╔Á╔Áattribute, ╔Á╔ÁattributeInterpolate1, ╔Á╔ÁattributeInterpolate2, 
╔Á╔ÁattributeInterpolate3, ╔Á╔ÁattributeInterpolate4, ╔Á╔ÁattributeInterpolate5, ╔Á╔ÁattributeInterpolate6, 
╔Á╔ÁattributeInterpolate7, ╔Á╔ÁattributeInterpolate8, ╔Á╔ÁattributeInterpolateV, ╔Á╔ÁclassMap, 
╔Á╔ÁclassMapInterpolate1, ╔Á╔ÁclassMapInterpolate2, ╔Á╔ÁclassMapInterpolate3, ╔Á╔ÁclassMapInterpolate4, 
╔Á╔ÁclassMapInterpolate5, ╔Á╔ÁclassMapInterpolate6, ╔Á╔ÁclassMapInterpolate7, ╔Á╔ÁclassMapInterpolate8, 
╔Á╔ÁclassMapInterpolateV, ╔Á╔ÁclassProp, ╔Á╔ÁcomponentInstance, ╔Á╔Áconditional, ╔Á╔ÁcontentQuery, 
╔Á╔ÁcontentQuerySignal, ╔Á╔ÁdeclareLet, ╔Á╔Ádefer, ╔Á╔ÁdeferEnableTimerScheduling, ╔Á╔ÁdeferOnHover, ╔Á╔ÁdeferOnIdle, 
╔Á╔ÁdeferOnImmediate, ╔Á╔ÁdeferOnInteraction, ╔Á╔ÁdeferOnTimer, ╔Á╔ÁdeferOnViewport, ╔Á╔ÁdeferPrefetchOnHover, 
╔Á╔ÁdeferPrefetchOnIdle, ╔Á╔ÁdeferPrefetchOnImmediate, ╔Á╔ÁdeferPrefetchOnInteraction, ╔Á╔ÁdeferPrefetchOnTimer, 
╔Á╔ÁdeferPrefetchOnViewport, ╔Á╔ÁdeferPrefetchWhen, ╔Á╔ÁdeferWhen, ╔Á╔ÁdefineComponent, ╔Á╔ÁdefineDirective, 
╔Á╔ÁdefineInjectable, ╔Á╔ÁdefineInjector, ╔Á╔ÁdefineNgModule, ╔Á╔ÁdefinePipe, ╔Á╔ÁdirectiveInject, 
╔Á╔ÁdisableBindings, ╔Á╔Áelement, ╔Á╔ÁelementContainer, ╔Á╔ÁelementContainerEnd, ╔Á╔ÁelementContainerStart, 
╔Á╔ÁelementEnd, ╔Á╔ÁelementStart, ╔Á╔ÁenableBindings, ╔Á╔ÁgetComponentDepsFactory, ╔Á╔ÁgetCurrentView, 
╔Á╔ÁgetInheritedFactory, ╔Á╔ÁhostProperty, ╔Á╔Ái18n, ╔Á╔Ái18nApply, ╔Á╔Ái18nAttributes, ╔Á╔Ái18nEnd, ╔Á╔Ái18nExp, 
╔Á╔Ái18nPostprocess, ╔Á╔Ái18nStart, ╔Á╔Áinject, ╔Á╔ÁinjectAttribute, ╔Á╔ÁinvalidFactory, ╔Á╔ÁinvalidFactoryDep, 
╔Á╔Álistener, ╔Á╔ÁloadQuery, ╔Á╔ÁnamespaceHTML, ╔Á╔ÁnamespaceMathML, ╔Á╔ÁnamespaceSVG, ╔Á╔ÁnextContext, 
╔Á╔ÁngDeclareClassMetadata, ╔Á╔ÁngDeclareClassMetadataAsync, ╔Á╔ÁngDeclareComponent, ╔Á╔ÁngDeclareDirective, 
╔Á╔ÁngDeclareFactory, ╔Á╔ÁngDeclareInjectable, ╔Á╔ÁngDeclareInjector, ╔Á╔ÁngDeclareNgModule, ╔Á╔ÁngDeclarePipe, 
╔Á╔Ápipe, ╔Á╔ÁpipeBind1, ╔Á╔ÁpipeBind2, ╔Á╔ÁpipeBind3, ╔Á╔ÁpipeBind4, ╔Á╔ÁpipeBindV, ╔Á╔Áprojection, 
╔Á╔ÁprojectionDef, ╔Á╔Áproperty, ╔Á╔ÁpropertyInterpolate, ╔Á╔ÁpropertyInterpolate1, ╔Á╔ÁpropertyInterpolate2, 
╔Á╔ÁpropertyInterpolate3, ╔Á╔ÁpropertyInterpolate4, ╔Á╔ÁpropertyInterpolate5, ╔Á╔ÁpropertyInterpolate6, 
╔Á╔ÁpropertyInterpolate7, ╔Á╔ÁpropertyInterpolate8, ╔Á╔ÁpropertyInterpolateV, ╔Á╔ÁpureFunction0, ╔Á╔ÁpureFunction1, 
╔Á╔ÁpureFunction2, ╔Á╔ÁpureFunction3, ╔Á╔ÁpureFunction4, ╔Á╔ÁpureFunction5, ╔Á╔ÁpureFunction6, ╔Á╔ÁpureFunction7, 
╔Á╔ÁpureFunction8, ╔Á╔ÁpureFunctionV, ╔Á╔ÁqueryAdvance, ╔Á╔ÁqueryRefresh, ╔Á╔ÁreadContextLet, ╔Á╔Áreference, 
╔Á╔ÁregisterNgModuleType, ╔Á╔Árepeater, ╔Á╔ÁrepeaterCreate, ╔Á╔ÁrepeaterTrackByIdentity, ╔Á╔ÁrepeaterTrackByIndex, 
╔Á╔ÁresetView, ╔Á╔ÁresolveBody, ╔Á╔ÁresolveDocument, ╔Á╔ÁresolveWindow, ╔Á╔ÁrestoreView, ╔Á╔ÁsanitizeHtml, 
╔Á╔ÁsanitizeResourceUrl, ╔Á╔ÁsanitizeScript, ╔Á╔ÁsanitizeStyle, ╔Á╔ÁsanitizeUrl, ╔Á╔ÁsanitizeUrlOrResourceUrl, 
╔Á╔ÁsetComponentScope, ╔Á╔ÁsetNgModuleScope, ╔Á╔ÁstoreLet, ╔Á╔ÁstyleMap, ╔Á╔ÁstyleMapInterpolate1, 
╔Á╔ÁstyleMapInterpolate2, ╔Á╔ÁstyleMapInterpolate3, ╔Á╔ÁstyleMapInterpolate4, ╔Á╔ÁstyleMapInterpolate5, 
╔Á╔ÁstyleMapInterpolate6, ╔Á╔ÁstyleMapInterpolate7, ╔Á╔ÁstyleMapInterpolate8, ╔Á╔ÁstyleMapInterpolateV, ╔Á╔ÁstyleProp, 
╔Á╔ÁstylePropInterpolate1, ╔Á╔ÁstylePropInterpolate2, ╔Á╔ÁstylePropInterpolate3, ╔Á╔ÁstylePropInterpolate4, 
╔Á╔ÁstylePropInterpolate5, ╔Á╔ÁstylePropInterpolate6, ╔Á╔ÁstylePropInterpolate7, ╔Á╔ÁstylePropInterpolate8, 
╔Á╔ÁstylePropInterpolateV, ╔Á╔ÁsyntheticHostListener, ╔Á╔ÁsyntheticHostProperty, ╔Á╔Átemplate, 
╔Á╔ÁtemplateRefExtractor, ╔Á╔Átext, ╔Á╔ÁtextInterpolate, ╔Á╔ÁtextInterpolate1, ╔Á╔ÁtextInterpolate2, 
╔Á╔ÁtextInterpolate3, ╔Á╔ÁtextInterpolate4, ╔Á╔ÁtextInterpolate5, ╔Á╔ÁtextInterpolate6, ╔Á╔ÁtextInterpolate7, 
╔Á╔ÁtextInterpolate8, ╔Á╔ÁtextInterpolateV, ╔Á╔ÁtrustConstantHtml, ╔Á╔ÁtrustConstantResourceUrl, ╔Á╔ÁtwoWayBindingSet, 
╔Á╔ÁtwoWayListener, ╔Á╔ÁtwoWayProperty, ╔Á╔ÁvalidateIframeAttribute, ╔Á╔ÁviewQuery, ╔Á╔ÁviewQuerySignal)

../node_modules/@angular/material/fesm2022/button.mjs:160:24-66 - Error: export '╔Á╔ÁInputFlags' (imported as 'i0') 
was not found in '@angular/core' (possible exports: ANIMATION_MODULE_TYPE, APP_BOOTSTRAP_LISTENER, APP_ID, 
APP_INITIALIZER, AfterRenderPhase, ApplicationInitStatus, ApplicationModule, ApplicationRef, Attribute, 
COMPILER_OPTIONS, CSP_NONCE, CUSTOM_ELEMENTS_SCHEMA, ChangeDetectionStrategy, ChangeDetectorRef, Compiler, 
CompilerFactory, Component, ComponentFactory, ComponentFactoryResolver, ComponentRef, ContentChild, ContentChildren, 
DEFAULT_CURRENCY_CODE, DebugElement, DebugEventListener, DebugNode, DefaultIterableDiffer, DestroyRef, Directive, 
ENVIRONMENT_INITIALIZER, ElementRef, EmbeddedViewRef, EnvironmentInjector, ErrorHandler, EventEmitter, 
ExperimentalPendingTasks, HOST_TAG_NAME, Host, HostAttributeToken, HostBinding, HostListener, INJECTOR, Inject, 
InjectFlags, Injectable, InjectionToken, Injector, Input, IterableDiffers, KeyValueDiffers, LOCALE_ID, 
MissingTranslationStrategy, ModuleWithComponentFactories, NO_ERRORS_SCHEMA, NgModule, NgModuleFactory, NgModuleRef, 
NgProbeToken, NgZone, Optional, Output, OutputEmitterRef, PACKAGE_ROOT_URL, PLATFORM_ID, PLATFORM_INITIALIZER, Pipe, 
PlatformRef, Query, QueryList, Renderer2, RendererFactory2, RendererStyleFlags2, Sanitizer, SecurityContext, Self, 
SimpleChange, SkipSelf, TRANSLATIONS, TRANSLATIONS_FORMAT, TemplateRef, Testability, TestabilityRegistry, 
TransferState, Type, VERSION, Version, ViewChild, ViewChildren, ViewContainerRef, ViewEncapsulation, ViewRef, 
afterNextRender, afterRender, asNativeElements, assertInInjectionContext, assertNotInReactiveContext, assertPlatform, 
booleanAttribute, computed, contentChild, contentChildren, createComponent, createEnvironmentInjector, createNgModule, 
createNgModuleRef, createPlatform, createPlatformFactory, defineInjectable, destroyPlatform, effect, enableProdMode, 
forwardRef, getDebugNode, getModuleFactory, getNgModuleById, getPlatform, importProvidersFrom, inject, input, 
isDevMode, isSignal, isStandalone, makeEnvironmentProviders, makeStateKey, mergeApplicationConfig, model, 
numberAttribute, output, platformCore, provideExperimentalCheckNoChangesForDebug, 
provideExperimentalZonelessChangeDetection, provideZoneChangeDetection, reflectComponentType, resolveForwardRef, 
runInInjectionContext, setTestabilityGetter, signal, untracked, viewChild, viewChildren, ╔ÁALLOW_MULTIPLE_PLATFORMS, 
╔ÁAfterRenderManager, ╔ÁCONTAINER_HEADER_OFFSET, ╔ÁChangeDetectionScheduler, ╔ÁChangeDetectionSchedulerImpl, 
╔ÁComponentFactory, ╔ÁConsole, ╔ÁDEFAULT_LOCALE_ID, ╔ÁDEFER_BLOCK_CONFIG, ╔ÁDEFER_BLOCK_DEPENDENCY_INTERCEPTOR, 
╔ÁDeferBlockBehavior, ╔ÁDeferBlockState, ╔ÁEffectScheduler, ╔ÁIMAGE_CONFIG, ╔ÁIMAGE_CONFIG_DEFAULTS, ╔ÁINJECTOR_SCOPE, 
╔ÁINPUT_SIGNAL_BRAND_WRITE_TYPE, ╔ÁINTERNAL_APPLICATION_ERROR_HANDLER, ╔ÁIS_HYDRATION_DOM_REUSE_ENABLED, 
╔ÁJSACTION_EVENT_CONTRACT, ╔ÁLContext, ╔ÁLifecycleHooksFeature, ╔ÁLocaleDataIndex, ╔ÁNG_COMP_DEF, ╔ÁNG_DIR_DEF, 
╔ÁNG_ELEMENT_ID, ╔ÁNG_INJ_DEF, ╔ÁNG_MOD_DEF, ╔ÁNG_PIPE_DEF, ╔ÁNG_PROV_DEF, ╔ÁNOT_FOUND_CHECK_ONLY_ELEMENT_INJECTOR, 
╔ÁNO_CHANGE, ╔ÁNgModuleFactory, ╔ÁNoopNgZone, ╔ÁPROVIDED_NG_ZONE, ╔ÁPendingTasks, ╔ÁReflectionCapabilities, 
╔ÁRender3ComponentFactory, ╔ÁRender3ComponentRef, ╔ÁRender3NgModuleRef, ╔ÁRuntimeError, ╔ÁSIGNAL, 
╔ÁSSR_CONTENT_INTEGRITY_MARKER, ╔ÁTESTABILITY, ╔ÁTESTABILITY_GETTER, ╔ÁUSE_RUNTIME_DEPS_TRACKER_FOR_JIT, ╔ÁViewRef, 
╔ÁXSS_SECURITY_URL, ╔ÁZONELESS_ENABLED, ╔Á_sanitizeHtml, ╔Á_sanitizeUrl, ╔ÁallowSanitizationBypassAndThrow, 
╔ÁannotateForHydration, ╔ÁbypassSanitizationTrustHtml, ╔ÁbypassSanitizationTrustResourceUrl, 
╔ÁbypassSanitizationTrustScript, ╔ÁbypassSanitizationTrustStyle, ╔ÁbypassSanitizationTrustUrl, 
╔ÁclearResolutionOfComponentResourcesQueue, ╔ÁcompileComponent, ╔ÁcompileDirective, ╔ÁcompileNgModule, 
╔ÁcompileNgModuleDefs, ╔ÁcompileNgModuleFactory, ╔ÁcompilePipe, ╔ÁconvertToBitFlags, ╔ÁcreateInjector, 
╔ÁdefaultIterableDiffers, ╔ÁdefaultKeyValueDiffers, ╔ÁdepsTracker, ╔ÁdetectChangesInViewIfRequired, ╔ÁdevModeEqual, 
╔ÁfindLocaleData, ╔ÁflushModuleScopingQueueAsMuchAsPossible, ╔ÁformatRuntimeError, 
╔ÁgenerateStandaloneInDeclarationsError, ╔ÁgetAsyncClassMetadataFn, ╔ÁgetDebugNode, ╔ÁgetDeferBlocks, ╔ÁgetDirectives, 
╔ÁgetHostElement, ╔ÁgetInjectableDef, ╔ÁgetLContext, ╔ÁgetLocaleCurrencyCode, ╔ÁgetLocalePluralCase, 
╔ÁgetOutputDestroyRef, ╔ÁgetSanitizationBypassType, ╔ÁgetUnknownElementStrictMode, ╔ÁgetUnknownPropertyStrictMode, 
╔Áglobal, ╔ÁinjectChangeDetectorRef, ╔ÁinternalCreateApplication, ╔ÁinternalProvideZoneChangeDetection, 
╔ÁisBoundToModule, ╔ÁisComponentDefPendingResolution, ╔ÁisEnvironmentProviders, ╔ÁisInjectable, ╔ÁisNgModule, 
╔ÁisPromise, ╔ÁisSubscribable, ╔ÁnoSideEffects, ╔ÁpatchComponentDefWithScope, ╔ÁperformanceMarkFeature, 
╔ÁreadHydrationInfo, ╔ÁregisterLocaleData, ╔ÁrenderDeferBlockState, ╔ÁresetCompiledComponents, ╔ÁresetJitOptions, 
╔ÁresolveComponentResources, ╔ÁrestoreComponentResolutionQueue, ╔ÁsetAllowDuplicateNgModuleIdsForTest, 
╔ÁsetAlternateWeakRefImpl, ╔ÁsetClassDebugInfo, ╔ÁsetClassMetadata, ╔ÁsetClassMetadataAsync, ╔ÁsetCurrentInjector, 
╔ÁsetDocument, ╔ÁsetInjectorProfilerContext, ╔ÁsetLocaleId, ╔ÁsetUnknownElementStrictMode, 
╔ÁsetUnknownPropertyStrictMode, ╔Ástore, ╔Ástringify, ╔ÁtransitiveScopesFor, ╔ÁtriggerResourceLoading, 
╔ÁtruncateMiddle, ╔ÁunregisterLocaleData, ╔ÁunwrapSafeValue, ╔ÁunwrapWritableSignal, ╔ÁwhenStable, ╔ÁwithDomHydration, 
╔ÁwithEventReplay, ╔ÁwithI18nSupport, ╔Á╔ÁCopyDefinitionFeature, ╔Á╔ÁFactoryTarget, ╔Á╔ÁHostDirectivesFeature, 
╔Á╔ÁInheritDefinitionFeature, ╔Á╔ÁInputTransformsFeature, ╔Á╔ÁNgOnChangesFeature, ╔Á╔ÁProvidersFeature, 
╔Á╔ÁStandaloneFeature, ╔Á╔Áadvance, ╔Á╔Áattribute, ╔Á╔ÁattributeInterpolate1, ╔Á╔ÁattributeInterpolate2, 
╔Á╔ÁattributeInterpolate3, ╔Á╔ÁattributeInterpolate4, ╔Á╔ÁattributeInterpolate5, ╔Á╔ÁattributeInterpolate6, 
╔Á╔ÁattributeInterpolate7, ╔Á╔ÁattributeInterpolate8, ╔Á╔ÁattributeInterpolateV, ╔Á╔ÁclassMap, 
╔Á╔ÁclassMapInterpolate1, ╔Á╔ÁclassMapInterpolate2, ╔Á╔ÁclassMapInterpolate3, ╔Á╔ÁclassMapInterpolate4, 
╔Á╔ÁclassMapInterpolate5, ╔Á╔ÁclassMapInterpolate6, ╔Á╔ÁclassMapInterpolate7, ╔Á╔ÁclassMapInterpolate8, 
╔Á╔ÁclassMapInterpolateV, ╔Á╔ÁclassProp, ╔Á╔ÁcomponentInstance, ╔Á╔Áconditional, ╔Á╔ÁcontentQuery, 
╔Á╔ÁcontentQuerySignal, ╔Á╔ÁdeclareLet, ╔Á╔Ádefer, ╔Á╔ÁdeferEnableTimerScheduling, ╔Á╔ÁdeferOnHover, ╔Á╔ÁdeferOnIdle, 
╔Á╔ÁdeferOnImmediate, ╔Á╔ÁdeferOnInteraction, ╔Á╔ÁdeferOnTimer, ╔Á╔ÁdeferOnViewport, ╔Á╔ÁdeferPrefetchOnHover, 
╔Á╔ÁdeferPrefetchOnIdle, ╔Á╔ÁdeferPrefetchOnImmediate, ╔Á╔ÁdeferPrefetchOnInteraction, ╔Á╔ÁdeferPrefetchOnTimer, 
╔Á╔ÁdeferPrefetchOnViewport, ╔Á╔ÁdeferPrefetchWhen, ╔Á╔ÁdeferWhen, ╔Á╔ÁdefineComponent, ╔Á╔ÁdefineDirective, 
╔Á╔ÁdefineInjectable, ╔Á╔ÁdefineInjector, ╔Á╔ÁdefineNgModule, ╔Á╔ÁdefinePipe, ╔Á╔ÁdirectiveInject, 
╔Á╔ÁdisableBindings, ╔Á╔Áelement, ╔Á╔ÁelementContainer, ╔Á╔ÁelementContainerEnd, ╔Á╔ÁelementContainerStart, 
╔Á╔ÁelementEnd, ╔Á╔ÁelementStart, ╔Á╔ÁenableBindings, ╔Á╔ÁgetComponentDepsFactory, ╔Á╔ÁgetCurrentView, 
╔Á╔ÁgetInheritedFactory, ╔Á╔ÁhostProperty, ╔Á╔Ái18n, ╔Á╔Ái18nApply, ╔Á╔Ái18nAttributes, ╔Á╔Ái18nEnd, ╔Á╔Ái18nExp, 
╔Á╔Ái18nPostprocess, ╔Á╔Ái18nStart, ╔Á╔Áinject, ╔Á╔ÁinjectAttribute, ╔Á╔ÁinvalidFactory, ╔Á╔ÁinvalidFactoryDep, 
╔Á╔Álistener, ╔Á╔ÁloadQuery, ╔Á╔ÁnamespaceHTML, ╔Á╔ÁnamespaceMathML, ╔Á╔ÁnamespaceSVG, ╔Á╔ÁnextContext, 
╔Á╔ÁngDeclareClassMetadata, ╔Á╔ÁngDeclareClassMetadataAsync, ╔Á╔ÁngDeclareComponent, ╔Á╔ÁngDeclareDirective, 
╔Á╔ÁngDeclareFactory, ╔Á╔ÁngDeclareInjectable, ╔Á╔ÁngDeclareInjector, ╔Á╔ÁngDeclareNgModule, ╔Á╔ÁngDeclarePipe, 
╔Á╔Ápipe, ╔Á╔ÁpipeBind1, ╔Á╔ÁpipeBind2, ╔Á╔ÁpipeBind3, ╔Á╔ÁpipeBind4, ╔Á╔ÁpipeBindV, ╔Á╔Áprojection, 
╔Á╔ÁprojectionDef, ╔Á╔Áproperty, ╔Á╔ÁpropertyInterpolate, ╔Á╔ÁpropertyInterpolate1, ╔Á╔ÁpropertyInterpolate2, 
╔Á╔ÁpropertyInterpolate3, ╔Á╔ÁpropertyInterpolate4, ╔Á╔ÁpropertyInterpolate5, ╔Á╔ÁpropertyInterpolate6, 
╔Á╔ÁpropertyInterpolate7, ╔Á╔ÁpropertyInterpolate8, ╔Á╔ÁpropertyInterpolateV, ╔Á╔ÁpureFunction0, ╔Á╔ÁpureFunction1, 
╔Á╔ÁpureFunction2, ╔Á╔ÁpureFunction3, ╔Á╔ÁpureFunction4, ╔Á╔ÁpureFunction5, ╔Á╔ÁpureFunction6, ╔Á╔ÁpureFunction7, 
╔Á╔ÁpureFunction8, ╔Á╔ÁpureFunctionV, ╔Á╔ÁqueryAdvance, ╔Á╔ÁqueryRefresh, ╔Á╔ÁreadContextLet, ╔Á╔Áreference, 
╔Á╔ÁregisterNgModuleType, ╔Á╔Árepeater, ╔Á╔ÁrepeaterCreate, ╔Á╔ÁrepeaterTrackByIdentity, ╔Á╔ÁrepeaterTrackByIndex, 
╔Á╔ÁresetView, ╔Á╔ÁresolveBody, ╔Á╔ÁresolveDocument, ╔Á╔ÁresolveWindow, ╔Á╔ÁrestoreView, ╔Á╔ÁsanitizeHtml, 
╔Á╔ÁsanitizeResourceUrl, ╔Á╔ÁsanitizeScript, ╔Á╔ÁsanitizeStyle, ╔Á╔ÁsanitizeUrl, ╔Á╔ÁsanitizeUrlOrResourceUrl, 
╔Á╔ÁsetComponentScope, ╔Á╔ÁsetNgModuleScope, ╔Á╔ÁstoreLet, ╔Á╔ÁstyleMap, ╔Á╔ÁstyleMapInterpolate1, 
╔Á╔ÁstyleMapInterpolate2, ╔Á╔ÁstyleMapInterpolate3, ╔Á╔ÁstyleMapInterpolate4, ╔Á╔ÁstyleMapInterpolate5, 
╔Á╔ÁstyleMapInterpolate6, ╔Á╔ÁstyleMapInterpolate7, ╔Á╔ÁstyleMapInterpolate8, ╔Á╔ÁstyleMapInterpolateV, ╔Á╔ÁstyleProp, 
╔Á╔ÁstylePropInterpolate1, ╔Á╔ÁstylePropInterpolate2, ╔Á╔ÁstylePropInterpolate3, ╔Á╔ÁstylePropInterpolate4, 
╔Á╔ÁstylePropInterpolate5, ╔Á╔ÁstylePropInterpolate6, ╔Á╔ÁstylePropInterpolate7, ╔Á╔ÁstylePropInterpolate8, 
╔Á╔ÁstylePropInterpolateV, ╔Á╔ÁsyntheticHostListener, ╔Á╔ÁsyntheticHostProperty, ╔Á╔Átemplate, 
╔Á╔ÁtemplateRefExtractor, ╔Á╔Átext, ╔Á╔ÁtextInterpolate, ╔Á╔ÁtextInterpolate1, ╔Á╔ÁtextInterpolate2, 
╔Á╔ÁtextInterpolate3, ╔Á╔ÁtextInterpolate4, ╔Á╔ÁtextInterpolate5, ╔Á╔ÁtextInterpolate6, ╔Á╔ÁtextInterpolate7, 
╔Á╔ÁtextInterpolate8, ╔Á╔ÁtextInterpolateV, ╔Á╔ÁtrustConstantHtml, ╔Á╔ÁtrustConstantResourceUrl, ╔Á╔ÁtwoWayBindingSet, 
╔Á╔ÁtwoWayListener, ╔Á╔ÁtwoWayProperty, ╔Á╔ÁvalidateIframeAttribute, ╔Á╔ÁviewQuery, ╔Á╔ÁviewQuerySignal)

../node_modules/@angular/material/fesm2022/button.mjs:161:19-61 - Error: export '╔Á╔ÁInputFlags' (imported as 'i0') 
was not found in '@angular/core' (possible exports: ANIMATION_MODULE_TYPE, APP_BOOTSTRAP_LISTENER, APP_ID, 
APP_INITIALIZER, AfterRenderPhase, ApplicationInitStatus, ApplicationModule, ApplicationRef, Attribute, 
COMPILER_OPTIONS, CSP_NONCE, CUSTOM_ELEMENTS_SCHEMA, ChangeDetectionStrategy, ChangeDetectorRef, Compiler, 
CompilerFactory, Component, ComponentFactory, ComponentFactoryResolver, ComponentRef, ContentChild, ContentChildren, 
DEFAULT_CURRENCY_CODE, DebugElement, DebugEventListener, DebugNode, DefaultIterableDiffer, DestroyRef, Directive, 
ENVIRONMENT_INITIALIZER, ElementRef, EmbeddedViewRef, EnvironmentInjector, ErrorHandler, EventEmitter, 
ExperimentalPendingTasks, HOST_TAG_NAME, Host, HostAttributeToken, HostBinding, HostListener, INJECTOR, Inject, 
InjectFlags, Injectable, InjectionToken, Injector, Input, IterableDiffers, KeyValueDiffers, LOCALE_ID, 
MissingTranslationStrategy, ModuleWithComponentFactories, NO_ERRORS_SCHEMA, NgModule, NgModuleFactory, NgModuleRef, 
NgProbeToken, NgZone, Optional, Output, OutputEmitterRef, PACKAGE_ROOT_URL, PLATFORM_ID, PLATFORM_INITIALIZER, Pipe, 
PlatformRef, Query, QueryList, Renderer2, RendererFactory2, RendererStyleFlags2, Sanitizer, SecurityContext, Self, 
SimpleChange, SkipSelf, TRANSLATIONS, TRANSLATIONS_FORMAT, TemplateRef, Testability, TestabilityRegistry, 
TransferState, Type, VERSION, Version, ViewChild, ViewChildren, ViewContainerRef, ViewEncapsulation, ViewRef, 
afterNextRender, afterRender, asNativeElements, assertInInjectionContext, assertNotInReactiveContext, assertPlatform, 
booleanAttribute, computed, contentChild, contentChildren, createComponent, createEnvironmentInjector, createNgModule, 
createNgModuleRef, createPlatform, createPlatformFactory, defineInjectable, destroyPlatform, effect, enableProdMode, 
forwardRef, getDebugNode, getModuleFactory, getNgModuleById, getPlatform, importProvidersFrom, inject, input, 
isDevMode, isSignal, isStandalone, makeEnvironmentProviders, makeStateKey, mergeApplicationConfig, model, 
numberAttribute, output, platformCore, provideExperimentalCheckNoChangesForDebug, 
provideExperimentalZonelessChangeDetection, provideZoneChangeDetection, reflectComponentType, resolveForwardRef, 
runInInjectionContext, setTestabilityGetter, signal, untracked, viewChild, viewChildren, ╔ÁALLOW_MULTIPLE_PLATFORMS, 
╔ÁAfterRenderManager, ╔ÁCONTAINER_HEADER_OFFSET, ╔ÁChangeDetectionScheduler, ╔ÁChangeDetectionSchedulerImpl, 
╔ÁComponentFactory, ╔ÁConsole, ╔ÁDEFAULT_LOCALE_ID, ╔ÁDEFER_BLOCK_CONFIG, ╔ÁDEFER_BLOCK_DEPENDENCY_INTERCEPTOR, 
╔ÁDeferBlockBehavior, ╔ÁDeferBlockState, ╔ÁEffectScheduler, ╔ÁIMAGE_CONFIG, ╔ÁIMAGE_CONFIG_DEFAULTS, ╔ÁINJECTOR_SCOPE, 
╔ÁINPUT_SIGNAL_BRAND_WRITE_TYPE, ╔ÁINTERNAL_APPLICATION_ERROR_HANDLER, ╔ÁIS_HYDRATION_DOM_REUSE_ENABLED, 
╔ÁJSACTION_EVENT_CONTRACT, ╔ÁLContext, ╔ÁLifecycleHooksFeature, ╔ÁLocaleDataIndex, ╔ÁNG_COMP_DEF, ╔ÁNG_DIR_DEF, 
╔ÁNG_ELEMENT_ID, ╔ÁNG_INJ_DEF, ╔ÁNG_MOD_DEF, ╔ÁNG_PIPE_DEF, ╔ÁNG_PROV_DEF, ╔ÁNOT_FOUND_CHECK_ONLY_ELEMENT_INJECTOR, 
╔ÁNO_CHANGE, ╔ÁNgModuleFactory, ╔ÁNoopNgZone, ╔ÁPROVIDED_NG_ZONE, ╔ÁPendingTasks, ╔ÁReflectionCapabilities, 
╔ÁRender3ComponentFactory, ╔ÁRender3ComponentRef, ╔ÁRender3NgModuleRef, ╔ÁRuntimeError, ╔ÁSIGNAL, 
╔ÁSSR_CONTENT_INTEGRITY_MARKER, ╔ÁTESTABILITY, ╔ÁTESTABILITY_GETTER, ╔ÁUSE_RUNTIME_DEPS_TRACKER_FOR_JIT, ╔ÁViewRef, 
╔ÁXSS_SECURITY_URL, ╔ÁZONELESS_ENABLED, ╔Á_sanitizeHtml, ╔Á_sanitizeUrl, ╔ÁallowSanitizationBypassAndThrow, 
╔ÁannotateForHydration, ╔ÁbypassSanitizationTrustHtml, ╔ÁbypassSanitizationTrustResourceUrl, 
╔ÁbypassSanitizationTrustScript, ╔ÁbypassSanitizationTrustStyle, ╔ÁbypassSanitizationTrustUrl, 
╔ÁclearResolutionOfComponentResourcesQueue, ╔ÁcompileComponent, ╔ÁcompileDirective, ╔ÁcompileNgModule, 
╔ÁcompileNgModuleDefs, ╔ÁcompileNgModuleFactory, ╔ÁcompilePipe, ╔ÁconvertToBitFlags, ╔ÁcreateInjector, 
╔ÁdefaultIterableDiffers, ╔ÁdefaultKeyValueDiffers, ╔ÁdepsTracker, ╔ÁdetectChangesInViewIfRequired, ╔ÁdevModeEqual, 
╔ÁfindLocaleData, ╔ÁflushModuleScopingQueueAsMuchAsPossible, ╔ÁformatRuntimeError, 
╔ÁgenerateStandaloneInDeclarationsError, ╔ÁgetAsyncClassMetadataFn, ╔ÁgetDebugNode, ╔ÁgetDeferBlocks, ╔ÁgetDirectives, 
╔ÁgetHostElement, ╔ÁgetInjectableDef, ╔ÁgetLContext, ╔ÁgetLocaleCurrencyCode, ╔ÁgetLocalePluralCase, 
╔ÁgetOutputDestroyRef, ╔ÁgetSanitizationBypassType, ╔ÁgetUnknownElementStrictMode, ╔ÁgetUnknownPropertyStrictMode, 
╔Áglobal, ╔ÁinjectChangeDetectorRef, ╔ÁinternalCreateApplication, ╔ÁinternalProvideZoneChangeDetection, 
╔ÁisBoundToModule, ╔ÁisComponentDefPendingResolution, ╔ÁisEnvironmentProviders, ╔ÁisInjectable, ╔ÁisNgModule, 
╔ÁisPromise, ╔ÁisSubscribable, ╔ÁnoSideEffects, ╔ÁpatchComponentDefWithScope, ╔ÁperformanceMarkFeature, 
╔ÁreadHydrationInfo, ╔ÁregisterLocaleData, ╔ÁrenderDeferBlockState, ╔ÁresetCompiledComponents, ╔ÁresetJitOptions, 
╔ÁresolveComponentResources, ╔ÁrestoreComponentResolutionQueue, ╔ÁsetAllowDuplicateNgModuleIdsForTest, 
╔ÁsetAlternateWeakRefImpl, ╔ÁsetClassDebugInfo, ╔ÁsetClassMetadata, ╔ÁsetClassMetadataAsync, ╔ÁsetCurrentInjector, 
╔ÁsetDocument, ╔ÁsetInjectorProfilerContext, ╔ÁsetLocaleId, ╔ÁsetUnknownElementStrictMode, 
╔ÁsetUnknownPropertyStrictMode, ╔Ástore, ╔Ástringify, ╔ÁtransitiveScopesFor, ╔ÁtriggerResourceLoading, 
╔ÁtruncateMiddle, ╔ÁunregisterLocaleData, ╔ÁunwrapSafeValue, ╔ÁunwrapWritableSignal, ╔ÁwhenStable, ╔ÁwithDomHydration, 
╔ÁwithEventReplay, ╔ÁwithI18nSupport, ╔Á╔ÁCopyDefinitionFeature, ╔Á╔ÁFactoryTarget, ╔Á╔ÁHostDirectivesFeature, 
╔Á╔ÁInheritDefinitionFeature, ╔Á╔ÁInputTransformsFeature, ╔Á╔ÁNgOnChangesFeature, ╔Á╔ÁProvidersFeature, 
╔Á╔ÁStandaloneFeature, ╔Á╔Áadvance, ╔Á╔Áattribute, ╔Á╔ÁattributeInterpolate1, ╔Á╔ÁattributeInterpolate2, 
╔Á╔ÁattributeInterpolate3, ╔Á╔ÁattributeInterpolate4, ╔Á╔ÁattributeInterpolate5, ╔Á╔ÁattributeInterpolate6, 
╔Á╔ÁattributeInterpolate7, ╔Á╔ÁattributeInterpolate8, ╔Á╔ÁattributeInterpolateV, ╔Á╔ÁclassMap, 
╔Á╔ÁclassMapInterpolate1, ╔Á╔ÁclassMapInterpolate2, ╔Á╔ÁclassMapInterpolate3, ╔Á╔ÁclassMapInterpolate4, 
╔Á╔ÁclassMapInterpolate5, ╔Á╔ÁclassMapInterpolate6, ╔Á╔ÁclassMapInterpolate7, ╔Á╔ÁclassMapInterpolate8, 
╔Á╔ÁclassMapInterpolateV, ╔Á╔ÁclassProp, ╔Á╔ÁcomponentInstance, ╔Á╔Áconditional, ╔Á╔ÁcontentQuery, 
╔Á╔ÁcontentQuerySignal, ╔Á╔ÁdeclareLet, ╔Á╔Ádefer, ╔Á╔ÁdeferEnableTimerScheduling, ╔Á╔ÁdeferOnHover, ╔Á╔ÁdeferOnIdle, 
╔Á╔ÁdeferOnImmediate, ╔Á╔ÁdeferOnInteraction, ╔Á╔ÁdeferOnTimer, ╔Á╔ÁdeferOnViewport, ╔Á╔ÁdeferPrefetchOnHover, 
╔Á╔ÁdeferPrefetchOnIdle, ╔Á╔ÁdeferPrefetchOnImmediate, ╔Á╔ÁdeferPrefetchOnInteraction, ╔Á╔ÁdeferPrefetchOnTimer, 
╔Á╔ÁdeferPrefetchOnViewport, ╔Á╔ÁdeferPrefetchWhen, ╔Á╔ÁdeferWhen, ╔Á╔ÁdefineComponent, ╔Á╔ÁdefineDirective, 
╔Á╔ÁdefineInjectable, ╔Á╔ÁdefineInjector, ╔Á╔ÁdefineNgModule, ╔Á╔ÁdefinePipe, ╔Á╔ÁdirectiveInject, 
╔Á╔ÁdisableBindings, ╔Á╔Áelement, ╔Á╔ÁelementContainer, ╔Á╔ÁelementContainerEnd, ╔Á╔ÁelementContainerStart, 
╔Á╔ÁelementEnd, ╔Á╔ÁelementStart, ╔Á╔ÁenableBindings, ╔Á╔ÁgetComponentDepsFactory, ╔Á╔ÁgetCurrentView, 
╔Á╔ÁgetInheritedFactory, ╔Á╔ÁhostProperty, ╔Á╔Ái18n, ╔Á╔Ái18nApply, ╔Á╔Ái18nAttributes, ╔Á╔Ái18nEnd, ╔Á╔Ái18nExp, 
╔Á╔Ái18nPostprocess, ╔Á╔Ái18nStart, ╔Á╔Áinject, ╔Á╔ÁinjectAttribute, ╔Á╔ÁinvalidFactory, ╔Á╔ÁinvalidFactoryDep, 
╔Á╔Álistener, ╔Á╔ÁloadQuery, ╔Á╔ÁnamespaceHTML, ╔Á╔ÁnamespaceMathML, ╔Á╔ÁnamespaceSVG, ╔Á╔ÁnextContext, 
╔Á╔ÁngDeclareClassMetadata, ╔Á╔ÁngDeclareClassMetadataAsync, ╔Á╔ÁngDeclareComponent, ╔Á╔ÁngDeclareDirective, 
╔Á╔ÁngDeclareFactory, ╔Á╔ÁngDeclareInjectable, ╔Á╔ÁngDeclareInjector, ╔Á╔ÁngDeclareNgModule, ╔Á╔ÁngDeclarePipe, 
╔Á╔Ápipe, ╔Á╔ÁpipeBind1, ╔Á╔ÁpipeBind2, ╔Á╔ÁpipeBind3, ╔Á╔ÁpipeBind4, ╔Á╔ÁpipeBindV, ╔Á╔Áprojection, 
╔Á╔ÁprojectionDef, ╔Á╔Áproperty, ╔Á╔ÁpropertyInterpolate, ╔Á╔ÁpropertyInterpolate1, ╔Á╔ÁpropertyInterpolate2, 
╔Á╔ÁpropertyInterpolate3, ╔Á╔ÁpropertyInterpolate4, ╔Á╔ÁpropertyInterpolate5, ╔Á╔ÁpropertyInterpolate6, 
╔Á╔ÁpropertyInterpolate7, ╔Á╔ÁpropertyInterpolate8, ╔Á╔ÁpropertyInterpolateV, ╔Á╔ÁpureFunction0, ╔Á╔ÁpureFunction1, 
╔Á╔ÁpureFunction2, ╔Á╔ÁpureFunction3, ╔Á╔ÁpureFunction4, ╔Á╔ÁpureFunction5, ╔Á╔ÁpureFunction6, ╔Á╔ÁpureFunction7, 
╔Á╔ÁpureFunction8, ╔Á╔ÁpureFunctionV, ╔Á╔ÁqueryAdvance, ╔Á╔ÁqueryRefresh, ╔Á╔ÁreadContextLet, ╔Á╔Áreference, 
╔Á╔ÁregisterNgModuleType, ╔Á╔Árepeater, ╔Á╔ÁrepeaterCreate, ╔Á╔ÁrepeaterTrackByIdentity, ╔Á╔ÁrepeaterTrackByIndex, 
╔Á╔ÁresetView, ╔Á╔ÁresolveBody, ╔Á╔ÁresolveDocument, ╔Á╔ÁresolveWindow, ╔Á╔ÁrestoreView, ╔Á╔ÁsanitizeHtml, 
╔Á╔ÁsanitizeResourceUrl, ╔Á╔ÁsanitizeScript, ╔Á╔ÁsanitizeStyle, ╔Á╔ÁsanitizeUrl, ╔Á╔ÁsanitizeUrlOrResourceUrl, 
╔Á╔ÁsetComponentScope, ╔Á╔ÁsetNgModuleScope, ╔Á╔ÁstoreLet, ╔Á╔ÁstyleMap, ╔Á╔ÁstyleMapInterpolate1, 
╔Á╔ÁstyleMapInterpolate2, ╔Á╔ÁstyleMapInterpolate3, ╔Á╔ÁstyleMapInterpolate4, ╔Á╔ÁstyleMapInterpolate5, 
╔Á╔ÁstyleMapInterpolate6, ╔Á╔ÁstyleMapInterpolate7, ╔Á╔ÁstyleMapInterpolate8, ╔Á╔ÁstyleMapInterpolateV, ╔Á╔ÁstyleProp, 
╔Á╔ÁstylePropInterpolate1, ╔Á╔ÁstylePropInterpolate2, ╔Á╔ÁstylePropInterpolate3, ╔Á╔ÁstylePropInterpolate4, 
╔Á╔ÁstylePropInterpolate5, ╔Á╔ÁstylePropInterpolate6, ╔Á╔ÁstylePropInterpolate7, ╔Á╔ÁstylePropInterpolate8, 
╔Á╔ÁstylePropInterpolateV, ╔Á╔ÁsyntheticHostListener, ╔Á╔ÁsyntheticHostProperty, ╔Á╔Átemplate, 
╔Á╔ÁtemplateRefExtractor, ╔Á╔Átext, ╔Á╔ÁtextInterpolate, ╔Á╔ÁtextInterpolate1, ╔Á╔ÁtextInterpolate2, 
╔Á╔ÁtextInterpolate3, ╔Á╔ÁtextInterpolate4, ╔Á╔ÁtextInterpolate5, ╔Á╔ÁtextInterpolate6, ╔Á╔ÁtextInterpolate7, 
╔Á╔ÁtextInterpolate8, ╔Á╔ÁtextInterpolateV, ╔Á╔ÁtrustConstantHtml, ╔Á╔ÁtrustConstantResourceUrl, ╔Á╔ÁtwoWayBindingSet, 
╔Á╔ÁtwoWayListener, ╔Á╔ÁtwoWayProperty, ╔Á╔ÁvalidateIframeAttribute, ╔Á╔ÁviewQuery, ╔Á╔ÁviewQuerySignal)

../node_modules/@angular/material/fesm2022/button.mjs:162:23-65 - Error: export '╔Á╔ÁInputFlags' (imported as 'i0') 
was not found in '@angular/core' (possible exports: ANIMATION_MODULE_TYPE, APP_BOOTSTRAP_LISTENER, APP_ID, 
APP_INITIALIZER, AfterRenderPhase, ApplicationInitStatus, ApplicationModule, ApplicationRef, Attribute, 
COMPILER_OPTIONS, CSP_NONCE, CUSTOM_ELEMENTS_SCHEMA, ChangeDetectionStrategy, ChangeDetectorRef, Compiler, 
CompilerFactory, Component, ComponentFactory, ComponentFactoryResolver, ComponentRef, ContentChild, ContentChildren, 
DEFAULT_CURRENCY_CODE, DebugElement, DebugEventListener, DebugNode, DefaultIterableDiffer, DestroyRef, Directive, 
ENVIRONMENT_INITIALIZER, ElementRef, EmbeddedViewRef, EnvironmentInjector, ErrorHandler, EventEmitter, 
ExperimentalPendingTasks, HOST_TAG_NAME, Host, HostAttributeToken, HostBinding, HostListener, INJECTOR, Inject, 
InjectFlags, Injectable, InjectionToken, Injector, Input, IterableDiffers, KeyValueDiffers, LOCALE_ID, 
MissingTranslationStrategy, ModuleWithComponentFactories, NO_ERRORS_SCHEMA, NgModule, NgModuleFactory, NgModuleRef, 
NgProbeToken, NgZone, Optional, Output, OutputEmitterRef, PACKAGE_ROOT_URL, PLATFORM_ID, PLATFORM_INITIALIZER, Pipe, 
PlatformRef, Query, QueryList, Renderer2, RendererFactory2, RendererStyleFlags2, Sanitizer, SecurityContext, Self, 
SimpleChange, SkipSelf, TRANSLATIONS, TRANSLATIONS_FORMAT, TemplateRef, Testability, TestabilityRegistry, 
TransferState, Type, VERSION, Version, ViewChild, ViewChildren, ViewContainerRef, ViewEncapsulation, ViewRef, 
afterNextRender, afterRender, asNativeElements, assertInInjectionContext, assertNotInReactiveContext, assertPlatform, 
booleanAttribute, computed, contentChild, contentChildren, createComponent, createEnvironmentInjector, createNgModule, 
createNgModuleRef, createPlatform, createPlatformFactory, defineInjectable, destroyPlatform, effect, enableProdMode, 
forwardRef, getDebugNode, getModuleFactory, getNgModuleById, getPlatform, importProvidersFrom, inject, input, 
isDevMode, isSignal, isStandalone, makeEnvironmentProviders, makeStateKey, mergeApplicationConfig, model, 
numberAttribute, output, platformCore, provideExperimentalCheckNoChangesForDebug, 
provideExperimentalZonelessChangeDetection, provideZoneChangeDetection, reflectComponentType, resolveForwardRef, 
runInInjectionContext, setTestabilityGetter, signal, untracked, viewChild, viewChildren, ╔ÁALLOW_MULTIPLE_PLATFORMS, 
╔ÁAfterRenderManager, ╔ÁCONTAINER_HEADER_OFFSET, ╔ÁChangeDetectionScheduler, ╔ÁChangeDetectionSchedulerImpl, 
╔ÁComponentFactory, ╔ÁConsole, ╔ÁDEFAULT_LOCALE_ID, ╔ÁDEFER_BLOCK_CONFIG, ╔ÁDEFER_BLOCK_DEPENDENCY_INTERCEPTOR, 
╔ÁDeferBlockBehavior, ╔ÁDeferBlockState, ╔ÁEffectScheduler, ╔ÁIMAGE_CONFIG, ╔ÁIMAGE_CONFIG_DEFAULTS, ╔ÁINJECTOR_SCOPE, 
╔ÁINPUT_SIGNAL_BRAND_WRITE_TYPE, ╔ÁINTERNAL_APPLICATION_ERROR_HANDLER, ╔ÁIS_HYDRATION_DOM_REUSE_ENABLED, 
╔ÁJSACTION_EVENT_CONTRACT, ╔ÁLContext, ╔ÁLifecycleHooksFeature, ╔ÁLocaleDataIndex, ╔ÁNG_COMP_DEF, ╔ÁNG_DIR_DEF, 
╔ÁNG_ELEMENT_ID, ╔ÁNG_INJ_DEF, ╔ÁNG_MOD_DEF, ╔ÁNG_PIPE_DEF, ╔ÁNG_PROV_DEF, ╔ÁNOT_FOUND_CHECK_ONLY_ELEMENT_INJECTOR, 
╔ÁNO_CHANGE, ╔ÁNgModuleFactory, ╔ÁNoopNgZone, ╔ÁPROVIDED_NG_ZONE, ╔ÁPendingTasks, ╔ÁReflectionCapabilities, 
╔ÁRender3ComponentFactory, ╔ÁRender3ComponentRef, ╔ÁRender3NgModuleRef, ╔ÁRuntimeError, ╔ÁSIGNAL, 
╔ÁSSR_CONTENT_INTEGRITY_MARKER, ╔ÁTESTABILITY, ╔ÁTESTABILITY_GETTER, ╔ÁUSE_RUNTIME_DEPS_TRACKER_FOR_JIT, ╔ÁViewRef, 
╔ÁXSS_SECURITY_URL, ╔ÁZONELESS_ENABLED, ╔Á_sanitizeHtml, ╔Á_sanitizeUrl, ╔ÁallowSanitizationBypassAndThrow, 
╔ÁannotateForHydration, ╔ÁbypassSanitizationTrustHtml, ╔ÁbypassSanitizationTrustResourceUrl, 
╔ÁbypassSanitizationTrustScript, ╔ÁbypassSanitizationTrustStyle, ╔ÁbypassSanitizationTrustUrl, 
╔ÁclearResolutionOfComponentResourcesQueue, ╔ÁcompileComponent, ╔ÁcompileDirective, ╔ÁcompileNgModule, 
╔ÁcompileNgModuleDefs, ╔ÁcompileNgModuleFactory, ╔ÁcompilePipe, ╔ÁconvertToBitFlags, ╔ÁcreateInjector, 
╔ÁdefaultIterableDiffers, ╔ÁdefaultKeyValueDiffers, ╔ÁdepsTracker, ╔ÁdetectChangesInViewIfRequired, ╔ÁdevModeEqual, 
╔ÁfindLocaleData, ╔ÁflushModuleScopingQueueAsMuchAsPossible, ╔ÁformatRuntimeError, 
╔ÁgenerateStandaloneInDeclarationsError, ╔ÁgetAsyncClassMetadataFn, ╔ÁgetDebugNode, ╔ÁgetDeferBlocks, ╔ÁgetDirectives, 
╔ÁgetHostElement, ╔ÁgetInjectableDef, ╔ÁgetLContext, ╔ÁgetLocaleCurrencyCode, ╔ÁgetLocalePluralCase, 
╔ÁgetOutputDestroyRef, ╔ÁgetSanitizationBypassType, ╔ÁgetUnknownElementStrictMode, ╔ÁgetUnknownPropertyStrictMode, 
╔Áglobal, ╔ÁinjectChangeDetectorRef, ╔ÁinternalCreateApplication, ╔ÁinternalProvideZoneChangeDetection, 
╔ÁisBoundToModule, ╔ÁisComponentDefPendingResolution, ╔ÁisEnvironmentProviders, ╔ÁisInjectable, ╔ÁisNgModule, 
╔ÁisPromise, ╔ÁisSubscribable, ╔ÁnoSideEffects, ╔ÁpatchComponentDefWithScope, ╔ÁperformanceMarkFeature, 
╔ÁreadHydrationInfo, ╔ÁregisterLocaleData, ╔ÁrenderDeferBlockState, ╔ÁresetCompiledComponents, ╔ÁresetJitOptions, 
╔ÁresolveComponentResources, ╔ÁrestoreComponentResolutionQueue, ╔ÁsetAllowDuplicateNgModuleIdsForTest, 
╔ÁsetAlternateWeakRefImpl, ╔ÁsetClassDebugInfo, ╔ÁsetClassMetadata, ╔ÁsetClassMetadataAsync, ╔ÁsetCurrentInjector, 
╔ÁsetDocument, ╔ÁsetInjectorProfilerContext, ╔ÁsetLocaleId, ╔ÁsetUnknownElementStrictMode, 
╔ÁsetUnknownPropertyStrictMode, ╔Ástore, ╔Ástringify, ╔ÁtransitiveScopesFor, ╔ÁtriggerResourceLoading, 
╔ÁtruncateMiddle, ╔ÁunregisterLocaleData, ╔ÁunwrapSafeValue, ╔ÁunwrapWritableSignal, ╔ÁwhenStable, ╔ÁwithDomHydration, 
╔ÁwithEventReplay, ╔ÁwithI18nSupport, ╔Á╔ÁCopyDefinitionFeature, ╔Á╔ÁFactoryTarget, ╔Á╔ÁHostDirectivesFeature, 
╔Á╔ÁInheritDefinitionFeature, ╔Á╔ÁInputTransformsFeature, ╔Á╔ÁNgOnChangesFeature, ╔Á╔ÁProvidersFeature, 
╔Á╔ÁStandaloneFeature, ╔Á╔Áadvance, ╔Á╔Áattribute, ╔Á╔ÁattributeInterpolate1, ╔Á╔ÁattributeInterpolate2, 
╔Á╔ÁattributeInterpolate3, ╔Á╔ÁattributeInterpolate4, ╔Á╔ÁattributeInterpolate5, ╔Á╔ÁattributeInterpolate6, 
╔Á╔ÁattributeInterpolate7, ╔Á╔ÁattributeInterpolate8, ╔Á╔ÁattributeInterpolateV, ╔Á╔ÁclassMap, 
╔Á╔ÁclassMapInterpolate1, ╔Á╔ÁclassMapInterpolate2, ╔Á╔ÁclassMapInterpolate3, ╔Á╔ÁclassMapInterpolate4, 
╔Á╔ÁclassMapInterpolate5, ╔Á╔ÁclassMapInterpolate6, ╔Á╔ÁclassMapInterpolate7, ╔Á╔ÁclassMapInterpolate8, 
╔Á╔ÁclassMapInterpolateV, ╔Á╔ÁclassProp, ╔Á╔ÁcomponentInstance, ╔Á╔Áconditional, ╔Á╔ÁcontentQuery, 
╔Á╔ÁcontentQuerySignal, ╔Á╔ÁdeclareLet, ╔Á╔Ádefer, ╔Á╔ÁdeferEnableTimerScheduling, ╔Á╔ÁdeferOnHover, ╔Á╔ÁdeferOnIdle, 
╔Á╔ÁdeferOnImmediate, ╔Á╔ÁdeferOnInteraction, ╔Á╔ÁdeferOnTimer, ╔Á╔ÁdeferOnViewport, ╔Á╔ÁdeferPrefetchOnHover, 
╔Á╔ÁdeferPrefetchOnIdle, ╔Á╔ÁdeferPrefetchOnImmediate, ╔Á╔ÁdeferPrefetchOnInteraction, ╔Á╔ÁdeferPrefetchOnTimer, 
╔Á╔ÁdeferPrefetchOnViewport, ╔Á╔ÁdeferPrefetchWhen, ╔Á╔ÁdeferWhen, ╔Á╔ÁdefineComponent, ╔Á╔ÁdefineDirective, 
╔Á╔ÁdefineInjectable, ╔Á╔ÁdefineInjector, ╔Á╔ÁdefineNgModule, ╔Á╔ÁdefinePipe, ╔Á╔ÁdirectiveInject, 
╔Á╔ÁdisableBindings, ╔Á╔Áelement, ╔Á╔ÁelementContainer, ╔Á╔ÁelementContainerEnd, ╔Á╔ÁelementContainerStart, 
╔Á╔ÁelementEnd, ╔Á╔ÁelementStart, ╔Á╔ÁenableBindings, ╔Á╔ÁgetComponentDepsFactory, ╔Á╔ÁgetCurrentView, 
╔Á╔ÁgetInheritedFactory, ╔Á╔ÁhostProperty, ╔Á╔Ái18n, ╔Á╔Ái18nApply, ╔Á╔Ái18nAttributes, ╔Á╔Ái18nEnd, ╔Á╔Ái18nExp, 
╔Á╔Ái18nPostprocess, ╔Á╔Ái18nStart, ╔Á╔Áinject, ╔Á╔ÁinjectAttribute, ╔Á╔ÁinvalidFactory, ╔Á╔ÁinvalidFactoryDep, 
╔Á╔Álistener, ╔Á╔ÁloadQuery, ╔Á╔ÁnamespaceHTML, ╔Á╔ÁnamespaceMathML, ╔Á╔ÁnamespaceSVG, ╔Á╔ÁnextContext, 
╔Á╔ÁngDeclareClassMetadata, ╔Á╔ÁngDeclareClassMetadataAsync, ╔Á╔ÁngDeclareComponent, ╔Á╔ÁngDeclareDirective, 
╔Á╔ÁngDeclareFactory, ╔Á╔ÁngDeclareInjectable, ╔Á╔ÁngDeclareInjector, ╔Á╔ÁngDeclareNgModule, ╔Á╔ÁngDeclarePipe, 
╔Á╔Ápipe, ╔Á╔ÁpipeBind1, ╔Á╔ÁpipeBind2, ╔Á╔ÁpipeBind3, ╔Á╔ÁpipeBind4, ╔Á╔ÁpipeBindV, ╔Á╔Áprojection, 
╔Á╔ÁprojectionDef, ╔Á╔Áproperty, ╔Á╔ÁpropertyInterpolate, ╔Á╔ÁpropertyInterpolate1, ╔Á╔ÁpropertyInterpolate2, 
╔Á╔ÁpropertyInterpolate3, ╔Á╔ÁpropertyInterpolate4, ╔Á╔ÁpropertyInterpolate5, ╔Á╔ÁpropertyInterpolate6, 
╔Á╔ÁpropertyInterpolate7, ╔Á╔ÁpropertyInterpolate8, ╔Á╔ÁpropertyInterpolateV, ╔Á╔ÁpureFunction0, ╔Á╔ÁpureFunction1, 
╔Á╔ÁpureFunction2, ╔Á╔ÁpureFunction3, ╔Á╔ÁpureFunction4, ╔Á╔ÁpureFunction5, ╔Á╔ÁpureFunction6, ╔Á╔ÁpureFunction7, 
╔Á╔ÁpureFunction8, ╔Á╔ÁpureFunctionV, ╔Á╔ÁqueryAdvance, ╔Á╔ÁqueryRefresh, ╔Á╔ÁreadContextLet, ╔Á╔Áreference, 
╔Á╔ÁregisterNgModuleType, ╔Á╔Árepeater, ╔Á╔ÁrepeaterCreate, ╔Á╔ÁrepeaterTrackByIdentity, ╔Á╔ÁrepeaterTrackByIndex, 
╔Á╔ÁresetView, ╔Á╔ÁresolveBody, ╔Á╔ÁresolveDocument, ╔Á╔ÁresolveWindow, ╔Á╔ÁrestoreView, ╔Á╔ÁsanitizeHtml, 
╔Á╔ÁsanitizeResourceUrl, ╔Á╔ÁsanitizeScript, ╔Á╔ÁsanitizeStyle, ╔Á╔ÁsanitizeUrl, ╔Á╔ÁsanitizeUrlOrResourceUrl, 
╔Á╔ÁsetComponentScope, ╔Á╔ÁsetNgModuleScope, ╔Á╔ÁstoreLet, ╔Á╔ÁstyleMap, ╔Á╔ÁstyleMapInterpolate1, 
╔Á╔ÁstyleMapInterpolate2, ╔Á╔ÁstyleMapInterpolate3, ╔Á╔ÁstyleMapInterpolate4, ╔Á╔ÁstyleMapInterpolate5, 
╔Á╔ÁstyleMapInterpolate6, ╔Á╔ÁstyleMapInterpolate7, ╔Á╔ÁstyleMapInterpolate8, ╔Á╔ÁstyleMapInterpolateV, ╔Á╔ÁstyleProp, 
╔Á╔ÁstylePropInterpolate1, ╔Á╔ÁstylePropInterpolate2, ╔Á╔ÁstylePropInterpolate3, ╔Á╔ÁstylePropInterpolate4, 
╔Á╔ÁstylePropInterpolate5, ╔Á╔ÁstylePropInterpolate6, ╔Á╔ÁstylePropInterpolate7, ╔Á╔ÁstylePropInterpolate8, 
╔Á╔ÁstylePropInterpolateV, ╔Á╔ÁsyntheticHostListener, ╔Á╔ÁsyntheticHostProperty, ╔Á╔Átemplate, 
╔Á╔ÁtemplateRefExtractor, ╔Á╔Átext, ╔Á╔ÁtextInterpolate, ╔Á╔ÁtextInterpolate1, ╔Á╔ÁtextInterpolate2, 
╔Á╔ÁtextInterpolate3, ╔Á╔ÁtextInterpolate4, ╔Á╔ÁtextInterpolate5, ╔Á╔ÁtextInterpolate6, ╔Á╔ÁtextInterpolate7, 
╔Á╔ÁtextInterpolate8, ╔Á╔ÁtextInterpolateV, ╔Á╔ÁtrustConstantHtml, ╔Á╔ÁtrustConstantResourceUrl, ╔Á╔ÁtwoWayBindingSet, 
╔Á╔ÁtwoWayListener, ╔Á╔ÁtwoWayProperty, ╔Á╔ÁvalidateIframeAttribute, ╔Á╔ÁviewQuery, ╔Á╔ÁviewQuerySignal)

../node_modules/@angular/material/fesm2022/button.mjs:163:30-72 - Error: export '╔Á╔ÁInputFlags' (imported as 'i0') 
was not found in '@angular/core' (possible exports: ANIMATION_MODULE_TYPE, APP_BOOTSTRAP_LISTENER, APP_ID, 
APP_INITIALIZER, AfterRenderPhase, ApplicationInitStatus, ApplicationModule, ApplicationRef, Attribute, 
COMPILER_OPTIONS, CSP_NONCE, CUSTOM_ELEMENTS_SCHEMA, ChangeDetectionStrategy, ChangeDetectorRef, Compiler, 
CompilerFactory, Component, ComponentFactory, ComponentFactoryResolver, ComponentRef, ContentChild, ContentChildren, 
DEFAULT_CURRENCY_CODE, DebugElement, DebugEventListener, DebugNode, DefaultIterableDiffer, DestroyRef, Directive, 
ENVIRONMENT_INITIALIZER, ElementRef, EmbeddedViewRef, EnvironmentInjector, ErrorHandler, EventEmitter, 
ExperimentalPendingTasks, HOST_TAG_NAME, Host, HostAttributeToken, HostBinding, HostListener, INJECTOR, Inject, 
InjectFlags, Injectable, InjectionToken, Injector, Input, IterableDiffers, KeyValueDiffers, LOCALE_ID, 
MissingTranslationStrategy, ModuleWithComponentFactories, NO_ERRORS_SCHEMA, NgModule, NgModuleFactory, NgModuleRef, 
NgProbeToken, NgZone, Optional, Output, OutputEmitterRef, PACKAGE_ROOT_URL, PLATFORM_ID, PLATFORM_INITIALIZER, Pipe, 
PlatformRef, Query, QueryList, Renderer2, RendererFactory2, RendererStyleFlags2, Sanitizer, SecurityContext, Self, 
SimpleChange, SkipSelf, TRANSLATIONS, TRANSLATIONS_FORMAT, TemplateRef, Testability, TestabilityRegistry, 
TransferState, Type, VERSION, Version, ViewChild, ViewChildren, ViewContainerRef, ViewEncapsulation, ViewRef, 
afterNextRender, afterRender, asNativeElements, assertInInjectionContext, assertNotInReactiveContext, assertPlatform, 
booleanAttribute, computed, contentChild, contentChildren, createComponent, createEnvironmentInjector, createNgModule, 
createNgModuleRef, createPlatform, createPlatformFactory, defineInjectable, destroyPlatform, effect, enableProdMode, 
forwardRef, getDebugNode, getModuleFactory, getNgModuleById, getPlatform, importProvidersFrom, inject, input, 
isDevMode, isSignal, isStandalone, makeEnvironmentProviders, makeStateKey, mergeApplicationConfig, model, 
numberAttribute, output, platformCore, provideExperimentalCheckNoChangesForDebug, 
provideExperimentalZonelessChangeDetection, provideZoneChangeDetection, reflectComponentType, resolveForwardRef, 
runInInjectionContext, setTestabilityGetter, signal, untracked, viewChild, viewChildren, ╔ÁALLOW_MULTIPLE_PLATFORMS, 
╔ÁAfterRenderManager, ╔ÁCONTAINER_HEADER_OFFSET, ╔ÁChangeDetectionScheduler, ╔ÁChangeDetectionSchedulerImpl, 
╔ÁComponentFactory, ╔ÁConsole, ╔ÁDEFAULT_LOCALE_ID, ╔ÁDEFER_BLOCK_CONFIG, ╔ÁDEFER_BLOCK_DEPENDENCY_INTERCEPTOR, 
╔ÁDeferBlockBehavior, ╔ÁDeferBlockState, ╔ÁEffectScheduler, ╔ÁIMAGE_CONFIG, ╔ÁIMAGE_CONFIG_DEFAULTS, ╔ÁINJECTOR_SCOPE, 
╔ÁINPUT_SIGNAL_BRAND_WRITE_TYPE, ╔ÁINTERNAL_APPLICATION_ERROR_HANDLER, ╔ÁIS_HYDRATION_DOM_REUSE_ENABLED, 
╔ÁJSACTION_EVENT_CONTRACT, ╔ÁLContext, ╔ÁLifecycleHooksFeature, ╔ÁLocaleDataIndex, ╔ÁNG_COMP_DEF, ╔ÁNG_DIR_DEF, 
╔ÁNG_ELEMENT_ID, ╔ÁNG_INJ_DEF, ╔ÁNG_MOD_DEF, ╔ÁNG_PIPE_DEF, ╔ÁNG_PROV_DEF, ╔ÁNOT_FOUND_CHECK_ONLY_ELEMENT_INJECTOR, 
╔ÁNO_CHANGE, ╔ÁNgModuleFactory, ╔ÁNoopNgZone, ╔ÁPROVIDED_NG_ZONE, ╔ÁPendingTasks, ╔ÁReflectionCapabilities, 
╔ÁRender3ComponentFactory, ╔ÁRender3ComponentRef, ╔ÁRender3NgModuleRef, ╔ÁRuntimeError, ╔ÁSIGNAL, 
╔ÁSSR_CONTENT_INTEGRITY_MARKER, ╔ÁTESTABILITY, ╔ÁTESTABILITY_GETTER, ╔ÁUSE_RUNTIME_DEPS_TRACKER_FOR_JIT, ╔ÁViewRef, 
╔ÁXSS_SECURITY_URL, ╔ÁZONELESS_ENABLED, ╔Á_sanitizeHtml, ╔Á_sanitizeUrl, ╔ÁallowSanitizationBypassAndThrow, 
╔ÁannotateForHydration, ╔ÁbypassSanitizationTrustHtml, ╔ÁbypassSanitizationTrustResourceUrl, 
╔ÁbypassSanitizationTrustScript, ╔ÁbypassSanitizationTrustStyle, ╔ÁbypassSanitizationTrustUrl, 
╔ÁclearResolutionOfComponentResourcesQueue, ╔ÁcompileComponent, ╔ÁcompileDirective, ╔ÁcompileNgModule, 
╔ÁcompileNgModuleDefs, ╔ÁcompileNgModuleFactory, ╔ÁcompilePipe, ╔ÁconvertToBitFlags, ╔ÁcreateInjector, 
╔ÁdefaultIterableDiffers, ╔ÁdefaultKeyValueDiffers, ╔ÁdepsTracker, ╔ÁdetectChangesInViewIfRequired, ╔ÁdevModeEqual, 
╔ÁfindLocaleData, ╔ÁflushModuleScopingQueueAsMuchAsPossible, ╔ÁformatRuntimeError, 
╔ÁgenerateStandaloneInDeclarationsError, ╔ÁgetAsyncClassMetadataFn, ╔ÁgetDebugNode, ╔ÁgetDeferBlocks, ╔ÁgetDirectives, 
╔ÁgetHostElement, ╔ÁgetInjectableDef, ╔ÁgetLContext, ╔ÁgetLocaleCurrencyCode, ╔ÁgetLocalePluralCase, 
╔ÁgetOutputDestroyRef, ╔ÁgetSanitizationBypassType, ╔ÁgetUnknownElementStrictMode, ╔ÁgetUnknownPropertyStrictMode, 
╔Áglobal, ╔ÁinjectChangeDetectorRef, ╔ÁinternalCreateApplication, ╔ÁinternalProvideZoneChangeDetection, 
╔ÁisBoundToModule, ╔ÁisComponentDefPendingResolution, ╔ÁisEnvironmentProviders, ╔ÁisInjectable, ╔ÁisNgModule, 
╔ÁisPromise, ╔ÁisSubscribable, ╔ÁnoSideEffects, ╔ÁpatchComponentDefWithScope, ╔ÁperformanceMarkFeature, 
╔ÁreadHydrationInfo, ╔ÁregisterLocaleData, ╔ÁrenderDeferBlockState, ╔ÁresetCompiledComponents, ╔ÁresetJitOptions, 
╔ÁresolveComponentResources, ╔ÁrestoreComponentResolutionQueue, ╔ÁsetAllowDuplicateNgModuleIdsForTest, 
╔ÁsetAlternateWeakRefImpl, ╔ÁsetClassDebugInfo, ╔ÁsetClassMetadata, ╔ÁsetClassMetadataAsync, ╔ÁsetCurrentInjector, 
╔ÁsetDocument, ╔ÁsetInjectorProfilerContext, ╔ÁsetLocaleId, ╔ÁsetUnknownElementStrictMode, 
╔ÁsetUnknownPropertyStrictMode, ╔Ástore, ╔Ástringify, ╔ÁtransitiveScopesFor, ╔ÁtriggerResourceLoading, 
╔ÁtruncateMiddle, ╔ÁunregisterLocaleData, ╔ÁunwrapSafeValue, ╔ÁunwrapWritableSignal, ╔ÁwhenStable, ╔ÁwithDomHydration, 
╔ÁwithEventReplay, ╔ÁwithI18nSupport, ╔Á╔ÁCopyDefinitionFeature, ╔Á╔ÁFactoryTarget, ╔Á╔ÁHostDirectivesFeature, 
╔Á╔ÁInheritDefinitionFeature, ╔Á╔ÁInputTransformsFeature, ╔Á╔ÁNgOnChangesFeature, ╔Á╔ÁProvidersFeature, 
╔Á╔ÁStandaloneFeature, ╔Á╔Áadvance, ╔Á╔Áattribute, ╔Á╔ÁattributeInterpolate1, ╔Á╔ÁattributeInterpolate2, 
╔Á╔ÁattributeInterpolate3, ╔Á╔ÁattributeInterpolate4, ╔Á╔ÁattributeInterpolate5, ╔Á╔ÁattributeInterpolate6, 
╔Á╔ÁattributeInterpolate7, ╔Á╔ÁattributeInterpolate8, ╔Á╔ÁattributeInterpolateV, ╔Á╔ÁclassMap, 
╔Á╔ÁclassMapInterpolate1, ╔Á╔ÁclassMapInterpolate2, ╔Á╔ÁclassMapInterpolate3, ╔Á╔ÁclassMapInterpolate4, 
╔Á╔ÁclassMapInterpolate5, ╔Á╔ÁclassMapInterpolate6, ╔Á╔ÁclassMapInterpolate7, ╔Á╔ÁclassMapInterpolate8, 
╔Á╔ÁclassMapInterpolateV, ╔Á╔ÁclassProp, ╔Á╔ÁcomponentInstance, ╔Á╔Áconditional, ╔Á╔ÁcontentQuery, 
╔Á╔ÁcontentQuerySignal, ╔Á╔ÁdeclareLet, ╔Á╔Ádefer, ╔Á╔ÁdeferEnableTimerScheduling, ╔Á╔ÁdeferOnHover, ╔Á╔ÁdeferOnIdle, 
╔Á╔ÁdeferOnImmediate, ╔Á╔ÁdeferOnInteraction, ╔Á╔ÁdeferOnTimer, ╔Á╔ÁdeferOnViewport, ╔Á╔ÁdeferPrefetchOnHover, 
╔Á╔ÁdeferPrefetchOnIdle, ╔Á╔ÁdeferPrefetchOnImmediate, ╔Á╔ÁdeferPrefetchOnInteraction, ╔Á╔ÁdeferPrefetchOnTimer, 
╔Á╔ÁdeferPrefetchOnViewport, ╔Á╔ÁdeferPrefetchWhen, ╔Á╔ÁdeferWhen, ╔Á╔ÁdefineComponent, ╔Á╔ÁdefineDirective, 
╔Á╔ÁdefineInjectable, ╔Á╔ÁdefineInjector, ╔Á╔ÁdefineNgModule, ╔Á╔ÁdefinePipe, ╔Á╔ÁdirectiveInject, 
╔Á╔ÁdisableBindings, ╔Á╔Áelement, ╔Á╔ÁelementContainer, ╔Á╔ÁelementContainerEnd, ╔Á╔ÁelementContainerStart, 
╔Á╔ÁelementEnd, ╔Á╔ÁelementStart, ╔Á╔ÁenableBindings, ╔Á╔ÁgetComponentDepsFactory, ╔Á╔ÁgetCurrentView, 
╔Á╔ÁgetInheritedFactory, ╔Á╔ÁhostProperty, ╔Á╔Ái18n, ╔Á╔Ái18nApply, ╔Á╔Ái18nAttributes, ╔Á╔Ái18nEnd, ╔Á╔Ái18nExp, 
╔Á╔Ái18nPostprocess, ╔Á╔Ái18nStart, ╔Á╔Áinject, ╔Á╔ÁinjectAttribute, ╔Á╔ÁinvalidFactory, ╔Á╔ÁinvalidFactoryDep, 
╔Á╔Álistener, ╔Á╔ÁloadQuery, ╔Á╔ÁnamespaceHTML, ╔Á╔ÁnamespaceMathML, ╔Á╔ÁnamespaceSVG, ╔Á╔ÁnextContext, 
╔Á╔ÁngDeclareClassMetadata, ╔Á╔ÁngDeclareClassMetadataAsync, ╔Á╔ÁngDeclareComponent, ╔Á╔ÁngDeclareDirective, 
╔Á╔ÁngDeclareFactory, ╔Á╔ÁngDeclareInjectable, ╔Á╔ÁngDeclareInjector, ╔Á╔ÁngDeclareNgModule, ╔Á╔ÁngDeclarePipe, 
╔Á╔Ápipe, ╔Á╔ÁpipeBind1, ╔Á╔ÁpipeBind2, ╔Á╔ÁpipeBind3, ╔Á╔ÁpipeBind4, ╔Á╔ÁpipeBindV, ╔Á╔Áprojection, 
╔Á╔ÁprojectionDef, ╔Á╔Áproperty, ╔Á╔ÁpropertyInterpolate, ╔Á╔ÁpropertyInterpolate1, ╔Á╔ÁpropertyInterpolate2, 
╔Á╔ÁpropertyInterpolate3, ╔Á╔ÁpropertyInterpolate4, ╔Á╔ÁpropertyInterpolate5, ╔Á╔ÁpropertyInterpolate6, 
╔Á╔ÁpropertyInterpolate7, ╔Á╔ÁpropertyInterpolate8, ╔Á╔ÁpropertyInterpolateV, ╔Á╔ÁpureFunction0, ╔Á╔ÁpureFunction1, 
╔Á╔ÁpureFunction2, ╔Á╔ÁpureFunction3, ╔Á╔ÁpureFunction4, ╔Á╔ÁpureFunction5, ╔Á╔ÁpureFunction6, ╔Á╔ÁpureFunction7, 
╔Á╔ÁpureFunction8, ╔Á╔ÁpureFunctionV, ╔Á╔ÁqueryAdvance, ╔Á╔ÁqueryRefresh, ╔Á╔ÁreadContextLet, ╔Á╔Áreference, 
╔Á╔ÁregisterNgModuleType, ╔Á╔Árepeater, ╔Á╔ÁrepeaterCreate, ╔Á╔ÁrepeaterTrackByIdentity, ╔Á╔ÁrepeaterTrackByIndex, 
╔Á╔ÁresetView, ╔Á╔ÁresolveBody, ╔Á╔ÁresolveDocument, ╔Á╔ÁresolveWindow, ╔Á╔ÁrestoreView, ╔Á╔ÁsanitizeHtml, 
╔Á╔ÁsanitizeResourceUrl, ╔Á╔ÁsanitizeScript, ╔Á╔ÁsanitizeStyle, ╔Á╔ÁsanitizeUrl, ╔Á╔ÁsanitizeUrlOrResourceUrl, 
╔Á╔ÁsetComponentScope, ╔Á╔ÁsetNgModuleScope, ╔Á╔ÁstoreLet, ╔Á╔ÁstyleMap, ╔Á╔ÁstyleMapInterpolate1, 
╔Á╔ÁstyleMapInterpolate2, ╔Á╔ÁstyleMapInterpolate3, ╔Á╔ÁstyleMapInterpolate4, ╔Á╔ÁstyleMapInterpolate5, 
╔Á╔ÁstyleMapInterpolate6, ╔Á╔ÁstyleMapInterpolate7, ╔Á╔ÁstyleMapInterpolate8, ╔Á╔ÁstyleMapInterpolateV, ╔Á╔ÁstyleProp, 
╔Á╔ÁstylePropInterpolate1, ╔Á╔ÁstylePropInterpolate2, ╔Á╔ÁstylePropInterpolate3, ╔Á╔ÁstylePropInterpolate4, 
╔Á╔ÁstylePropInterpolate5, ╔Á╔ÁstylePropInterpolate6, ╔Á╔ÁstylePropInterpolate7, ╔Á╔ÁstylePropInterpolate8, 
╔Á╔ÁstylePropInterpolateV, ╔Á╔ÁsyntheticHostListener, ╔Á╔ÁsyntheticHostProperty, ╔Á╔Átemplate, 
╔Á╔ÁtemplateRefExtractor, ╔Á╔Átext, ╔Á╔ÁtextInterpolate, ╔Á╔ÁtextInterpolate1, ╔Á╔ÁtextInterpolate2, 
╔Á╔ÁtextInterpolate3, ╔Á╔ÁtextInterpolate4, ╔Á╔ÁtextInterpolate5, ╔Á╔ÁtextInterpolate6, ╔Á╔ÁtextInterpolate7, 
╔Á╔ÁtextInterpolate8, ╔Á╔ÁtextInterpolateV, ╔Á╔ÁtrustConstantHtml, ╔Á╔ÁtrustConstantResourceUrl, ╔Á╔ÁtwoWayBindingSet, 
╔Á╔ÁtwoWayListener, ╔Á╔ÁtwoWayProperty, ╔Á╔ÁvalidateIframeAttribute, ╔Á╔ÁviewQuery, ╔Á╔ÁviewQuerySignal)

../node_modules/@angular/material/fesm2022/button.mjs:266:19-61 - Error: export '╔Á╔ÁInputFlags' (imported as 'i0') 
was not found in '@angular/core' (possible exports: ANIMATION_MODULE_TYPE, APP_BOOTSTRAP_LISTENER, APP_ID, 
APP_INITIALIZER, AfterRenderPhase, ApplicationInitStatus, ApplicationModule, ApplicationRef, Attribute, 
COMPILER_OPTIONS, CSP_NONCE, CUSTOM_ELEMENTS_SCHEMA, ChangeDetectionStrategy, ChangeDetectorRef, Compiler, 
CompilerFactory, Component, ComponentFactory, ComponentFactoryResolver, ComponentRef, ContentChild, ContentChildren, 
DEFAULT_CURRENCY_CODE, DebugElement, DebugEventListener, DebugNode, DefaultIterableDiffer, DestroyRef, Directive, 
ENVIRONMENT_INITIALIZER, ElementRef, EmbeddedViewRef, EnvironmentInjector, ErrorHandler, EventEmitter, 
ExperimentalPendingTasks, HOST_TAG_NAME, Host, HostAttributeToken, HostBinding, HostListener, INJECTOR, Inject, 
InjectFlags, Injectable, InjectionToken, Injector, Input, IterableDiffers, KeyValueDiffers, LOCALE_ID, 
MissingTranslationStrategy, ModuleWithComponentFactories, NO_ERRORS_SCHEMA, NgModule, NgModuleFactory, NgModuleRef, 
NgProbeToken, NgZone, Optional, Output, OutputEmitterRef, PACKAGE_ROOT_URL, PLATFORM_ID, PLATFORM_INITIALIZER, Pipe, 
PlatformRef, Query, QueryList, Renderer2, RendererFactory2, RendererStyleFlags2, Sanitizer, SecurityContext, Self, 
SimpleChange, SkipSelf, TRANSLATIONS, TRANSLATIONS_FORMAT, TemplateRef, Testability, TestabilityRegistry, 
TransferState, Type, VERSION, Version, ViewChild, ViewChildren, ViewContainerRef, ViewEncapsulation, ViewRef, 
afterNextRender, afterRender, asNativeElements, assertInInjectionContext, assertNotInReactiveContext, assertPlatform, 
booleanAttribute, computed, contentChild, contentChildren, createComponent, createEnvironmentInjector, createNgModule, 
createNgModuleRef, createPlatform, createPlatformFactory, defineInjectable, destroyPlatform, effect, enableProdMode, 
forwardRef, getDebugNode, getModuleFactory, getNgModuleById, getPlatform, importProvidersFrom, inject, input, 
isDevMode, isSignal, isStandalone, makeEnvironmentProviders, makeStateKey, mergeApplicationConfig, model, 
numberAttribute, output, platformCore, provideExperimentalCheckNoChangesForDebug, 
provideExperimentalZonelessChangeDetection, provideZoneChangeDetection, reflectComponentType, resolveForwardRef, 
runInInjectionContext, setTestabilityGetter, signal, untracked, viewChild, viewChildren, ╔ÁALLOW_MULTIPLE_PLATFORMS, 
╔ÁAfterRenderManager, ╔ÁCONTAINER_HEADER_OFFSET, ╔ÁChangeDetectionScheduler, ╔ÁChangeDetectionSchedulerImpl, 
╔ÁComponentFactory, ╔ÁConsole, ╔ÁDEFAULT_LOCALE_ID, ╔ÁDEFER_BLOCK_CONFIG, ╔ÁDEFER_BLOCK_DEPENDENCY_INTERCEPTOR, 
╔ÁDeferBlockBehavior, ╔ÁDeferBlockState, ╔ÁEffectScheduler, ╔ÁIMAGE_CONFIG, ╔ÁIMAGE_CONFIG_DEFAULTS, ╔ÁINJECTOR_SCOPE, 
╔ÁINPUT_SIGNAL_BRAND_WRITE_TYPE, ╔ÁINTERNAL_APPLICATION_ERROR_HANDLER, ╔ÁIS_HYDRATION_DOM_REUSE_ENABLED, 
╔ÁJSACTION_EVENT_CONTRACT, ╔ÁLContext, ╔ÁLifecycleHooksFeature, ╔ÁLocaleDataIndex, ╔ÁNG_COMP_DEF, ╔ÁNG_DIR_DEF, 
╔ÁNG_ELEMENT_ID, ╔ÁNG_INJ_DEF, ╔ÁNG_MOD_DEF, ╔ÁNG_PIPE_DEF, ╔ÁNG_PROV_DEF, ╔ÁNOT_FOUND_CHECK_ONLY_ELEMENT_INJECTOR, 
╔ÁNO_CHANGE, ╔ÁNgModuleFactory, ╔ÁNoopNgZone, ╔ÁPROVIDED_NG_ZONE, ╔ÁPendingTasks, ╔ÁReflectionCapabilities, 
╔ÁRender3ComponentFactory, ╔ÁRender3ComponentRef, ╔ÁRender3NgModuleRef, ╔ÁRuntimeError, ╔ÁSIGNAL, 
╔ÁSSR_CONTENT_INTEGRITY_MARKER, ╔ÁTESTABILITY, ╔ÁTESTABILITY_GETTER, ╔ÁUSE_RUNTIME_DEPS_TRACKER_FOR_JIT, ╔ÁViewRef, 
╔ÁXSS_SECURITY_URL, ╔ÁZONELESS_ENABLED, ╔Á_sanitizeHtml, ╔Á_sanitizeUrl, ╔ÁallowSanitizationBypassAndThrow, 
╔ÁannotateForHydration, ╔ÁbypassSanitizationTrustHtml, ╔ÁbypassSanitizationTrustResourceUrl, 
╔ÁbypassSanitizationTrustScript, ╔ÁbypassSanitizationTrustStyle, ╔ÁbypassSanitizationTrustUrl, 
╔ÁclearResolutionOfComponentResourcesQueue, ╔ÁcompileComponent, ╔ÁcompileDirective, ╔ÁcompileNgModule, 
╔ÁcompileNgModuleDefs, ╔ÁcompileNgModuleFactory, ╔ÁcompilePipe, ╔ÁconvertToBitFlags, ╔ÁcreateInjector, 
╔ÁdefaultIterableDiffers, ╔ÁdefaultKeyValueDiffers, ╔ÁdepsTracker, ╔ÁdetectChangesInViewIfRequired, ╔ÁdevModeEqual, 
╔ÁfindLocaleData, ╔ÁflushModuleScopingQueueAsMuchAsPossible, ╔ÁformatRuntimeError, 
╔ÁgenerateStandaloneInDeclarationsError, ╔ÁgetAsyncClassMetadataFn, ╔ÁgetDebugNode, ╔ÁgetDeferBlocks, ╔ÁgetDirectives, 
╔ÁgetHostElement, ╔ÁgetInjectableDef, ╔ÁgetLContext, ╔ÁgetLocaleCurrencyCode, ╔ÁgetLocalePluralCase, 
╔ÁgetOutputDestroyRef, ╔ÁgetSanitizationBypassType, ╔ÁgetUnknownElementStrictMode, ╔ÁgetUnknownPropertyStrictMode, 
╔Áglobal, ╔ÁinjectChangeDetectorRef, ╔ÁinternalCreateApplication, ╔ÁinternalProvideZoneChangeDetection, 
╔ÁisBoundToModule, ╔ÁisComponentDefPendingResolution, ╔ÁisEnvironmentProviders, ╔ÁisInjectable, ╔ÁisNgModule, 
╔ÁisPromise, ╔ÁisSubscribable, ╔ÁnoSideEffects, ╔ÁpatchComponentDefWithScope, ╔ÁperformanceMarkFeature, 
╔ÁreadHydrationInfo, ╔ÁregisterLocaleData, ╔ÁrenderDeferBlockState, ╔ÁresetCompiledComponents, ╔ÁresetJitOptions, 
╔ÁresolveComponentResources, ╔ÁrestoreComponentResolutionQueue, ╔ÁsetAllowDuplicateNgModuleIdsForTest, 
╔ÁsetAlternateWeakRefImpl, ╔ÁsetClassDebugInfo, ╔ÁsetClassMetadata, ╔ÁsetClassMetadataAsync, ╔ÁsetCurrentInjector, 
╔ÁsetDocument, ╔ÁsetInjectorProfilerContext, ╔ÁsetLocaleId, ╔ÁsetUnknownElementStrictMode, 
╔ÁsetUnknownPropertyStrictMode, ╔Ástore, ╔Ástringify, ╔ÁtransitiveScopesFor, ╔ÁtriggerResourceLoading, 
╔ÁtruncateMiddle, ╔ÁunregisterLocaleData, ╔ÁunwrapSafeValue, ╔ÁunwrapWritableSignal, ╔ÁwhenStable, ╔ÁwithDomHydration, 
╔ÁwithEventReplay, ╔ÁwithI18nSupport, ╔Á╔ÁCopyDefinitionFeature, ╔Á╔ÁFactoryTarget, ╔Á╔ÁHostDirectivesFeature, 
╔Á╔ÁInheritDefinitionFeature, ╔Á╔ÁInputTransformsFeature, ╔Á╔ÁNgOnChangesFeature, ╔Á╔ÁProvidersFeature, 
╔Á╔ÁStandaloneFeature, ╔Á╔Áadvance, ╔Á╔Áattribute, ╔Á╔ÁattributeInterpolate1, ╔Á╔ÁattributeInterpolate2, 
╔Á╔ÁattributeInterpolate3, ╔Á╔ÁattributeInterpolate4, ╔Á╔ÁattributeInterpolate5, ╔Á╔ÁattributeInterpolate6, 
╔Á╔ÁattributeInterpolate7, ╔Á╔ÁattributeInterpolate8, ╔Á╔ÁattributeInterpolateV, ╔Á╔ÁclassMap, 
╔Á╔ÁclassMapInterpolate1, ╔Á╔ÁclassMapInterpolate2, ╔Á╔ÁclassMapInterpolate3, ╔Á╔ÁclassMapInterpolate4, 
╔Á╔ÁclassMapInterpolate5, ╔Á╔ÁclassMapInterpolate6, ╔Á╔ÁclassMapInterpolate7, ╔Á╔ÁclassMapInterpolate8, 
╔Á╔ÁclassMapInterpolateV, ╔Á╔ÁclassProp, ╔Á╔ÁcomponentInstance, ╔Á╔Áconditional, ╔Á╔ÁcontentQuery, 
╔Á╔ÁcontentQuerySignal, ╔Á╔ÁdeclareLet, ╔Á╔Ádefer, ╔Á╔ÁdeferEnableTimerScheduling, ╔Á╔ÁdeferOnHover, ╔Á╔ÁdeferOnIdle, 
╔Á╔ÁdeferOnImmediate, ╔Á╔ÁdeferOnInteraction, ╔Á╔ÁdeferOnTimer, ╔Á╔ÁdeferOnViewport, ╔Á╔ÁdeferPrefetchOnHover, 
╔Á╔ÁdeferPrefetchOnIdle, ╔Á╔ÁdeferPrefetchOnImmediate, ╔Á╔ÁdeferPrefetchOnInteraction, ╔Á╔ÁdeferPrefetchOnTimer, 
╔Á╔ÁdeferPrefetchOnViewport, ╔Á╔ÁdeferPrefetchWhen, ╔Á╔ÁdeferWhen, ╔Á╔ÁdefineComponent, ╔Á╔ÁdefineDirective, 
╔Á╔ÁdefineInjectable, ╔Á╔ÁdefineInjector, ╔Á╔ÁdefineNgModule, ╔Á╔ÁdefinePipe, ╔Á╔ÁdirectiveInject, 
╔Á╔ÁdisableBindings, ╔Á╔Áelement, ╔Á╔ÁelementContainer, ╔Á╔ÁelementContainerEnd, ╔Á╔ÁelementContainerStart, 
╔Á╔ÁelementEnd, ╔Á╔ÁelementStart, ╔Á╔ÁenableBindings, ╔Á╔ÁgetComponentDepsFactory, ╔Á╔ÁgetCurrentView, 
╔Á╔ÁgetInheritedFactory, ╔Á╔ÁhostProperty, ╔Á╔Ái18n, ╔Á╔Ái18nApply, ╔Á╔Ái18nAttributes, ╔Á╔Ái18nEnd, ╔Á╔Ái18nExp, 
╔Á╔Ái18nPostprocess, ╔Á╔Ái18nStart, ╔Á╔Áinject, ╔Á╔ÁinjectAttribute, ╔Á╔ÁinvalidFactory, ╔Á╔ÁinvalidFactoryDep, 
╔Á╔Álistener, ╔Á╔ÁloadQuery, ╔Á╔ÁnamespaceHTML, ╔Á╔ÁnamespaceMathML, ╔Á╔ÁnamespaceSVG, ╔Á╔ÁnextContext, 
╔Á╔ÁngDeclareClassMetadata, ╔Á╔ÁngDeclareClassMetadataAsync, ╔Á╔ÁngDeclareComponent, ╔Á╔ÁngDeclareDirective, 
╔Á╔ÁngDeclareFactory, ╔Á╔ÁngDeclareInjectable, ╔Á╔ÁngDeclareInjector, ╔Á╔ÁngDeclareNgModule, ╔Á╔ÁngDeclarePipe, 
╔Á╔Ápipe, ╔Á╔ÁpipeBind1, ╔Á╔ÁpipeBind2, ╔Á╔ÁpipeBind3, ╔Á╔ÁpipeBind4, ╔Á╔ÁpipeBindV, ╔Á╔Áprojection, 
╔Á╔ÁprojectionDef, ╔Á╔Áproperty, ╔Á╔ÁpropertyInterpolate, ╔Á╔ÁpropertyInterpolate1, ╔Á╔ÁpropertyInterpolate2, 
╔Á╔ÁpropertyInterpolate3, ╔Á╔ÁpropertyInterpolate4, ╔Á╔ÁpropertyInterpolate5, ╔Á╔ÁpropertyInterpolate6, 
╔Á╔ÁpropertyInterpolate7, ╔Á╔ÁpropertyInterpolate8, ╔Á╔ÁpropertyInterpolateV, ╔Á╔ÁpureFunction0, ╔Á╔ÁpureFunction1, 
╔Á╔ÁpureFunction2, ╔Á╔ÁpureFunction3, ╔Á╔ÁpureFunction4, ╔Á╔ÁpureFunction5, ╔Á╔ÁpureFunction6, ╔Á╔ÁpureFunction7, 
╔Á╔ÁpureFunction8, ╔Á╔ÁpureFunctionV, ╔Á╔ÁqueryAdvance, ╔Á╔ÁqueryRefresh, ╔Á╔ÁreadContextLet, ╔Á╔Áreference, 
╔Á╔ÁregisterNgModuleType, ╔Á╔Árepeater, ╔Á╔ÁrepeaterCreate, ╔Á╔ÁrepeaterTrackByIdentity, ╔Á╔ÁrepeaterTrackByIndex, 
╔Á╔ÁresetView, ╔Á╔ÁresolveBody, ╔Á╔ÁresolveDocument, ╔Á╔ÁresolveWindow, ╔Á╔ÁrestoreView, ╔Á╔ÁsanitizeHtml, 
╔Á╔ÁsanitizeResourceUrl, ╔Á╔ÁsanitizeScript, ╔Á╔ÁsanitizeStyle, ╔Á╔ÁsanitizeUrl, ╔Á╔ÁsanitizeUrlOrResourceUrl, 
╔Á╔ÁsetComponentScope, ╔Á╔ÁsetNgModuleScope, ╔Á╔ÁstoreLet, ╔Á╔ÁstyleMap, ╔Á╔ÁstyleMapInterpolate1, 
╔Á╔ÁstyleMapInterpolate2, ╔Á╔ÁstyleMapInterpolate3, ╔Á╔ÁstyleMapInterpolate4, ╔Á╔ÁstyleMapInterpolate5, 
╔Á╔ÁstyleMapInterpolate6, ╔Á╔ÁstyleMapInterpolate7, ╔Á╔ÁstyleMapInterpolate8, ╔Á╔ÁstyleMapInterpolateV, ╔Á╔ÁstyleProp, 
╔Á╔ÁstylePropInterpolate1, ╔Á╔ÁstylePropInterpolate2, ╔Á╔ÁstylePropInterpolate3, ╔Á╔ÁstylePropInterpolate4, 
╔Á╔ÁstylePropInterpolate5, ╔Á╔ÁstylePropInterpolate6, ╔Á╔ÁstylePropInterpolate7, ╔Á╔ÁstylePropInterpolate8, 
╔Á╔ÁstylePropInterpolateV, ╔Á╔ÁsyntheticHostListener, ╔Á╔ÁsyntheticHostProperty, ╔Á╔Átemplate, 
╔Á╔ÁtemplateRefExtractor, ╔Á╔Átext, ╔Á╔ÁtextInterpolate, ╔Á╔ÁtextInterpolate1, ╔Á╔ÁtextInterpolate2, 
╔Á╔ÁtextInterpolate3, ╔Á╔ÁtextInterpolate4, ╔Á╔ÁtextInterpolate5, ╔Á╔ÁtextInterpolate6, ╔Á╔ÁtextInterpolate7, 
╔Á╔ÁtextInterpolate8, ╔Á╔ÁtextInterpolateV, ╔Á╔ÁtrustConstantHtml, ╔Á╔ÁtrustConstantResourceUrl, ╔Á╔ÁtwoWayBindingSet, 
╔Á╔ÁtwoWayListener, ╔Á╔ÁtwoWayProperty, ╔Á╔ÁvalidateIframeAttribute, ╔Á╔ÁviewQuery, ╔Á╔ÁviewQuerySignal)

../node_modules/@angular/material/fesm2022/button.mjs:525:19-61 - Error: export '╔Á╔ÁInputFlags' (imported as 'i0') 
was not found in '@angular/core' (possible exports: ANIMATION_MODULE_TYPE, APP_BOOTSTRAP_LISTENER, APP_ID, 
APP_INITIALIZER, AfterRenderPhase, ApplicationInitStatus, ApplicationModule, ApplicationRef, Attribute, 
COMPILER_OPTIONS, CSP_NONCE, CUSTOM_ELEMENTS_SCHEMA, ChangeDetectionStrategy, ChangeDetectorRef, Compiler, 
CompilerFactory, Component, ComponentFactory, ComponentFactoryResolver, ComponentRef, ContentChild, ContentChildren, 
DEFAULT_CURRENCY_CODE, DebugElement, DebugEventListener, DebugNode, DefaultIterableDiffer, DestroyRef, Directive, 
ENVIRONMENT_INITIALIZER, ElementRef, EmbeddedViewRef, EnvironmentInjector, ErrorHandler, EventEmitter, 
ExperimentalPendingTasks, HOST_TAG_NAME, Host, HostAttributeToken, HostBinding, HostListener, INJECTOR, Inject, 
InjectFlags, Injectable, InjectionToken, Injector, Input, IterableDiffers, KeyValueDiffers, LOCALE_ID, 
MissingTranslationStrategy, ModuleWithComponentFactories, NO_ERRORS_SCHEMA, NgModule, NgModuleFactory, NgModuleRef, 
NgProbeToken, NgZone, Optional, Output, OutputEmitterRef, PACKAGE_ROOT_URL, PLATFORM_ID, PLATFORM_INITIALIZER, Pipe, 
PlatformRef, Query, QueryList, Renderer2, RendererFactory2, RendererStyleFlags2, Sanitizer, SecurityContext, Self, 
SimpleChange, SkipSelf, TRANSLATIONS, TRANSLATIONS_FORMAT, TemplateRef, Testability, TestabilityRegistry, 
TransferState, Type, VERSION, Version, ViewChild, ViewChildren, ViewContainerRef, ViewEncapsulation, ViewRef, 
afterNextRender, afterRender, asNativeElements, assertInInjectionContext, assertNotInReactiveContext, assertPlatform, 
booleanAttribute, computed, contentChild, contentChildren, createComponent, createEnvironmentInjector, createNgModule, 
createNgModuleRef, createPlatform, createPlatformFactory, defineInjectable, destroyPlatform, effect, enableProdMode, 
forwardRef, getDebugNode, getModuleFactory, getNgModuleById, getPlatform, importProvidersFrom, inject, input, 
isDevMode, isSignal, isStandalone, makeEnvironmentProviders, makeStateKey, mergeApplicationConfig, model, 
numberAttribute, output, platformCore, provideExperimentalCheckNoChangesForDebug, 
provideExperimentalZonelessChangeDetection, provideZoneChangeDetection, reflectComponentType, resolveForwardRef, 
runInInjectionContext, setTestabilityGetter, signal, untracked, viewChild, viewChildren, ╔ÁALLOW_MULTIPLE_PLATFORMS, 
╔ÁAfterRenderManager, ╔ÁCONTAINER_HEADER_OFFSET, ╔ÁChangeDetectionScheduler, ╔ÁChangeDetectionSchedulerImpl, 
╔ÁComponentFactory, ╔ÁConsole, ╔ÁDEFAULT_LOCALE_ID, ╔ÁDEFER_BLOCK_CONFIG, ╔ÁDEFER_BLOCK_DEPENDENCY_INTERCEPTOR, 
╔ÁDeferBlockBehavior, ╔ÁDeferBlockState, ╔ÁEffectScheduler, ╔ÁIMAGE_CONFIG, ╔ÁIMAGE_CONFIG_DEFAULTS, ╔ÁINJECTOR_SCOPE, 
╔ÁINPUT_SIGNAL_BRAND_WRITE_TYPE, ╔ÁINTERNAL_APPLICATION_ERROR_HANDLER, ╔ÁIS_HYDRATION_DOM_REUSE_ENABLED, 
╔ÁJSACTION_EVENT_CONTRACT, ╔ÁLContext, ╔ÁLifecycleHooksFeature, ╔ÁLocaleDataIndex, ╔ÁNG_COMP_DEF, ╔ÁNG_DIR_DEF, 
╔ÁNG_ELEMENT_ID, ╔ÁNG_INJ_DEF, ╔ÁNG_MOD_DEF, ╔ÁNG_PIPE_DEF, ╔ÁNG_PROV_DEF, ╔ÁNOT_FOUND_CHECK_ONLY_ELEMENT_INJECTOR, 
╔ÁNO_CHANGE, ╔ÁNgModuleFactory, ╔ÁNoopNgZone, ╔ÁPROVIDED_NG_ZONE, ╔ÁPendingTasks, ╔ÁReflectionCapabilities, 
╔ÁRender3ComponentFactory, ╔ÁRender3ComponentRef, ╔ÁRender3NgModuleRef, ╔ÁRuntimeError, ╔ÁSIGNAL, 
╔ÁSSR_CONTENT_INTEGRITY_MARKER, ╔ÁTESTABILITY, ╔ÁTESTABILITY_GETTER, ╔ÁUSE_RUNTIME_DEPS_TRACKER_FOR_JIT, ╔ÁViewRef, 
╔ÁXSS_SECURITY_URL, ╔ÁZONELESS_ENABLED, ╔Á_sanitizeHtml, ╔Á_sanitizeUrl, ╔ÁallowSanitizationBypassAndThrow, 
╔ÁannotateForHydration, ╔ÁbypassSanitizationTrustHtml, ╔ÁbypassSanitizationTrustResourceUrl, 
╔ÁbypassSanitizationTrustScript, ╔ÁbypassSanitizationTrustStyle, ╔ÁbypassSanitizationTrustUrl, 
╔ÁclearResolutionOfComponentResourcesQueue, ╔ÁcompileComponent, ╔ÁcompileDirective, ╔ÁcompileNgModule, 
╔ÁcompileNgModuleDefs, ╔ÁcompileNgModuleFactory, ╔ÁcompilePipe, ╔ÁconvertToBitFlags, ╔ÁcreateInjector, 
╔ÁdefaultIterableDiffers, ╔ÁdefaultKeyValueDiffers, ╔ÁdepsTracker, ╔ÁdetectChangesInViewIfRequired, ╔ÁdevModeEqual, 
╔ÁfindLocaleData, ╔ÁflushModuleScopingQueueAsMuchAsPossible, ╔ÁformatRuntimeError, 
╔ÁgenerateStandaloneInDeclarationsError, ╔ÁgetAsyncClassMetadataFn, ╔ÁgetDebugNode, ╔ÁgetDeferBlocks, ╔ÁgetDirectives, 
╔ÁgetHostElement, ╔ÁgetInjectableDef, ╔ÁgetLContext, ╔ÁgetLocaleCurrencyCode, ╔ÁgetLocalePluralCase, 
╔ÁgetOutputDestroyRef, ╔ÁgetSanitizationBypassType, ╔ÁgetUnknownElementStrictMode, ╔ÁgetUnknownPropertyStrictMode, 
╔Áglobal, ╔ÁinjectChangeDetectorRef, ╔ÁinternalCreateApplication, ╔ÁinternalProvideZoneChangeDetection, 
╔ÁisBoundToModule, ╔ÁisComponentDefPendingResolution, ╔ÁisEnvironmentProviders, ╔ÁisInjectable, ╔ÁisNgModule, 
╔ÁisPromise, ╔ÁisSubscribable, ╔ÁnoSideEffects, ╔ÁpatchComponentDefWithScope, ╔ÁperformanceMarkFeature, 
╔ÁreadHydrationInfo, ╔ÁregisterLocaleData, ╔ÁrenderDeferBlockState, ╔ÁresetCompiledComponents, ╔ÁresetJitOptions, 
╔ÁresolveComponentResources, ╔ÁrestoreComponentResolutionQueue, ╔ÁsetAllowDuplicateNgModuleIdsForTest, 
╔ÁsetAlternateWeakRefImpl, ╔ÁsetClassDebugInfo, ╔ÁsetClassMetadata, ╔ÁsetClassMetadataAsync, ╔ÁsetCurrentInjector, 
╔ÁsetDocument, ╔ÁsetInjectorProfilerContext, ╔ÁsetLocaleId, ╔ÁsetUnknownElementStrictMode, 
╔ÁsetUnknownPropertyStrictMode, ╔Ástore, ╔Ástringify, ╔ÁtransitiveScopesFor, ╔ÁtriggerResourceLoading, 
╔ÁtruncateMiddle, ╔ÁunregisterLocaleData, ╔ÁunwrapSafeValue, ╔ÁunwrapWritableSignal, ╔ÁwhenStable, ╔ÁwithDomHydration, 
╔ÁwithEventReplay, ╔ÁwithI18nSupport, ╔Á╔ÁCopyDefinitionFeature, ╔Á╔ÁFactoryTarget, ╔Á╔ÁHostDirectivesFeature, 
╔Á╔ÁInheritDefinitionFeature, ╔Á╔ÁInputTransformsFeature, ╔Á╔ÁNgOnChangesFeature, ╔Á╔ÁProvidersFeature, 
╔Á╔ÁStandaloneFeature, ╔Á╔Áadvance, ╔Á╔Áattribute, ╔Á╔ÁattributeInterpolate1, ╔Á╔ÁattributeInterpolate2, 
╔Á╔ÁattributeInterpolate3, ╔Á╔ÁattributeInterpolate4, ╔Á╔ÁattributeInterpolate5, ╔Á╔ÁattributeInterpolate6, 
╔Á╔ÁattributeInterpolate7, ╔Á╔ÁattributeInterpolate8, ╔Á╔ÁattributeInterpolateV, ╔Á╔ÁclassMap, 
╔Á╔ÁclassMapInterpolate1, ╔Á╔ÁclassMapInterpolate2, ╔Á╔ÁclassMapInterpolate3, ╔Á╔ÁclassMapInterpolate4, 
╔Á╔ÁclassMapInterpolate5, ╔Á╔ÁclassMapInterpolate6, ╔Á╔ÁclassMapInterpolate7, ╔Á╔ÁclassMapInterpolate8, 
╔Á╔ÁclassMapInterpolateV, ╔Á╔ÁclassProp, ╔Á╔ÁcomponentInstance, ╔Á╔Áconditional, ╔Á╔ÁcontentQuery, 
╔Á╔ÁcontentQuerySignal, ╔Á╔ÁdeclareLet, ╔Á╔Ádefer, ╔Á╔ÁdeferEnableTimerScheduling, ╔Á╔ÁdeferOnHover, ╔Á╔ÁdeferOnIdle, 
╔Á╔ÁdeferOnImmediate, ╔Á╔ÁdeferOnInteraction, ╔Á╔ÁdeferOnTimer, ╔Á╔ÁdeferOnViewport, ╔Á╔ÁdeferPrefetchOnHover, 
╔Á╔ÁdeferPrefetchOnIdle, ╔Á╔ÁdeferPrefetchOnImmediate, ╔Á╔ÁdeferPrefetchOnInteraction, ╔Á╔ÁdeferPrefetchOnTimer, 
╔Á╔ÁdeferPrefetchOnViewport, ╔Á╔ÁdeferPrefetchWhen, ╔Á╔ÁdeferWhen, ╔Á╔ÁdefineComponent, ╔Á╔ÁdefineDirective, 
╔Á╔ÁdefineInjectable, ╔Á╔ÁdefineInjector, ╔Á╔ÁdefineNgModule, ╔Á╔ÁdefinePipe, ╔Á╔ÁdirectiveInject, 
╔Á╔ÁdisableBindings, ╔Á╔Áelement, ╔Á╔ÁelementContainer, ╔Á╔ÁelementContainerEnd, ╔Á╔ÁelementContainerStart, 
╔Á╔ÁelementEnd, ╔Á╔ÁelementStart, ╔Á╔ÁenableBindings, ╔Á╔ÁgetComponentDepsFactory, ╔Á╔ÁgetCurrentView, 
╔Á╔ÁgetInheritedFactory, ╔Á╔ÁhostProperty, ╔Á╔Ái18n, ╔Á╔Ái18nApply, ╔Á╔Ái18nAttributes, ╔Á╔Ái18nEnd, ╔Á╔Ái18nExp, 
╔Á╔Ái18nPostprocess, ╔Á╔Ái18nStart, ╔Á╔Áinject, ╔Á╔ÁinjectAttribute, ╔Á╔ÁinvalidFactory, ╔Á╔ÁinvalidFactoryDep, 
╔Á╔Álistener, ╔Á╔ÁloadQuery, ╔Á╔ÁnamespaceHTML, ╔Á╔ÁnamespaceMathML, ╔Á╔ÁnamespaceSVG, ╔Á╔ÁnextContext, 
╔Á╔ÁngDeclareClassMetadata, ╔Á╔ÁngDeclareClassMetadataAsync, ╔Á╔ÁngDeclareComponent, ╔Á╔ÁngDeclareDirective, 
╔Á╔ÁngDeclareFactory, ╔Á╔ÁngDeclareInjectable, ╔Á╔ÁngDeclareInjector, ╔Á╔ÁngDeclareNgModule, ╔Á╔ÁngDeclarePipe, 
╔Á╔Ápipe, ╔Á╔ÁpipeBind1, ╔Á╔ÁpipeBind2, ╔Á╔ÁpipeBind3, ╔Á╔ÁpipeBind4, ╔Á╔ÁpipeBindV, ╔Á╔Áprojection, 
╔Á╔ÁprojectionDef, ╔Á╔Áproperty, ╔Á╔ÁpropertyInterpolate, ╔Á╔ÁpropertyInterpolate1, ╔Á╔ÁpropertyInterpolate2, 
╔Á╔ÁpropertyInterpolate3, ╔Á╔ÁpropertyInterpolate4, ╔Á╔ÁpropertyInterpolate5, ╔Á╔ÁpropertyInterpolate6, 
╔Á╔ÁpropertyInterpolate7, ╔Á╔ÁpropertyInterpolate8, ╔Á╔ÁpropertyInterpolateV, ╔Á╔ÁpureFunction0, ╔Á╔ÁpureFunction1, 
╔Á╔ÁpureFunction2, ╔Á╔ÁpureFunction3, ╔Á╔ÁpureFunction4, ╔Á╔ÁpureFunction5, ╔Á╔ÁpureFunction6, ╔Á╔ÁpureFunction7, 
╔Á╔ÁpureFunction8, ╔Á╔ÁpureFunctionV, ╔Á╔ÁqueryAdvance, ╔Á╔ÁqueryRefresh, ╔Á╔ÁreadContextLet, ╔Á╔Áreference, 
╔Á╔ÁregisterNgModuleType, ╔Á╔Árepeater, ╔Á╔ÁrepeaterCreate, ╔Á╔ÁrepeaterTrackByIdentity, ╔Á╔ÁrepeaterTrackByIndex, 
╔Á╔ÁresetView, ╔Á╔ÁresolveBody, ╔Á╔ÁresolveDocument, ╔Á╔ÁresolveWindow, ╔Á╔ÁrestoreView, ╔Á╔ÁsanitizeHtml, 
╔Á╔ÁsanitizeResourceUrl, ╔Á╔ÁsanitizeScript, ╔Á╔ÁsanitizeStyle, ╔Á╔ÁsanitizeUrl, ╔Á╔ÁsanitizeUrlOrResourceUrl, 
╔Á╔ÁsetComponentScope, ╔Á╔ÁsetNgModuleScope, ╔Á╔ÁstoreLet, ╔Á╔ÁstyleMap, ╔Á╔ÁstyleMapInterpolate1, 
╔Á╔ÁstyleMapInterpolate2, ╔Á╔ÁstyleMapInterpolate3, ╔Á╔ÁstyleMapInterpolate4, ╔Á╔ÁstyleMapInterpolate5, 
╔Á╔ÁstyleMapInterpolate6, ╔Á╔ÁstyleMapInterpolate7, ╔Á╔ÁstyleMapInterpolate8, ╔Á╔ÁstyleMapInterpolateV, ╔Á╔ÁstyleProp, 
╔Á╔ÁstylePropInterpolate1, ╔Á╔ÁstylePropInterpolate2, ╔Á╔ÁstylePropInterpolate3, ╔Á╔ÁstylePropInterpolate4, 
╔Á╔ÁstylePropInterpolate5, ╔Á╔ÁstylePropInterpolate6, ╔Á╔ÁstylePropInterpolate7, ╔Á╔ÁstylePropInterpolate8, 
╔Á╔ÁstylePropInterpolateV, ╔Á╔ÁsyntheticHostListener, ╔Á╔ÁsyntheticHostProperty, ╔Á╔Átemplate, 
╔Á╔ÁtemplateRefExtractor, ╔Á╔Átext, ╔Á╔ÁtextInterpolate, ╔Á╔ÁtextInterpolate1, ╔Á╔ÁtextInterpolate2, 
╔Á╔ÁtextInterpolate3, ╔Á╔ÁtextInterpolate4, ╔Á╔ÁtextInterpolate5, ╔Á╔ÁtextInterpolate6, ╔Á╔ÁtextInterpolate7, 
╔Á╔ÁtextInterpolate8, ╔Á╔ÁtextInterpolateV, ╔Á╔ÁtrustConstantHtml, ╔Á╔ÁtrustConstantResourceUrl, ╔Á╔ÁtwoWayBindingSet, 
╔Á╔ÁtwoWayListener, ╔Á╔ÁtwoWayProperty, ╔Á╔ÁvalidateIframeAttribute, ╔Á╔ÁviewQuery, ╔Á╔ÁviewQuerySignal)

../node_modules/@angular/material/fesm2022/button.mjs:733:19-61 - Error: export '╔Á╔ÁInputFlags' (imported as 'i0') 
was not found in '@angular/core' (possible exports: ANIMATION_MODULE_TYPE, APP_BOOTSTRAP_LISTENER, APP_ID, 
APP_INITIALIZER, AfterRenderPhase, ApplicationInitStatus, ApplicationModule, ApplicationRef, Attribute, 
COMPILER_OPTIONS, CSP_NONCE, CUSTOM_ELEMENTS_SCHEMA, ChangeDetectionStrategy, ChangeDetectorRef, Compiler, 
CompilerFactory, Component, ComponentFactory, ComponentFactoryResolver, ComponentRef, ContentChild, ContentChildren, 
DEFAULT_CURRENCY_CODE, DebugElement, DebugEventListener, DebugNode, DefaultIterableDiffer, DestroyRef, Directive, 
ENVIRONMENT_INITIALIZER, ElementRef, EmbeddedViewRef, EnvironmentInjector, ErrorHandler, EventEmitter, 
ExperimentalPendingTasks, HOST_TAG_NAME, Host, HostAttributeToken, HostBinding, HostListener, INJECTOR, Inject, 
InjectFlags, Injectable, InjectionToken, Injector, Input, IterableDiffers, KeyValueDiffers, LOCALE_ID, 
MissingTranslationStrategy, ModuleWithComponentFactories, NO_ERRORS_SCHEMA, NgModule, NgModuleFactory, NgModuleRef, 
NgProbeToken, NgZone, Optional, Output, OutputEmitterRef, PACKAGE_ROOT_URL, PLATFORM_ID, PLATFORM_INITIALIZER, Pipe, 
PlatformRef, Query, QueryList, Renderer2, RendererFactory2, RendererStyleFlags2, Sanitizer, SecurityContext, Self, 
SimpleChange, SkipSelf, TRANSLATIONS, TRANSLATIONS_FORMAT, TemplateRef, Testability, TestabilityRegistry, 
TransferState, Type, VERSION, Version, ViewChild, ViewChildren, ViewContainerRef, ViewEncapsulation, ViewRef, 
afterNextRender, afterRender, asNativeElements, assertInInjectionContext, assertNotInReactiveContext, assertPlatform, 
booleanAttribute, computed, contentChild, contentChildren, createComponent, createEnvironmentInjector, createNgModule, 
createNgModuleRef, createPlatform, createPlatformFactory, defineInjectable, destroyPlatform, effect, enableProdMode, 
forwardRef, getDebugNode, getModuleFactory, getNgModuleById, getPlatform, importProvidersFrom, inject, input, 
isDevMode, isSignal, isStandalone, makeEnvironmentProviders, makeStateKey, mergeApplicationConfig, model, 
numberAttribute, output, platformCore, provideExperimentalCheckNoChangesForDebug, 
provideExperimentalZonelessChangeDetection, provideZoneChangeDetection, reflectComponentType, resolveForwardRef, 
runInInjectionContext, setTestabilityGetter, signal, untracked, viewChild, viewChildren, ╔ÁALLOW_MULTIPLE_PLATFORMS, 
╔ÁAfterRenderManager, ╔ÁCONTAINER_HEADER_OFFSET, ╔ÁChangeDetectionScheduler, ╔ÁChangeDetectionSchedulerImpl, 
╔ÁComponentFactory, ╔ÁConsole, ╔ÁDEFAULT_LOCALE_ID, ╔ÁDEFER_BLOCK_CONFIG, ╔ÁDEFER_BLOCK_DEPENDENCY_INTERCEPTOR, 
╔ÁDeferBlockBehavior, ╔ÁDeferBlockState, ╔ÁEffectScheduler, ╔ÁIMAGE_CONFIG, ╔ÁIMAGE_CONFIG_DEFAULTS, ╔ÁINJECTOR_SCOPE, 
╔ÁINPUT_SIGNAL_BRAND_WRITE_TYPE, ╔ÁINTERNAL_APPLICATION_ERROR_HANDLER, ╔ÁIS_HYDRATION_DOM_REUSE_ENABLED, 
╔ÁJSACTION_EVENT_CONTRACT, ╔ÁLContext, ╔ÁLifecycleHooksFeature, ╔ÁLocaleDataIndex, ╔ÁNG_COMP_DEF, ╔ÁNG_DIR_DEF, 
╔ÁNG_ELEMENT_ID, ╔ÁNG_INJ_DEF, ╔ÁNG_MOD_DEF, ╔ÁNG_PIPE_DEF, ╔ÁNG_PROV_DEF, ╔ÁNOT_FOUND_CHECK_ONLY_ELEMENT_INJECTOR, 
╔ÁNO_CHANGE, ╔ÁNgModuleFactory, ╔ÁNoopNgZone, ╔ÁPROVIDED_NG_ZONE, ╔ÁPendingTasks, ╔ÁReflectionCapabilities, 
╔ÁRender3ComponentFactory, ╔ÁRender3ComponentRef, ╔ÁRender3NgModuleRef, ╔ÁRuntimeError, ╔ÁSIGNAL, 
╔ÁSSR_CONTENT_INTEGRITY_MARKER, ╔ÁTESTABILITY, ╔ÁTESTABILITY_GETTER, ╔ÁUSE_RUNTIME_DEPS_TRACKER_FOR_JIT, ╔ÁViewRef, 
╔ÁXSS_SECURITY_URL, ╔ÁZONELESS_ENABLED, ╔Á_sanitizeHtml, ╔Á_sanitizeUrl, ╔ÁallowSanitizationBypassAndThrow, 
╔ÁannotateForHydration, ╔ÁbypassSanitizationTrustHtml, ╔ÁbypassSanitizationTrustResourceUrl, 
╔ÁbypassSanitizationTrustScript, ╔ÁbypassSanitizationTrustStyle, ╔ÁbypassSanitizationTrustUrl, 
╔ÁclearResolutionOfComponentResourcesQueue, ╔ÁcompileComponent, ╔ÁcompileDirective, ╔ÁcompileNgModule, 
╔ÁcompileNgModuleDefs, ╔ÁcompileNgModuleFactory, ╔ÁcompilePipe, ╔ÁconvertToBitFlags, ╔ÁcreateInjector, 
╔ÁdefaultIterableDiffers, ╔ÁdefaultKeyValueDiffers, ╔ÁdepsTracker, ╔ÁdetectChangesInViewIfRequired, ╔ÁdevModeEqual, 
╔ÁfindLocaleData, ╔ÁflushModuleScopingQueueAsMuchAsPossible, ╔ÁformatRuntimeError, 
╔ÁgenerateStandaloneInDeclarationsError, ╔ÁgetAsyncClassMetadataFn, ╔ÁgetDebugNode, ╔ÁgetDeferBlocks, ╔ÁgetDirectives, 
╔ÁgetHostElement, ╔ÁgetInjectableDef, ╔ÁgetLContext, ╔ÁgetLocaleCurrencyCode, ╔ÁgetLocalePluralCase, 
╔ÁgetOutputDestroyRef, ╔ÁgetSanitizationBypassType, ╔ÁgetUnknownElementStrictMode, ╔ÁgetUnknownPropertyStrictMode, 
╔Áglobal, ╔ÁinjectChangeDetectorRef, ╔ÁinternalCreateApplication, ╔ÁinternalProvideZoneChangeDetection, 
╔ÁisBoundToModule, ╔ÁisComponentDefPendingResolution, ╔ÁisEnvironmentProviders, ╔ÁisInjectable, ╔ÁisNgModule, 
╔ÁisPromise, ╔ÁisSubscribable, ╔ÁnoSideEffects, ╔ÁpatchComponentDefWithScope, ╔ÁperformanceMarkFeature, 
╔ÁreadHydrationInfo, ╔ÁregisterLocaleData, ╔ÁrenderDeferBlockState, ╔ÁresetCompiledComponents, ╔ÁresetJitOptions, 
╔ÁresolveComponentResources, ╔ÁrestoreComponentResolutionQueue, ╔ÁsetAllowDuplicateNgModuleIdsForTest, 
╔ÁsetAlternateWeakRefImpl, ╔ÁsetClassDebugInfo, ╔ÁsetClassMetadata, ╔ÁsetClassMetadataAsync, ╔ÁsetCurrentInjector, 
╔ÁsetDocument, ╔ÁsetInjectorProfilerContext, ╔ÁsetLocaleId, ╔ÁsetUnknownElementStrictMode, 
╔ÁsetUnknownPropertyStrictMode, ╔Ástore, ╔Ástringify, ╔ÁtransitiveScopesFor, ╔ÁtriggerResourceLoading, 
╔ÁtruncateMiddle, ╔ÁunregisterLocaleData, ╔ÁunwrapSafeValue, ╔ÁunwrapWritableSignal, ╔ÁwhenStable, ╔ÁwithDomHydration, 
╔ÁwithEventReplay, ╔ÁwithI18nSupport, ╔Á╔ÁCopyDefinitionFeature, ╔Á╔ÁFactoryTarget, ╔Á╔ÁHostDirectivesFeature, 
╔Á╔ÁInheritDefinitionFeature, ╔Á╔ÁInputTransformsFeature, ╔Á╔ÁNgOnChangesFeature, ╔Á╔ÁProvidersFeature, 
╔Á╔ÁStandaloneFeature, ╔Á╔Áadvance, ╔Á╔Áattribute, ╔Á╔ÁattributeInterpolate1, ╔Á╔ÁattributeInterpolate2, 
╔Á╔ÁattributeInterpolate3, ╔Á╔ÁattributeInterpolate4, ╔Á╔ÁattributeInterpolate5, ╔Á╔ÁattributeInterpolate6, 
╔Á╔ÁattributeInterpolate7, ╔Á╔ÁattributeInterpolate8, ╔Á╔ÁattributeInterpolateV, ╔Á╔ÁclassMap, 
╔Á╔ÁclassMapInterpolate1, ╔Á╔ÁclassMapInterpolate2, ╔Á╔ÁclassMapInterpolate3, ╔Á╔ÁclassMapInterpolate4, 
╔Á╔ÁclassMapInterpolate5, ╔Á╔ÁclassMapInterpolate6, ╔Á╔ÁclassMapInterpolate7, ╔Á╔ÁclassMapInterpolate8, 
╔Á╔ÁclassMapInterpolateV, ╔Á╔ÁclassProp, ╔Á╔ÁcomponentInstance, ╔Á╔Áconditional, ╔Á╔ÁcontentQuery, 
╔Á╔ÁcontentQuerySignal, ╔Á╔ÁdeclareLet, ╔Á╔Ádefer, ╔Á╔ÁdeferEnableTimerScheduling, ╔Á╔ÁdeferOnHover, ╔Á╔ÁdeferOnIdle, 
╔Á╔ÁdeferOnImmediate, ╔Á╔ÁdeferOnInteraction, ╔Á╔ÁdeferOnTimer, ╔Á╔ÁdeferOnViewport, ╔Á╔ÁdeferPrefetchOnHover, 
╔Á╔ÁdeferPrefetchOnIdle, ╔Á╔ÁdeferPrefetchOnImmediate, ╔Á╔ÁdeferPrefetchOnInteraction, ╔Á╔ÁdeferPrefetchOnTimer, 
╔Á╔ÁdeferPrefetchOnViewport, ╔Á╔ÁdeferPrefetchWhen, ╔Á╔ÁdeferWhen, ╔Á╔ÁdefineComponent, ╔Á╔ÁdefineDirective, 
╔Á╔ÁdefineInjectable, ╔Á╔ÁdefineInjector, ╔Á╔ÁdefineNgModule, ╔Á╔ÁdefinePipe, ╔Á╔ÁdirectiveInject, 
╔Á╔ÁdisableBindings, ╔Á╔Áelement, ╔Á╔ÁelementContainer, ╔Á╔ÁelementContainerEnd, ╔Á╔ÁelementContainerStart, 
╔Á╔ÁelementEnd, ╔Á╔ÁelementStart, ╔Á╔ÁenableBindings, ╔Á╔ÁgetComponentDepsFactory, ╔Á╔ÁgetCurrentView, 
╔Á╔ÁgetInheritedFactory, ╔Á╔ÁhostProperty, ╔Á╔Ái18n, ╔Á╔Ái18nApply, ╔Á╔Ái18nAttributes, ╔Á╔Ái18nEnd, ╔Á╔Ái18nExp, 
╔Á╔Ái18nPostprocess, ╔Á╔Ái18nStart, ╔Á╔Áinject, ╔Á╔ÁinjectAttribute, ╔Á╔ÁinvalidFactory, ╔Á╔ÁinvalidFactoryDep, 
╔Á╔Álistener, ╔Á╔ÁloadQuery, ╔Á╔ÁnamespaceHTML, ╔Á╔ÁnamespaceMathML, ╔Á╔ÁnamespaceSVG, ╔Á╔ÁnextContext, 
╔Á╔ÁngDeclareClassMetadata, ╔Á╔ÁngDeclareClassMetadataAsync, ╔Á╔ÁngDeclareComponent, ╔Á╔ÁngDeclareDirective, 
╔Á╔ÁngDeclareFactory, ╔Á╔ÁngDeclareInjectable, ╔Á╔ÁngDeclareInjector, ╔Á╔ÁngDeclareNgModule, ╔Á╔ÁngDeclarePipe, 
╔Á╔Ápipe, ╔Á╔ÁpipeBind1, ╔Á╔ÁpipeBind2, ╔Á╔ÁpipeBind3, ╔Á╔ÁpipeBind4, ╔Á╔ÁpipeBindV, ╔Á╔Áprojection, 
╔Á╔ÁprojectionDef, ╔Á╔Áproperty, ╔Á╔ÁpropertyInterpolate, ╔Á╔ÁpropertyInterpolate1, ╔Á╔ÁpropertyInterpolate2, 
╔Á╔ÁpropertyInterpolate3, ╔Á╔ÁpropertyInterpolate4, ╔Á╔ÁpropertyInterpolate5, ╔Á╔ÁpropertyInterpolate6, 
╔Á╔ÁpropertyInterpolate7, ╔Á╔ÁpropertyInterpolate8, ╔Á╔ÁpropertyInterpolateV, ╔Á╔ÁpureFunction0, ╔Á╔ÁpureFunction1, 
╔Á╔ÁpureFunction2, ╔Á╔ÁpureFunction3, ╔Á╔ÁpureFunction4, ╔Á╔ÁpureFunction5, ╔Á╔ÁpureFunction6, ╔Á╔ÁpureFunction7, 
╔Á╔ÁpureFunction8, ╔Á╔ÁpureFunctionV, ╔Á╔ÁqueryAdvance, ╔Á╔ÁqueryRefresh, ╔Á╔ÁreadContextLet, ╔Á╔Áreference, 
╔Á╔ÁregisterNgModuleType, ╔Á╔Árepeater, ╔Á╔ÁrepeaterCreate, ╔Á╔ÁrepeaterTrackByIdentity, ╔Á╔ÁrepeaterTrackByIndex, 
╔Á╔ÁresetView, ╔Á╔ÁresolveBody, ╔Á╔ÁresolveDocument, ╔Á╔ÁresolveWindow, ╔Á╔ÁrestoreView, ╔Á╔ÁsanitizeHtml, 
╔Á╔ÁsanitizeResourceUrl, ╔Á╔ÁsanitizeScript, ╔Á╔ÁsanitizeStyle, ╔Á╔ÁsanitizeUrl, ╔Á╔ÁsanitizeUrlOrResourceUrl, 
╔Á╔ÁsetComponentScope, ╔Á╔ÁsetNgModuleScope, ╔Á╔ÁstoreLet, ╔Á╔ÁstyleMap, ╔Á╔ÁstyleMapInterpolate1, 
╔Á╔ÁstyleMapInterpolate2, ╔Á╔ÁstyleMapInterpolate3, ╔Á╔ÁstyleMapInterpolate4, ╔Á╔ÁstyleMapInterpolate5, 
╔Á╔ÁstyleMapInterpolate6, ╔Á╔ÁstyleMapInterpolate7, ╔Á╔ÁstyleMapInterpolate8, ╔Á╔ÁstyleMapInterpolateV, ╔Á╔ÁstyleProp, 
╔Á╔ÁstylePropInterpolate1, ╔Á╔ÁstylePropInterpolate2, ╔Á╔ÁstylePropInterpolate3, ╔Á╔ÁstylePropInterpolate4, 
╔Á╔ÁstylePropInterpolate5, ╔Á╔ÁstylePropInterpolate6, ╔Á╔ÁstylePropInterpolate7, ╔Á╔ÁstylePropInterpolate8, 
╔Á╔ÁstylePropInterpolateV, ╔Á╔ÁsyntheticHostListener, ╔Á╔ÁsyntheticHostProperty, ╔Á╔Átemplate, 
╔Á╔ÁtemplateRefExtractor, ╔Á╔Átext, ╔Á╔ÁtextInterpolate, ╔Á╔ÁtextInterpolate1, ╔Á╔ÁtextInterpolate2, 
╔Á╔ÁtextInterpolate3, ╔Á╔ÁtextInterpolate4, ╔Á╔ÁtextInterpolate5, ╔Á╔ÁtextInterpolate6, ╔Á╔ÁtextInterpolate7, 
╔Á╔ÁtextInterpolate8, ╔Á╔ÁtextInterpolateV, ╔Á╔ÁtrustConstantHtml, ╔Á╔ÁtrustConstantResourceUrl, ╔Á╔ÁtwoWayBindingSet, 
╔Á╔ÁtwoWayListener, ╔Á╔ÁtwoWayProperty, ╔Á╔ÁvalidateIframeAttribute, ╔Á╔ÁviewQuery, ╔Á╔ÁviewQuerySignal)

../node_modules/@angular/material/fesm2022/core.mjs:1500:16-36 - Error: export '╔Á╔ÁInputFlags' (imported as 'i0') was 
not found in '@angular/core' (possible exports: ANIMATION_MODULE_TYPE, APP_BOOTSTRAP_LISTENER, APP_ID, 
APP_INITIALIZER, AfterRenderPhase, ApplicationInitStatus, ApplicationModule, ApplicationRef, Attribute, 
COMPILER_OPTIONS, CSP_NONCE, CUSTOM_ELEMENTS_SCHEMA, ChangeDetectionStrategy, ChangeDetectorRef, Compiler, 
CompilerFactory, Component, ComponentFactory, ComponentFactoryResolver, ComponentRef, ContentChild, ContentChildren, 
DEFAULT_CURRENCY_CODE, DebugElement, DebugEventListener, DebugNode, DefaultIterableDiffer, DestroyRef, Directive, 
ENVIRONMENT_INITIALIZER, ElementRef, EmbeddedViewRef, EnvironmentInjector, ErrorHandler, EventEmitter, 
ExperimentalPendingTasks, HOST_TAG_NAME, Host, HostAttributeToken, HostBinding, HostListener, INJECTOR, Inject, 
InjectFlags, Injectable, InjectionToken, Injector, Input, IterableDiffers, KeyValueDiffers, LOCALE_ID, 
MissingTranslationStrategy, ModuleWithComponentFactories, NO_ERRORS_SCHEMA, NgModule, NgModuleFactory, NgModuleRef, 
NgProbeToken, NgZone, Optional, Output, OutputEmitterRef, PACKAGE_ROOT_URL, PLATFORM_ID, PLATFORM_INITIALIZER, Pipe, 
PlatformRef, Query, QueryList, Renderer2, RendererFactory2, RendererStyleFlags2, Sanitizer, SecurityContext, Self, 
SimpleChange, SkipSelf, TRANSLATIONS, TRANSLATIONS_FORMAT, TemplateRef, Testability, TestabilityRegistry, 
TransferState, Type, VERSION, Version, ViewChild, ViewChildren, ViewContainerRef, ViewEncapsulation, ViewRef, 
afterNextRender, afterRender, asNativeElements, assertInInjectionContext, assertNotInReactiveContext, assertPlatform, 
booleanAttribute, computed, contentChild, contentChildren, createComponent, createEnvironmentInjector, createNgModule, 
createNgModuleRef, createPlatform, createPlatformFactory, defineInjectable, destroyPlatform, effect, enableProdMode, 
forwardRef, getDebugNode, getModuleFactory, getNgModuleById, getPlatform, importProvidersFrom, inject, input, 
isDevMode, isSignal, isStandalone, makeEnvironmentProviders, makeStateKey, mergeApplicationConfig, model, 
numberAttribute, output, platformCore, provideExperimentalCheckNoChangesForDebug, 
provideExperimentalZonelessChangeDetection, provideZoneChangeDetection, reflectComponentType, resolveForwardRef, 
runInInjectionContext, setTestabilityGetter, signal, untracked, viewChild, viewChildren, ╔ÁALLOW_MULTIPLE_PLATFORMS, 
╔ÁAfterRenderManager, ╔ÁCONTAINER_HEADER_OFFSET, ╔ÁChangeDetectionScheduler, ╔ÁChangeDetectionSchedulerImpl, 
╔ÁComponentFactory, ╔ÁConsole, ╔ÁDEFAULT_LOCALE_ID, ╔ÁDEFER_BLOCK_CONFIG, ╔ÁDEFER_BLOCK_DEPENDENCY_INTERCEPTOR, 
╔ÁDeferBlockBehavior, ╔ÁDeferBlockState, ╔ÁEffectScheduler, ╔ÁIMAGE_CONFIG, ╔ÁIMAGE_CONFIG_DEFAULTS, ╔ÁINJECTOR_SCOPE, 
╔ÁINPUT_SIGNAL_BRAND_WRITE_TYPE, ╔ÁINTERNAL_APPLICATION_ERROR_HANDLER, ╔ÁIS_HYDRATION_DOM_REUSE_ENABLED, 
╔ÁJSACTION_EVENT_CONTRACT, ╔ÁLContext, ╔ÁLifecycleHooksFeature, ╔ÁLocaleDataIndex, ╔ÁNG_COMP_DEF, ╔ÁNG_DIR_DEF, 
╔ÁNG_ELEMENT_ID, ╔ÁNG_INJ_DEF, ╔ÁNG_MOD_DEF, ╔ÁNG_PIPE_DEF, ╔ÁNG_PROV_DEF, ╔ÁNOT_FOUND_CHECK_ONLY_ELEMENT_INJECTOR, 
╔ÁNO_CHANGE, ╔ÁNgModuleFactory, ╔ÁNoopNgZone, ╔ÁPROVIDED_NG_ZONE, ╔ÁPendingTasks, ╔ÁReflectionCapabilities, 
╔ÁRender3ComponentFactory, ╔ÁRender3ComponentRef, ╔ÁRender3NgModuleRef, ╔ÁRuntimeError, ╔ÁSIGNAL, 
╔ÁSSR_CONTENT_INTEGRITY_MARKER, ╔ÁTESTABILITY, ╔ÁTESTABILITY_GETTER, ╔ÁUSE_RUNTIME_DEPS_TRACKER_FOR_JIT, ╔ÁViewRef, 
╔ÁXSS_SECURITY_URL, ╔ÁZONELESS_ENABLED, ╔Á_sanitizeHtml, ╔Á_sanitizeUrl, ╔ÁallowSanitizationBypassAndThrow, 
╔ÁannotateForHydration, ╔ÁbypassSanitizationTrustHtml, ╔ÁbypassSanitizationTrustResourceUrl, 
╔ÁbypassSanitizationTrustScript, ╔ÁbypassSanitizationTrustStyle, ╔ÁbypassSanitizationTrustUrl, 
╔ÁclearResolutionOfComponentResourcesQueue, ╔ÁcompileComponent, ╔ÁcompileDirective, ╔ÁcompileNgModule, 
╔ÁcompileNgModuleDefs, ╔ÁcompileNgModuleFactory, ╔ÁcompilePipe, ╔ÁconvertToBitFlags, ╔ÁcreateInjector, 
╔ÁdefaultIterableDiffers, ╔ÁdefaultKeyValueDiffers, ╔ÁdepsTracker, ╔ÁdetectChangesInViewIfRequired, ╔ÁdevModeEqual, 
╔ÁfindLocaleData, ╔ÁflushModuleScopingQueueAsMuchAsPossible, ╔ÁformatRuntimeError, 
╔ÁgenerateStandaloneInDeclarationsError, ╔ÁgetAsyncClassMetadataFn, ╔ÁgetDebugNode, ╔ÁgetDeferBlocks, ╔ÁgetDirectives, 
╔ÁgetHostElement, ╔ÁgetInjectableDef, ╔ÁgetLContext, ╔ÁgetLocaleCurrencyCode, ╔ÁgetLocalePluralCase, 
╔ÁgetOutputDestroyRef, ╔ÁgetSanitizationBypassType, ╔ÁgetUnknownElementStrictMode, ╔ÁgetUnknownPropertyStrictMode, 
╔Áglobal, ╔ÁinjectChangeDetectorRef, ╔ÁinternalCreateApplication, ╔ÁinternalProvideZoneChangeDetection, 
╔ÁisBoundToModule, ╔ÁisComponentDefPendingResolution, ╔ÁisEnvironmentProviders, ╔ÁisInjectable, ╔ÁisNgModule, 
╔ÁisPromise, ╔ÁisSubscribable, ╔ÁnoSideEffects, ╔ÁpatchComponentDefWithScope, ╔ÁperformanceMarkFeature, 
╔ÁreadHydrationInfo, ╔ÁregisterLocaleData, ╔ÁrenderDeferBlockState, ╔ÁresetCompiledComponents, ╔ÁresetJitOptions, 
╔ÁresolveComponentResources, ╔ÁrestoreComponentResolutionQueue, ╔ÁsetAllowDuplicateNgModuleIdsForTest, 
╔ÁsetAlternateWeakRefImpl, ╔ÁsetClassDebugInfo, ╔ÁsetClassMetadata, ╔ÁsetClassMetadataAsync, ╔ÁsetCurrentInjector, 
╔ÁsetDocument, ╔ÁsetInjectorProfilerContext, ╔ÁsetLocaleId, ╔ÁsetUnknownElementStrictMode, 
╔ÁsetUnknownPropertyStrictMode, ╔Ástore, ╔Ástringify, ╔ÁtransitiveScopesFor, ╔ÁtriggerResourceLoading, 
╔ÁtruncateMiddle, ╔ÁunregisterLocaleData, ╔ÁunwrapSafeValue, ╔ÁunwrapWritableSignal, ╔ÁwhenStable, ╔ÁwithDomHydration, 
╔ÁwithEventReplay, ╔ÁwithI18nSupport, ╔Á╔ÁCopyDefinitionFeature, ╔Á╔ÁFactoryTarget, ╔Á╔ÁHostDirectivesFeature, 
╔Á╔ÁInheritDefinitionFeature, ╔Á╔ÁInputTransformsFeature, ╔Á╔ÁNgOnChangesFeature, ╔Á╔ÁProvidersFeature, 
╔Á╔ÁStandaloneFeature, ╔Á╔Áadvance, ╔Á╔Áattribute, ╔Á╔ÁattributeInterpolate1, ╔Á╔ÁattributeInterpolate2, 
╔Á╔ÁattributeInterpolate3, ╔Á╔ÁattributeInterpolate4, ╔Á╔ÁattributeInterpolate5, ╔Á╔ÁattributeInterpolate6, 
╔Á╔ÁattributeInterpolate7, ╔Á╔ÁattributeInterpolate8, ╔Á╔ÁattributeInterpolateV, ╔Á╔ÁclassMap, 
╔Á╔ÁclassMapInterpolate1, ╔Á╔ÁclassMapInterpolate2, ╔Á╔ÁclassMapInterpolate3, ╔Á╔ÁclassMapInterpolate4, 
╔Á╔ÁclassMapInterpolate5, ╔Á╔ÁclassMapInterpolate6, ╔Á╔ÁclassMapInterpolate7, ╔Á╔ÁclassMapInterpolate8, 
╔Á╔ÁclassMapInterpolateV, ╔Á╔ÁclassProp, ╔Á╔ÁcomponentInstance, ╔Á╔Áconditional, ╔Á╔ÁcontentQuery, 
╔Á╔ÁcontentQuerySignal, ╔Á╔ÁdeclareLet, ╔Á╔Ádefer, ╔Á╔ÁdeferEnableTimerScheduling, ╔Á╔ÁdeferOnHover, ╔Á╔ÁdeferOnIdle, 
╔Á╔ÁdeferOnImmediate, ╔Á╔ÁdeferOnInteraction, ╔Á╔ÁdeferOnTimer, ╔Á╔ÁdeferOnViewport, ╔Á╔ÁdeferPrefetchOnHover, 
╔Á╔ÁdeferPrefetchOnIdle, ╔Á╔ÁdeferPrefetchOnImmediate, ╔Á╔ÁdeferPrefetchOnInteraction, ╔Á╔ÁdeferPrefetchOnTimer, 
╔Á╔ÁdeferPrefetchOnViewport, ╔Á╔ÁdeferPrefetchWhen, ╔Á╔ÁdeferWhen, ╔Á╔ÁdefineComponent, ╔Á╔ÁdefineDirective, 
╔Á╔ÁdefineInjectable, ╔Á╔ÁdefineInjector, ╔Á╔ÁdefineNgModule, ╔Á╔ÁdefinePipe, ╔Á╔ÁdirectiveInject, 
╔Á╔ÁdisableBindings, ╔Á╔Áelement, ╔Á╔ÁelementContainer, ╔Á╔ÁelementContainerEnd, ╔Á╔ÁelementContainerStart, 
╔Á╔ÁelementEnd, ╔Á╔ÁelementStart, ╔Á╔ÁenableBindings, ╔Á╔ÁgetComponentDepsFactory, ╔Á╔ÁgetCurrentView, 
╔Á╔ÁgetInheritedFactory, ╔Á╔ÁhostProperty, ╔Á╔Ái18n, ╔Á╔Ái18nApply, ╔Á╔Ái18nAttributes, ╔Á╔Ái18nEnd, ╔Á╔Ái18nExp, 
╔Á╔Ái18nPostprocess, ╔Á╔Ái18nStart, ╔Á╔Áinject, ╔Á╔ÁinjectAttribute, ╔Á╔ÁinvalidFactory, ╔Á╔ÁinvalidFactoryDep, 
╔Á╔Álistener, ╔Á╔ÁloadQuery, ╔Á╔ÁnamespaceHTML, ╔Á╔ÁnamespaceMathML, ╔Á╔ÁnamespaceSVG, ╔Á╔ÁnextContext, 
╔Á╔ÁngDeclareClassMetadata, ╔Á╔ÁngDeclareClassMetadataAsync, ╔Á╔ÁngDeclareComponent, ╔Á╔ÁngDeclareDirective, 
╔Á╔ÁngDeclareFactory, ╔Á╔ÁngDeclareInjectable, ╔Á╔ÁngDeclareInjector, ╔Á╔ÁngDeclareNgModule, ╔Á╔ÁngDeclarePipe, 
╔Á╔Ápipe, ╔Á╔ÁpipeBind1, ╔Á╔ÁpipeBind2, ╔Á╔ÁpipeBind3, ╔Á╔ÁpipeBind4, ╔Á╔ÁpipeBindV, ╔Á╔Áprojection, 
╔Á╔ÁprojectionDef, ╔Á╔Áproperty, ╔Á╔ÁpropertyInterpolate, ╔Á╔ÁpropertyInterpolate1, ╔Á╔ÁpropertyInterpolate2, 
╔Á╔ÁpropertyInterpolate3, ╔Á╔ÁpropertyInterpolate4, ╔Á╔ÁpropertyInterpolate5, ╔Á╔ÁpropertyInterpolate6, 
╔Á╔ÁpropertyInterpolate7, ╔Á╔ÁpropertyInterpolate8, ╔Á╔ÁpropertyInterpolateV, ╔Á╔ÁpureFunction0, ╔Á╔ÁpureFunction1, 
╔Á╔ÁpureFunction2, ╔Á╔ÁpureFunction3, ╔Á╔ÁpureFunction4, ╔Á╔ÁpureFunction5, ╔Á╔ÁpureFunction6, ╔Á╔ÁpureFunction7, 
╔Á╔ÁpureFunction8, ╔Á╔ÁpureFunctionV, ╔Á╔ÁqueryAdvance, ╔Á╔ÁqueryRefresh, ╔Á╔ÁreadContextLet, ╔Á╔Áreference, 
╔Á╔ÁregisterNgModuleType, ╔Á╔Árepeater, ╔Á╔ÁrepeaterCreate, ╔Á╔ÁrepeaterTrackByIdentity, ╔Á╔ÁrepeaterTrackByIndex, 
╔Á╔ÁresetView, ╔Á╔ÁresolveBody, ╔Á╔ÁresolveDocument, ╔Á╔ÁresolveWindow, ╔Á╔ÁrestoreView, ╔Á╔ÁsanitizeHtml, 
╔Á╔ÁsanitizeResourceUrl, ╔Á╔ÁsanitizeScript, ╔Á╔ÁsanitizeStyle, ╔Á╔ÁsanitizeUrl, ╔Á╔ÁsanitizeUrlOrResourceUrl, 
╔Á╔ÁsetComponentScope, ╔Á╔ÁsetNgModuleScope, ╔Á╔ÁstoreLet, ╔Á╔ÁstyleMap, ╔Á╔ÁstyleMapInterpolate1, 
╔Á╔ÁstyleMapInterpolate2, ╔Á╔ÁstyleMapInterpolate3, ╔Á╔ÁstyleMapInterpolate4, ╔Á╔ÁstyleMapInterpolate5, 
╔Á╔ÁstyleMapInterpolate6, ╔Á╔ÁstyleMapInterpolate7, ╔Á╔ÁstyleMapInterpolate8, ╔Á╔ÁstyleMapInterpolateV, ╔Á╔ÁstyleProp, 
╔Á╔ÁstylePropInterpolate1, ╔Á╔ÁstylePropInterpolate2, ╔Á╔ÁstylePropInterpolate3, ╔Á╔ÁstylePropInterpolate4, 
╔Á╔ÁstylePropInterpolate5, ╔Á╔ÁstylePropInterpolate6, ╔Á╔ÁstylePropInterpolate7, ╔Á╔ÁstylePropInterpolate8, 
╔Á╔ÁstylePropInterpolateV, ╔Á╔ÁsyntheticHostListener, ╔Á╔ÁsyntheticHostProperty, ╔Á╔Átemplate, 
╔Á╔ÁtemplateRefExtractor, ╔Á╔Átext, ╔Á╔ÁtextInterpolate, ╔Á╔ÁtextInterpolate1, ╔Á╔ÁtextInterpolate2, 
╔Á╔ÁtextInterpolate3, ╔Á╔ÁtextInterpolate4, ╔Á╔ÁtextInterpolate5, ╔Á╔ÁtextInterpolate6, ╔Á╔ÁtextInterpolate7, 
╔Á╔ÁtextInterpolate8, ╔Á╔ÁtextInterpolateV, ╔Á╔ÁtrustConstantHtml, ╔Á╔ÁtrustConstantResourceUrl, ╔Á╔ÁtwoWayBindingSet, 
╔Á╔ÁtwoWayListener, ╔Á╔ÁtwoWayProperty, ╔Á╔ÁvalidateIframeAttribute, ╔Á╔ÁviewQuery, ╔Á╔ÁviewQuerySignal)

../node_modules/@angular/material/fesm2022/core.mjs:1501:20-40 - Error: export '╔Á╔ÁInputFlags' (imported as 'i0') was 
not found in '@angular/core' (possible exports: ANIMATION_MODULE_TYPE, APP_BOOTSTRAP_LISTENER, APP_ID, 
APP_INITIALIZER, AfterRenderPhase, ApplicationInitStatus, ApplicationModule, ApplicationRef, Attribute, 
COMPILER_OPTIONS, CSP_NONCE, CUSTOM_ELEMENTS_SCHEMA, ChangeDetectionStrategy, ChangeDetectorRef, Compiler, 
CompilerFactory, Component, ComponentFactory, ComponentFactoryResolver, ComponentRef, ContentChild, ContentChildren, 
DEFAULT_CURRENCY_CODE, DebugElement, DebugEventListener, DebugNode, DefaultIterableDiffer, DestroyRef, Directive, 
ENVIRONMENT_INITIALIZER, ElementRef, EmbeddedViewRef, EnvironmentInjector, ErrorHandler, EventEmitter, 
ExperimentalPendingTasks, HOST_TAG_NAME, Host, HostAttributeToken, HostBinding, HostListener, INJECTOR, Inject, 
InjectFlags, Injectable, InjectionToken, Injector, Input, IterableDiffers, KeyValueDiffers, LOCALE_ID, 
MissingTranslationStrategy, ModuleWithComponentFactories, NO_ERRORS_SCHEMA, NgModule, NgModuleFactory, NgModuleRef, 
NgProbeToken, NgZone, Optional, Output, OutputEmitterRef, PACKAGE_ROOT_URL, PLATFORM_ID, PLATFORM_INITIALIZER, Pipe, 
PlatformRef, Query, QueryList, Renderer2, RendererFactory2, RendererStyleFlags2, Sanitizer, SecurityContext, Self, 
SimpleChange, SkipSelf, TRANSLATIONS, TRANSLATIONS_FORMAT, TemplateRef, Testability, TestabilityRegistry, 
TransferState, Type, VERSION, Version, ViewChild, ViewChildren, ViewContainerRef, ViewEncapsulation, ViewRef, 
afterNextRender, afterRender, asNativeElements, assertInInjectionContext, assertNotInReactiveContext, assertPlatform, 
booleanAttribute, computed, contentChild, contentChildren, createComponent, createEnvironmentInjector, createNgModule, 
createNgModuleRef, createPlatform, createPlatformFactory, defineInjectable, destroyPlatform, effect, enableProdMode, 
forwardRef, getDebugNode, getModuleFactory, getNgModuleById, getPlatform, importProvidersFrom, inject, input, 
isDevMode, isSignal, isStandalone, makeEnvironmentProviders, makeStateKey, mergeApplicationConfig, model, 
numberAttribute, output, platformCore, provideExperimentalCheckNoChangesForDebug, 
provideExperimentalZonelessChangeDetection, provideZoneChangeDetection, reflectComponentType, resolveForwardRef, 
runInInjectionContext, setTestabilityGetter, signal, untracked, viewChild, viewChildren, ╔ÁALLOW_MULTIPLE_PLATFORMS, 
╔ÁAfterRenderManager, ╔ÁCONTAINER_HEADER_OFFSET, ╔ÁChangeDetectionScheduler, ╔ÁChangeDetectionSchedulerImpl, 
╔ÁComponentFactory, ╔ÁConsole, ╔ÁDEFAULT_LOCALE_ID, ╔ÁDEFER_BLOCK_CONFIG, ╔ÁDEFER_BLOCK_DEPENDENCY_INTERCEPTOR, 
╔ÁDeferBlockBehavior, ╔ÁDeferBlockState, ╔ÁEffectScheduler, ╔ÁIMAGE_CONFIG, ╔ÁIMAGE_CONFIG_DEFAULTS, ╔ÁINJECTOR_SCOPE, 
╔ÁINPUT_SIGNAL_BRAND_WRITE_TYPE, ╔ÁINTERNAL_APPLICATION_ERROR_HANDLER, ╔ÁIS_HYDRATION_DOM_REUSE_ENABLED, 
╔ÁJSACTION_EVENT_CONTRACT, ╔ÁLContext, ╔ÁLifecycleHooksFeature, ╔ÁLocaleDataIndex, ╔ÁNG_COMP_DEF, ╔ÁNG_DIR_DEF, 
╔ÁNG_ELEMENT_ID, ╔ÁNG_INJ_DEF, ╔ÁNG_MOD_DEF, ╔ÁNG_PIPE_DEF, ╔ÁNG_PROV_DEF, ╔ÁNOT_FOUND_CHECK_ONLY_ELEMENT_INJECTOR, 
╔ÁNO_CHANGE, ╔ÁNgModuleFactory, ╔ÁNoopNgZone, ╔ÁPROVIDED_NG_ZONE, ╔ÁPendingTasks, ╔ÁReflectionCapabilities, 
╔ÁRender3ComponentFactory, ╔ÁRender3ComponentRef, ╔ÁRender3NgModuleRef, ╔ÁRuntimeError, ╔ÁSIGNAL, 
╔ÁSSR_CONTENT_INTEGRITY_MARKER, ╔ÁTESTABILITY, ╔ÁTESTABILITY_GETTER, ╔ÁUSE_RUNTIME_DEPS_TRACKER_FOR_JIT, ╔ÁViewRef, 
╔ÁXSS_SECURITY_URL, ╔ÁZONELESS_ENABLED, ╔Á_sanitizeHtml, ╔Á_sanitizeUrl, ╔ÁallowSanitizationBypassAndThrow, 
╔ÁannotateForHydration, ╔ÁbypassSanitizationTrustHtml, ╔ÁbypassSanitizationTrustResourceUrl, 
╔ÁbypassSanitizationTrustScript, ╔ÁbypassSanitizationTrustStyle, ╔ÁbypassSanitizationTrustUrl, 
╔ÁclearResolutionOfComponentResourcesQueue, ╔ÁcompileComponent, ╔ÁcompileDirective, ╔ÁcompileNgModule, 
╔ÁcompileNgModuleDefs, ╔ÁcompileNgModuleFactory, ╔ÁcompilePipe, ╔ÁconvertToBitFlags, ╔ÁcreateInjector, 
╔ÁdefaultIterableDiffers, ╔ÁdefaultKeyValueDiffers, ╔ÁdepsTracker, ╔ÁdetectChangesInViewIfRequired, ╔ÁdevModeEqual, 
╔ÁfindLocaleData, ╔ÁflushModuleScopingQueueAsMuchAsPossible, ╔ÁformatRuntimeError, 
╔ÁgenerateStandaloneInDeclarationsError, ╔ÁgetAsyncClassMetadataFn, ╔ÁgetDebugNode, ╔ÁgetDeferBlocks, ╔ÁgetDirectives, 
╔ÁgetHostElement, ╔ÁgetInjectableDef, ╔ÁgetLContext, ╔ÁgetLocaleCurrencyCode, ╔ÁgetLocalePluralCase, 
╔ÁgetOutputDestroyRef, ╔ÁgetSanitizationBypassType, ╔ÁgetUnknownElementStrictMode, ╔ÁgetUnknownPropertyStrictMode, 
╔Áglobal, ╔ÁinjectChangeDetectorRef, ╔ÁinternalCreateApplication, ╔ÁinternalProvideZoneChangeDetection, 
╔ÁisBoundToModule, ╔ÁisComponentDefPendingResolution, ╔ÁisEnvironmentProviders, ╔ÁisInjectable, ╔ÁisNgModule, 
╔ÁisPromise, ╔ÁisSubscribable, ╔ÁnoSideEffects, ╔ÁpatchComponentDefWithScope, ╔ÁperformanceMarkFeature, 
╔ÁreadHydrationInfo, ╔ÁregisterLocaleData, ╔ÁrenderDeferBlockState, ╔ÁresetCompiledComponents, ╔ÁresetJitOptions, 
╔ÁresolveComponentResources, ╔ÁrestoreComponentResolutionQueue, ╔ÁsetAllowDuplicateNgModuleIdsForTest, 
╔ÁsetAlternateWeakRefImpl, ╔ÁsetClassDebugInfo, ╔ÁsetClassMetadata, ╔ÁsetClassMetadataAsync, ╔ÁsetCurrentInjector, 
╔ÁsetDocument, ╔ÁsetInjectorProfilerContext, ╔ÁsetLocaleId, ╔ÁsetUnknownElementStrictMode, 
╔ÁsetUnknownPropertyStrictMode, ╔Ástore, ╔Ástringify, ╔ÁtransitiveScopesFor, ╔ÁtriggerResourceLoading, 
╔ÁtruncateMiddle, ╔ÁunregisterLocaleData, ╔ÁunwrapSafeValue, ╔ÁunwrapWritableSignal, ╔ÁwhenStable, ╔ÁwithDomHydration, 
╔ÁwithEventReplay, ╔ÁwithI18nSupport, ╔Á╔ÁCopyDefinitionFeature, ╔Á╔ÁFactoryTarget, ╔Á╔ÁHostDirectivesFeature, 
╔Á╔ÁInheritDefinitionFeature, ╔Á╔ÁInputTransformsFeature, ╔Á╔ÁNgOnChangesFeature, ╔Á╔ÁProvidersFeature, 
╔Á╔ÁStandaloneFeature, ╔Á╔Áadvance, ╔Á╔Áattribute, ╔Á╔ÁattributeInterpolate1, ╔Á╔ÁattributeInterpolate2, 
╔Á╔ÁattributeInterpolate3, ╔Á╔ÁattributeInterpolate4, ╔Á╔ÁattributeInterpolate5, ╔Á╔ÁattributeInterpolate6, 
╔Á╔ÁattributeInterpolate7, ╔Á╔ÁattributeInterpolate8, ╔Á╔ÁattributeInterpolateV, ╔Á╔ÁclassMap, 
╔Á╔ÁclassMapInterpolate1, ╔Á╔ÁclassMapInterpolate2, ╔Á╔ÁclassMapInterpolate3, ╔Á╔ÁclassMapInterpolate4, 
╔Á╔ÁclassMapInterpolate5, ╔Á╔ÁclassMapInterpolate6, ╔Á╔ÁclassMapInterpolate7, ╔Á╔ÁclassMapInterpolate8, 
╔Á╔ÁclassMapInterpolateV, ╔Á╔ÁclassProp, ╔Á╔ÁcomponentInstance, ╔Á╔Áconditional, ╔Á╔ÁcontentQuery, 
╔Á╔ÁcontentQuerySignal, ╔Á╔ÁdeclareLet, ╔Á╔Ádefer, ╔Á╔ÁdeferEnableTimerScheduling, ╔Á╔ÁdeferOnHover, ╔Á╔ÁdeferOnIdle, 
╔Á╔ÁdeferOnImmediate, ╔Á╔ÁdeferOnInteraction, ╔Á╔ÁdeferOnTimer, ╔Á╔ÁdeferOnViewport, ╔Á╔ÁdeferPrefetchOnHover, 
╔Á╔ÁdeferPrefetchOnIdle, ╔Á╔ÁdeferPrefetchOnImmediate, ╔Á╔ÁdeferPrefetchOnInteraction, ╔Á╔ÁdeferPrefetchOnTimer, 
╔Á╔ÁdeferPrefetchOnViewport, ╔Á╔ÁdeferPrefetchWhen, ╔Á╔ÁdeferWhen, ╔Á╔ÁdefineComponent, ╔Á╔ÁdefineDirective, 
╔Á╔ÁdefineInjectable, ╔Á╔ÁdefineInjector, ╔Á╔ÁdefineNgModule, ╔Á╔ÁdefinePipe, ╔Á╔ÁdirectiveInject, 
╔Á╔ÁdisableBindings, ╔Á╔Áelement, ╔Á╔ÁelementContainer, ╔Á╔ÁelementContainerEnd, ╔Á╔ÁelementContainerStart, 
╔Á╔ÁelementEnd, ╔Á╔ÁelementStart, ╔Á╔ÁenableBindings, ╔Á╔ÁgetComponentDepsFactory, ╔Á╔ÁgetCurrentView, 
╔Á╔ÁgetInheritedFactory, ╔Á╔ÁhostProperty, ╔Á╔Ái18n, ╔Á╔Ái18nApply, ╔Á╔Ái18nAttributes, ╔Á╔Ái18nEnd, ╔Á╔Ái18nExp, 
╔Á╔Ái18nPostprocess, ╔Á╔Ái18nStart, ╔Á╔Áinject, ╔Á╔ÁinjectAttribute, ╔Á╔ÁinvalidFactory, ╔Á╔ÁinvalidFactoryDep, 
╔Á╔Álistener, ╔Á╔ÁloadQuery, ╔Á╔ÁnamespaceHTML, ╔Á╔ÁnamespaceMathML, ╔Á╔ÁnamespaceSVG, ╔Á╔ÁnextContext, 
╔Á╔ÁngDeclareClassMetadata, ╔Á╔ÁngDeclareClassMetadataAsync, ╔Á╔ÁngDeclareComponent, ╔Á╔ÁngDeclareDirective, 
╔Á╔ÁngDeclareFactory, ╔Á╔ÁngDeclareInjectable, ╔Á╔ÁngDeclareInjector, ╔Á╔ÁngDeclareNgModule, ╔Á╔ÁngDeclarePipe, 
╔Á╔Ápipe, ╔Á╔ÁpipeBind1, ╔Á╔ÁpipeBind2, ╔Á╔ÁpipeBind3, ╔Á╔ÁpipeBind4, ╔Á╔ÁpipeBindV, ╔Á╔Áprojection, 
╔Á╔ÁprojectionDef, ╔Á╔Áproperty, ╔Á╔ÁpropertyInterpolate, ╔Á╔ÁpropertyInterpolate1, ╔Á╔ÁpropertyInterpolate2, 
╔Á╔ÁpropertyInterpolate3, ╔Á╔ÁpropertyInterpolate4, ╔Á╔ÁpropertyInterpolate5, ╔Á╔ÁpropertyInterpolate6, 
╔Á╔ÁpropertyInterpolate7, ╔Á╔ÁpropertyInterpolate8, ╔Á╔ÁpropertyInterpolateV, ╔Á╔ÁpureFunction0, ╔Á╔ÁpureFunction1, 
╔Á╔ÁpureFunction2, ╔Á╔ÁpureFunction3, ╔Á╔ÁpureFunction4, ╔Á╔ÁpureFunction5, ╔Á╔ÁpureFunction6, ╔Á╔ÁpureFunction7, 
╔Á╔ÁpureFunction8, ╔Á╔ÁpureFunctionV, ╔Á╔ÁqueryAdvance, ╔Á╔ÁqueryRefresh, ╔Á╔ÁreadContextLet, ╔Á╔Áreference, 
╔Á╔ÁregisterNgModuleType, ╔Á╔Árepeater, ╔Á╔ÁrepeaterCreate, ╔Á╔ÁrepeaterTrackByIdentity, ╔Á╔ÁrepeaterTrackByIndex, 
╔Á╔ÁresetView, ╔Á╔ÁresolveBody, ╔Á╔ÁresolveDocument, ╔Á╔ÁresolveWindow, ╔Á╔ÁrestoreView, ╔Á╔ÁsanitizeHtml, 
╔Á╔ÁsanitizeResourceUrl, ╔Á╔ÁsanitizeScript, ╔Á╔ÁsanitizeStyle, ╔Á╔ÁsanitizeUrl, ╔Á╔ÁsanitizeUrlOrResourceUrl, 
╔Á╔ÁsetComponentScope, ╔Á╔ÁsetNgModuleScope, ╔Á╔ÁstoreLet, ╔Á╔ÁstyleMap, ╔Á╔ÁstyleMapInterpolate1, 
╔Á╔ÁstyleMapInterpolate2, ╔Á╔ÁstyleMapInterpolate3, ╔Á╔ÁstyleMapInterpolate4, ╔Á╔ÁstyleMapInterpolate5, 
╔Á╔ÁstyleMapInterpolate6, ╔Á╔ÁstyleMapInterpolate7, ╔Á╔ÁstyleMapInterpolate8, ╔Á╔ÁstyleMapInterpolateV, ╔Á╔ÁstyleProp, 
╔Á╔ÁstylePropInterpolate1, ╔Á╔ÁstylePropInterpolate2, ╔Á╔ÁstylePropInterpolate3, ╔Á╔ÁstylePropInterpolate4, 
╔Á╔ÁstylePropInterpolate5, ╔Á╔ÁstylePropInterpolate6, ╔Á╔ÁstylePropInterpolate7, ╔Á╔ÁstylePropInterpolate8, 
╔Á╔ÁstylePropInterpolateV, ╔Á╔ÁsyntheticHostListener, ╔Á╔ÁsyntheticHostProperty, ╔Á╔Átemplate, 
╔Á╔ÁtemplateRefExtractor, ╔Á╔Átext, ╔Á╔ÁtextInterpolate, ╔Á╔ÁtextInterpolate1, ╔Á╔ÁtextInterpolate2, 
╔Á╔ÁtextInterpolate3, ╔Á╔ÁtextInterpolate4, ╔Á╔ÁtextInterpolate5, ╔Á╔ÁtextInterpolate6, ╔Á╔ÁtextInterpolate7, 
╔Á╔ÁtextInterpolate8, ╔Á╔ÁtextInterpolateV, ╔Á╔ÁtrustConstantHtml, ╔Á╔ÁtrustConstantResourceUrl, ╔Á╔ÁtwoWayBindingSet, 
╔Á╔ÁtwoWayListener, ╔Á╔ÁtwoWayProperty, ╔Á╔ÁvalidateIframeAttribute, ╔Á╔ÁviewQuery, ╔Á╔ÁviewQuerySignal)

../node_modules/@angular/material/fesm2022/core.mjs:1502:19-39 - Error: export '╔Á╔ÁInputFlags' (imported as 'i0') was 
not found in '@angular/core' (possible exports: ANIMATION_MODULE_TYPE, APP_BOOTSTRAP_LISTENER, APP_ID, 
APP_INITIALIZER, AfterRenderPhase, ApplicationInitStatus, ApplicationModule, ApplicationRef, Attribute, 
COMPILER_OPTIONS, CSP_NONCE, CUSTOM_ELEMENTS_SCHEMA, ChangeDetectionStrategy, ChangeDetectorRef, Compiler, 
CompilerFactory, Component, ComponentFactory, ComponentFactoryResolver, ComponentRef, ContentChild, ContentChildren, 
DEFAULT_CURRENCY_CODE, DebugElement, DebugEventListener, DebugNode, DefaultIterableDiffer, DestroyRef, Directive, 
ENVIRONMENT_INITIALIZER, ElementRef, EmbeddedViewRef, EnvironmentInjector, ErrorHandler, EventEmitter, 
ExperimentalPendingTasks, HOST_TAG_NAME, Host, HostAttributeToken, HostBinding, HostListener, INJECTOR, Inject, 
InjectFlags, Injectable, InjectionToken, Injector, Input, IterableDiffers, KeyValueDiffers, LOCALE_ID, 
MissingTranslationStrategy, ModuleWithComponentFactories, NO_ERRORS_SCHEMA, NgModule, NgModuleFactory, NgModuleRef, 
NgProbeToken, NgZone, Optional, Output, OutputEmitterRef, PACKAGE_ROOT_URL, PLATFORM_ID, PLATFORM_INITIALIZER, Pipe, 
PlatformRef, Query, QueryList, Renderer2, RendererFactory2, RendererStyleFlags2, Sanitizer, SecurityContext, Self, 
SimpleChange, SkipSelf, TRANSLATIONS, TRANSLATIONS_FORMAT, TemplateRef, Testability, TestabilityRegistry, 
TransferState, Type, VERSION, Version, ViewChild, ViewChildren, ViewContainerRef, ViewEncapsulation, ViewRef, 
afterNextRender, afterRender, asNativeElements, assertInInjectionContext, assertNotInReactiveContext, assertPlatform, 
booleanAttribute, computed, contentChild, contentChildren, createComponent, createEnvironmentInjector, createNgModule, 
createNgModuleRef, createPlatform, createPlatformFactory, defineInjectable, destroyPlatform, effect, enableProdMode, 
forwardRef, getDebugNode, getModuleFactory, getNgModuleById, getPlatform, importProvidersFrom, inject, input, 
isDevMode, isSignal, isStandalone, makeEnvironmentProviders, makeStateKey, mergeApplicationConfig, model, 
numberAttribute, output, platformCore, provideExperimentalCheckNoChangesForDebug, 
provideExperimentalZonelessChangeDetection, provideZoneChangeDetection, reflectComponentType, resolveForwardRef, 
runInInjectionContext, setTestabilityGetter, signal, untracked, viewChild, viewChildren, ╔ÁALLOW_MULTIPLE_PLATFORMS, 
╔ÁAfterRenderManager, ╔ÁCONTAINER_HEADER_OFFSET, ╔ÁChangeDetectionScheduler, ╔ÁChangeDetectionSchedulerImpl, 
╔ÁComponentFactory, ╔ÁConsole, ╔ÁDEFAULT_LOCALE_ID, ╔ÁDEFER_BLOCK_CONFIG, ╔ÁDEFER_BLOCK_DEPENDENCY_INTERCEPTOR, 
╔ÁDeferBlockBehavior, ╔ÁDeferBlockState, ╔ÁEffectScheduler, ╔ÁIMAGE_CONFIG, ╔ÁIMAGE_CONFIG_DEFAULTS, ╔ÁINJECTOR_SCOPE, 
╔ÁINPUT_SIGNAL_BRAND_WRITE_TYPE, ╔ÁINTERNAL_APPLICATION_ERROR_HANDLER, ╔ÁIS_HYDRATION_DOM_REUSE_ENABLED, 
╔ÁJSACTION_EVENT_CONTRACT, ╔ÁLContext, ╔ÁLifecycleHooksFeature, ╔ÁLocaleDataIndex, ╔ÁNG_COMP_DEF, ╔ÁNG_DIR_DEF, 
╔ÁNG_ELEMENT_ID, ╔ÁNG_INJ_DEF, ╔ÁNG_MOD_DEF, ╔ÁNG_PIPE_DEF, ╔ÁNG_PROV_DEF, ╔ÁNOT_FOUND_CHECK_ONLY_ELEMENT_INJECTOR, 
╔ÁNO_CHANGE, ╔ÁNgModuleFactory, ╔ÁNoopNgZone, ╔ÁPROVIDED_NG_ZONE, ╔ÁPendingTasks, ╔ÁReflectionCapabilities, 
╔ÁRender3ComponentFactory, ╔ÁRender3ComponentRef, ╔ÁRender3NgModuleRef, ╔ÁRuntimeError, ╔ÁSIGNAL, 
╔ÁSSR_CONTENT_INTEGRITY_MARKER, ╔ÁTESTABILITY, ╔ÁTESTABILITY_GETTER, ╔ÁUSE_RUNTIME_DEPS_TRACKER_FOR_JIT, ╔ÁViewRef, 
╔ÁXSS_SECURITY_URL, ╔ÁZONELESS_ENABLED, ╔Á_sanitizeHtml, ╔Á_sanitizeUrl, ╔ÁallowSanitizationBypassAndThrow, 
╔ÁannotateForHydration, ╔ÁbypassSanitizationTrustHtml, ╔ÁbypassSanitizationTrustResourceUrl, 
╔ÁbypassSanitizationTrustScript, ╔ÁbypassSanitizationTrustStyle, ╔ÁbypassSanitizationTrustUrl, 
╔ÁclearResolutionOfComponentResourcesQueue, ╔ÁcompileComponent, ╔ÁcompileDirective, ╔ÁcompileNgModule, 
╔ÁcompileNgModuleDefs, ╔ÁcompileNgModuleFactory, ╔ÁcompilePipe, ╔ÁconvertToBitFlags, ╔ÁcreateInjector, 
╔ÁdefaultIterableDiffers, ╔ÁdefaultKeyValueDiffers, ╔ÁdepsTracker, ╔ÁdetectChangesInViewIfRequired, ╔ÁdevModeEqual, 
╔ÁfindLocaleData, ╔ÁflushModuleScopingQueueAsMuchAsPossible, ╔ÁformatRuntimeError, 
╔ÁgenerateStandaloneInDeclarationsError, ╔ÁgetAsyncClassMetadataFn, ╔ÁgetDebugNode, ╔ÁgetDeferBlocks, ╔ÁgetDirectives, 
╔ÁgetHostElement, ╔ÁgetInjectableDef, ╔ÁgetLContext, ╔ÁgetLocaleCurrencyCode, ╔ÁgetLocalePluralCase, 
╔ÁgetOutputDestroyRef, ╔ÁgetSanitizationBypassType, ╔ÁgetUnknownElementStrictMode, ╔ÁgetUnknownPropertyStrictMode, 
╔Áglobal, ╔ÁinjectChangeDetectorRef, ╔ÁinternalCreateApplication, ╔ÁinternalProvideZoneChangeDetection, 
╔ÁisBoundToModule, ╔ÁisComponentDefPendingResolution, ╔ÁisEnvironmentProviders, ╔ÁisInjectable, ╔ÁisNgModule, 
╔ÁisPromise, ╔ÁisSubscribable, ╔ÁnoSideEffects, ╔ÁpatchComponentDefWithScope, ╔ÁperformanceMarkFeature, 
╔ÁreadHydrationInfo, ╔ÁregisterLocaleData, ╔ÁrenderDeferBlockState, ╔ÁresetCompiledComponents, ╔ÁresetJitOptions, 
╔ÁresolveComponentResources, ╔ÁrestoreComponentResolutionQueue, ╔ÁsetAllowDuplicateNgModuleIdsForTest, 
╔ÁsetAlternateWeakRefImpl, ╔ÁsetClassDebugInfo, ╔ÁsetClassMetadata, ╔ÁsetClassMetadataAsync, ╔ÁsetCurrentInjector, 
╔ÁsetDocument, ╔ÁsetInjectorProfilerContext, ╔ÁsetLocaleId, ╔ÁsetUnknownElementStrictMode, 
╔ÁsetUnknownPropertyStrictMode, ╔Ástore, ╔Ástringify, ╔ÁtransitiveScopesFor, ╔ÁtriggerResourceLoading, 
╔ÁtruncateMiddle, ╔ÁunregisterLocaleData, ╔ÁunwrapSafeValue, ╔ÁunwrapWritableSignal, ╔ÁwhenStable, ╔ÁwithDomHydration, 
╔ÁwithEventReplay, ╔ÁwithI18nSupport, ╔Á╔ÁCopyDefinitionFeature, ╔Á╔ÁFactoryTarget, ╔Á╔ÁHostDirectivesFeature, 
╔Á╔ÁInheritDefinitionFeature, ╔Á╔ÁInputTransformsFeature, ╔Á╔ÁNgOnChangesFeature, ╔Á╔ÁProvidersFeature, 
╔Á╔ÁStandaloneFeature, ╔Á╔Áadvance, ╔Á╔Áattribute, ╔Á╔ÁattributeInterpolate1, ╔Á╔ÁattributeInterpolate2, 
╔Á╔ÁattributeInterpolate3, ╔Á╔ÁattributeInterpolate4, ╔Á╔ÁattributeInterpolate5, ╔Á╔ÁattributeInterpolate6, 
╔Á╔ÁattributeInterpolate7, ╔Á╔ÁattributeInterpolate8, ╔Á╔ÁattributeInterpolateV, ╔Á╔ÁclassMap, 
╔Á╔ÁclassMapInterpolate1, ╔Á╔ÁclassMapInterpolate2, ╔Á╔ÁclassMapInterpolate3, ╔Á╔ÁclassMapInterpolate4, 
╔Á╔ÁclassMapInterpolate5, ╔Á╔ÁclassMapInterpolate6, ╔Á╔ÁclassMapInterpolate7, ╔Á╔ÁclassMapInterpolate8, 
╔Á╔ÁclassMapInterpolateV, ╔Á╔ÁclassProp, ╔Á╔ÁcomponentInstance, ╔Á╔Áconditional, ╔Á╔ÁcontentQuery, 
╔Á╔ÁcontentQuerySignal, ╔Á╔ÁdeclareLet, ╔Á╔Ádefer, ╔Á╔ÁdeferEnableTimerScheduling, ╔Á╔ÁdeferOnHover, ╔Á╔ÁdeferOnIdle, 
╔Á╔ÁdeferOnImmediate, ╔Á╔ÁdeferOnInteraction, ╔Á╔ÁdeferOnTimer, ╔Á╔ÁdeferOnViewport, ╔Á╔ÁdeferPrefetchOnHover, 
╔Á╔ÁdeferPrefetchOnIdle, ╔Á╔ÁdeferPrefetchOnImmediate, ╔Á╔ÁdeferPrefetchOnInteraction, ╔Á╔ÁdeferPrefetchOnTimer, 
╔Á╔ÁdeferPrefetchOnViewport, ╔Á╔ÁdeferPrefetchWhen, ╔Á╔ÁdeferWhen, ╔Á╔ÁdefineComponent, ╔Á╔ÁdefineDirective, 
╔Á╔ÁdefineInjectable, ╔Á╔ÁdefineInjector, ╔Á╔ÁdefineNgModule, ╔Á╔ÁdefinePipe, ╔Á╔ÁdirectiveInject, 
╔Á╔ÁdisableBindings, ╔Á╔Áelement, ╔Á╔ÁelementContainer, ╔Á╔ÁelementContainerEnd, ╔Á╔ÁelementContainerStart, 
╔Á╔ÁelementEnd, ╔Á╔ÁelementStart, ╔Á╔ÁenableBindings, ╔Á╔ÁgetComponentDepsFactory, ╔Á╔ÁgetCurrentView, 
╔Á╔ÁgetInheritedFactory, ╔Á╔ÁhostProperty, ╔Á╔Ái18n, ╔Á╔Ái18nApply, ╔Á╔Ái18nAttributes, ╔Á╔Ái18nEnd, ╔Á╔Ái18nExp, 
╔Á╔Ái18nPostprocess, ╔Á╔Ái18nStart, ╔Á╔Áinject, ╔Á╔ÁinjectAttribute, ╔Á╔ÁinvalidFactory, ╔Á╔ÁinvalidFactoryDep, 
╔Á╔Álistener, ╔Á╔ÁloadQuery, ╔Á╔ÁnamespaceHTML, ╔Á╔ÁnamespaceMathML, ╔Á╔ÁnamespaceSVG, ╔Á╔ÁnextContext, 
╔Á╔ÁngDeclareClassMetadata, ╔Á╔ÁngDeclareClassMetadataAsync, ╔Á╔ÁngDeclareComponent, ╔Á╔ÁngDeclareDirective, 
╔Á╔ÁngDeclareFactory, ╔Á╔ÁngDeclareInjectable, ╔Á╔ÁngDeclareInjector, ╔Á╔ÁngDeclareNgModule, ╔Á╔ÁngDeclarePipe, 
╔Á╔Ápipe, ╔Á╔ÁpipeBind1, ╔Á╔ÁpipeBind2, ╔Á╔ÁpipeBind3, ╔Á╔ÁpipeBind4, ╔Á╔ÁpipeBindV, ╔Á╔Áprojection, 
╔Á╔ÁprojectionDef, ╔Á╔Áproperty, ╔Á╔ÁpropertyInterpolate, ╔Á╔ÁpropertyInterpolate1, ╔Á╔ÁpropertyInterpolate2, 
╔Á╔ÁpropertyInterpolate3, ╔Á╔ÁpropertyInterpolate4, ╔Á╔ÁpropertyInterpolate5, ╔Á╔ÁpropertyInterpolate6, 
╔Á╔ÁpropertyInterpolate7, ╔Á╔ÁpropertyInterpolate8, ╔Á╔ÁpropertyInterpolateV, ╔Á╔ÁpureFunction0, ╔Á╔ÁpureFunction1, 
╔Á╔ÁpureFunction2, ╔Á╔ÁpureFunction3, ╔Á╔ÁpureFunction4, ╔Á╔ÁpureFunction5, ╔Á╔ÁpureFunction6, ╔Á╔ÁpureFunction7, 
╔Á╔ÁpureFunction8, ╔Á╔ÁpureFunctionV, ╔Á╔ÁqueryAdvance, ╔Á╔ÁqueryRefresh, ╔Á╔ÁreadContextLet, ╔Á╔Áreference, 
╔Á╔ÁregisterNgModuleType, ╔Á╔Árepeater, ╔Á╔ÁrepeaterCreate, ╔Á╔ÁrepeaterTrackByIdentity, ╔Á╔ÁrepeaterTrackByIndex, 
╔Á╔ÁresetView, ╔Á╔ÁresolveBody, ╔Á╔ÁresolveDocument, ╔Á╔ÁresolveWindow, ╔Á╔ÁrestoreView, ╔Á╔ÁsanitizeHtml, 
╔Á╔ÁsanitizeResourceUrl, ╔Á╔ÁsanitizeScript, ╔Á╔ÁsanitizeStyle, ╔Á╔ÁsanitizeUrl, ╔Á╔ÁsanitizeUrlOrResourceUrl, 
╔Á╔ÁsetComponentScope, ╔Á╔ÁsetNgModuleScope, ╔Á╔ÁstoreLet, ╔Á╔ÁstyleMap, ╔Á╔ÁstyleMapInterpolate1, 
╔Á╔ÁstyleMapInterpolate2, ╔Á╔ÁstyleMapInterpolate3, ╔Á╔ÁstyleMapInterpolate4, ╔Á╔ÁstyleMapInterpolate5, 
╔Á╔ÁstyleMapInterpolate6, ╔Á╔ÁstyleMapInterpolate7, ╔Á╔ÁstyleMapInterpolate8, ╔Á╔ÁstyleMapInterpolateV, ╔Á╔ÁstyleProp, 
╔Á╔ÁstylePropInterpolate1, ╔Á╔ÁstylePropInterpolate2, ╔Á╔ÁstylePropInterpolate3, ╔Á╔ÁstylePropInterpolate4, 
╔Á╔ÁstylePropInterpolate5, ╔Á╔ÁstylePropInterpolate6, ╔Á╔ÁstylePropInterpolate7, ╔Á╔ÁstylePropInterpolate8, 
╔Á╔ÁstylePropInterpolateV, ╔Á╔ÁsyntheticHostListener, ╔Á╔ÁsyntheticHostProperty, ╔Á╔Átemplate, 
╔Á╔ÁtemplateRefExtractor, ╔Á╔Átext, ╔Á╔ÁtextInterpolate, ╔Á╔ÁtextInterpolate1, ╔Á╔ÁtextInterpolate2, 
╔Á╔ÁtextInterpolate3, ╔Á╔ÁtextInterpolate4, ╔Á╔ÁtextInterpolate5, ╔Á╔ÁtextInterpolate6, ╔Á╔ÁtextInterpolate7, 
╔Á╔ÁtextInterpolate8, ╔Á╔ÁtextInterpolateV, ╔Á╔ÁtrustConstantHtml, ╔Á╔ÁtrustConstantResourceUrl, ╔Á╔ÁtwoWayBindingSet, 
╔Á╔ÁtwoWayListener, ╔Á╔ÁtwoWayProperty, ╔Á╔ÁvalidateIframeAttribute, ╔Á╔ÁviewQuery, ╔Á╔ÁviewQuerySignal)

../node_modules/@angular/material/fesm2022/core.mjs:1503:17-37 - Error: export '╔Á╔ÁInputFlags' (imported as 'i0') was 
not found in '@angular/core' (possible exports: ANIMATION_MODULE_TYPE, APP_BOOTSTRAP_LISTENER, APP_ID, 
APP_INITIALIZER, AfterRenderPhase, ApplicationInitStatus, ApplicationModule, ApplicationRef, Attribute, 
COMPILER_OPTIONS, CSP_NONCE, CUSTOM_ELEMENTS_SCHEMA, ChangeDetectionStrategy, ChangeDetectorRef, Compiler, 
CompilerFactory, Component, ComponentFactory, ComponentFactoryResolver, ComponentRef, ContentChild, ContentChildren, 
DEFAULT_CURRENCY_CODE, DebugElement, DebugEventListener, DebugNode, DefaultIterableDiffer, DestroyRef, Directive, 
ENVIRONMENT_INITIALIZER, ElementRef, EmbeddedViewRef, EnvironmentInjector, ErrorHandler, EventEmitter, 
ExperimentalPendingTasks, HOST_TAG_NAME, Host, HostAttributeToken, HostBinding, HostListener, INJECTOR, Inject, 
InjectFlags, Injectable, InjectionToken, Injector, Input, IterableDiffers, KeyValueDiffers, LOCALE_ID, 
MissingTranslationStrategy, ModuleWithComponentFactories, NO_ERRORS_SCHEMA, NgModule, NgModuleFactory, NgModuleRef, 
NgProbeToken, NgZone, Optional, Output, OutputEmitterRef, PACKAGE_ROOT_URL, PLATFORM_ID, PLATFORM_INITIALIZER, Pipe, 
PlatformRef, Query, QueryList, Renderer2, RendererFactory2, RendererStyleFlags2, Sanitizer, SecurityContext, Self, 
SimpleChange, SkipSelf, TRANSLATIONS, TRANSLATIONS_FORMAT, TemplateRef, Testability, TestabilityRegistry, 
TransferState, Type, VERSION, Version, ViewChild, ViewChildren, ViewContainerRef, ViewEncapsulation, ViewRef, 
afterNextRender, afterRender, asNativeElements, assertInInjectionContext, assertNotInReactiveContext, assertPlatform, 
booleanAttribute, computed, contentChild, contentChildren, createComponent, createEnvironmentInjector, createNgModule, 
createNgModuleRef, createPlatform, createPlatformFactory, defineInjectable, destroyPlatform, effect, enableProdMode, 
forwardRef, getDebugNode, getModuleFactory, getNgModuleById, getPlatform, importProvidersFrom, inject, input, 
isDevMode, isSignal, isStandalone, makeEnvironmentProviders, makeStateKey, mergeApplicationConfig, model, 
numberAttribute, output, platformCore, provideExperimentalCheckNoChangesForDebug, 
provideExperimentalZonelessChangeDetection, provideZoneChangeDetection, reflectComponentType, resolveForwardRef, 
runInInjectionContext, setTestabilityGetter, signal, untracked, viewChild, viewChildren, ╔ÁALLOW_MULTIPLE_PLATFORMS, 
╔ÁAfterRenderManager, ╔ÁCONTAINER_HEADER_OFFSET, ╔ÁChangeDetectionScheduler, ╔ÁChangeDetectionSchedulerImpl, 
╔ÁComponentFactory, ╔ÁConsole, ╔ÁDEFAULT_LOCALE_ID, ╔ÁDEFER_BLOCK_CONFIG, ╔ÁDEFER_BLOCK_DEPENDENCY_INTERCEPTOR, 
╔ÁDeferBlockBehavior, ╔ÁDeferBlockState, ╔ÁEffectScheduler, ╔ÁIMAGE_CONFIG, ╔ÁIMAGE_CONFIG_DEFAULTS, ╔ÁINJECTOR_SCOPE, 
╔ÁINPUT_SIGNAL_BRAND_WRITE_TYPE, ╔ÁINTERNAL_APPLICATION_ERROR_HANDLER, ╔ÁIS_HYDRATION_DOM_REUSE_ENABLED, 
╔ÁJSACTION_EVENT_CONTRACT, ╔ÁLContext, ╔ÁLifecycleHooksFeature, ╔ÁLocaleDataIndex, ╔ÁNG_COMP_DEF, ╔ÁNG_DIR_DEF, 
╔ÁNG_ELEMENT_ID, ╔ÁNG_INJ_DEF, ╔ÁNG_MOD_DEF, ╔ÁNG_PIPE_DEF, ╔ÁNG_PROV_DEF, ╔ÁNOT_FOUND_CHECK_ONLY_ELEMENT_INJECTOR, 
╔ÁNO_CHANGE, ╔ÁNgModuleFactory, ╔ÁNoopNgZone, ╔ÁPROVIDED_NG_ZONE, ╔ÁPendingTasks, ╔ÁReflectionCapabilities, 
╔ÁRender3ComponentFactory, ╔ÁRender3ComponentRef, ╔ÁRender3NgModuleRef, ╔ÁRuntimeError, ╔ÁSIGNAL, 
╔ÁSSR_CONTENT_INTEGRITY_MARKER, ╔ÁTESTABILITY, ╔ÁTESTABILITY_GETTER, ╔ÁUSE_RUNTIME_DEPS_TRACKER_FOR_JIT, ╔ÁViewRef, 
╔ÁXSS_SECURITY_URL, ╔ÁZONELESS_ENABLED, ╔Á_sanitizeHtml, ╔Á_sanitizeUrl, ╔ÁallowSanitizationBypassAndThrow, 
╔ÁannotateForHydration, ╔ÁbypassSanitizationTrustHtml, ╔ÁbypassSanitizationTrustResourceUrl, 
╔ÁbypassSanitizationTrustScript, ╔ÁbypassSanitizationTrustStyle, ╔ÁbypassSanitizationTrustUrl, 
╔ÁclearResolutionOfComponentResourcesQueue, ╔ÁcompileComponent, ╔ÁcompileDirective, ╔ÁcompileNgModule, 
╔ÁcompileNgModuleDefs, ╔ÁcompileNgModuleFactory, ╔ÁcompilePipe, ╔ÁconvertToBitFlags, ╔ÁcreateInjector, 
╔ÁdefaultIterableDiffers, ╔ÁdefaultKeyValueDiffers, ╔ÁdepsTracker, ╔ÁdetectChangesInViewIfRequired, ╔ÁdevModeEqual, 
╔ÁfindLocaleData, ╔ÁflushModuleScopingQueueAsMuchAsPossible, ╔ÁformatRuntimeError, 
╔ÁgenerateStandaloneInDeclarationsError, ╔ÁgetAsyncClassMetadataFn, ╔ÁgetDebugNode, ╔ÁgetDeferBlocks, ╔ÁgetDirectives, 
╔ÁgetHostElement, ╔ÁgetInjectableDef, ╔ÁgetLContext, ╔ÁgetLocaleCurrencyCode, ╔ÁgetLocalePluralCase, 
╔ÁgetOutputDestroyRef, ╔ÁgetSanitizationBypassType, ╔ÁgetUnknownElementStrictMode, ╔ÁgetUnknownPropertyStrictMode, 
╔Áglobal, ╔ÁinjectChangeDetectorRef, ╔ÁinternalCreateApplication, ╔ÁinternalProvideZoneChangeDetection, 
╔ÁisBoundToModule, ╔ÁisComponentDefPendingResolution, ╔ÁisEnvironmentProviders, ╔ÁisInjectable, ╔ÁisNgModule, 
╔ÁisPromise, ╔ÁisSubscribable, ╔ÁnoSideEffects, ╔ÁpatchComponentDefWithScope, ╔ÁperformanceMarkFeature, 
╔ÁreadHydrationInfo, ╔ÁregisterLocaleData, ╔ÁrenderDeferBlockState, ╔ÁresetCompiledComponents, ╔ÁresetJitOptions, 
╔ÁresolveComponentResources, ╔ÁrestoreComponentResolutionQueue, ╔ÁsetAllowDuplicateNgModuleIdsForTest, 
╔ÁsetAlternateWeakRefImpl, ╔ÁsetClassDebugInfo, ╔ÁsetClassMetadata, ╔ÁsetClassMetadataAsync, ╔ÁsetCurrentInjector, 
╔ÁsetDocument, ╔ÁsetInjectorProfilerContext, ╔ÁsetLocaleId, ╔ÁsetUnknownElementStrictMode, 
╔ÁsetUnknownPropertyStrictMode, ╔Ástore, ╔Ástringify, ╔ÁtransitiveScopesFor, ╔ÁtriggerResourceLoading, 
╔ÁtruncateMiddle, ╔ÁunregisterLocaleData, ╔ÁunwrapSafeValue, ╔ÁunwrapWritableSignal, ╔ÁwhenStable, ╔ÁwithDomHydration, 
╔ÁwithEventReplay, ╔ÁwithI18nSupport, ╔Á╔ÁCopyDefinitionFeature, ╔Á╔ÁFactoryTarget, ╔Á╔ÁHostDirectivesFeature, 
╔Á╔ÁInheritDefinitionFeature, ╔Á╔ÁInputTransformsFeature, ╔Á╔ÁNgOnChangesFeature, ╔Á╔ÁProvidersFeature, 
╔Á╔ÁStandaloneFeature, ╔Á╔Áadvance, ╔Á╔Áattribute, ╔Á╔ÁattributeInterpolate1, ╔Á╔ÁattributeInterpolate2, 
╔Á╔ÁattributeInterpolate3, ╔Á╔ÁattributeInterpolate4, ╔Á╔ÁattributeInterpolate5, ╔Á╔ÁattributeInterpolate6, 
╔Á╔ÁattributeInterpolate7, ╔Á╔ÁattributeInterpolate8, ╔Á╔ÁattributeInterpolateV, ╔Á╔ÁclassMap, 
╔Á╔ÁclassMapInterpolate1, ╔Á╔ÁclassMapInterpolate2, ╔Á╔ÁclassMapInterpolate3, ╔Á╔ÁclassMapInterpolate4, 
╔Á╔ÁclassMapInterpolate5, ╔Á╔ÁclassMapInterpolate6, ╔Á╔ÁclassMapInterpolate7, ╔Á╔ÁclassMapInterpolate8, 
╔Á╔ÁclassMapInterpolateV, ╔Á╔ÁclassProp, ╔Á╔ÁcomponentInstance, ╔Á╔Áconditional, ╔Á╔ÁcontentQuery, 
╔Á╔ÁcontentQuerySignal, ╔Á╔ÁdeclareLet, ╔Á╔Ádefer, ╔Á╔ÁdeferEnableTimerScheduling, ╔Á╔ÁdeferOnHover, ╔Á╔ÁdeferOnIdle, 
╔Á╔ÁdeferOnImmediate, ╔Á╔ÁdeferOnInteraction, ╔Á╔ÁdeferOnTimer, ╔Á╔ÁdeferOnViewport, ╔Á╔ÁdeferPrefetchOnHover, 
╔Á╔ÁdeferPrefetchOnIdle, ╔Á╔ÁdeferPrefetchOnImmediate, ╔Á╔ÁdeferPrefetchOnInteraction, ╔Á╔ÁdeferPrefetchOnTimer, 
╔Á╔ÁdeferPrefetchOnViewport, ╔Á╔ÁdeferPrefetchWhen, ╔Á╔ÁdeferWhen, ╔Á╔ÁdefineComponent, ╔Á╔ÁdefineDirective, 
╔Á╔ÁdefineInjectable, ╔Á╔ÁdefineInjector, ╔Á╔ÁdefineNgModule, ╔Á╔ÁdefinePipe, ╔Á╔ÁdirectiveInject, 
╔Á╔ÁdisableBindings, ╔Á╔Áelement, ╔Á╔ÁelementContainer, ╔Á╔ÁelementContainerEnd, ╔Á╔ÁelementContainerStart, 
╔Á╔ÁelementEnd, ╔Á╔ÁelementStart, ╔Á╔ÁenableBindings, ╔Á╔ÁgetComponentDepsFactory, ╔Á╔ÁgetCurrentView, 
╔Á╔ÁgetInheritedFactory, ╔Á╔ÁhostProperty, ╔Á╔Ái18n, ╔Á╔Ái18nApply, ╔Á╔Ái18nAttributes, ╔Á╔Ái18nEnd, ╔Á╔Ái18nExp, 
╔Á╔Ái18nPostprocess, ╔Á╔Ái18nStart, ╔Á╔Áinject, ╔Á╔ÁinjectAttribute, ╔Á╔ÁinvalidFactory, ╔Á╔ÁinvalidFactoryDep, 
╔Á╔Álistener, ╔Á╔ÁloadQuery, ╔Á╔ÁnamespaceHTML, ╔Á╔ÁnamespaceMathML, ╔Á╔ÁnamespaceSVG, ╔Á╔ÁnextContext, 
╔Á╔ÁngDeclareClassMetadata, ╔Á╔ÁngDeclareClassMetadataAsync, ╔Á╔ÁngDeclareComponent, ╔Á╔ÁngDeclareDirective, 
╔Á╔ÁngDeclareFactory, ╔Á╔ÁngDeclareInjectable, ╔Á╔ÁngDeclareInjector, ╔Á╔ÁngDeclareNgModule, ╔Á╔ÁngDeclarePipe, 
╔Á╔Ápipe, ╔Á╔ÁpipeBind1, ╔Á╔ÁpipeBind2, ╔Á╔ÁpipeBind3, ╔Á╔ÁpipeBind4, ╔Á╔ÁpipeBindV, ╔Á╔Áprojection, 
╔Á╔ÁprojectionDef, ╔Á╔Áproperty, ╔Á╔ÁpropertyInterpolate, ╔Á╔ÁpropertyInterpolate1, ╔Á╔ÁpropertyInterpolate2, 
╔Á╔ÁpropertyInterpolate3, ╔Á╔ÁpropertyInterpolate4, ╔Á╔ÁpropertyInterpolate5, ╔Á╔ÁpropertyInterpolate6, 
╔Á╔ÁpropertyInterpolate7, ╔Á╔ÁpropertyInterpolate8, ╔Á╔ÁpropertyInterpolateV, ╔Á╔ÁpureFunction0, ╔Á╔ÁpureFunction1, 
╔Á╔ÁpureFunction2, ╔Á╔ÁpureFunction3, ╔Á╔ÁpureFunction4, ╔Á╔ÁpureFunction5, ╔Á╔ÁpureFunction6, ╔Á╔ÁpureFunction7, 
╔Á╔ÁpureFunction8, ╔Á╔ÁpureFunctionV, ╔Á╔ÁqueryAdvance, ╔Á╔ÁqueryRefresh, ╔Á╔ÁreadContextLet, ╔Á╔Áreference, 
╔Á╔ÁregisterNgModuleType, ╔Á╔Árepeater, ╔Á╔ÁrepeaterCreate, ╔Á╔ÁrepeaterTrackByIdentity, ╔Á╔ÁrepeaterTrackByIndex, 
╔Á╔ÁresetView, ╔Á╔ÁresolveBody, ╔Á╔ÁresolveDocument, ╔Á╔ÁresolveWindow, ╔Á╔ÁrestoreView, ╔Á╔ÁsanitizeHtml, 
╔Á╔ÁsanitizeResourceUrl, ╔Á╔ÁsanitizeScript, ╔Á╔ÁsanitizeStyle, ╔Á╔ÁsanitizeUrl, ╔Á╔ÁsanitizeUrlOrResourceUrl, 
╔Á╔ÁsetComponentScope, ╔Á╔ÁsetNgModuleScope, ╔Á╔ÁstoreLet, ╔Á╔ÁstyleMap, ╔Á╔ÁstyleMapInterpolate1, 
╔Á╔ÁstyleMapInterpolate2, ╔Á╔ÁstyleMapInterpolate3, ╔Á╔ÁstyleMapInterpolate4, ╔Á╔ÁstyleMapInterpolate5, 
╔Á╔ÁstyleMapInterpolate6, ╔Á╔ÁstyleMapInterpolate7, ╔Á╔ÁstyleMapInterpolate8, ╔Á╔ÁstyleMapInterpolateV, ╔Á╔ÁstyleProp, 
╔Á╔ÁstylePropInterpolate1, ╔Á╔ÁstylePropInterpolate2, ╔Á╔ÁstylePropInterpolate3, ╔Á╔ÁstylePropInterpolate4, 
╔Á╔ÁstylePropInterpolate5, ╔Á╔ÁstylePropInterpolate6, ╔Á╔ÁstylePropInterpolate7, ╔Á╔ÁstylePropInterpolate8, 
╔Á╔ÁstylePropInterpolateV, ╔Á╔ÁsyntheticHostListener, ╔Á╔ÁsyntheticHostProperty, ╔Á╔Átemplate, 
╔Á╔ÁtemplateRefExtractor, ╔Á╔Átext, ╔Á╔ÁtextInterpolate, ╔Á╔ÁtextInterpolate1, ╔Á╔ÁtextInterpolate2, 
╔Á╔ÁtextInterpolate3, ╔Á╔ÁtextInterpolate4, ╔Á╔ÁtextInterpolate5, ╔Á╔ÁtextInterpolate6, ╔Á╔ÁtextInterpolate7, 
╔Á╔ÁtextInterpolate8, ╔Á╔ÁtextInterpolateV, ╔Á╔ÁtrustConstantHtml, ╔Á╔ÁtrustConstantResourceUrl, ╔Á╔ÁtwoWayBindingSet, 
╔Á╔ÁtwoWayListener, ╔Á╔ÁtwoWayProperty, ╔Á╔ÁvalidateIframeAttribute, ╔Á╔ÁviewQuery, ╔Á╔ÁviewQuerySignal)

../node_modules/@angular/material/fesm2022/core.mjs:1504:20-40 - Error: export '╔Á╔ÁInputFlags' (imported as 'i0') was 
not found in '@angular/core' (possible exports: ANIMATION_MODULE_TYPE, APP_BOOTSTRAP_LISTENER, APP_ID, 
APP_INITIALIZER, AfterRenderPhase, ApplicationInitStatus, ApplicationModule, ApplicationRef, Attribute, 
COMPILER_OPTIONS, CSP_NONCE, CUSTOM_ELEMENTS_SCHEMA, ChangeDetectionStrategy, ChangeDetectorRef, Compiler, 
CompilerFactory, Component, ComponentFactory, ComponentFactoryResolver, ComponentRef, ContentChild, ContentChildren, 
DEFAULT_CURRENCY_CODE, DebugElement, DebugEventListener, DebugNode, DefaultIterableDiffer, DestroyRef, Directive, 
ENVIRONMENT_INITIALIZER, ElementRef, EmbeddedViewRef, EnvironmentInjector, ErrorHandler, EventEmitter, 
ExperimentalPendingTasks, HOST_TAG_NAME, Host, HostAttributeToken, HostBinding, HostListener, INJECTOR, Inject, 
InjectFlags, Injectable, InjectionToken, Injector, Input, IterableDiffers, KeyValueDiffers, LOCALE_ID, 
MissingTranslationStrategy, ModuleWithComponentFactories, NO_ERRORS_SCHEMA, NgModule, NgModuleFactory, NgModuleRef, 
NgProbeToken, NgZone, Optional, Output, OutputEmitterRef, PACKAGE_ROOT_URL, PLATFORM_ID, PLATFORM_INITIALIZER, Pipe, 
PlatformRef, Query, QueryList, Renderer2, RendererFactory2, RendererStyleFlags2, Sanitizer, SecurityContext, Self, 
SimpleChange, SkipSelf, TRANSLATIONS, TRANSLATIONS_FORMAT, TemplateRef, Testability, TestabilityRegistry, 
TransferState, Type, VERSION, Version, ViewChild, ViewChildren, ViewContainerRef, ViewEncapsulation, ViewRef, 
afterNextRender, afterRender, asNativeElements, assertInInjectionContext, assertNotInReactiveContext, assertPlatform, 
booleanAttribute, computed, contentChild, contentChildren, createComponent, createEnvironmentInjector, createNgModule, 
createNgModuleRef, createPlatform, createPlatformFactory, defineInjectable, destroyPlatform, effect, enableProdMode, 
forwardRef, getDebugNode, getModuleFactory, getNgModuleById, getPlatform, importProvidersFrom, inject, input, 
isDevMode, isSignal, isStandalone, makeEnvironmentProviders, makeStateKey, mergeApplicationConfig, model, 
numberAttribute, output, platformCore, provideExperimentalCheckNoChangesForDebug, 
provideExperimentalZonelessChangeDetection, provideZoneChangeDetection, reflectComponentType, resolveForwardRef, 
runInInjectionContext, setTestabilityGetter, signal, untracked, viewChild, viewChildren, ╔ÁALLOW_MULTIPLE_PLATFORMS, 
╔ÁAfterRenderManager, ╔ÁCONTAINER_HEADER_OFFSET, ╔ÁChangeDetectionScheduler, ╔ÁChangeDetectionSchedulerImpl, 
╔ÁComponentFactory, ╔ÁConsole, ╔ÁDEFAULT_LOCALE_ID, ╔ÁDEFER_BLOCK_CONFIG, ╔ÁDEFER_BLOCK_DEPENDENCY_INTERCEPTOR, 
╔ÁDeferBlockBehavior, ╔ÁDeferBlockState, ╔ÁEffectScheduler, ╔ÁIMAGE_CONFIG, ╔ÁIMAGE_CONFIG_DEFAULTS, ╔ÁINJECTOR_SCOPE, 
╔ÁINPUT_SIGNAL_BRAND_WRITE_TYPE, ╔ÁINTERNAL_APPLICATION_ERROR_HANDLER, ╔ÁIS_HYDRATION_DOM_REUSE_ENABLED, 
╔ÁJSACTION_EVENT_CONTRACT, ╔ÁLContext, ╔ÁLifecycleHooksFeature, ╔ÁLocaleDataIndex, ╔ÁNG_COMP_DEF, ╔ÁNG_DIR_DEF, 
╔ÁNG_ELEMENT_ID, ╔ÁNG_INJ_DEF, ╔ÁNG_MOD_DEF, ╔ÁNG_PIPE_DEF, ╔ÁNG_PROV_DEF, ╔ÁNOT_FOUND_CHECK_ONLY_ELEMENT_INJECTOR, 
╔ÁNO_CHANGE, ╔ÁNgModuleFactory, ╔ÁNoopNgZone, ╔ÁPROVIDED_NG_ZONE, ╔ÁPendingTasks, ╔ÁReflectionCapabilities, 
╔ÁRender3ComponentFactory, ╔ÁRender3ComponentRef, ╔ÁRender3NgModuleRef, ╔ÁRuntimeError, ╔ÁSIGNAL, 
╔ÁSSR_CONTENT_INTEGRITY_MARKER, ╔ÁTESTABILITY, ╔ÁTESTABILITY_GETTER, ╔ÁUSE_RUNTIME_DEPS_TRACKER_FOR_JIT, ╔ÁViewRef, 
╔ÁXSS_SECURITY_URL, ╔ÁZONELESS_ENABLED, ╔Á_sanitizeHtml, ╔Á_sanitizeUrl, ╔ÁallowSanitizationBypassAndThrow, 
╔ÁannotateForHydration, ╔ÁbypassSanitizationTrustHtml, ╔ÁbypassSanitizationTrustResourceUrl, 
╔ÁbypassSanitizationTrustScript, ╔ÁbypassSanitizationTrustStyle, ╔ÁbypassSanitizationTrustUrl, 
╔ÁclearResolutionOfComponentResourcesQueue, ╔ÁcompileComponent, ╔ÁcompileDirective, ╔ÁcompileNgModule, 
╔ÁcompileNgModuleDefs, ╔ÁcompileNgModuleFactory, ╔ÁcompilePipe, ╔ÁconvertToBitFlags, ╔ÁcreateInjector, 
╔ÁdefaultIterableDiffers, ╔ÁdefaultKeyValueDiffers, ╔ÁdepsTracker, ╔ÁdetectChangesInViewIfRequired, ╔ÁdevModeEqual, 
╔ÁfindLocaleData, ╔ÁflushModuleScopingQueueAsMuchAsPossible, ╔ÁformatRuntimeError, 
╔ÁgenerateStandaloneInDeclarationsError, ╔ÁgetAsyncClassMetadataFn, ╔ÁgetDebugNode, ╔ÁgetDeferBlocks, ╔ÁgetDirectives, 
╔ÁgetHostElement, ╔ÁgetInjectableDef, ╔ÁgetLContext, ╔ÁgetLocaleCurrencyCode, ╔ÁgetLocalePluralCase, 
╔ÁgetOutputDestroyRef, ╔ÁgetSanitizationBypassType, ╔ÁgetUnknownElementStrictMode, ╔ÁgetUnknownPropertyStrictMode, 
╔Áglobal, ╔ÁinjectChangeDetectorRef, ╔ÁinternalCreateApplication, ╔ÁinternalProvideZoneChangeDetection, 
╔ÁisBoundToModule, ╔ÁisComponentDefPendingResolution, ╔ÁisEnvironmentProviders, ╔ÁisInjectable, ╔ÁisNgModule, 
╔ÁisPromise, ╔ÁisSubscribable, ╔ÁnoSideEffects, ╔ÁpatchComponentDefWithScope, ╔ÁperformanceMarkFeature, 
╔ÁreadHydrationInfo, ╔ÁregisterLocaleData, ╔ÁrenderDeferBlockState, ╔ÁresetCompiledComponents, ╔ÁresetJitOptions, 
╔ÁresolveComponentResources, ╔ÁrestoreComponentResolutionQueue, ╔ÁsetAllowDuplicateNgModuleIdsForTest, 
╔ÁsetAlternateWeakRefImpl, ╔ÁsetClassDebugInfo, ╔ÁsetClassMetadata, ╔ÁsetClassMetadataAsync, ╔ÁsetCurrentInjector, 
╔ÁsetDocument, ╔ÁsetInjectorProfilerContext, ╔ÁsetLocaleId, ╔ÁsetUnknownElementStrictMode, 
╔ÁsetUnknownPropertyStrictMode, ╔Ástore, ╔Ástringify, ╔ÁtransitiveScopesFor, ╔ÁtriggerResourceLoading, 
╔ÁtruncateMiddle, ╔ÁunregisterLocaleData, ╔ÁunwrapSafeValue, ╔ÁunwrapWritableSignal, ╔ÁwhenStable, ╔ÁwithDomHydration, 
╔ÁwithEventReplay, ╔ÁwithI18nSupport, ╔Á╔ÁCopyDefinitionFeature, ╔Á╔ÁFactoryTarget, ╔Á╔ÁHostDirectivesFeature, 
╔Á╔ÁInheritDefinitionFeature, ╔Á╔ÁInputTransformsFeature, ╔Á╔ÁNgOnChangesFeature, ╔Á╔ÁProvidersFeature, 
╔Á╔ÁStandaloneFeature, ╔Á╔Áadvance, ╔Á╔Áattribute, ╔Á╔ÁattributeInterpolate1, ╔Á╔ÁattributeInterpolate2, 
╔Á╔ÁattributeInterpolate3, ╔Á╔ÁattributeInterpolate4, ╔Á╔ÁattributeInterpolate5, ╔Á╔ÁattributeInterpolate6, 
╔Á╔ÁattributeInterpolate7, ╔Á╔ÁattributeInterpolate8, ╔Á╔ÁattributeInterpolateV, ╔Á╔ÁclassMap, 
╔Á╔ÁclassMapInterpolate1, ╔Á╔ÁclassMapInterpolate2, ╔Á╔ÁclassMapInterpolate3, ╔Á╔ÁclassMapInterpolate4, 
╔Á╔ÁclassMapInterpolate5, ╔Á╔ÁclassMapInterpolate6, ╔Á╔ÁclassMapInterpolate7, ╔Á╔ÁclassMapInterpolate8, 
╔Á╔ÁclassMapInterpolateV, ╔Á╔ÁclassProp, ╔Á╔ÁcomponentInstance, ╔Á╔Áconditional, ╔Á╔ÁcontentQuery, 
╔Á╔ÁcontentQuerySignal, ╔Á╔ÁdeclareLet, ╔Á╔Ádefer, ╔Á╔ÁdeferEnableTimerScheduling, ╔Á╔ÁdeferOnHover, ╔Á╔ÁdeferOnIdle, 
╔Á╔ÁdeferOnImmediate, ╔Á╔ÁdeferOnInteraction, ╔Á╔ÁdeferOnTimer, ╔Á╔ÁdeferOnViewport, ╔Á╔ÁdeferPrefetchOnHover, 
╔Á╔ÁdeferPrefetchOnIdle, ╔Á╔ÁdeferPrefetchOnImmediate, ╔Á╔ÁdeferPrefetchOnInteraction, ╔Á╔ÁdeferPrefetchOnTimer, 
╔Á╔ÁdeferPrefetchOnViewport, ╔Á╔ÁdeferPrefetchWhen, ╔Á╔ÁdeferWhen, ╔Á╔ÁdefineComponent, ╔Á╔ÁdefineDirective, 
╔Á╔ÁdefineInjectable, ╔Á╔ÁdefineInjector, ╔Á╔ÁdefineNgModule, ╔Á╔ÁdefinePipe, ╔Á╔ÁdirectiveInject, 
╔Á╔ÁdisableBindings, ╔Á╔Áelement, ╔Á╔ÁelementContainer, ╔Á╔ÁelementContainerEnd, ╔Á╔ÁelementContainerStart, 
╔Á╔ÁelementEnd, ╔Á╔ÁelementStart, ╔Á╔ÁenableBindings, ╔Á╔ÁgetComponentDepsFactory, ╔Á╔ÁgetCurrentView, 
╔Á╔ÁgetInheritedFactory, ╔Á╔ÁhostProperty, ╔Á╔Ái18n, ╔Á╔Ái18nApply, ╔Á╔Ái18nAttributes, ╔Á╔Ái18nEnd, ╔Á╔Ái18nExp, 
╔Á╔Ái18nPostprocess, ╔Á╔Ái18nStart, ╔Á╔Áinject, ╔Á╔ÁinjectAttribute, ╔Á╔ÁinvalidFactory, ╔Á╔ÁinvalidFactoryDep, 
╔Á╔Álistener, ╔Á╔ÁloadQuery, ╔Á╔ÁnamespaceHTML, ╔Á╔ÁnamespaceMathML, ╔Á╔ÁnamespaceSVG, ╔Á╔ÁnextContext, 
╔Á╔ÁngDeclareClassMetadata, ╔Á╔ÁngDeclareClassMetadataAsync, ╔Á╔ÁngDeclareComponent, ╔Á╔ÁngDeclareDirective, 
╔Á╔ÁngDeclareFactory, ╔Á╔ÁngDeclareInjectable, ╔Á╔ÁngDeclareInjector, ╔Á╔ÁngDeclareNgModule, ╔Á╔ÁngDeclarePipe, 
╔Á╔Ápipe, ╔Á╔ÁpipeBind1, ╔Á╔ÁpipeBind2, ╔Á╔ÁpipeBind3, ╔Á╔ÁpipeBind4, ╔Á╔ÁpipeBindV, ╔Á╔Áprojection, 
╔Á╔ÁprojectionDef, ╔Á╔Áproperty, ╔Á╔ÁpropertyInterpolate, ╔Á╔ÁpropertyInterpolate1, ╔Á╔ÁpropertyInterpolate2, 
╔Á╔ÁpropertyInterpolate3, ╔Á╔ÁpropertyInterpolate4, ╔Á╔ÁpropertyInterpolate5, ╔Á╔ÁpropertyInterpolate6, 
╔Á╔ÁpropertyInterpolate7, ╔Á╔ÁpropertyInterpolate8, ╔Á╔ÁpropertyInterpolateV, ╔Á╔ÁpureFunction0, ╔Á╔ÁpureFunction1, 
╔Á╔ÁpureFunction2, ╔Á╔ÁpureFunction3, ╔Á╔ÁpureFunction4, ╔Á╔ÁpureFunction5, ╔Á╔ÁpureFunction6, ╔Á╔ÁpureFunction7, 
╔Á╔ÁpureFunction8, ╔Á╔ÁpureFunctionV, ╔Á╔ÁqueryAdvance, ╔Á╔ÁqueryRefresh, ╔Á╔ÁreadContextLet, ╔Á╔Áreference, 
╔Á╔ÁregisterNgModuleType, ╔Á╔Árepeater, ╔Á╔ÁrepeaterCreate, ╔Á╔ÁrepeaterTrackByIdentity, ╔Á╔ÁrepeaterTrackByIndex, 
╔Á╔ÁresetView, ╔Á╔ÁresolveBody, ╔Á╔ÁresolveDocument, ╔Á╔ÁresolveWindow, ╔Á╔ÁrestoreView, ╔Á╔ÁsanitizeHtml, 
╔Á╔ÁsanitizeResourceUrl, ╔Á╔ÁsanitizeScript, ╔Á╔ÁsanitizeStyle, ╔Á╔ÁsanitizeUrl, ╔Á╔ÁsanitizeUrlOrResourceUrl, 
╔Á╔ÁsetComponentScope, ╔Á╔ÁsetNgModuleScope, ╔Á╔ÁstoreLet, ╔Á╔ÁstyleMap, ╔Á╔ÁstyleMapInterpolate1, 
╔Á╔ÁstyleMapInterpolate2, ╔Á╔ÁstyleMapInterpolate3, ╔Á╔ÁstyleMapInterpolate4, ╔Á╔ÁstyleMapInterpolate5, 
╔Á╔ÁstyleMapInterpolate6, ╔Á╔ÁstyleMapInterpolate7, ╔Á╔ÁstyleMapInterpolate8, ╔Á╔ÁstyleMapInterpolateV, ╔Á╔ÁstyleProp, 
╔Á╔ÁstylePropInterpolate1, ╔Á╔ÁstylePropInterpolate2, ╔Á╔ÁstylePropInterpolate3, ╔Á╔ÁstylePropInterpolate4, 
╔Á╔ÁstylePropInterpolate5, ╔Á╔ÁstylePropInterpolate6, ╔Á╔ÁstylePropInterpolate7, ╔Á╔ÁstylePropInterpolate8, 
╔Á╔ÁstylePropInterpolateV, ╔Á╔ÁsyntheticHostListener, ╔Á╔ÁsyntheticHostProperty, ╔Á╔Átemplate, 
╔Á╔ÁtemplateRefExtractor, ╔Á╔Átext, ╔Á╔ÁtextInterpolate, ╔Á╔ÁtextInterpolate1, ╔Á╔ÁtextInterpolate2, 
╔Á╔ÁtextInterpolate3, ╔Á╔ÁtextInterpolate4, ╔Á╔ÁtextInterpolate5, ╔Á╔ÁtextInterpolate6, ╔Á╔ÁtextInterpolate7, 
╔Á╔ÁtextInterpolate8, ╔Á╔ÁtextInterpolateV, ╔Á╔ÁtrustConstantHtml, ╔Á╔ÁtrustConstantResourceUrl, ╔Á╔ÁtwoWayBindingSet, 
╔Á╔ÁtwoWayListener, ╔Á╔ÁtwoWayProperty, ╔Á╔ÁvalidateIframeAttribute, ╔Á╔ÁviewQuery, ╔Á╔ÁviewQuerySignal)

../node_modules/@angular/material/fesm2022/core.mjs:1505:19-39 - Error: export '╔Á╔ÁInputFlags' (imported as 'i0') was 
not found in '@angular/core' (possible exports: ANIMATION_MODULE_TYPE, APP_BOOTSTRAP_LISTENER, APP_ID, 
APP_INITIALIZER, AfterRenderPhase, ApplicationInitStatus, ApplicationModule, ApplicationRef, Attribute, 
COMPILER_OPTIONS, CSP_NONCE, CUSTOM_ELEMENTS_SCHEMA, ChangeDetectionStrategy, ChangeDetectorRef, Compiler, 
CompilerFactory, Component, ComponentFactory, ComponentFactoryResolver, ComponentRef, ContentChild, ContentChildren, 
DEFAULT_CURRENCY_CODE, DebugElement, DebugEventListener, DebugNode, DefaultIterableDiffer, DestroyRef, Directive, 
ENVIRONMENT_INITIALIZER, ElementRef, EmbeddedViewRef, EnvironmentInjector, ErrorHandler, EventEmitter, 
ExperimentalPendingTasks, HOST_TAG_NAME, Host, HostAttributeToken, HostBinding, HostListener, INJECTOR, Inject, 
InjectFlags, Injectable, InjectionToken, Injector, Input, IterableDiffers, KeyValueDiffers, LOCALE_ID, 
MissingTranslationStrategy, ModuleWithComponentFactories, NO_ERRORS_SCHEMA, NgModule, NgModuleFactory, NgModuleRef, 
NgProbeToken, NgZone, Optional, Output, OutputEmitterRef, PACKAGE_ROOT_URL, PLATFORM_ID, PLATFORM_INITIALIZER, Pipe, 
PlatformRef, Query, QueryList, Renderer2, RendererFactory2, RendererStyleFlags2, Sanitizer, SecurityContext, Self, 
SimpleChange, SkipSelf, TRANSLATIONS, TRANSLATIONS_FORMAT, TemplateRef, Testability, TestabilityRegistry, 
TransferState, Type, VERSION, Version, ViewChild, ViewChildren, ViewContainerRef, ViewEncapsulation, ViewRef, 
afterNextRender, afterRender, asNativeElements, assertInInjectionContext, assertNotInReactiveContext, assertPlatform, 
booleanAttribute, computed, contentChild, contentChildren, createComponent, createEnvironmentInjector, createNgModule, 
createNgModuleRef, createPlatform, createPlatformFactory, defineInjectable, destroyPlatform, effect, enableProdMode, 
forwardRef, getDebugNode, getModuleFactory, getNgModuleById, getPlatform, importProvidersFrom, inject, input, 
isDevMode, isSignal, isStandalone, makeEnvironmentProviders, makeStateKey, mergeApplicationConfig, model, 
numberAttribute, output, platformCore, provideExperimentalCheckNoChangesForDebug, 
provideExperimentalZonelessChangeDetection, provideZoneChangeDetection, reflectComponentType, resolveForwardRef, 
runInInjectionContext, setTestabilityGetter, signal, untracked, viewChild, viewChildren, ╔ÁALLOW_MULTIPLE_PLATFORMS, 
╔ÁAfterRenderManager, ╔ÁCONTAINER_HEADER_OFFSET, ╔ÁChangeDetectionScheduler, ╔ÁChangeDetectionSchedulerImpl, 
╔ÁComponentFactory, ╔ÁConsole, ╔ÁDEFAULT_LOCALE_ID, ╔ÁDEFER_BLOCK_CONFIG, ╔ÁDEFER_BLOCK_DEPENDENCY_INTERCEPTOR, 
╔ÁDeferBlockBehavior, ╔ÁDeferBlockState, ╔ÁEffectScheduler, ╔ÁIMAGE_CONFIG, ╔ÁIMAGE_CONFIG_DEFAULTS, ╔ÁINJECTOR_SCOPE, 
╔ÁINPUT_SIGNAL_BRAND_WRITE_TYPE, ╔ÁINTERNAL_APPLICATION_ERROR_HANDLER, ╔ÁIS_HYDRATION_DOM_REUSE_ENABLED, 
╔ÁJSACTION_EVENT_CONTRACT, ╔ÁLContext, ╔ÁLifecycleHooksFeature, ╔ÁLocaleDataIndex, ╔ÁNG_COMP_DEF, ╔ÁNG_DIR_DEF, 
╔ÁNG_ELEMENT_ID, ╔ÁNG_INJ_DEF, ╔ÁNG_MOD_DEF, ╔ÁNG_PIPE_DEF, ╔ÁNG_PROV_DEF, ╔ÁNOT_FOUND_CHECK_ONLY_ELEMENT_INJECTOR, 
╔ÁNO_CHANGE, ╔ÁNgModuleFactory, ╔ÁNoopNgZone, ╔ÁPROVIDED_NG_ZONE, ╔ÁPendingTasks, ╔ÁReflectionCapabilities, 
╔ÁRender3ComponentFactory, ╔ÁRender3ComponentRef, ╔ÁRender3NgModuleRef, ╔ÁRuntimeError, ╔ÁSIGNAL, 
╔ÁSSR_CONTENT_INTEGRITY_MARKER, ╔ÁTESTABILITY, ╔ÁTESTABILITY_GETTER, ╔ÁUSE_RUNTIME_DEPS_TRACKER_FOR_JIT, ╔ÁViewRef, 
╔ÁXSS_SECURITY_URL, ╔ÁZONELESS_ENABLED, ╔Á_sanitizeHtml, ╔Á_sanitizeUrl, ╔ÁallowSanitizationBypassAndThrow, 
╔ÁannotateForHydration, ╔ÁbypassSanitizationTrustHtml, ╔ÁbypassSanitizationTrustResourceUrl, 
╔ÁbypassSanitizationTrustScript, ╔ÁbypassSanitizationTrustStyle, ╔ÁbypassSanitizationTrustUrl, 
╔ÁclearResolutionOfComponentResourcesQueue, ╔ÁcompileComponent, ╔ÁcompileDirective, ╔ÁcompileNgModule, 
╔ÁcompileNgModuleDefs, ╔ÁcompileNgModuleFactory, ╔ÁcompilePipe, ╔ÁconvertToBitFlags, ╔ÁcreateInjector, 
╔ÁdefaultIterableDiffers, ╔ÁdefaultKeyValueDiffers, ╔ÁdepsTracker, ╔ÁdetectChangesInViewIfRequired, ╔ÁdevModeEqual, 
╔ÁfindLocaleData, ╔ÁflushModuleScopingQueueAsMuchAsPossible, ╔ÁformatRuntimeError, 
╔ÁgenerateStandaloneInDeclarationsError, ╔ÁgetAsyncClassMetadataFn, ╔ÁgetDebugNode, ╔ÁgetDeferBlocks, ╔ÁgetDirectives, 
╔ÁgetHostElement, ╔ÁgetInjectableDef, ╔ÁgetLContext, ╔ÁgetLocaleCurrencyCode, ╔ÁgetLocalePluralCase, 
╔ÁgetOutputDestroyRef, ╔ÁgetSanitizationBypassType, ╔ÁgetUnknownElementStrictMode, ╔ÁgetUnknownPropertyStrictMode, 
╔Áglobal, ╔ÁinjectChangeDetectorRef, ╔ÁinternalCreateApplication, ╔ÁinternalProvideZoneChangeDetection, 
╔ÁisBoundToModule, ╔ÁisComponentDefPendingResolution, ╔ÁisEnvironmentProviders, ╔ÁisInjectable, ╔ÁisNgModule, 
╔ÁisPromise, ╔ÁisSubscribable, ╔ÁnoSideEffects, ╔ÁpatchComponentDefWithScope, ╔ÁperformanceMarkFeature, 
╔ÁreadHydrationInfo, ╔ÁregisterLocaleData, ╔ÁrenderDeferBlockState, ╔ÁresetCompiledComponents, ╔ÁresetJitOptions, 
╔ÁresolveComponentResources, ╔ÁrestoreComponentResolutionQueue, ╔ÁsetAllowDuplicateNgModuleIdsForTest, 
╔ÁsetAlternateWeakRefImpl, ╔ÁsetClassDebugInfo, ╔ÁsetClassMetadata, ╔ÁsetClassMetadataAsync, ╔ÁsetCurrentInjector, 
╔ÁsetDocument, ╔ÁsetInjectorProfilerContext, ╔ÁsetLocaleId, ╔ÁsetUnknownElementStrictMode, 
╔ÁsetUnknownPropertyStrictMode, ╔Ástore, ╔Ástringify, ╔ÁtransitiveScopesFor, ╔ÁtriggerResourceLoading, 
╔ÁtruncateMiddle, ╔ÁunregisterLocaleData, ╔ÁunwrapSafeValue, ╔ÁunwrapWritableSignal, ╔ÁwhenStable, ╔ÁwithDomHydration, 
╔ÁwithEventReplay, ╔ÁwithI18nSupport, ╔Á╔ÁCopyDefinitionFeature, ╔Á╔ÁFactoryTarget, ╔Á╔ÁHostDirectivesFeature, 
╔Á╔ÁInheritDefinitionFeature, ╔Á╔ÁInputTransformsFeature, ╔Á╔ÁNgOnChangesFeature, ╔Á╔ÁProvidersFeature, 
╔Á╔ÁStandaloneFeature, ╔Á╔Áadvance, ╔Á╔Áattribute, ╔Á╔ÁattributeInterpolate1, ╔Á╔ÁattributeInterpolate2, 
╔Á╔ÁattributeInterpolate3, ╔Á╔ÁattributeInterpolate4, ╔Á╔ÁattributeInterpolate5, ╔Á╔ÁattributeInterpolate6, 
╔Á╔ÁattributeInterpolate7, ╔Á╔ÁattributeInterpolate8, ╔Á╔ÁattributeInterpolateV, ╔Á╔ÁclassMap, 
╔Á╔ÁclassMapInterpolate1, ╔Á╔ÁclassMapInterpolate2, ╔Á╔ÁclassMapInterpolate3, ╔Á╔ÁclassMapInterpolate4, 
╔Á╔ÁclassMapInterpolate5, ╔Á╔ÁclassMapInterpolate6, ╔Á╔ÁclassMapInterpolate7, ╔Á╔ÁclassMapInterpolate8, 
╔Á╔ÁclassMapInterpolateV, ╔Á╔ÁclassProp, ╔Á╔ÁcomponentInstance, ╔Á╔Áconditional, ╔Á╔ÁcontentQuery, 
╔Á╔ÁcontentQuerySignal, ╔Á╔ÁdeclareLet, ╔Á╔Ádefer, ╔Á╔ÁdeferEnableTimerScheduling, ╔Á╔ÁdeferOnHover, ╔Á╔ÁdeferOnIdle, 
╔Á╔ÁdeferOnImmediate, ╔Á╔ÁdeferOnInteraction, ╔Á╔ÁdeferOnTimer, ╔Á╔ÁdeferOnViewport, ╔Á╔ÁdeferPrefetchOnHover, 
╔Á╔ÁdeferPrefetchOnIdle, ╔Á╔ÁdeferPrefetchOnImmediate, ╔Á╔ÁdeferPrefetchOnInteraction, ╔Á╔ÁdeferPrefetchOnTimer, 
╔Á╔ÁdeferPrefetchOnViewport, ╔Á╔ÁdeferPrefetchWhen, ╔Á╔ÁdeferWhen, ╔Á╔ÁdefineComponent, ╔Á╔ÁdefineDirective, 
╔Á╔ÁdefineInjectable, ╔Á╔ÁdefineInjector, ╔Á╔ÁdefineNgModule, ╔Á╔ÁdefinePipe, ╔Á╔ÁdirectiveInject, 
╔Á╔ÁdisableBindings, ╔Á╔Áelement, ╔Á╔ÁelementContainer, ╔Á╔ÁelementContainerEnd, ╔Á╔ÁelementContainerStart, 
╔Á╔ÁelementEnd, ╔Á╔ÁelementStart, ╔Á╔ÁenableBindings, ╔Á╔ÁgetComponentDepsFactory, ╔Á╔ÁgetCurrentView, 
╔Á╔ÁgetInheritedFactory, ╔Á╔ÁhostProperty, ╔Á╔Ái18n, ╔Á╔Ái18nApply, ╔Á╔Ái18nAttributes, ╔Á╔Ái18nEnd, ╔Á╔Ái18nExp, 
╔Á╔Ái18nPostprocess, ╔Á╔Ái18nStart, ╔Á╔Áinject, ╔Á╔ÁinjectAttribute, ╔Á╔ÁinvalidFactory, ╔Á╔ÁinvalidFactoryDep, 
╔Á╔Álistener, ╔Á╔ÁloadQuery, ╔Á╔ÁnamespaceHTML, ╔Á╔ÁnamespaceMathML, ╔Á╔ÁnamespaceSVG, ╔Á╔ÁnextContext, 
╔Á╔ÁngDeclareClassMetadata, ╔Á╔ÁngDeclareClassMetadataAsync, ╔Á╔ÁngDeclareComponent, ╔Á╔ÁngDeclareDirective, 
╔Á╔ÁngDeclareFactory, ╔Á╔ÁngDeclareInjectable, ╔Á╔ÁngDeclareInjector, ╔Á╔ÁngDeclareNgModule, ╔Á╔ÁngDeclarePipe, 
╔Á╔Ápipe, ╔Á╔ÁpipeBind1, ╔Á╔ÁpipeBind2, ╔Á╔ÁpipeBind3, ╔Á╔ÁpipeBind4, ╔Á╔ÁpipeBindV, ╔Á╔Áprojection, 
╔Á╔ÁprojectionDef, ╔Á╔Áproperty, ╔Á╔ÁpropertyInterpolate, ╔Á╔ÁpropertyInterpolate1, ╔Á╔ÁpropertyInterpolate2, 
╔Á╔ÁpropertyInterpolate3, ╔Á╔ÁpropertyInterpolate4, ╔Á╔ÁpropertyInterpolate5, ╔Á╔ÁpropertyInterpolate6, 
╔Á╔ÁpropertyInterpolate7, ╔Á╔ÁpropertyInterpolate8, ╔Á╔ÁpropertyInterpolateV, ╔Á╔ÁpureFunction0, ╔Á╔ÁpureFunction1, 
╔Á╔ÁpureFunction2, ╔Á╔ÁpureFunction3, ╔Á╔ÁpureFunction4, ╔Á╔ÁpureFunction5, ╔Á╔ÁpureFunction6, ╔Á╔ÁpureFunction7, 
╔Á╔ÁpureFunction8, ╔Á╔ÁpureFunctionV, ╔Á╔ÁqueryAdvance, ╔Á╔ÁqueryRefresh, ╔Á╔ÁreadContextLet, ╔Á╔Áreference, 
╔Á╔ÁregisterNgModuleType, ╔Á╔Árepeater, ╔Á╔ÁrepeaterCreate, ╔Á╔ÁrepeaterTrackByIdentity, ╔Á╔ÁrepeaterTrackByIndex, 
╔Á╔ÁresetView, ╔Á╔ÁresolveBody, ╔Á╔ÁresolveDocument, ╔Á╔ÁresolveWindow, ╔Á╔ÁrestoreView, ╔Á╔ÁsanitizeHtml, 
╔Á╔ÁsanitizeResourceUrl, ╔Á╔ÁsanitizeScript, ╔Á╔ÁsanitizeStyle, ╔Á╔ÁsanitizeUrl, ╔Á╔ÁsanitizeUrlOrResourceUrl, 
╔Á╔ÁsetComponentScope, ╔Á╔ÁsetNgModuleScope, ╔Á╔ÁstoreLet, ╔Á╔ÁstyleMap, ╔Á╔ÁstyleMapInterpolate1, 
╔Á╔ÁstyleMapInterpolate2, ╔Á╔ÁstyleMapInterpolate3, ╔Á╔ÁstyleMapInterpolate4, ╔Á╔ÁstyleMapInterpolate5, 
╔Á╔ÁstyleMapInterpolate6, ╔Á╔ÁstyleMapInterpolate7, ╔Á╔ÁstyleMapInterpolate8, ╔Á╔ÁstyleMapInterpolateV, ╔Á╔ÁstyleProp, 
╔Á╔ÁstylePropInterpolate1, ╔Á╔ÁstylePropInterpolate2, ╔Á╔ÁstylePropInterpolate3, ╔Á╔ÁstylePropInterpolate4, 
╔Á╔ÁstylePropInterpolate5, ╔Á╔ÁstylePropInterpolate6, ╔Á╔ÁstylePropInterpolate7, ╔Á╔ÁstylePropInterpolate8, 
╔Á╔ÁstylePropInterpolateV, ╔Á╔ÁsyntheticHostListener, ╔Á╔ÁsyntheticHostProperty, ╔Á╔Átemplate, 
╔Á╔ÁtemplateRefExtractor, ╔Á╔Átext, ╔Á╔ÁtextInterpolate, ╔Á╔ÁtextInterpolate1, ╔Á╔ÁtextInterpolate2, 
╔Á╔ÁtextInterpolate3, ╔Á╔ÁtextInterpolate4, ╔Á╔ÁtextInterpolate5, ╔Á╔ÁtextInterpolate6, ╔Á╔ÁtextInterpolate7, 
╔Á╔ÁtextInterpolate8, ╔Á╔ÁtextInterpolateV, ╔Á╔ÁtrustConstantHtml, ╔Á╔ÁtrustConstantResourceUrl, ╔Á╔ÁtwoWayBindingSet, 
╔Á╔ÁtwoWayListener, ╔Á╔ÁtwoWayProperty, ╔Á╔ÁvalidateIframeAttribute, ╔Á╔ÁviewQuery, ╔Á╔ÁviewQuerySignal)

../node_modules/@angular/material/fesm2022/core.mjs:1506:18-38 - Error: export '╔Á╔ÁInputFlags' (imported as 'i0') was 
not found in '@angular/core' (possible exports: ANIMATION_MODULE_TYPE, APP_BOOTSTRAP_LISTENER, APP_ID, 
APP_INITIALIZER, AfterRenderPhase, ApplicationInitStatus, ApplicationModule, ApplicationRef, Attribute, 
COMPILER_OPTIONS, CSP_NONCE, CUSTOM_ELEMENTS_SCHEMA, ChangeDetectionStrategy, ChangeDetectorRef, Compiler, 
CompilerFactory, Component, ComponentFactory, ComponentFactoryResolver, ComponentRef, ContentChild, ContentChildren, 
DEFAULT_CURRENCY_CODE, DebugElement, DebugEventListener, DebugNode, DefaultIterableDiffer, DestroyRef, Directive, 
ENVIRONMENT_INITIALIZER, ElementRef, EmbeddedViewRef, EnvironmentInjector, ErrorHandler, EventEmitter, 
ExperimentalPendingTasks, HOST_TAG_NAME, Host, HostAttributeToken, HostBinding, HostListener, INJECTOR, Inject, 
InjectFlags, Injectable, InjectionToken, Injector, Input, IterableDiffers, KeyValueDiffers, LOCALE_ID, 
MissingTranslationStrategy, ModuleWithComponentFactories, NO_ERRORS_SCHEMA, NgModule, NgModuleFactory, NgModuleRef, 
NgProbeToken, NgZone, Optional, Output, OutputEmitterRef, PACKAGE_ROOT_URL, PLATFORM_ID, PLATFORM_INITIALIZER, Pipe, 
PlatformRef, Query, QueryList, Renderer2, RendererFactory2, RendererStyleFlags2, Sanitizer, SecurityContext, Self, 
SimpleChange, SkipSelf, TRANSLATIONS, TRANSLATIONS_FORMAT, TemplateRef, Testability, TestabilityRegistry, 
TransferState, Type, VERSION, Version, ViewChild, ViewChildren, ViewContainerRef, ViewEncapsulation, ViewRef, 
afterNextRender, afterRender, asNativeElements, assertInInjectionContext, assertNotInReactiveContext, assertPlatform, 
booleanAttribute, computed, contentChild, contentChildren, createComponent, createEnvironmentInjector, createNgModule, 
createNgModuleRef, createPlatform, createPlatformFactory, defineInjectable, destroyPlatform, effect, enableProdMode, 
forwardRef, getDebugNode, getModuleFactory, getNgModuleById, getPlatform, importProvidersFrom, inject, input, 
isDevMode, isSignal, isStandalone, makeEnvironmentProviders, makeStateKey, mergeApplicationConfig, model, 
numberAttribute, output, platformCore, provideExperimentalCheckNoChangesForDebug, 
provideExperimentalZonelessChangeDetection, provideZoneChangeDetection, reflectComponentType, resolveForwardRef, 
runInInjectionContext, setTestabilityGetter, signal, untracked, viewChild, viewChildren, ╔ÁALLOW_MULTIPLE_PLATFORMS, 
╔ÁAfterRenderManager, ╔ÁCONTAINER_HEADER_OFFSET, ╔ÁChangeDetectionScheduler, ╔ÁChangeDetectionSchedulerImpl, 
╔ÁComponentFactory, ╔ÁConsole, ╔ÁDEFAULT_LOCALE_ID, ╔ÁDEFER_BLOCK_CONFIG, ╔ÁDEFER_BLOCK_DEPENDENCY_INTERCEPTOR, 
╔ÁDeferBlockBehavior, ╔ÁDeferBlockState, ╔ÁEffectScheduler, ╔ÁIMAGE_CONFIG, ╔ÁIMAGE_CONFIG_DEFAULTS, ╔ÁINJECTOR_SCOPE, 
╔ÁINPUT_SIGNAL_BRAND_WRITE_TYPE, ╔ÁINTERNAL_APPLICATION_ERROR_HANDLER, ╔ÁIS_HYDRATION_DOM_REUSE_ENABLED, 
╔ÁJSACTION_EVENT_CONTRACT, ╔ÁLContext, ╔ÁLifecycleHooksFeature, ╔ÁLocaleDataIndex, ╔ÁNG_COMP_DEF, ╔ÁNG_DIR_DEF, 
╔ÁNG_ELEMENT_ID, ╔ÁNG_INJ_DEF, ╔ÁNG_MOD_DEF, ╔ÁNG_PIPE_DEF, ╔ÁNG_PROV_DEF, ╔ÁNOT_FOUND_CHECK_ONLY_ELEMENT_INJECTOR, 
╔ÁNO_CHANGE, ╔ÁNgModuleFactory, ╔ÁNoopNgZone, ╔ÁPROVIDED_NG_ZONE, ╔ÁPendingTasks, ╔ÁReflectionCapabilities, 
╔ÁRender3ComponentFactory, ╔ÁRender3ComponentRef, ╔ÁRender3NgModuleRef, ╔ÁRuntimeError, ╔ÁSIGNAL, 
╔ÁSSR_CONTENT_INTEGRITY_MARKER, ╔ÁTESTABILITY, ╔ÁTESTABILITY_GETTER, ╔ÁUSE_RUNTIME_DEPS_TRACKER_FOR_JIT, ╔ÁViewRef, 
╔ÁXSS_SECURITY_URL, ╔ÁZONELESS_ENABLED, ╔Á_sanitizeHtml, ╔Á_sanitizeUrl, ╔ÁallowSanitizationBypassAndThrow, 
╔ÁannotateForHydration, ╔ÁbypassSanitizationTrustHtml, ╔ÁbypassSanitizationTrustResourceUrl, 
╔ÁbypassSanitizationTrustScript, ╔ÁbypassSanitizationTrustStyle, ╔ÁbypassSanitizationTrustUrl, 
╔ÁclearResolutionOfComponentResourcesQueue, ╔ÁcompileComponent, ╔ÁcompileDirective, ╔ÁcompileNgModule, 
╔ÁcompileNgModuleDefs, ╔ÁcompileNgModuleFactory, ╔ÁcompilePipe, ╔ÁconvertToBitFlags, ╔ÁcreateInjector, 
╔ÁdefaultIterableDiffers, ╔ÁdefaultKeyValueDiffers, ╔ÁdepsTracker, ╔ÁdetectChangesInViewIfRequired, ╔ÁdevModeEqual, 
╔ÁfindLocaleData, ╔ÁflushModuleScopingQueueAsMuchAsPossible, ╔ÁformatRuntimeError, 
╔ÁgenerateStandaloneInDeclarationsError, ╔ÁgetAsyncClassMetadataFn, ╔ÁgetDebugNode, ╔ÁgetDeferBlocks, ╔ÁgetDirectives, 
╔ÁgetHostElement, ╔ÁgetInjectableDef, ╔ÁgetLContext, ╔ÁgetLocaleCurrencyCode, ╔ÁgetLocalePluralCase, 
╔ÁgetOutputDestroyRef, ╔ÁgetSanitizationBypassType, ╔ÁgetUnknownElementStrictMode, ╔ÁgetUnknownPropertyStrictMode, 
╔Áglobal, ╔ÁinjectChangeDetectorRef, ╔ÁinternalCreateApplication, ╔ÁinternalProvideZoneChangeDetection, 
╔ÁisBoundToModule, ╔ÁisComponentDefPendingResolution, ╔ÁisEnvironmentProviders, ╔ÁisInjectable, ╔ÁisNgModule, 
╔ÁisPromise, ╔ÁisSubscribable, ╔ÁnoSideEffects, ╔ÁpatchComponentDefWithScope, ╔ÁperformanceMarkFeature, 
╔ÁreadHydrationInfo, ╔ÁregisterLocaleData, ╔ÁrenderDeferBlockState, ╔ÁresetCompiledComponents, ╔ÁresetJitOptions, 
╔ÁresolveComponentResources, ╔ÁrestoreComponentResolutionQueue, ╔ÁsetAllowDuplicateNgModuleIdsForTest, 
╔ÁsetAlternateWeakRefImpl, ╔ÁsetClassDebugInfo, ╔ÁsetClassMetadata, ╔ÁsetClassMetadataAsync, ╔ÁsetCurrentInjector, 
╔ÁsetDocument, ╔ÁsetInjectorProfilerContext, ╔ÁsetLocaleId, ╔ÁsetUnknownElementStrictMode, 
╔ÁsetUnknownPropertyStrictMode, ╔Ástore, ╔Ástringify, ╔ÁtransitiveScopesFor, ╔ÁtriggerResourceLoading, 
╔ÁtruncateMiddle, ╔ÁunregisterLocaleData, ╔ÁunwrapSafeValue, ╔ÁunwrapWritableSignal, ╔ÁwhenStable, ╔ÁwithDomHydration, 
╔ÁwithEventReplay, ╔ÁwithI18nSupport, ╔Á╔ÁCopyDefinitionFeature, ╔Á╔ÁFactoryTarget, ╔Á╔ÁHostDirectivesFeature, 
╔Á╔ÁInheritDefinitionFeature, ╔Á╔ÁInputTransformsFeature, ╔Á╔ÁNgOnChangesFeature, ╔Á╔ÁProvidersFeature, 
╔Á╔ÁStandaloneFeature, ╔Á╔Áadvance, ╔Á╔Áattribute, ╔Á╔ÁattributeInterpolate1, ╔Á╔ÁattributeInterpolate2, 
╔Á╔ÁattributeInterpolate3, ╔Á╔ÁattributeInterpolate4, ╔Á╔ÁattributeInterpolate5, ╔Á╔ÁattributeInterpolate6, 
╔Á╔ÁattributeInterpolate7, ╔Á╔ÁattributeInterpolate8, ╔Á╔ÁattributeInterpolateV, ╔Á╔ÁclassMap, 
╔Á╔ÁclassMapInterpolate1, ╔Á╔ÁclassMapInterpolate2, ╔Á╔ÁclassMapInterpolate3, ╔Á╔ÁclassMapInterpolate4, 
╔Á╔ÁclassMapInterpolate5, ╔Á╔ÁclassMapInterpolate6, ╔Á╔ÁclassMapInterpolate7, ╔Á╔ÁclassMapInterpolate8, 
╔Á╔ÁclassMapInterpolateV, ╔Á╔ÁclassProp, ╔Á╔ÁcomponentInstance, ╔Á╔Áconditional, ╔Á╔ÁcontentQuery, 
╔Á╔ÁcontentQuerySignal, ╔Á╔ÁdeclareLet, ╔Á╔Ádefer, ╔Á╔ÁdeferEnableTimerScheduling, ╔Á╔ÁdeferOnHover, ╔Á╔ÁdeferOnIdle, 
╔Á╔ÁdeferOnImmediate, ╔Á╔ÁdeferOnInteraction, ╔Á╔ÁdeferOnTimer, ╔Á╔ÁdeferOnViewport, ╔Á╔ÁdeferPrefetchOnHover, 
╔Á╔ÁdeferPrefetchOnIdle, ╔Á╔ÁdeferPrefetchOnImmediate, ╔Á╔ÁdeferPrefetchOnInteraction, ╔Á╔ÁdeferPrefetchOnTimer, 
╔Á╔ÁdeferPrefetchOnViewport, ╔Á╔ÁdeferPrefetchWhen, ╔Á╔ÁdeferWhen, ╔Á╔ÁdefineComponent, ╔Á╔ÁdefineDirective, 
╔Á╔ÁdefineInjectable, ╔Á╔ÁdefineInjector, ╔Á╔ÁdefineNgModule, ╔Á╔ÁdefinePipe, ╔Á╔ÁdirectiveInject, 
╔Á╔ÁdisableBindings, ╔Á╔Áelement, ╔Á╔ÁelementContainer, ╔Á╔ÁelementContainerEnd, ╔Á╔ÁelementContainerStart, 
╔Á╔ÁelementEnd, ╔Á╔ÁelementStart, ╔Á╔ÁenableBindings, ╔Á╔ÁgetComponentDepsFactory, ╔Á╔ÁgetCurrentView, 
╔Á╔ÁgetInheritedFactory, ╔Á╔ÁhostProperty, ╔Á╔Ái18n, ╔Á╔Ái18nApply, ╔Á╔Ái18nAttributes, ╔Á╔Ái18nEnd, ╔Á╔Ái18nExp, 
╔Á╔Ái18nPostprocess, ╔Á╔Ái18nStart, ╔Á╔Áinject, ╔Á╔ÁinjectAttribute, ╔Á╔ÁinvalidFactory, ╔Á╔ÁinvalidFactoryDep, 
╔Á╔Álistener, ╔Á╔ÁloadQuery, ╔Á╔ÁnamespaceHTML, ╔Á╔ÁnamespaceMathML, ╔Á╔ÁnamespaceSVG, ╔Á╔ÁnextContext, 
╔Á╔ÁngDeclareClassMetadata, ╔Á╔ÁngDeclareClassMetadataAsync, ╔Á╔ÁngDeclareComponent, ╔Á╔ÁngDeclareDirective, 
╔Á╔ÁngDeclareFactory, ╔Á╔ÁngDeclareInjectable, ╔Á╔ÁngDeclareInjector, ╔Á╔ÁngDeclareNgModule, ╔Á╔ÁngDeclarePipe, 
╔Á╔Ápipe, ╔Á╔ÁpipeBind1, ╔Á╔ÁpipeBind2, ╔Á╔ÁpipeBind3, ╔Á╔ÁpipeBind4, ╔Á╔ÁpipeBindV, ╔Á╔Áprojection, 
╔Á╔ÁprojectionDef, ╔Á╔Áproperty, ╔Á╔ÁpropertyInterpolate, ╔Á╔ÁpropertyInterpolate1, ╔Á╔ÁpropertyInterpolate2, 
╔Á╔ÁpropertyInterpolate3, ╔Á╔ÁpropertyInterpolate4, ╔Á╔ÁpropertyInterpolate5, ╔Á╔ÁpropertyInterpolate6, 
╔Á╔ÁpropertyInterpolate7, ╔Á╔ÁpropertyInterpolate8, ╔Á╔ÁpropertyInterpolateV, ╔Á╔ÁpureFunction0, ╔Á╔ÁpureFunction1, 
╔Á╔ÁpureFunction2, ╔Á╔ÁpureFunction3, ╔Á╔ÁpureFunction4, ╔Á╔ÁpureFunction5, ╔Á╔ÁpureFunction6, ╔Á╔ÁpureFunction7, 
╔Á╔ÁpureFunction8, ╔Á╔ÁpureFunctionV, ╔Á╔ÁqueryAdvance, ╔Á╔ÁqueryRefresh, ╔Á╔ÁreadContextLet, ╔Á╔Áreference, 
╔Á╔ÁregisterNgModuleType, ╔Á╔Árepeater, ╔Á╔ÁrepeaterCreate, ╔Á╔ÁrepeaterTrackByIdentity, ╔Á╔ÁrepeaterTrackByIndex, 
╔Á╔ÁresetView, ╔Á╔ÁresolveBody, ╔Á╔ÁresolveDocument, ╔Á╔ÁresolveWindow, ╔Á╔ÁrestoreView, ╔Á╔ÁsanitizeHtml, 
╔Á╔ÁsanitizeResourceUrl, ╔Á╔ÁsanitizeScript, ╔Á╔ÁsanitizeStyle, ╔Á╔ÁsanitizeUrl, ╔Á╔ÁsanitizeUrlOrResourceUrl, 
╔Á╔ÁsetComponentScope, ╔Á╔ÁsetNgModuleScope, ╔Á╔ÁstoreLet, ╔Á╔ÁstyleMap, ╔Á╔ÁstyleMapInterpolate1, 
╔Á╔ÁstyleMapInterpolate2, ╔Á╔ÁstyleMapInterpolate3, ╔Á╔ÁstyleMapInterpolate4, ╔Á╔ÁstyleMapInterpolate5, 
╔Á╔ÁstyleMapInterpolate6, ╔Á╔ÁstyleMapInterpolate7, ╔Á╔ÁstyleMapInterpolate8, ╔Á╔ÁstyleMapInterpolateV, ╔Á╔ÁstyleProp, 
╔Á╔ÁstylePropInterpolate1, ╔Á╔ÁstylePropInterpolate2, ╔Á╔ÁstylePropInterpolate3, ╔Á╔ÁstylePropInterpolate4, 
╔Á╔ÁstylePropInterpolate5, ╔Á╔ÁstylePropInterpolate6, ╔Á╔ÁstylePropInterpolate7, ╔Á╔ÁstylePropInterpolate8, 
╔Á╔ÁstylePropInterpolateV, ╔Á╔ÁsyntheticHostListener, ╔Á╔ÁsyntheticHostProperty, ╔Á╔Átemplate, 
╔Á╔ÁtemplateRefExtractor, ╔Á╔Átext, ╔Á╔ÁtextInterpolate, ╔Á╔ÁtextInterpolate1, ╔Á╔ÁtextInterpolate2, 
╔Á╔ÁtextInterpolate3, ╔Á╔ÁtextInterpolate4, ╔Á╔ÁtextInterpolate5, ╔Á╔ÁtextInterpolate6, ╔Á╔ÁtextInterpolate7, 
╔Á╔ÁtextInterpolate8, ╔Á╔ÁtextInterpolateV, ╔Á╔ÁtrustConstantHtml, ╔Á╔ÁtrustConstantResourceUrl, ╔Á╔ÁtwoWayBindingSet, 
╔Á╔ÁtwoWayListener, ╔Á╔ÁtwoWayProperty, ╔Á╔ÁvalidateIframeAttribute, ╔Á╔ÁviewQuery, ╔Á╔ÁviewQuerySignal)

../node_modules/@angular/material/fesm2022/core.mjs:1795:19-61 - Error: export '╔Á╔ÁInputFlags' (imported as 'i0') was 
not found in '@angular/core' (possible exports: ANIMATION_MODULE_TYPE, APP_BOOTSTRAP_LISTENER, APP_ID, 
APP_INITIALIZER, AfterRenderPhase, ApplicationInitStatus, ApplicationModule, ApplicationRef, Attribute, 
COMPILER_OPTIONS, CSP_NONCE, CUSTOM_ELEMENTS_SCHEMA, ChangeDetectionStrategy, ChangeDetectorRef, Compiler, 
CompilerFactory, Component, ComponentFactory, ComponentFactoryResolver, ComponentRef, ContentChild, ContentChildren, 
DEFAULT_CURRENCY_CODE, DebugElement, DebugEventListener, DebugNode, DefaultIterableDiffer, DestroyRef, Directive, 
ENVIRONMENT_INITIALIZER, ElementRef, EmbeddedViewRef, EnvironmentInjector, ErrorHandler, EventEmitter, 
ExperimentalPendingTasks, HOST_TAG_NAME, Host, HostAttributeToken, HostBinding, HostListener, INJECTOR, Inject, 
InjectFlags, Injectable, InjectionToken, Injector, Input, IterableDiffers, KeyValueDiffers, LOCALE_ID, 
MissingTranslationStrategy, ModuleWithComponentFactories, NO_ERRORS_SCHEMA, NgModule, NgModuleFactory, NgModuleRef, 
NgProbeToken, NgZone, Optional, Output, OutputEmitterRef, PACKAGE_ROOT_URL, PLATFORM_ID, PLATFORM_INITIALIZER, Pipe, 
PlatformRef, Query, QueryList, Renderer2, RendererFactory2, RendererStyleFlags2, Sanitizer, SecurityContext, Self, 
SimpleChange, SkipSelf, TRANSLATIONS, TRANSLATIONS_FORMAT, TemplateRef, Testability, TestabilityRegistry, 
TransferState, Type, VERSION, Version, ViewChild, ViewChildren, ViewContainerRef, ViewEncapsulation, ViewRef, 
afterNextRender, afterRender, asNativeElements, assertInInjectionContext, assertNotInReactiveContext, assertPlatform, 
booleanAttribute, computed, contentChild, contentChildren, createComponent, createEnvironmentInjector, createNgModule, 
createNgModuleRef, createPlatform, createPlatformFactory, defineInjectable, destroyPlatform, effect, enableProdMode, 
forwardRef, getDebugNode, getModuleFactory, getNgModuleById, getPlatform, importProvidersFrom, inject, input, 
isDevMode, isSignal, isStandalone, makeEnvironmentProviders, makeStateKey, mergeApplicationConfig, model, 
numberAttribute, output, platformCore, provideExperimentalCheckNoChangesForDebug, 
provideExperimentalZonelessChangeDetection, provideZoneChangeDetection, reflectComponentType, resolveForwardRef, 
runInInjectionContext, setTestabilityGetter, signal, untracked, viewChild, viewChildren, ╔ÁALLOW_MULTIPLE_PLATFORMS, 
╔ÁAfterRenderManager, ╔ÁCONTAINER_HEADER_OFFSET, ╔ÁChangeDetectionScheduler, ╔ÁChangeDetectionSchedulerImpl, 
╔ÁComponentFactory, ╔ÁConsole, ╔ÁDEFAULT_LOCALE_ID, ╔ÁDEFER_BLOCK_CONFIG, ╔ÁDEFER_BLOCK_DEPENDENCY_INTERCEPTOR, 
╔ÁDeferBlockBehavior, ╔ÁDeferBlockState, ╔ÁEffectScheduler, ╔ÁIMAGE_CONFIG, ╔ÁIMAGE_CONFIG_DEFAULTS, ╔ÁINJECTOR_SCOPE, 
╔ÁINPUT_SIGNAL_BRAND_WRITE_TYPE, ╔ÁINTERNAL_APPLICATION_ERROR_HANDLER, ╔ÁIS_HYDRATION_DOM_REUSE_ENABLED, 
╔ÁJSACTION_EVENT_CONTRACT, ╔ÁLContext, ╔ÁLifecycleHooksFeature, ╔ÁLocaleDataIndex, ╔ÁNG_COMP_DEF, ╔ÁNG_DIR_DEF, 
╔ÁNG_ELEMENT_ID, ╔ÁNG_INJ_DEF, ╔ÁNG_MOD_DEF, ╔ÁNG_PIPE_DEF, ╔ÁNG_PROV_DEF, ╔ÁNOT_FOUND_CHECK_ONLY_ELEMENT_INJECTOR, 
╔ÁNO_CHANGE, ╔ÁNgModuleFactory, ╔ÁNoopNgZone, ╔ÁPROVIDED_NG_ZONE, ╔ÁPendingTasks, ╔ÁReflectionCapabilities, 
╔ÁRender3ComponentFactory, ╔ÁRender3ComponentRef, ╔ÁRender3NgModuleRef, ╔ÁRuntimeError, ╔ÁSIGNAL, 
╔ÁSSR_CONTENT_INTEGRITY_MARKER, ╔ÁTESTABILITY, ╔ÁTESTABILITY_GETTER, ╔ÁUSE_RUNTIME_DEPS_TRACKER_FOR_JIT, ╔ÁViewRef, 
╔ÁXSS_SECURITY_URL, ╔ÁZONELESS_ENABLED, ╔Á_sanitizeHtml, ╔Á_sanitizeUrl, ╔ÁallowSanitizationBypassAndThrow, 
╔ÁannotateForHydration, ╔ÁbypassSanitizationTrustHtml, ╔ÁbypassSanitizationTrustResourceUrl, 
╔ÁbypassSanitizationTrustScript, ╔ÁbypassSanitizationTrustStyle, ╔ÁbypassSanitizationTrustUrl, 
╔ÁclearResolutionOfComponentResourcesQueue, ╔ÁcompileComponent, ╔ÁcompileDirective, ╔ÁcompileNgModule, 
╔ÁcompileNgModuleDefs, ╔ÁcompileNgModuleFactory, ╔ÁcompilePipe, ╔ÁconvertToBitFlags, ╔ÁcreateInjector, 
╔ÁdefaultIterableDiffers, ╔ÁdefaultKeyValueDiffers, ╔ÁdepsTracker, ╔ÁdetectChangesInViewIfRequired, ╔ÁdevModeEqual, 
╔ÁfindLocaleData, ╔ÁflushModuleScopingQueueAsMuchAsPossible, ╔ÁformatRuntimeError, 
╔ÁgenerateStandaloneInDeclarationsError, ╔ÁgetAsyncClassMetadataFn, ╔ÁgetDebugNode, ╔ÁgetDeferBlocks, ╔ÁgetDirectives, 
╔ÁgetHostElement, ╔ÁgetInjectableDef, ╔ÁgetLContext, ╔ÁgetLocaleCurrencyCode, ╔ÁgetLocalePluralCase, 
╔ÁgetOutputDestroyRef, ╔ÁgetSanitizationBypassType, ╔ÁgetUnknownElementStrictMode, ╔ÁgetUnknownPropertyStrictMode, 
╔Áglobal, ╔ÁinjectChangeDetectorRef, ╔ÁinternalCreateApplication, ╔ÁinternalProvideZoneChangeDetection, 
╔ÁisBoundToModule, ╔ÁisComponentDefPendingResolution, ╔ÁisEnvironmentProviders, ╔ÁisInjectable, ╔ÁisNgModule, 
╔ÁisPromise, ╔ÁisSubscribable, ╔ÁnoSideEffects, ╔ÁpatchComponentDefWithScope, ╔ÁperformanceMarkFeature, 
╔ÁreadHydrationInfo, ╔ÁregisterLocaleData, ╔ÁrenderDeferBlockState, ╔ÁresetCompiledComponents, ╔ÁresetJitOptions, 
╔ÁresolveComponentResources, ╔ÁrestoreComponentResolutionQueue, ╔ÁsetAllowDuplicateNgModuleIdsForTest, 
╔ÁsetAlternateWeakRefImpl, ╔ÁsetClassDebugInfo, ╔ÁsetClassMetadata, ╔ÁsetClassMetadataAsync, ╔ÁsetCurrentInjector, 
╔ÁsetDocument, ╔ÁsetInjectorProfilerContext, ╔ÁsetLocaleId, ╔ÁsetUnknownElementStrictMode, 
╔ÁsetUnknownPropertyStrictMode, ╔Ástore, ╔Ástringify, ╔ÁtransitiveScopesFor, ╔ÁtriggerResourceLoading, 
╔ÁtruncateMiddle, ╔ÁunregisterLocaleData, ╔ÁunwrapSafeValue, ╔ÁunwrapWritableSignal, ╔ÁwhenStable, ╔ÁwithDomHydration, 
╔ÁwithEventReplay, ╔ÁwithI18nSupport, ╔Á╔ÁCopyDefinitionFeature, ╔Á╔ÁFactoryTarget, ╔Á╔ÁHostDirectivesFeature, 
╔Á╔ÁInheritDefinitionFeature, ╔Á╔ÁInputTransformsFeature, ╔Á╔ÁNgOnChangesFeature, ╔Á╔ÁProvidersFeature, 
╔Á╔ÁStandaloneFeature, ╔Á╔Áadvance, ╔Á╔Áattribute, ╔Á╔ÁattributeInterpolate1, ╔Á╔ÁattributeInterpolate2, 
╔Á╔ÁattributeInterpolate3, ╔Á╔ÁattributeInterpolate4, ╔Á╔ÁattributeInterpolate5, ╔Á╔ÁattributeInterpolate6, 
╔Á╔ÁattributeInterpolate7, ╔Á╔ÁattributeInterpolate8, ╔Á╔ÁattributeInterpolateV, ╔Á╔ÁclassMap, 
╔Á╔ÁclassMapInterpolate1, ╔Á╔ÁclassMapInterpolate2, ╔Á╔ÁclassMapInterpolate3, ╔Á╔ÁclassMapInterpolate4, 
╔Á╔ÁclassMapInterpolate5, ╔Á╔ÁclassMapInterpolate6, ╔Á╔ÁclassMapInterpolate7, ╔Á╔ÁclassMapInterpolate8, 
╔Á╔ÁclassMapInterpolateV, ╔Á╔ÁclassProp, ╔Á╔ÁcomponentInstance, ╔Á╔Áconditional, ╔Á╔ÁcontentQuery, 
╔Á╔ÁcontentQuerySignal, ╔Á╔ÁdeclareLet, ╔Á╔Ádefer, ╔Á╔ÁdeferEnableTimerScheduling, ╔Á╔ÁdeferOnHover, ╔Á╔ÁdeferOnIdle, 
╔Á╔ÁdeferOnImmediate, ╔Á╔ÁdeferOnInteraction, ╔Á╔ÁdeferOnTimer, ╔Á╔ÁdeferOnViewport, ╔Á╔ÁdeferPrefetchOnHover, 
╔Á╔ÁdeferPrefetchOnIdle, ╔Á╔ÁdeferPrefetchOnImmediate, ╔Á╔ÁdeferPrefetchOnInteraction, ╔Á╔ÁdeferPrefetchOnTimer, 
╔Á╔ÁdeferPrefetchOnViewport, ╔Á╔ÁdeferPrefetchWhen, ╔Á╔ÁdeferWhen, ╔Á╔ÁdefineComponent, ╔Á╔ÁdefineDirective, 
╔Á╔ÁdefineInjectable, ╔Á╔ÁdefineInjector, ╔Á╔ÁdefineNgModule, ╔Á╔ÁdefinePipe, ╔Á╔ÁdirectiveInject, 
╔Á╔ÁdisableBindings, ╔Á╔Áelement, ╔Á╔ÁelementContainer, ╔Á╔ÁelementContainerEnd, ╔Á╔ÁelementContainerStart, 
╔Á╔ÁelementEnd, ╔Á╔ÁelementStart, ╔Á╔ÁenableBindings, ╔Á╔ÁgetComponentDepsFactory, ╔Á╔ÁgetCurrentView, 
╔Á╔ÁgetInheritedFactory, ╔Á╔ÁhostProperty, ╔Á╔Ái18n, ╔Á╔Ái18nApply, ╔Á╔Ái18nAttributes, ╔Á╔Ái18nEnd, ╔Á╔Ái18nExp, 
╔Á╔Ái18nPostprocess, ╔Á╔Ái18nStart, ╔Á╔Áinject, ╔Á╔ÁinjectAttribute, ╔Á╔ÁinvalidFactory, ╔Á╔ÁinvalidFactoryDep, 
╔Á╔Álistener, ╔Á╔ÁloadQuery, ╔Á╔ÁnamespaceHTML, ╔Á╔ÁnamespaceMathML, ╔Á╔ÁnamespaceSVG, ╔Á╔ÁnextContext, 
╔Á╔ÁngDeclareClassMetadata, ╔Á╔ÁngDeclareClassMetadataAsync, ╔Á╔ÁngDeclareComponent, ╔Á╔ÁngDeclareDirective, 
╔Á╔ÁngDeclareFactory, ╔Á╔ÁngDeclareInjectable, ╔Á╔ÁngDeclareInjector, ╔Á╔ÁngDeclareNgModule, ╔Á╔ÁngDeclarePipe, 
╔Á╔Ápipe, ╔Á╔ÁpipeBind1, ╔Á╔ÁpipeBind2, ╔Á╔ÁpipeBind3, ╔Á╔ÁpipeBind4, ╔Á╔ÁpipeBindV, ╔Á╔Áprojection, 
╔Á╔ÁprojectionDef, ╔Á╔Áproperty, ╔Á╔ÁpropertyInterpolate, ╔Á╔ÁpropertyInterpolate1, ╔Á╔ÁpropertyInterpolate2, 
╔Á╔ÁpropertyInterpolate3, ╔Á╔ÁpropertyInterpolate4, ╔Á╔ÁpropertyInterpolate5, ╔Á╔ÁpropertyInterpolate6, 
╔Á╔ÁpropertyInterpolate7, ╔Á╔ÁpropertyInterpolate8, ╔Á╔ÁpropertyInterpolateV, ╔Á╔ÁpureFunction0, ╔Á╔ÁpureFunction1, 
╔Á╔ÁpureFunction2, ╔Á╔ÁpureFunction3, ╔Á╔ÁpureFunction4, ╔Á╔ÁpureFunction5, ╔Á╔ÁpureFunction6, ╔Á╔ÁpureFunction7, 
╔Á╔ÁpureFunction8, ╔Á╔ÁpureFunctionV, ╔Á╔ÁqueryAdvance, ╔Á╔ÁqueryRefresh, ╔Á╔ÁreadContextLet, ╔Á╔Áreference, 
╔Á╔ÁregisterNgModuleType, ╔Á╔Árepeater, ╔Á╔ÁrepeaterCreate, ╔Á╔ÁrepeaterTrackByIdentity, ╔Á╔ÁrepeaterTrackByIndex, 
╔Á╔ÁresetView, ╔Á╔ÁresolveBody, ╔Á╔ÁresolveDocument, ╔Á╔ÁresolveWindow, ╔Á╔ÁrestoreView, ╔Á╔ÁsanitizeHtml, 
╔Á╔ÁsanitizeResourceUrl, ╔Á╔ÁsanitizeScript, ╔Á╔ÁsanitizeStyle, ╔Á╔ÁsanitizeUrl, ╔Á╔ÁsanitizeUrlOrResourceUrl, 
╔Á╔ÁsetComponentScope, ╔Á╔ÁsetNgModuleScope, ╔Á╔ÁstoreLet, ╔Á╔ÁstyleMap, ╔Á╔ÁstyleMapInterpolate1, 
╔Á╔ÁstyleMapInterpolate2, ╔Á╔ÁstyleMapInterpolate3, ╔Á╔ÁstyleMapInterpolate4, ╔Á╔ÁstyleMapInterpolate5, 
╔Á╔ÁstyleMapInterpolate6, ╔Á╔ÁstyleMapInterpolate7, ╔Á╔ÁstyleMapInterpolate8, ╔Á╔ÁstyleMapInterpolateV, ╔Á╔ÁstyleProp, 
╔Á╔ÁstylePropInterpolate1, ╔Á╔ÁstylePropInterpolate2, ╔Á╔ÁstylePropInterpolate3, ╔Á╔ÁstylePropInterpolate4, 
╔Á╔ÁstylePropInterpolate5, ╔Á╔ÁstylePropInterpolate6, ╔Á╔ÁstylePropInterpolate7, ╔Á╔ÁstylePropInterpolate8, 
╔Á╔ÁstylePropInterpolateV, ╔Á╔ÁsyntheticHostListener, ╔Á╔ÁsyntheticHostProperty, ╔Á╔Átemplate, 
╔Á╔ÁtemplateRefExtractor, ╔Á╔Átext, ╔Á╔ÁtextInterpolate, ╔Á╔ÁtextInterpolate1, ╔Á╔ÁtextInterpolate2, 
╔Á╔ÁtextInterpolate3, ╔Á╔ÁtextInterpolate4, ╔Á╔ÁtextInterpolate5, ╔Á╔ÁtextInterpolate6, ╔Á╔ÁtextInterpolate7, 
╔Á╔ÁtextInterpolate8, ╔Á╔ÁtextInterpolateV, ╔Á╔ÁtrustConstantHtml, ╔Á╔ÁtrustConstantResourceUrl, ╔Á╔ÁtwoWayBindingSet, 
╔Á╔ÁtwoWayListener, ╔Á╔ÁtwoWayProperty, ╔Á╔ÁvalidateIframeAttribute, ╔Á╔ÁviewQuery, ╔Á╔ÁviewQuerySignal)

../node_modules/@angular/material/fesm2022/core.mjs:2092:19-61 - Error: export '╔Á╔ÁInputFlags' (imported as 'i0') was 
not found in '@angular/core' (possible exports: ANIMATION_MODULE_TYPE, APP_BOOTSTRAP_LISTENER, APP_ID, 
APP_INITIALIZER, AfterRenderPhase, ApplicationInitStatus, ApplicationModule, ApplicationRef, Attribute, 
COMPILER_OPTIONS, CSP_NONCE, CUSTOM_ELEMENTS_SCHEMA, ChangeDetectionStrategy, ChangeDetectorRef, Compiler, 
CompilerFactory, Component, ComponentFactory, ComponentFactoryResolver, ComponentRef, ContentChild, ContentChildren, 
DEFAULT_CURRENCY_CODE, DebugElement, DebugEventListener, DebugNode, DefaultIterableDiffer, DestroyRef, Directive, 
ENVIRONMENT_INITIALIZER, ElementRef, EmbeddedViewRef, EnvironmentInjector, ErrorHandler, EventEmitter, 
ExperimentalPendingTasks, HOST_TAG_NAME, Host, HostAttributeToken, HostBinding, HostListener, INJECTOR, Inject, 
InjectFlags, Injectable, InjectionToken, Injector, Input, IterableDiffers, KeyValueDiffers, LOCALE_ID, 
MissingTranslationStrategy, ModuleWithComponentFactories, NO_ERRORS_SCHEMA, NgModule, NgModuleFactory, NgModuleRef, 
NgProbeToken, NgZone, Optional, Output, OutputEmitterRef, PACKAGE_ROOT_URL, PLATFORM_ID, PLATFORM_INITIALIZER, Pipe, 
PlatformRef, Query, QueryList, Renderer2, RendererFactory2, RendererStyleFlags2, Sanitizer, SecurityContext, Self, 
SimpleChange, SkipSelf, TRANSLATIONS, TRANSLATIONS_FORMAT, TemplateRef, Testability, TestabilityRegistry, 
TransferState, Type, VERSION, Version, ViewChild, ViewChildren, ViewContainerRef, ViewEncapsulation, ViewRef, 
afterNextRender, afterRender, asNativeElements, assertInInjectionContext, assertNotInReactiveContext, assertPlatform, 
booleanAttribute, computed, contentChild, contentChildren, createComponent, createEnvironmentInjector, createNgModule, 
createNgModuleRef, createPlatform, createPlatformFactory, defineInjectable, destroyPlatform, effect, enableProdMode, 
forwardRef, getDebugNode, getModuleFactory, getNgModuleById, getPlatform, importProvidersFrom, inject, input, 
isDevMode, isSignal, isStandalone, makeEnvironmentProviders, makeStateKey, mergeApplicationConfig, model, 
numberAttribute, output, platformCore, provideExperimentalCheckNoChangesForDebug, 
provideExperimentalZonelessChangeDetection, provideZoneChangeDetection, reflectComponentType, resolveForwardRef, 
runInInjectionContext, setTestabilityGetter, signal, untracked, viewChild, viewChildren, ╔ÁALLOW_MULTIPLE_PLATFORMS, 
╔ÁAfterRenderManager, ╔ÁCONTAINER_HEADER_OFFSET, ╔ÁChangeDetectionScheduler, ╔ÁChangeDetectionSchedulerImpl, 
╔ÁComponentFactory, ╔ÁConsole, ╔ÁDEFAULT_LOCALE_ID, ╔ÁDEFER_BLOCK_CONFIG, ╔ÁDEFER_BLOCK_DEPENDENCY_INTERCEPTOR, 
╔ÁDeferBlockBehavior, ╔ÁDeferBlockState, ╔ÁEffectScheduler, ╔ÁIMAGE_CONFIG, ╔ÁIMAGE_CONFIG_DEFAULTS, ╔ÁINJECTOR_SCOPE, 
╔ÁINPUT_SIGNAL_BRAND_WRITE_TYPE, ╔ÁINTERNAL_APPLICATION_ERROR_HANDLER, ╔ÁIS_HYDRATION_DOM_REUSE_ENABLED, 
╔ÁJSACTION_EVENT_CONTRACT, ╔ÁLContext, ╔ÁLifecycleHooksFeature, ╔ÁLocaleDataIndex, ╔ÁNG_COMP_DEF, ╔ÁNG_DIR_DEF, 
╔ÁNG_ELEMENT_ID, ╔ÁNG_INJ_DEF, ╔ÁNG_MOD_DEF, ╔ÁNG_PIPE_DEF, ╔ÁNG_PROV_DEF, ╔ÁNOT_FOUND_CHECK_ONLY_ELEMENT_INJECTOR, 
╔ÁNO_CHANGE, ╔ÁNgModuleFactory, ╔ÁNoopNgZone, ╔ÁPROVIDED_NG_ZONE, ╔ÁPendingTasks, ╔ÁReflectionCapabilities, 
╔ÁRender3ComponentFactory, ╔ÁRender3ComponentRef, ╔ÁRender3NgModuleRef, ╔ÁRuntimeError, ╔ÁSIGNAL, 
╔ÁSSR_CONTENT_INTEGRITY_MARKER, ╔ÁTESTABILITY, ╔ÁTESTABILITY_GETTER, ╔ÁUSE_RUNTIME_DEPS_TRACKER_FOR_JIT, ╔ÁViewRef, 
╔ÁXSS_SECURITY_URL, ╔ÁZONELESS_ENABLED, ╔Á_sanitizeHtml, ╔Á_sanitizeUrl, ╔ÁallowSanitizationBypassAndThrow, 
╔ÁannotateForHydration, ╔ÁbypassSanitizationTrustHtml, ╔ÁbypassSanitizationTrustResourceUrl, 
╔ÁbypassSanitizationTrustScript, ╔ÁbypassSanitizationTrustStyle, ╔ÁbypassSanitizationTrustUrl, 
╔ÁclearResolutionOfComponentResourcesQueue, ╔ÁcompileComponent, ╔ÁcompileDirective, ╔ÁcompileNgModule, 
╔ÁcompileNgModuleDefs, ╔ÁcompileNgModuleFactory, ╔ÁcompilePipe, ╔ÁconvertToBitFlags, ╔ÁcreateInjector, 
╔ÁdefaultIterableDiffers, ╔ÁdefaultKeyValueDiffers, ╔ÁdepsTracker, ╔ÁdetectChangesInViewIfRequired, ╔ÁdevModeEqual, 
╔ÁfindLocaleData, ╔ÁflushModuleScopingQueueAsMuchAsPossible, ╔ÁformatRuntimeError, 
╔ÁgenerateStandaloneInDeclarationsError, ╔ÁgetAsyncClassMetadataFn, ╔ÁgetDebugNode, ╔ÁgetDeferBlocks, ╔ÁgetDirectives, 
╔ÁgetHostElement, ╔ÁgetInjectableDef, ╔ÁgetLContext, ╔ÁgetLocaleCurrencyCode, ╔ÁgetLocalePluralCase, 
╔ÁgetOutputDestroyRef, ╔ÁgetSanitizationBypassType, ╔ÁgetUnknownElementStrictMode, ╔ÁgetUnknownPropertyStrictMode, 
╔Áglobal, ╔ÁinjectChangeDetectorRef, ╔ÁinternalCreateApplication, ╔ÁinternalProvideZoneChangeDetection, 
╔ÁisBoundToModule, ╔ÁisComponentDefPendingResolution, ╔ÁisEnvironmentProviders, ╔ÁisInjectable, ╔ÁisNgModule, 
╔ÁisPromise, ╔ÁisSubscribable, ╔ÁnoSideEffects, ╔ÁpatchComponentDefWithScope, ╔ÁperformanceMarkFeature, 
╔ÁreadHydrationInfo, ╔ÁregisterLocaleData, ╔ÁrenderDeferBlockState, ╔ÁresetCompiledComponents, ╔ÁresetJitOptions, 
╔ÁresolveComponentResources, ╔ÁrestoreComponentResolutionQueue, ╔ÁsetAllowDuplicateNgModuleIdsForTest, 
╔ÁsetAlternateWeakRefImpl, ╔ÁsetClassDebugInfo, ╔ÁsetClassMetadata, ╔ÁsetClassMetadataAsync, ╔ÁsetCurrentInjector, 
╔ÁsetDocument, ╔ÁsetInjectorProfilerContext, ╔ÁsetLocaleId, ╔ÁsetUnknownElementStrictMode, 
╔ÁsetUnknownPropertyStrictMode, ╔Ástore, ╔Ástringify, ╔ÁtransitiveScopesFor, ╔ÁtriggerResourceLoading, 
╔ÁtruncateMiddle, ╔ÁunregisterLocaleData, ╔ÁunwrapSafeValue, ╔ÁunwrapWritableSignal, ╔ÁwhenStable, ╔ÁwithDomHydration, 
╔ÁwithEventReplay, ╔ÁwithI18nSupport, ╔Á╔ÁCopyDefinitionFeature, ╔Á╔ÁFactoryTarget, ╔Á╔ÁHostDirectivesFeature, 
╔Á╔ÁInheritDefinitionFeature, ╔Á╔ÁInputTransformsFeature, ╔Á╔ÁNgOnChangesFeature, ╔Á╔ÁProvidersFeature, 
╔Á╔ÁStandaloneFeature, ╔Á╔Áadvance, ╔Á╔Áattribute, ╔Á╔ÁattributeInterpolate1, ╔Á╔ÁattributeInterpolate2, 
╔Á╔ÁattributeInterpolate3, ╔Á╔ÁattributeInterpolate4, ╔Á╔ÁattributeInterpolate5, ╔Á╔ÁattributeInterpolate6, 
╔Á╔ÁattributeInterpolate7, ╔Á╔ÁattributeInterpolate8, ╔Á╔ÁattributeInterpolateV, ╔Á╔ÁclassMap, 
╔Á╔ÁclassMapInterpolate1, ╔Á╔ÁclassMapInterpolate2, ╔Á╔ÁclassMapInterpolate3, ╔Á╔ÁclassMapInterpolate4, 
╔Á╔ÁclassMapInterpolate5, ╔Á╔ÁclassMapInterpolate6, ╔Á╔ÁclassMapInterpolate7, ╔Á╔ÁclassMapInterpolate8, 
╔Á╔ÁclassMapInterpolateV, ╔Á╔ÁclassProp, ╔Á╔ÁcomponentInstance, ╔Á╔Áconditional, ╔Á╔ÁcontentQuery, 
╔Á╔ÁcontentQuerySignal, ╔Á╔ÁdeclareLet, ╔Á╔Ádefer, ╔Á╔ÁdeferEnableTimerScheduling, ╔Á╔ÁdeferOnHover, ╔Á╔ÁdeferOnIdle, 
╔Á╔ÁdeferOnImmediate, ╔Á╔ÁdeferOnInteraction, ╔Á╔ÁdeferOnTimer, ╔Á╔ÁdeferOnViewport, ╔Á╔ÁdeferPrefetchOnHover, 
╔Á╔ÁdeferPrefetchOnIdle, ╔Á╔ÁdeferPrefetchOnImmediate, ╔Á╔ÁdeferPrefetchOnInteraction, ╔Á╔ÁdeferPrefetchOnTimer, 
╔Á╔ÁdeferPrefetchOnViewport, ╔Á╔ÁdeferPrefetchWhen, ╔Á╔ÁdeferWhen, ╔Á╔ÁdefineComponent, ╔Á╔ÁdefineDirective, 
╔Á╔ÁdefineInjectable, ╔Á╔ÁdefineInjector, ╔Á╔ÁdefineNgModule, ╔Á╔ÁdefinePipe, ╔Á╔ÁdirectiveInject, 
╔Á╔ÁdisableBindings, ╔Á╔Áelement, ╔Á╔ÁelementContainer, ╔Á╔ÁelementContainerEnd, ╔Á╔ÁelementContainerStart, 
╔Á╔ÁelementEnd, ╔Á╔ÁelementStart, ╔Á╔ÁenableBindings, ╔Á╔ÁgetComponentDepsFactory, ╔Á╔ÁgetCurrentView, 
╔Á╔ÁgetInheritedFactory, ╔Á╔ÁhostProperty, ╔Á╔Ái18n, ╔Á╔Ái18nApply, ╔Á╔Ái18nAttributes, ╔Á╔Ái18nEnd, ╔Á╔Ái18nExp, 
╔Á╔Ái18nPostprocess, ╔Á╔Ái18nStart, ╔Á╔Áinject, ╔Á╔ÁinjectAttribute, ╔Á╔ÁinvalidFactory, ╔Á╔ÁinvalidFactoryDep, 
╔Á╔Álistener, ╔Á╔ÁloadQuery, ╔Á╔ÁnamespaceHTML, ╔Á╔ÁnamespaceMathML, ╔Á╔ÁnamespaceSVG, ╔Á╔ÁnextContext, 
╔Á╔ÁngDeclareClassMetadata, ╔Á╔ÁngDeclareClassMetadataAsync, ╔Á╔ÁngDeclareComponent, ╔Á╔ÁngDeclareDirective, 
╔Á╔ÁngDeclareFactory, ╔Á╔ÁngDeclareInjectable, ╔Á╔ÁngDeclareInjector, ╔Á╔ÁngDeclareNgModule, ╔Á╔ÁngDeclarePipe, 
╔Á╔Ápipe, ╔Á╔ÁpipeBind1, ╔Á╔ÁpipeBind2, ╔Á╔ÁpipeBind3, ╔Á╔ÁpipeBind4, ╔Á╔ÁpipeBindV, ╔Á╔Áprojection, 
╔Á╔ÁprojectionDef, ╔Á╔Áproperty, ╔Á╔ÁpropertyInterpolate, ╔Á╔ÁpropertyInterpolate1, ╔Á╔ÁpropertyInterpolate2, 
╔Á╔ÁpropertyInterpolate3, ╔Á╔ÁpropertyInterpolate4, ╔Á╔ÁpropertyInterpolate5, ╔Á╔ÁpropertyInterpolate6, 
╔Á╔ÁpropertyInterpolate7, ╔Á╔ÁpropertyInterpolate8, ╔Á╔ÁpropertyInterpolateV, ╔Á╔ÁpureFunction0, ╔Á╔ÁpureFunction1, 
╔Á╔ÁpureFunction2, ╔Á╔ÁpureFunction3, ╔Á╔ÁpureFunction4, ╔Á╔ÁpureFunction5, ╔Á╔ÁpureFunction6, ╔Á╔ÁpureFunction7, 
╔Á╔ÁpureFunction8, ╔Á╔ÁpureFunctionV, ╔Á╔ÁqueryAdvance, ╔Á╔ÁqueryRefresh, ╔Á╔ÁreadContextLet, ╔Á╔Áreference, 
╔Á╔ÁregisterNgModuleType, ╔Á╔Árepeater, ╔Á╔ÁrepeaterCreate, ╔Á╔ÁrepeaterTrackByIdentity, ╔Á╔ÁrepeaterTrackByIndex, 
╔Á╔ÁresetView, ╔Á╔ÁresolveBody, ╔Á╔ÁresolveDocument, ╔Á╔ÁresolveWindow, ╔Á╔ÁrestoreView, ╔Á╔ÁsanitizeHtml, 
╔Á╔ÁsanitizeResourceUrl, ╔Á╔ÁsanitizeScript, ╔Á╔ÁsanitizeStyle, ╔Á╔ÁsanitizeUrl, ╔Á╔ÁsanitizeUrlOrResourceUrl, 
╔Á╔ÁsetComponentScope, ╔Á╔ÁsetNgModuleScope, ╔Á╔ÁstoreLet, ╔Á╔ÁstyleMap, ╔Á╔ÁstyleMapInterpolate1, 
╔Á╔ÁstyleMapInterpolate2, ╔Á╔ÁstyleMapInterpolate3, ╔Á╔ÁstyleMapInterpolate4, ╔Á╔ÁstyleMapInterpolate5, 
╔Á╔ÁstyleMapInterpolate6, ╔Á╔ÁstyleMapInterpolate7, ╔Á╔ÁstyleMapInterpolate8, ╔Á╔ÁstyleMapInterpolateV, ╔Á╔ÁstyleProp, 
╔Á╔ÁstylePropInterpolate1, ╔Á╔ÁstylePropInterpolate2, ╔Á╔ÁstylePropInterpolate3, ╔Á╔ÁstylePropInterpolate4, 
╔Á╔ÁstylePropInterpolate5, ╔Á╔ÁstylePropInterpolate6, ╔Á╔ÁstylePropInterpolate7, ╔Á╔ÁstylePropInterpolate8, 
╔Á╔ÁstylePropInterpolateV, ╔Á╔ÁsyntheticHostListener, ╔Á╔ÁsyntheticHostProperty, ╔Á╔Átemplate, 
╔Á╔ÁtemplateRefExtractor, ╔Á╔Átext, ╔Á╔ÁtextInterpolate, ╔Á╔ÁtextInterpolate1, ╔Á╔ÁtextInterpolate2, 
╔Á╔ÁtextInterpolate3, ╔Á╔ÁtextInterpolate4, ╔Á╔ÁtextInterpolate5, ╔Á╔ÁtextInterpolate6, ╔Á╔ÁtextInterpolate7, 
╔Á╔ÁtextInterpolate8, ╔Á╔ÁtextInterpolateV, ╔Á╔ÁtrustConstantHtml, ╔Á╔ÁtrustConstantResourceUrl, ╔Á╔ÁtwoWayBindingSet, 
╔Á╔ÁtwoWayListener, ╔Á╔ÁtwoWayProperty, ╔Á╔ÁvalidateIframeAttribute, ╔Á╔ÁviewQuery, ╔Á╔ÁviewQuerySignal)

../node_modules/@angular/material/fesm2022/form-field.mjs:345:26-46 - Error: export '╔Á╔ÁInputFlags' (imported as 
'i0') was not found in '@angular/core' (possible exports: ANIMATION_MODULE_TYPE, APP_BOOTSTRAP_LISTENER, APP_ID, 
APP_INITIALIZER, AfterRenderPhase, ApplicationInitStatus, ApplicationModule, ApplicationRef, Attribute, 
COMPILER_OPTIONS, CSP_NONCE, CUSTOM_ELEMENTS_SCHEMA, ChangeDetectionStrategy, ChangeDetectorRef, Compiler, 
CompilerFactory, Component, ComponentFactory, ComponentFactoryResolver, ComponentRef, ContentChild, ContentChildren, 
DEFAULT_CURRENCY_CODE, DebugElement, DebugEventListener, DebugNode, DefaultIterableDiffer, DestroyRef, Directive, 
ENVIRONMENT_INITIALIZER, ElementRef, EmbeddedViewRef, EnvironmentInjector, ErrorHandler, EventEmitter, 
ExperimentalPendingTasks, HOST_TAG_NAME, Host, HostAttributeToken, HostBinding, HostListener, INJECTOR, Inject, 
InjectFlags, Injectable, InjectionToken, Injector, Input, IterableDiffers, KeyValueDiffers, LOCALE_ID, 
MissingTranslationStrategy, ModuleWithComponentFactories, NO_ERRORS_SCHEMA, NgModule, NgModuleFactory, NgModuleRef, 
NgProbeToken, NgZone, Optional, Output, OutputEmitterRef, PACKAGE_ROOT_URL, PLATFORM_ID, PLATFORM_INITIALIZER, Pipe, 
PlatformRef, Query, QueryList, Renderer2, RendererFactory2, RendererStyleFlags2, Sanitizer, SecurityContext, Self, 
SimpleChange, SkipSelf, TRANSLATIONS, TRANSLATIONS_FORMAT, TemplateRef, Testability, TestabilityRegistry, 
TransferState, Type, VERSION, Version, ViewChild, ViewChildren, ViewContainerRef, ViewEncapsulation, ViewRef, 
afterNextRender, afterRender, asNativeElements, assertInInjectionContext, assertNotInReactiveContext, assertPlatform, 
booleanAttribute, computed, contentChild, contentChildren, createComponent, createEnvironmentInjector, createNgModule, 
createNgModuleRef, createPlatform, createPlatformFactory, defineInjectable, destroyPlatform, effect, enableProdMode, 
forwardRef, getDebugNode, getModuleFactory, getNgModuleById, getPlatform, importProvidersFrom, inject, input, 
isDevMode, isSignal, isStandalone, makeEnvironmentProviders, makeStateKey, mergeApplicationConfig, model, 
numberAttribute, output, platformCore, provideExperimentalCheckNoChangesForDebug, 
provideExperimentalZonelessChangeDetection, provideZoneChangeDetection, reflectComponentType, resolveForwardRef, 
runInInjectionContext, setTestabilityGetter, signal, untracked, viewChild, viewChildren, ╔ÁALLOW_MULTIPLE_PLATFORMS, 
╔ÁAfterRenderManager, ╔ÁCONTAINER_HEADER_OFFSET, ╔ÁChangeDetectionScheduler, ╔ÁChangeDetectionSchedulerImpl, 
╔ÁComponentFactory, ╔ÁConsole, ╔ÁDEFAULT_LOCALE_ID, ╔ÁDEFER_BLOCK_CONFIG, ╔ÁDEFER_BLOCK_DEPENDENCY_INTERCEPTOR, 
╔ÁDeferBlockBehavior, ╔ÁDeferBlockState, ╔ÁEffectScheduler, ╔ÁIMAGE_CONFIG, ╔ÁIMAGE_CONFIG_DEFAULTS, ╔ÁINJECTOR_SCOPE, 
╔ÁINPUT_SIGNAL_BRAND_WRITE_TYPE, ╔ÁINTERNAL_APPLICATION_ERROR_HANDLER, ╔ÁIS_HYDRATION_DOM_REUSE_ENABLED, 
╔ÁJSACTION_EVENT_CONTRACT, ╔ÁLContext, ╔ÁLifecycleHooksFeature, ╔ÁLocaleDataIndex, ╔ÁNG_COMP_DEF, ╔ÁNG_DIR_DEF, 
╔ÁNG_ELEMENT_ID, ╔ÁNG_INJ_DEF, ╔ÁNG_MOD_DEF, ╔ÁNG_PIPE_DEF, ╔ÁNG_PROV_DEF, ╔ÁNOT_FOUND_CHECK_ONLY_ELEMENT_INJECTOR, 
╔ÁNO_CHANGE, ╔ÁNgModuleFactory, ╔ÁNoopNgZone, ╔ÁPROVIDED_NG_ZONE, ╔ÁPendingTasks, ╔ÁReflectionCapabilities, 
╔ÁRender3ComponentFactory, ╔ÁRender3ComponentRef, ╔ÁRender3NgModuleRef, ╔ÁRuntimeError, ╔ÁSIGNAL, 
╔ÁSSR_CONTENT_INTEGRITY_MARKER, ╔ÁTESTABILITY, ╔ÁTESTABILITY_GETTER, ╔ÁUSE_RUNTIME_DEPS_TRACKER_FOR_JIT, ╔ÁViewRef, 
╔ÁXSS_SECURITY_URL, ╔ÁZONELESS_ENABLED, ╔Á_sanitizeHtml, ╔Á_sanitizeUrl, ╔ÁallowSanitizationBypassAndThrow, 
╔ÁannotateForHydration, ╔ÁbypassSanitizationTrustHtml, ╔ÁbypassSanitizationTrustResourceUrl, 
╔ÁbypassSanitizationTrustScript, ╔ÁbypassSanitizationTrustStyle, ╔ÁbypassSanitizationTrustUrl, 
╔ÁclearResolutionOfComponentResourcesQueue, ╔ÁcompileComponent, ╔ÁcompileDirective, ╔ÁcompileNgModule, 
╔ÁcompileNgModuleDefs, ╔ÁcompileNgModuleFactory, ╔ÁcompilePipe, ╔ÁconvertToBitFlags, ╔ÁcreateInjector, 
╔ÁdefaultIterableDiffers, ╔ÁdefaultKeyValueDiffers, ╔ÁdepsTracker, ╔ÁdetectChangesInViewIfRequired, ╔ÁdevModeEqual, 
╔ÁfindLocaleData, ╔ÁflushModuleScopingQueueAsMuchAsPossible, ╔ÁformatRuntimeError, 
╔ÁgenerateStandaloneInDeclarationsError, ╔ÁgetAsyncClassMetadataFn, ╔ÁgetDebugNode, ╔ÁgetDeferBlocks, ╔ÁgetDirectives, 
╔ÁgetHostElement, ╔ÁgetInjectableDef, ╔ÁgetLContext, ╔ÁgetLocaleCurrencyCode, ╔ÁgetLocalePluralCase, 
╔ÁgetOutputDestroyRef, ╔ÁgetSanitizationBypassType, ╔ÁgetUnknownElementStrictMode, ╔ÁgetUnknownPropertyStrictMode, 
╔Áglobal, ╔ÁinjectChangeDetectorRef, ╔ÁinternalCreateApplication, ╔ÁinternalProvideZoneChangeDetection, 
╔ÁisBoundToModule, ╔ÁisComponentDefPendingResolution, ╔ÁisEnvironmentProviders, ╔ÁisInjectable, ╔ÁisNgModule, 
╔ÁisPromise, ╔ÁisSubscribable, ╔ÁnoSideEffects, ╔ÁpatchComponentDefWithScope, ╔ÁperformanceMarkFeature, 
╔ÁreadHydrationInfo, ╔ÁregisterLocaleData, ╔ÁrenderDeferBlockState, ╔ÁresetCompiledComponents, ╔ÁresetJitOptions, 
╔ÁresolveComponentResources, ╔ÁrestoreComponentResolutionQueue, ╔ÁsetAllowDuplicateNgModuleIdsForTest, 
╔ÁsetAlternateWeakRefImpl, ╔ÁsetClassDebugInfo, ╔ÁsetClassMetadata, ╔ÁsetClassMetadataAsync, ╔ÁsetCurrentInjector, 
╔ÁsetDocument, ╔ÁsetInjectorProfilerContext, ╔ÁsetLocaleId, ╔ÁsetUnknownElementStrictMode, 
╔ÁsetUnknownPropertyStrictMode, ╔Ástore, ╔Ástringify, ╔ÁtransitiveScopesFor, ╔ÁtriggerResourceLoading, 
╔ÁtruncateMiddle, ╔ÁunregisterLocaleData, ╔ÁunwrapSafeValue, ╔ÁunwrapWritableSignal, ╔ÁwhenStable, ╔ÁwithDomHydration, 
╔ÁwithEventReplay, ╔ÁwithI18nSupport, ╔Á╔ÁCopyDefinitionFeature, ╔Á╔ÁFactoryTarget, ╔Á╔ÁHostDirectivesFeature, 
╔Á╔ÁInheritDefinitionFeature, ╔Á╔ÁInputTransformsFeature, ╔Á╔ÁNgOnChangesFeature, ╔Á╔ÁProvidersFeature, 
╔Á╔ÁStandaloneFeature, ╔Á╔Áadvance, ╔Á╔Áattribute, ╔Á╔ÁattributeInterpolate1, ╔Á╔ÁattributeInterpolate2, 
╔Á╔ÁattributeInterpolate3, ╔Á╔ÁattributeInterpolate4, ╔Á╔ÁattributeInterpolate5, ╔Á╔ÁattributeInterpolate6, 
╔Á╔ÁattributeInterpolate7, ╔Á╔ÁattributeInterpolate8, ╔Á╔ÁattributeInterpolateV, ╔Á╔ÁclassMap, 
╔Á╔ÁclassMapInterpolate1, ╔Á╔ÁclassMapInterpolate2, ╔Á╔ÁclassMapInterpolate3, ╔Á╔ÁclassMapInterpolate4, 
╔Á╔ÁclassMapInterpolate5, ╔Á╔ÁclassMapInterpolate6, ╔Á╔ÁclassMapInterpolate7, ╔Á╔ÁclassMapInterpolate8, 
╔Á╔ÁclassMapInterpolateV, ╔Á╔ÁclassProp, ╔Á╔ÁcomponentInstance, ╔Á╔Áconditional, ╔Á╔ÁcontentQuery, 
╔Á╔ÁcontentQuerySignal, ╔Á╔ÁdeclareLet, ╔Á╔Ádefer, ╔Á╔ÁdeferEnableTimerScheduling, ╔Á╔ÁdeferOnHover, ╔Á╔ÁdeferOnIdle, 
╔Á╔ÁdeferOnImmediate, ╔Á╔ÁdeferOnInteraction, ╔Á╔ÁdeferOnTimer, ╔Á╔ÁdeferOnViewport, ╔Á╔ÁdeferPrefetchOnHover, 
╔Á╔ÁdeferPrefetchOnIdle, ╔Á╔ÁdeferPrefetchOnImmediate, ╔Á╔ÁdeferPrefetchOnInteraction, ╔Á╔ÁdeferPrefetchOnTimer, 
╔Á╔ÁdeferPrefetchOnViewport, ╔Á╔ÁdeferPrefetchWhen, ╔Á╔ÁdeferWhen, ╔Á╔ÁdefineComponent, ╔Á╔ÁdefineDirective, 
╔Á╔ÁdefineInjectable, ╔Á╔ÁdefineInjector, ╔Á╔ÁdefineNgModule, ╔Á╔ÁdefinePipe, ╔Á╔ÁdirectiveInject, 
╔Á╔ÁdisableBindings, ╔Á╔Áelement, ╔Á╔ÁelementContainer, ╔Á╔ÁelementContainerEnd, ╔Á╔ÁelementContainerStart, 
╔Á╔ÁelementEnd, ╔Á╔ÁelementStart, ╔Á╔ÁenableBindings, ╔Á╔ÁgetComponentDepsFactory, ╔Á╔ÁgetCurrentView, 
╔Á╔ÁgetInheritedFactory, ╔Á╔ÁhostProperty, ╔Á╔Ái18n, ╔Á╔Ái18nApply, ╔Á╔Ái18nAttributes, ╔Á╔Ái18nEnd, ╔Á╔Ái18nExp, 
╔Á╔Ái18nPostprocess, ╔Á╔Ái18nStart, ╔Á╔Áinject, ╔Á╔ÁinjectAttribute, ╔Á╔ÁinvalidFactory, ╔Á╔ÁinvalidFactoryDep, 
╔Á╔Álistener, ╔Á╔ÁloadQuery, ╔Á╔ÁnamespaceHTML, ╔Á╔ÁnamespaceMathML, ╔Á╔ÁnamespaceSVG, ╔Á╔ÁnextContext, 
╔Á╔ÁngDeclareClassMetadata, ╔Á╔ÁngDeclareClassMetadataAsync, ╔Á╔ÁngDeclareComponent, ╔Á╔ÁngDeclareDirective, 
╔Á╔ÁngDeclareFactory, ╔Á╔ÁngDeclareInjectable, ╔Á╔ÁngDeclareInjector, ╔Á╔ÁngDeclareNgModule, ╔Á╔ÁngDeclarePipe, 
╔Á╔Ápipe, ╔Á╔ÁpipeBind1, ╔Á╔ÁpipeBind2, ╔Á╔ÁpipeBind3, ╔Á╔ÁpipeBind4, ╔Á╔ÁpipeBindV, ╔Á╔Áprojection, 
╔Á╔ÁprojectionDef, ╔Á╔Áproperty, ╔Á╔ÁpropertyInterpolate, ╔Á╔ÁpropertyInterpolate1, ╔Á╔ÁpropertyInterpolate2, 
╔Á╔ÁpropertyInterpolate3, ╔Á╔ÁpropertyInterpolate4, ╔Á╔ÁpropertyInterpolate5, ╔Á╔ÁpropertyInterpolate6, 
╔Á╔ÁpropertyInterpolate7, ╔Á╔ÁpropertyInterpolate8, ╔Á╔ÁpropertyInterpolateV, ╔Á╔ÁpureFunction0, ╔Á╔ÁpureFunction1, 
╔Á╔ÁpureFunction2, ╔Á╔ÁpureFunction3, ╔Á╔ÁpureFunction4, ╔Á╔ÁpureFunction5, ╔Á╔ÁpureFunction6, ╔Á╔ÁpureFunction7, 
╔Á╔ÁpureFunction8, ╔Á╔ÁpureFunctionV, ╔Á╔ÁqueryAdvance, ╔Á╔ÁqueryRefresh, ╔Á╔ÁreadContextLet, ╔Á╔Áreference, 
╔Á╔ÁregisterNgModuleType, ╔Á╔Árepeater, ╔Á╔ÁrepeaterCreate, ╔Á╔ÁrepeaterTrackByIdentity, ╔Á╔ÁrepeaterTrackByIndex, 
╔Á╔ÁresetView, ╔Á╔ÁresolveBody, ╔Á╔ÁresolveDocument, ╔Á╔ÁresolveWindow, ╔Á╔ÁrestoreView, ╔Á╔ÁsanitizeHtml, 
╔Á╔ÁsanitizeResourceUrl, ╔Á╔ÁsanitizeScript, ╔Á╔ÁsanitizeStyle, ╔Á╔ÁsanitizeUrl, ╔Á╔ÁsanitizeUrlOrResourceUrl, 
╔Á╔ÁsetComponentScope, ╔Á╔ÁsetNgModuleScope, ╔Á╔ÁstoreLet, ╔Á╔ÁstyleMap, ╔Á╔ÁstyleMapInterpolate1, 
╔Á╔ÁstyleMapInterpolate2, ╔Á╔ÁstyleMapInterpolate3, ╔Á╔ÁstyleMapInterpolate4, ╔Á╔ÁstyleMapInterpolate5, 
╔Á╔ÁstyleMapInterpolate6, ╔Á╔ÁstyleMapInterpolate7, ╔Á╔ÁstyleMapInterpolate8, ╔Á╔ÁstyleMapInterpolateV, ╔Á╔ÁstyleProp, 
╔Á╔ÁstylePropInterpolate1, ╔Á╔ÁstylePropInterpolate2, ╔Á╔ÁstylePropInterpolate3, ╔Á╔ÁstylePropInterpolate4, 
╔Á╔ÁstylePropInterpolate5, ╔Á╔ÁstylePropInterpolate6, ╔Á╔ÁstylePropInterpolate7, ╔Á╔ÁstylePropInterpolate8, 
╔Á╔ÁstylePropInterpolateV, ╔Á╔ÁsyntheticHostListener, ╔Á╔ÁsyntheticHostProperty, ╔Á╔Átemplate, 
╔Á╔ÁtemplateRefExtractor, ╔Á╔Átext, ╔Á╔ÁtextInterpolate, ╔Á╔ÁtextInterpolate1, ╔Á╔ÁtextInterpolate2, 
╔Á╔ÁtextInterpolate3, ╔Á╔ÁtextInterpolate4, ╔Á╔ÁtextInterpolate5, ╔Á╔ÁtextInterpolate6, ╔Á╔ÁtextInterpolate7, 
╔Á╔ÁtextInterpolate8, ╔Á╔ÁtextInterpolateV, ╔Á╔ÁtrustConstantHtml, ╔Á╔ÁtrustConstantResourceUrl, ╔Á╔ÁtwoWayBindingSet, 
╔Á╔ÁtwoWayListener, ╔Á╔ÁtwoWayProperty, ╔Á╔ÁvalidateIframeAttribute, ╔Á╔ÁviewQuery, ╔Á╔ÁviewQuerySignal)

../node_modules/@angular/material/fesm2022/form-field.mjs:398:26-46 - Error: export '╔Á╔ÁInputFlags' (imported as 
'i0') was not found in '@angular/core' (possible exports: ANIMATION_MODULE_TYPE, APP_BOOTSTRAP_LISTENER, APP_ID, 
APP_INITIALIZER, AfterRenderPhase, ApplicationInitStatus, ApplicationModule, ApplicationRef, Attribute, 
COMPILER_OPTIONS, CSP_NONCE, CUSTOM_ELEMENTS_SCHEMA, ChangeDetectionStrategy, ChangeDetectorRef, Compiler, 
CompilerFactory, Component, ComponentFactory, ComponentFactoryResolver, ComponentRef, ContentChild, ContentChildren, 
DEFAULT_CURRENCY_CODE, DebugElement, DebugEventListener, DebugNode, DefaultIterableDiffer, DestroyRef, Directive, 
ENVIRONMENT_INITIALIZER, ElementRef, EmbeddedViewRef, EnvironmentInjector, ErrorHandler, EventEmitter, 
ExperimentalPendingTasks, HOST_TAG_NAME, Host, HostAttributeToken, HostBinding, HostListener, INJECTOR, Inject, 
InjectFlags, Injectable, InjectionToken, Injector, Input, IterableDiffers, KeyValueDiffers, LOCALE_ID, 
MissingTranslationStrategy, ModuleWithComponentFactories, NO_ERRORS_SCHEMA, NgModule, NgModuleFactory, NgModuleRef, 
NgProbeToken, NgZone, Optional, Output, OutputEmitterRef, PACKAGE_ROOT_URL, PLATFORM_ID, PLATFORM_INITIALIZER, Pipe, 
PlatformRef, Query, QueryList, Renderer2, RendererFactory2, RendererStyleFlags2, Sanitizer, SecurityContext, Self, 
SimpleChange, SkipSelf, TRANSLATIONS, TRANSLATIONS_FORMAT, TemplateRef, Testability, TestabilityRegistry, 
TransferState, Type, VERSION, Version, ViewChild, ViewChildren, ViewContainerRef, ViewEncapsulation, ViewRef, 
afterNextRender, afterRender, asNativeElements, assertInInjectionContext, assertNotInReactiveContext, assertPlatform, 
booleanAttribute, computed, contentChild, contentChildren, createComponent, createEnvironmentInjector, createNgModule, 
createNgModuleRef, createPlatform, createPlatformFactory, defineInjectable, destroyPlatform, effect, enableProdMode, 
forwardRef, getDebugNode, getModuleFactory, getNgModuleById, getPlatform, importProvidersFrom, inject, input, 
isDevMode, isSignal, isStandalone, makeEnvironmentProviders, makeStateKey, mergeApplicationConfig, model, 
numberAttribute, output, platformCore, provideExperimentalCheckNoChangesForDebug, 
provideExperimentalZonelessChangeDetection, provideZoneChangeDetection, reflectComponentType, resolveForwardRef, 
runInInjectionContext, setTestabilityGetter, signal, untracked, viewChild, viewChildren, ╔ÁALLOW_MULTIPLE_PLATFORMS, 
╔ÁAfterRenderManager, ╔ÁCONTAINER_HEADER_OFFSET, ╔ÁChangeDetectionScheduler, ╔ÁChangeDetectionSchedulerImpl, 
╔ÁComponentFactory, ╔ÁConsole, ╔ÁDEFAULT_LOCALE_ID, ╔ÁDEFER_BLOCK_CONFIG, ╔ÁDEFER_BLOCK_DEPENDENCY_INTERCEPTOR, 
╔ÁDeferBlockBehavior, ╔ÁDeferBlockState, ╔ÁEffectScheduler, ╔ÁIMAGE_CONFIG, ╔ÁIMAGE_CONFIG_DEFAULTS, ╔ÁINJECTOR_SCOPE, 
╔ÁINPUT_SIGNAL_BRAND_WRITE_TYPE, ╔ÁINTERNAL_APPLICATION_ERROR_HANDLER, ╔ÁIS_HYDRATION_DOM_REUSE_ENABLED, 
╔ÁJSACTION_EVENT_CONTRACT, ╔ÁLContext, ╔ÁLifecycleHooksFeature, ╔ÁLocaleDataIndex, ╔ÁNG_COMP_DEF, ╔ÁNG_DIR_DEF, 
╔ÁNG_ELEMENT_ID, ╔ÁNG_INJ_DEF, ╔ÁNG_MOD_DEF, ╔ÁNG_PIPE_DEF, ╔ÁNG_PROV_DEF, ╔ÁNOT_FOUND_CHECK_ONLY_ELEMENT_INJECTOR, 
╔ÁNO_CHANGE, ╔ÁNgModuleFactory, ╔ÁNoopNgZone, ╔ÁPROVIDED_NG_ZONE, ╔ÁPendingTasks, ╔ÁReflectionCapabilities, 
╔ÁRender3ComponentFactory, ╔ÁRender3ComponentRef, ╔ÁRender3NgModuleRef, ╔ÁRuntimeError, ╔ÁSIGNAL, 
╔ÁSSR_CONTENT_INTEGRITY_MARKER, ╔ÁTESTABILITY, ╔ÁTESTABILITY_GETTER, ╔ÁUSE_RUNTIME_DEPS_TRACKER_FOR_JIT, ╔ÁViewRef, 
╔ÁXSS_SECURITY_URL, ╔ÁZONELESS_ENABLED, ╔Á_sanitizeHtml, ╔Á_sanitizeUrl, ╔ÁallowSanitizationBypassAndThrow, 
╔ÁannotateForHydration, ╔ÁbypassSanitizationTrustHtml, ╔ÁbypassSanitizationTrustResourceUrl, 
╔ÁbypassSanitizationTrustScript, ╔ÁbypassSanitizationTrustStyle, ╔ÁbypassSanitizationTrustUrl, 
╔ÁclearResolutionOfComponentResourcesQueue, ╔ÁcompileComponent, ╔ÁcompileDirective, ╔ÁcompileNgModule, 
╔ÁcompileNgModuleDefs, ╔ÁcompileNgModuleFactory, ╔ÁcompilePipe, ╔ÁconvertToBitFlags, ╔ÁcreateInjector, 
╔ÁdefaultIterableDiffers, ╔ÁdefaultKeyValueDiffers, ╔ÁdepsTracker, ╔ÁdetectChangesInViewIfRequired, ╔ÁdevModeEqual, 
╔ÁfindLocaleData, ╔ÁflushModuleScopingQueueAsMuchAsPossible, ╔ÁformatRuntimeError, 
╔ÁgenerateStandaloneInDeclarationsError, ╔ÁgetAsyncClassMetadataFn, ╔ÁgetDebugNode, ╔ÁgetDeferBlocks, ╔ÁgetDirectives, 
╔ÁgetHostElement, ╔ÁgetInjectableDef, ╔ÁgetLContext, ╔ÁgetLocaleCurrencyCode, ╔ÁgetLocalePluralCase, 
╔ÁgetOutputDestroyRef, ╔ÁgetSanitizationBypassType, ╔ÁgetUnknownElementStrictMode, ╔ÁgetUnknownPropertyStrictMode, 
╔Áglobal, ╔ÁinjectChangeDetectorRef, ╔ÁinternalCreateApplication, ╔ÁinternalProvideZoneChangeDetection, 
╔ÁisBoundToModule, ╔ÁisComponentDefPendingResolution, ╔ÁisEnvironmentProviders, ╔ÁisInjectable, ╔ÁisNgModule, 
╔ÁisPromise, ╔ÁisSubscribable, ╔ÁnoSideEffects, ╔ÁpatchComponentDefWithScope, ╔ÁperformanceMarkFeature, 
╔ÁreadHydrationInfo, ╔ÁregisterLocaleData, ╔ÁrenderDeferBlockState, ╔ÁresetCompiledComponents, ╔ÁresetJitOptions, 
╔ÁresolveComponentResources, ╔ÁrestoreComponentResolutionQueue, ╔ÁsetAllowDuplicateNgModuleIdsForTest, 
╔ÁsetAlternateWeakRefImpl, ╔ÁsetClassDebugInfo, ╔ÁsetClassMetadata, ╔ÁsetClassMetadataAsync, ╔ÁsetCurrentInjector, 
╔ÁsetDocument, ╔ÁsetInjectorProfilerContext, ╔ÁsetLocaleId, ╔ÁsetUnknownElementStrictMode, 
╔ÁsetUnknownPropertyStrictMode, ╔Ástore, ╔Ástringify, ╔ÁtransitiveScopesFor, ╔ÁtriggerResourceLoading, 
╔ÁtruncateMiddle, ╔ÁunregisterLocaleData, ╔ÁunwrapSafeValue, ╔ÁunwrapWritableSignal, ╔ÁwhenStable, ╔ÁwithDomHydration, 
╔ÁwithEventReplay, ╔ÁwithI18nSupport, ╔Á╔ÁCopyDefinitionFeature, ╔Á╔ÁFactoryTarget, ╔Á╔ÁHostDirectivesFeature, 
╔Á╔ÁInheritDefinitionFeature, ╔Á╔ÁInputTransformsFeature, ╔Á╔ÁNgOnChangesFeature, ╔Á╔ÁProvidersFeature, 
╔Á╔ÁStandaloneFeature, ╔Á╔Áadvance, ╔Á╔Áattribute, ╔Á╔ÁattributeInterpolate1, ╔Á╔ÁattributeInterpolate2, 
╔Á╔ÁattributeInterpolate3, ╔Á╔ÁattributeInterpolate4, ╔Á╔ÁattributeInterpolate5, ╔Á╔ÁattributeInterpolate6, 
╔Á╔ÁattributeInterpolate7, ╔Á╔ÁattributeInterpolate8, ╔Á╔ÁattributeInterpolateV, ╔Á╔ÁclassMap, 
╔Á╔ÁclassMapInterpolate1, ╔Á╔ÁclassMapInterpolate2, ╔Á╔ÁclassMapInterpolate3, ╔Á╔ÁclassMapInterpolate4, 
╔Á╔ÁclassMapInterpolate5, ╔Á╔ÁclassMapInterpolate6, ╔Á╔ÁclassMapInterpolate7, ╔Á╔ÁclassMapInterpolate8, 
╔Á╔ÁclassMapInterpolateV, ╔Á╔ÁclassProp, ╔Á╔ÁcomponentInstance, ╔Á╔Áconditional, ╔Á╔ÁcontentQuery, 
╔Á╔ÁcontentQuerySignal, ╔Á╔ÁdeclareLet, ╔Á╔Ádefer, ╔Á╔ÁdeferEnableTimerScheduling, ╔Á╔ÁdeferOnHover, ╔Á╔ÁdeferOnIdle, 
╔Á╔ÁdeferOnImmediate, ╔Á╔ÁdeferOnInteraction, ╔Á╔ÁdeferOnTimer, ╔Á╔ÁdeferOnViewport, ╔Á╔ÁdeferPrefetchOnHover, 
╔Á╔ÁdeferPrefetchOnIdle, ╔Á╔ÁdeferPrefetchOnImmediate, ╔Á╔ÁdeferPrefetchOnInteraction, ╔Á╔ÁdeferPrefetchOnTimer, 
╔Á╔ÁdeferPrefetchOnViewport, ╔Á╔ÁdeferPrefetchWhen, ╔Á╔ÁdeferWhen, ╔Á╔ÁdefineComponent, ╔Á╔ÁdefineDirective, 
╔Á╔ÁdefineInjectable, ╔Á╔ÁdefineInjector, ╔Á╔ÁdefineNgModule, ╔Á╔ÁdefinePipe, ╔Á╔ÁdirectiveInject, 
╔Á╔ÁdisableBindings, ╔Á╔Áelement, ╔Á╔ÁelementContainer, ╔Á╔ÁelementContainerEnd, ╔Á╔ÁelementContainerStart, 
╔Á╔ÁelementEnd, ╔Á╔ÁelementStart, ╔Á╔ÁenableBindings, ╔Á╔ÁgetComponentDepsFactory, ╔Á╔ÁgetCurrentView, 
╔Á╔ÁgetInheritedFactory, ╔Á╔ÁhostProperty, ╔Á╔Ái18n, ╔Á╔Ái18nApply, ╔Á╔Ái18nAttributes, ╔Á╔Ái18nEnd, ╔Á╔Ái18nExp, 
╔Á╔Ái18nPostprocess, ╔Á╔Ái18nStart, ╔Á╔Áinject, ╔Á╔ÁinjectAttribute, ╔Á╔ÁinvalidFactory, ╔Á╔ÁinvalidFactoryDep, 
╔Á╔Álistener, ╔Á╔ÁloadQuery, ╔Á╔ÁnamespaceHTML, ╔Á╔ÁnamespaceMathML, ╔Á╔ÁnamespaceSVG, ╔Á╔ÁnextContext, 
╔Á╔ÁngDeclareClassMetadata, ╔Á╔ÁngDeclareClassMetadataAsync, ╔Á╔ÁngDeclareComponent, ╔Á╔ÁngDeclareDirective, 
╔Á╔ÁngDeclareFactory, ╔Á╔ÁngDeclareInjectable, ╔Á╔ÁngDeclareInjector, ╔Á╔ÁngDeclareNgModule, ╔Á╔ÁngDeclarePipe, 
╔Á╔Ápipe, ╔Á╔ÁpipeBind1, ╔Á╔ÁpipeBind2, ╔Á╔ÁpipeBind3, ╔Á╔ÁpipeBind4, ╔Á╔ÁpipeBindV, ╔Á╔Áprojection, 
╔Á╔ÁprojectionDef, ╔Á╔Áproperty, ╔Á╔ÁpropertyInterpolate, ╔Á╔ÁpropertyInterpolate1, ╔Á╔ÁpropertyInterpolate2, 
╔Á╔ÁpropertyInterpolate3, ╔Á╔ÁpropertyInterpolate4, ╔Á╔ÁpropertyInterpolate5, ╔Á╔ÁpropertyInterpolate6, 
╔Á╔ÁpropertyInterpolate7, ╔Á╔ÁpropertyInterpolate8, ╔Á╔ÁpropertyInterpolateV, ╔Á╔ÁpureFunction0, ╔Á╔ÁpureFunction1, 
╔Á╔ÁpureFunction2, ╔Á╔ÁpureFunction3, ╔Á╔ÁpureFunction4, ╔Á╔ÁpureFunction5, ╔Á╔ÁpureFunction6, ╔Á╔ÁpureFunction7, 
╔Á╔ÁpureFunction8, ╔Á╔ÁpureFunctionV, ╔Á╔ÁqueryAdvance, ╔Á╔ÁqueryRefresh, ╔Á╔ÁreadContextLet, ╔Á╔Áreference, 
╔Á╔ÁregisterNgModuleType, ╔Á╔Árepeater, ╔Á╔ÁrepeaterCreate, ╔Á╔ÁrepeaterTrackByIdentity, ╔Á╔ÁrepeaterTrackByIndex, 
╔Á╔ÁresetView, ╔Á╔ÁresolveBody, ╔Á╔ÁresolveDocument, ╔Á╔ÁresolveWindow, ╔Á╔ÁrestoreView, ╔Á╔ÁsanitizeHtml, 
╔Á╔ÁsanitizeResourceUrl, ╔Á╔ÁsanitizeScript, ╔Á╔ÁsanitizeStyle, ╔Á╔ÁsanitizeUrl, ╔Á╔ÁsanitizeUrlOrResourceUrl, 
╔Á╔ÁsetComponentScope, ╔Á╔ÁsetNgModuleScope, ╔Á╔ÁstoreLet, ╔Á╔ÁstyleMap, ╔Á╔ÁstyleMapInterpolate1, 
╔Á╔ÁstyleMapInterpolate2, ╔Á╔ÁstyleMapInterpolate3, ╔Á╔ÁstyleMapInterpolate4, ╔Á╔ÁstyleMapInterpolate5, 
╔Á╔ÁstyleMapInterpolate6, ╔Á╔ÁstyleMapInterpolate7, ╔Á╔ÁstyleMapInterpolate8, ╔Á╔ÁstyleMapInterpolateV, ╔Á╔ÁstyleProp, 
╔Á╔ÁstylePropInterpolate1, ╔Á╔ÁstylePropInterpolate2, ╔Á╔ÁstylePropInterpolate3, ╔Á╔ÁstylePropInterpolate4, 
╔Á╔ÁstylePropInterpolate5, ╔Á╔ÁstylePropInterpolate6, ╔Á╔ÁstylePropInterpolate7, ╔Á╔ÁstylePropInterpolate8, 
╔Á╔ÁstylePropInterpolateV, ╔Á╔ÁsyntheticHostListener, ╔Á╔ÁsyntheticHostProperty, ╔Á╔Átemplate, 
╔Á╔ÁtemplateRefExtractor, ╔Á╔Átext, ╔Á╔ÁtextInterpolate, ╔Á╔ÁtextInterpolate1, ╔Á╔ÁtextInterpolate2, 
╔Á╔ÁtextInterpolate3, ╔Á╔ÁtextInterpolate4, ╔Á╔ÁtextInterpolate5, ╔Á╔ÁtextInterpolate6, ╔Á╔ÁtextInterpolate7, 
╔Á╔ÁtextInterpolate8, ╔Á╔ÁtextInterpolateV, ╔Á╔ÁtrustConstantHtml, ╔Á╔ÁtrustConstantResourceUrl, ╔Á╔ÁtwoWayBindingSet, 
╔Á╔ÁtwoWayListener, ╔Á╔ÁtwoWayProperty, ╔Á╔ÁvalidateIframeAttribute, ╔Á╔ÁviewQuery, ╔Á╔ÁviewQuerySignal)

../node_modules/@angular/material/fesm2022/form-field.mjs:708:15-35 - Error: export '╔Á╔ÁInputFlags' (imported as 
'i0') was not found in '@angular/core' (possible exports: ANIMATION_MODULE_TYPE, APP_BOOTSTRAP_LISTENER, APP_ID, 
APP_INITIALIZER, AfterRenderPhase, ApplicationInitStatus, ApplicationModule, ApplicationRef, Attribute, 
COMPILER_OPTIONS, CSP_NONCE, CUSTOM_ELEMENTS_SCHEMA, ChangeDetectionStrategy, ChangeDetectorRef, Compiler, 
CompilerFactory, Component, ComponentFactory, ComponentFactoryResolver, ComponentRef, ContentChild, ContentChildren, 
DEFAULT_CURRENCY_CODE, DebugElement, DebugEventListener, DebugNode, DefaultIterableDiffer, DestroyRef, Directive, 
ENVIRONMENT_INITIALIZER, ElementRef, EmbeddedViewRef, EnvironmentInjector, ErrorHandler, EventEmitter, 
ExperimentalPendingTasks, HOST_TAG_NAME, Host, HostAttributeToken, HostBinding, HostListener, INJECTOR, Inject, 
InjectFlags, Injectable, InjectionToken, Injector, Input, IterableDiffers, KeyValueDiffers, LOCALE_ID, 
MissingTranslationStrategy, ModuleWithComponentFactories, NO_ERRORS_SCHEMA, NgModule, NgModuleFactory, NgModuleRef, 
NgProbeToken, NgZone, Optional, Output, OutputEmitterRef, PACKAGE_ROOT_URL, PLATFORM_ID, PLATFORM_INITIALIZER, Pipe, 
PlatformRef, Query, QueryList, Renderer2, RendererFactory2, RendererStyleFlags2, Sanitizer, SecurityContext, Self, 
SimpleChange, SkipSelf, TRANSLATIONS, TRANSLATIONS_FORMAT, TemplateRef, Testability, TestabilityRegistry, 
TransferState, Type, VERSION, Version, ViewChild, ViewChildren, ViewContainerRef, ViewEncapsulation, ViewRef, 
afterNextRender, afterRender, asNativeElements, assertInInjectionContext, assertNotInReactiveContext, assertPlatform, 
booleanAttribute, computed, contentChild, contentChildren, createComponent, createEnvironmentInjector, createNgModule, 
createNgModuleRef, createPlatform, createPlatformFactory, defineInjectable, destroyPlatform, effect, enableProdMode, 
forwardRef, getDebugNode, getModuleFactory, getNgModuleById, getPlatform, importProvidersFrom, inject, input, 
isDevMode, isSignal, isStandalone, makeEnvironmentProviders, makeStateKey, mergeApplicationConfig, model, 
numberAttribute, output, platformCore, provideExperimentalCheckNoChangesForDebug, 
provideExperimentalZonelessChangeDetection, provideZoneChangeDetection, reflectComponentType, resolveForwardRef, 
runInInjectionContext, setTestabilityGetter, signal, untracked, viewChild, viewChildren, ╔ÁALLOW_MULTIPLE_PLATFORMS, 
╔ÁAfterRenderManager, ╔ÁCONTAINER_HEADER_OFFSET, ╔ÁChangeDetectionScheduler, ╔ÁChangeDetectionSchedulerImpl, 
╔ÁComponentFactory, ╔ÁConsole, ╔ÁDEFAULT_LOCALE_ID, ╔ÁDEFER_BLOCK_CONFIG, ╔ÁDEFER_BLOCK_DEPENDENCY_INTERCEPTOR, 
╔ÁDeferBlockBehavior, ╔ÁDeferBlockState, ╔ÁEffectScheduler, ╔ÁIMAGE_CONFIG, ╔ÁIMAGE_CONFIG_DEFAULTS, ╔ÁINJECTOR_SCOPE, 
╔ÁINPUT_SIGNAL_BRAND_WRITE_TYPE, ╔ÁINTERNAL_APPLICATION_ERROR_HANDLER, ╔ÁIS_HYDRATION_DOM_REUSE_ENABLED, 
╔ÁJSACTION_EVENT_CONTRACT, ╔ÁLContext, ╔ÁLifecycleHooksFeature, ╔ÁLocaleDataIndex, ╔ÁNG_COMP_DEF, ╔ÁNG_DIR_DEF, 
╔ÁNG_ELEMENT_ID, ╔ÁNG_INJ_DEF, ╔ÁNG_MOD_DEF, ╔ÁNG_PIPE_DEF, ╔ÁNG_PROV_DEF, ╔ÁNOT_FOUND_CHECK_ONLY_ELEMENT_INJECTOR, 
╔ÁNO_CHANGE, ╔ÁNgModuleFactory, ╔ÁNoopNgZone, ╔ÁPROVIDED_NG_ZONE, ╔ÁPendingTasks, ╔ÁReflectionCapabilities, 
╔ÁRender3ComponentFactory, ╔ÁRender3ComponentRef, ╔ÁRender3NgModuleRef, ╔ÁRuntimeError, ╔ÁSIGNAL, 
╔ÁSSR_CONTENT_INTEGRITY_MARKER, ╔ÁTESTABILITY, ╔ÁTESTABILITY_GETTER, ╔ÁUSE_RUNTIME_DEPS_TRACKER_FOR_JIT, ╔ÁViewRef, 
╔ÁXSS_SECURITY_URL, ╔ÁZONELESS_ENABLED, ╔Á_sanitizeHtml, ╔Á_sanitizeUrl, ╔ÁallowSanitizationBypassAndThrow, 
╔ÁannotateForHydration, ╔ÁbypassSanitizationTrustHtml, ╔ÁbypassSanitizationTrustResourceUrl, 
╔ÁbypassSanitizationTrustScript, ╔ÁbypassSanitizationTrustStyle, ╔ÁbypassSanitizationTrustUrl, 
╔ÁclearResolutionOfComponentResourcesQueue, ╔ÁcompileComponent, ╔ÁcompileDirective, ╔ÁcompileNgModule, 
╔ÁcompileNgModuleDefs, ╔ÁcompileNgModuleFactory, ╔ÁcompilePipe, ╔ÁconvertToBitFlags, ╔ÁcreateInjector, 
╔ÁdefaultIterableDiffers, ╔ÁdefaultKeyValueDiffers, ╔ÁdepsTracker, ╔ÁdetectChangesInViewIfRequired, ╔ÁdevModeEqual, 
╔ÁfindLocaleData, ╔ÁflushModuleScopingQueueAsMuchAsPossible, ╔ÁformatRuntimeError, 
╔ÁgenerateStandaloneInDeclarationsError, ╔ÁgetAsyncClassMetadataFn, ╔ÁgetDebugNode, ╔ÁgetDeferBlocks, ╔ÁgetDirectives, 
╔ÁgetHostElement, ╔ÁgetInjectableDef, ╔ÁgetLContext, ╔ÁgetLocaleCurrencyCode, ╔ÁgetLocalePluralCase, 
╔ÁgetOutputDestroyRef, ╔ÁgetSanitizationBypassType, ╔ÁgetUnknownElementStrictMode, ╔ÁgetUnknownPropertyStrictMode, 
╔Áglobal, ╔ÁinjectChangeDetectorRef, ╔ÁinternalCreateApplication, ╔ÁinternalProvideZoneChangeDetection, 
╔ÁisBoundToModule, ╔ÁisComponentDefPendingResolution, ╔ÁisEnvironmentProviders, ╔ÁisInjectable, ╔ÁisNgModule, 
╔ÁisPromise, ╔ÁisSubscribable, ╔ÁnoSideEffects, ╔ÁpatchComponentDefWithScope, ╔ÁperformanceMarkFeature, 
╔ÁreadHydrationInfo, ╔ÁregisterLocaleData, ╔ÁrenderDeferBlockState, ╔ÁresetCompiledComponents, ╔ÁresetJitOptions, 
╔ÁresolveComponentResources, ╔ÁrestoreComponentResolutionQueue, ╔ÁsetAllowDuplicateNgModuleIdsForTest, 
╔ÁsetAlternateWeakRefImpl, ╔ÁsetClassDebugInfo, ╔ÁsetClassMetadata, ╔ÁsetClassMetadataAsync, ╔ÁsetCurrentInjector, 
╔ÁsetDocument, ╔ÁsetInjectorProfilerContext, ╔ÁsetLocaleId, ╔ÁsetUnknownElementStrictMode, 
╔ÁsetUnknownPropertyStrictMode, ╔Ástore, ╔Ástringify, ╔ÁtransitiveScopesFor, ╔ÁtriggerResourceLoading, 
╔ÁtruncateMiddle, ╔ÁunregisterLocaleData, ╔ÁunwrapSafeValue, ╔ÁunwrapWritableSignal, ╔ÁwhenStable, ╔ÁwithDomHydration, 
╔ÁwithEventReplay, ╔ÁwithI18nSupport, ╔Á╔ÁCopyDefinitionFeature, ╔Á╔ÁFactoryTarget, ╔Á╔ÁHostDirectivesFeature, 
╔Á╔ÁInheritDefinitionFeature, ╔Á╔ÁInputTransformsFeature, ╔Á╔ÁNgOnChangesFeature, ╔Á╔ÁProvidersFeature, 
╔Á╔ÁStandaloneFeature, ╔Á╔Áadvance, ╔Á╔Áattribute, ╔Á╔ÁattributeInterpolate1, ╔Á╔ÁattributeInterpolate2, 
╔Á╔ÁattributeInterpolate3, ╔Á╔ÁattributeInterpolate4, ╔Á╔ÁattributeInterpolate5, ╔Á╔ÁattributeInterpolate6, 
╔Á╔ÁattributeInterpolate7, ╔Á╔ÁattributeInterpolate8, ╔Á╔ÁattributeInterpolateV, ╔Á╔ÁclassMap, 
╔Á╔ÁclassMapInterpolate1, ╔Á╔ÁclassMapInterpolate2, ╔Á╔ÁclassMapInterpolate3, ╔Á╔ÁclassMapInterpolate4, 
╔Á╔ÁclassMapInterpolate5, ╔Á╔ÁclassMapInterpolate6, ╔Á╔ÁclassMapInterpolate7, ╔Á╔ÁclassMapInterpolate8, 
╔Á╔ÁclassMapInterpolateV, ╔Á╔ÁclassProp, ╔Á╔ÁcomponentInstance, ╔Á╔Áconditional, ╔Á╔ÁcontentQuery, 
╔Á╔ÁcontentQuerySignal, ╔Á╔ÁdeclareLet, ╔Á╔Ádefer, ╔Á╔ÁdeferEnableTimerScheduling, ╔Á╔ÁdeferOnHover, ╔Á╔ÁdeferOnIdle, 
╔Á╔ÁdeferOnImmediate, ╔Á╔ÁdeferOnInteraction, ╔Á╔ÁdeferOnTimer, ╔Á╔ÁdeferOnViewport, ╔Á╔ÁdeferPrefetchOnHover, 
╔Á╔ÁdeferPrefetchOnIdle, ╔Á╔ÁdeferPrefetchOnImmediate, ╔Á╔ÁdeferPrefetchOnInteraction, ╔Á╔ÁdeferPrefetchOnTimer, 
╔Á╔ÁdeferPrefetchOnViewport, ╔Á╔ÁdeferPrefetchWhen, ╔Á╔ÁdeferWhen, ╔Á╔ÁdefineComponent, ╔Á╔ÁdefineDirective, 
╔Á╔ÁdefineInjectable, ╔Á╔ÁdefineInjector, ╔Á╔ÁdefineNgModule, ╔Á╔ÁdefinePipe, ╔Á╔ÁdirectiveInject, 
╔Á╔ÁdisableBindings, ╔Á╔Áelement, ╔Á╔ÁelementContainer, ╔Á╔ÁelementContainerEnd, ╔Á╔ÁelementContainerStart, 
╔Á╔ÁelementEnd, ╔Á╔ÁelementStart, ╔Á╔ÁenableBindings, ╔Á╔ÁgetComponentDepsFactory, ╔Á╔ÁgetCurrentView, 
╔Á╔ÁgetInheritedFactory, ╔Á╔ÁhostProperty, ╔Á╔Ái18n, ╔Á╔Ái18nApply, ╔Á╔Ái18nAttributes, ╔Á╔Ái18nEnd, ╔Á╔Ái18nExp, 
╔Á╔Ái18nPostprocess, ╔Á╔Ái18nStart, ╔Á╔Áinject, ╔Á╔ÁinjectAttribute, ╔Á╔ÁinvalidFactory, ╔Á╔ÁinvalidFactoryDep, 
╔Á╔Álistener, ╔Á╔ÁloadQuery, ╔Á╔ÁnamespaceHTML, ╔Á╔ÁnamespaceMathML, ╔Á╔ÁnamespaceSVG, ╔Á╔ÁnextContext, 
╔Á╔ÁngDeclareClassMetadata, ╔Á╔ÁngDeclareClassMetadataAsync, ╔Á╔ÁngDeclareComponent, ╔Á╔ÁngDeclareDirective, 
╔Á╔ÁngDeclareFactory, ╔Á╔ÁngDeclareInjectable, ╔Á╔ÁngDeclareInjector, ╔Á╔ÁngDeclareNgModule, ╔Á╔ÁngDeclarePipe, 
╔Á╔Ápipe, ╔Á╔ÁpipeBind1, ╔Á╔ÁpipeBind2, ╔Á╔ÁpipeBind3, ╔Á╔ÁpipeBind4, ╔Á╔ÁpipeBindV, ╔Á╔Áprojection, 
╔Á╔ÁprojectionDef, ╔Á╔Áproperty, ╔Á╔ÁpropertyInterpolate, ╔Á╔ÁpropertyInterpolate1, ╔Á╔ÁpropertyInterpolate2, 
╔Á╔ÁpropertyInterpolate3, ╔Á╔ÁpropertyInterpolate4, ╔Á╔ÁpropertyInterpolate5, ╔Á╔ÁpropertyInterpolate6, 
╔Á╔ÁpropertyInterpolate7, ╔Á╔ÁpropertyInterpolate8, ╔Á╔ÁpropertyInterpolateV, ╔Á╔ÁpureFunction0, ╔Á╔ÁpureFunction1, 
╔Á╔ÁpureFunction2, ╔Á╔ÁpureFunction3, ╔Á╔ÁpureFunction4, ╔Á╔ÁpureFunction5, ╔Á╔ÁpureFunction6, ╔Á╔ÁpureFunction7, 
╔Á╔ÁpureFunction8, ╔Á╔ÁpureFunctionV, ╔Á╔ÁqueryAdvance, ╔Á╔ÁqueryRefresh, ╔Á╔ÁreadContextLet, ╔Á╔Áreference, 
╔Á╔ÁregisterNgModuleType, ╔Á╔Árepeater, ╔Á╔ÁrepeaterCreate, ╔Á╔ÁrepeaterTrackByIdentity, ╔Á╔ÁrepeaterTrackByIndex, 
╔Á╔ÁresetView, ╔Á╔ÁresolveBody, ╔Á╔ÁresolveDocument, ╔Á╔ÁresolveWindow, ╔Á╔ÁrestoreView, ╔Á╔ÁsanitizeHtml, 
╔Á╔ÁsanitizeResourceUrl, ╔Á╔ÁsanitizeScript, ╔Á╔ÁsanitizeStyle, ╔Á╔ÁsanitizeUrl, ╔Á╔ÁsanitizeUrlOrResourceUrl, 
╔Á╔ÁsetComponentScope, ╔Á╔ÁsetNgModuleScope, ╔Á╔ÁstoreLet, ╔Á╔ÁstyleMap, ╔Á╔ÁstyleMapInterpolate1, 
╔Á╔ÁstyleMapInterpolate2, ╔Á╔ÁstyleMapInterpolate3, ╔Á╔ÁstyleMapInterpolate4, ╔Á╔ÁstyleMapInterpolate5, 
╔Á╔ÁstyleMapInterpolate6, ╔Á╔ÁstyleMapInterpolate7, ╔Á╔ÁstyleMapInterpolate8, ╔Á╔ÁstyleMapInterpolateV, ╔Á╔ÁstyleProp, 
╔Á╔ÁstylePropInterpolate1, ╔Á╔ÁstylePropInterpolate2, ╔Á╔ÁstylePropInterpolate3, ╔Á╔ÁstylePropInterpolate4, 
╔Á╔ÁstylePropInterpolate5, ╔Á╔ÁstylePropInterpolate6, ╔Á╔ÁstylePropInterpolate7, ╔Á╔ÁstylePropInterpolate8, 
╔Á╔ÁstylePropInterpolateV, ╔Á╔ÁsyntheticHostListener, ╔Á╔ÁsyntheticHostProperty, ╔Á╔Átemplate, 
╔Á╔ÁtemplateRefExtractor, ╔Á╔Átext, ╔Á╔ÁtextInterpolate, ╔Á╔ÁtextInterpolate1, ╔Á╔ÁtextInterpolate2, 
╔Á╔ÁtextInterpolate3, ╔Á╔ÁtextInterpolate4, ╔Á╔ÁtextInterpolate5, ╔Á╔ÁtextInterpolate6, ╔Á╔ÁtextInterpolate7, 
╔Á╔ÁtextInterpolate8, ╔Á╔ÁtextInterpolateV, ╔Á╔ÁtrustConstantHtml, ╔Á╔ÁtrustConstantResourceUrl, ╔Á╔ÁtwoWayBindingSet, 
╔Á╔ÁtwoWayListener, ╔Á╔ÁtwoWayProperty, ╔Á╔ÁvalidateIframeAttribute, ╔Á╔ÁviewQuery, ╔Á╔ÁviewQuerySignal)

../node_modules/@angular/material/fesm2022/icon.mjs:965:17-59 - Error: export '╔Á╔ÁInputFlags' (imported as 'i0') was 
not found in '@angular/core' (possible exports: ANIMATION_MODULE_TYPE, APP_BOOTSTRAP_LISTENER, APP_ID, 
APP_INITIALIZER, AfterRenderPhase, ApplicationInitStatus, ApplicationModule, ApplicationRef, Attribute, 
COMPILER_OPTIONS, CSP_NONCE, CUSTOM_ELEMENTS_SCHEMA, ChangeDetectionStrategy, ChangeDetectorRef, Compiler, 
CompilerFactory, Component, ComponentFactory, ComponentFactoryResolver, ComponentRef, ContentChild, ContentChildren, 
DEFAULT_CURRENCY_CODE, DebugElement, DebugEventListener, DebugNode, DefaultIterableDiffer, DestroyRef, Directive, 
ENVIRONMENT_INITIALIZER, ElementRef, EmbeddedViewRef, EnvironmentInjector, ErrorHandler, EventEmitter, 
ExperimentalPendingTasks, HOST_TAG_NAME, Host, HostAttributeToken, HostBinding, HostListener, INJECTOR, Inject, 
InjectFlags, Injectable, InjectionToken, Injector, Input, IterableDiffers, KeyValueDiffers, LOCALE_ID, 
MissingTranslationStrategy, ModuleWithComponentFactories, NO_ERRORS_SCHEMA, NgModule, NgModuleFactory, NgModuleRef, 
NgProbeToken, NgZone, Optional, Output, OutputEmitterRef, PACKAGE_ROOT_URL, PLATFORM_ID, PLATFORM_INITIALIZER, Pipe, 
PlatformRef, Query, QueryList, Renderer2, RendererFactory2, RendererStyleFlags2, Sanitizer, SecurityContext, Self, 
SimpleChange, SkipSelf, TRANSLATIONS, TRANSLATIONS_FORMAT, TemplateRef, Testability, TestabilityRegistry, 
TransferState, Type, VERSION, Version, ViewChild, ViewChildren, ViewContainerRef, ViewEncapsulation, ViewRef, 
afterNextRender, afterRender, asNativeElements, assertInInjectionContext, assertNotInReactiveContext, assertPlatform, 
booleanAttribute, computed, contentChild, contentChildren, createComponent, createEnvironmentInjector, createNgModule, 
createNgModuleRef, createPlatform, createPlatformFactory, defineInjectable, destroyPlatform, effect, enableProdMode, 
forwardRef, getDebugNode, getModuleFactory, getNgModuleById, getPlatform, importProvidersFrom, inject, input, 
isDevMode, isSignal, isStandalone, makeEnvironmentProviders, makeStateKey, mergeApplicationConfig, model, 
numberAttribute, output, platformCore, provideExperimentalCheckNoChangesForDebug, 
provideExperimentalZonelessChangeDetection, provideZoneChangeDetection, reflectComponentType, resolveForwardRef, 
runInInjectionContext, setTestabilityGetter, signal, untracked, viewChild, viewChildren, ╔ÁALLOW_MULTIPLE_PLATFORMS, 
╔ÁAfterRenderManager, ╔ÁCONTAINER_HEADER_OFFSET, ╔ÁChangeDetectionScheduler, ╔ÁChangeDetectionSchedulerImpl, 
╔ÁComponentFactory, ╔ÁConsole, ╔ÁDEFAULT_LOCALE_ID, ╔ÁDEFER_BLOCK_CONFIG, ╔ÁDEFER_BLOCK_DEPENDENCY_INTERCEPTOR, 
╔ÁDeferBlockBehavior, ╔ÁDeferBlockState, ╔ÁEffectScheduler, ╔ÁIMAGE_CONFIG, ╔ÁIMAGE_CONFIG_DEFAULTS, ╔ÁINJECTOR_SCOPE, 
╔ÁINPUT_SIGNAL_BRAND_WRITE_TYPE, ╔ÁINTERNAL_APPLICATION_ERROR_HANDLER, ╔ÁIS_HYDRATION_DOM_REUSE_ENABLED, 
╔ÁJSACTION_EVENT_CONTRACT, ╔ÁLContext, ╔ÁLifecycleHooksFeature, ╔ÁLocaleDataIndex, ╔ÁNG_COMP_DEF, ╔ÁNG_DIR_DEF, 
╔ÁNG_ELEMENT_ID, ╔ÁNG_INJ_DEF, ╔ÁNG_MOD_DEF, ╔ÁNG_PIPE_DEF, ╔ÁNG_PROV_DEF, ╔ÁNOT_FOUND_CHECK_ONLY_ELEMENT_INJECTOR, 
╔ÁNO_CHANGE, ╔ÁNgModuleFactory, ╔ÁNoopNgZone, ╔ÁPROVIDED_NG_ZONE, ╔ÁPendingTasks, ╔ÁReflectionCapabilities, 
╔ÁRender3ComponentFactory, ╔ÁRender3ComponentRef, ╔ÁRender3NgModuleRef, ╔ÁRuntimeError, ╔ÁSIGNAL, 
╔ÁSSR_CONTENT_INTEGRITY_MARKER, ╔ÁTESTABILITY, ╔ÁTESTABILITY_GETTER, ╔ÁUSE_RUNTIME_DEPS_TRACKER_FOR_JIT, ╔ÁViewRef, 
╔ÁXSS_SECURITY_URL, ╔ÁZONELESS_ENABLED, ╔Á_sanitizeHtml, ╔Á_sanitizeUrl, ╔ÁallowSanitizationBypassAndThrow, 
╔ÁannotateForHydration, ╔ÁbypassSanitizationTrustHtml, ╔ÁbypassSanitizationTrustResourceUrl, 
╔ÁbypassSanitizationTrustScript, ╔ÁbypassSanitizationTrustStyle, ╔ÁbypassSanitizationTrustUrl, 
╔ÁclearResolutionOfComponentResourcesQueue, ╔ÁcompileComponent, ╔ÁcompileDirective, ╔ÁcompileNgModule, 
╔ÁcompileNgModuleDefs, ╔ÁcompileNgModuleFactory, ╔ÁcompilePipe, ╔ÁconvertToBitFlags, ╔ÁcreateInjector, 
╔ÁdefaultIterableDiffers, ╔ÁdefaultKeyValueDiffers, ╔ÁdepsTracker, ╔ÁdetectChangesInViewIfRequired, ╔ÁdevModeEqual, 
╔ÁfindLocaleData, ╔ÁflushModuleScopingQueueAsMuchAsPossible, ╔ÁformatRuntimeError, 
╔ÁgenerateStandaloneInDeclarationsError, ╔ÁgetAsyncClassMetadataFn, ╔ÁgetDebugNode, ╔ÁgetDeferBlocks, ╔ÁgetDirectives, 
╔ÁgetHostElement, ╔ÁgetInjectableDef, ╔ÁgetLContext, ╔ÁgetLocaleCurrencyCode, ╔ÁgetLocalePluralCase, 
╔ÁgetOutputDestroyRef, ╔ÁgetSanitizationBypassType, ╔ÁgetUnknownElementStrictMode, ╔ÁgetUnknownPropertyStrictMode, 
╔Áglobal, ╔ÁinjectChangeDetectorRef, ╔ÁinternalCreateApplication, ╔ÁinternalProvideZoneChangeDetection, 
╔ÁisBoundToModule, ╔ÁisComponentDefPendingResolution, ╔ÁisEnvironmentProviders, ╔ÁisInjectable, ╔ÁisNgModule, 
╔ÁisPromise, ╔ÁisSubscribable, ╔ÁnoSideEffects, ╔ÁpatchComponentDefWithScope, ╔ÁperformanceMarkFeature, 
╔ÁreadHydrationInfo, ╔ÁregisterLocaleData, ╔ÁrenderDeferBlockState, ╔ÁresetCompiledComponents, ╔ÁresetJitOptions, 
╔ÁresolveComponentResources, ╔ÁrestoreComponentResolutionQueue, ╔ÁsetAllowDuplicateNgModuleIdsForTest, 
╔ÁsetAlternateWeakRefImpl, ╔ÁsetClassDebugInfo, ╔ÁsetClassMetadata, ╔ÁsetClassMetadataAsync, ╔ÁsetCurrentInjector, 
╔ÁsetDocument, ╔ÁsetInjectorProfilerContext, ╔ÁsetLocaleId, ╔ÁsetUnknownElementStrictMode, 
╔ÁsetUnknownPropertyStrictMode, ╔Ástore, ╔Ástringify, ╔ÁtransitiveScopesFor, ╔ÁtriggerResourceLoading, 
╔ÁtruncateMiddle, ╔ÁunregisterLocaleData, ╔ÁunwrapSafeValue, ╔ÁunwrapWritableSignal, ╔ÁwhenStable, ╔ÁwithDomHydration, 
╔ÁwithEventReplay, ╔ÁwithI18nSupport, ╔Á╔ÁCopyDefinitionFeature, ╔Á╔ÁFactoryTarget, ╔Á╔ÁHostDirectivesFeature, 
╔Á╔ÁInheritDefinitionFeature, ╔Á╔ÁInputTransformsFeature, ╔Á╔ÁNgOnChangesFeature, ╔Á╔ÁProvidersFeature, 
╔Á╔ÁStandaloneFeature, ╔Á╔Áadvance, ╔Á╔Áattribute, ╔Á╔ÁattributeInterpolate1, ╔Á╔ÁattributeInterpolate2, 
╔Á╔ÁattributeInterpolate3, ╔Á╔ÁattributeInterpolate4, ╔Á╔ÁattributeInterpolate5, ╔Á╔ÁattributeInterpolate6, 
╔Á╔ÁattributeInterpolate7, ╔Á╔ÁattributeInterpolate8, ╔Á╔ÁattributeInterpolateV, ╔Á╔ÁclassMap, 
╔Á╔ÁclassMapInterpolate1, ╔Á╔ÁclassMapInterpolate2, ╔Á╔ÁclassMapInterpolate3, ╔Á╔ÁclassMapInterpolate4, 
╔Á╔ÁclassMapInterpolate5, ╔Á╔ÁclassMapInterpolate6, ╔Á╔ÁclassMapInterpolate7, ╔Á╔ÁclassMapInterpolate8, 
╔Á╔ÁclassMapInterpolateV, ╔Á╔ÁclassProp, ╔Á╔ÁcomponentInstance, ╔Á╔Áconditional, ╔Á╔ÁcontentQuery, 
╔Á╔ÁcontentQuerySignal, ╔Á╔ÁdeclareLet, ╔Á╔Ádefer, ╔Á╔ÁdeferEnableTimerScheduling, ╔Á╔ÁdeferOnHover, ╔Á╔ÁdeferOnIdle, 
╔Á╔ÁdeferOnImmediate, ╔Á╔ÁdeferOnInteraction, ╔Á╔ÁdeferOnTimer, ╔Á╔ÁdeferOnViewport, ╔Á╔ÁdeferPrefetchOnHover, 
╔Á╔ÁdeferPrefetchOnIdle, ╔Á╔ÁdeferPrefetchOnImmediate, ╔Á╔ÁdeferPrefetchOnInteraction, ╔Á╔ÁdeferPrefetchOnTimer, 
╔Á╔ÁdeferPrefetchOnViewport, ╔Á╔ÁdeferPrefetchWhen, ╔Á╔ÁdeferWhen, ╔Á╔ÁdefineComponent, ╔Á╔ÁdefineDirective, 
╔Á╔ÁdefineInjectable, ╔Á╔ÁdefineInjector, ╔Á╔ÁdefineNgModule, ╔Á╔ÁdefinePipe, ╔Á╔ÁdirectiveInject, 
╔Á╔ÁdisableBindings, ╔Á╔Áelement, ╔Á╔ÁelementContainer, ╔Á╔ÁelementContainerEnd, ╔Á╔ÁelementContainerStart, 
╔Á╔ÁelementEnd, ╔Á╔ÁelementStart, ╔Á╔ÁenableBindings, ╔Á╔ÁgetComponentDepsFactory, ╔Á╔ÁgetCurrentView, 
╔Á╔ÁgetInheritedFactory, ╔Á╔ÁhostProperty, ╔Á╔Ái18n, ╔Á╔Ái18nApply, ╔Á╔Ái18nAttributes, ╔Á╔Ái18nEnd, ╔Á╔Ái18nExp, 
╔Á╔Ái18nPostprocess, ╔Á╔Ái18nStart, ╔Á╔Áinject, ╔Á╔ÁinjectAttribute, ╔Á╔ÁinvalidFactory, ╔Á╔ÁinvalidFactoryDep, 
╔Á╔Álistener, ╔Á╔ÁloadQuery, ╔Á╔ÁnamespaceHTML, ╔Á╔ÁnamespaceMathML, ╔Á╔ÁnamespaceSVG, ╔Á╔ÁnextContext, 
╔Á╔ÁngDeclareClassMetadata, ╔Á╔ÁngDeclareClassMetadataAsync, ╔Á╔ÁngDeclareComponent, ╔Á╔ÁngDeclareDirective, 
╔Á╔ÁngDeclareFactory, ╔Á╔ÁngDeclareInjectable, ╔Á╔ÁngDeclareInjector, ╔Á╔ÁngDeclareNgModule, ╔Á╔ÁngDeclarePipe, 
╔Á╔Ápipe, ╔Á╔ÁpipeBind1, ╔Á╔ÁpipeBind2, ╔Á╔ÁpipeBind3, ╔Á╔ÁpipeBind4, ╔Á╔ÁpipeBindV, ╔Á╔Áprojection, 
╔Á╔ÁprojectionDef, ╔Á╔Áproperty, ╔Á╔ÁpropertyInterpolate, ╔Á╔ÁpropertyInterpolate1, ╔Á╔ÁpropertyInterpolate2, 
╔Á╔ÁpropertyInterpolate3, ╔Á╔ÁpropertyInterpolate4, ╔Á╔ÁpropertyInterpolate5, ╔Á╔ÁpropertyInterpolate6, 
╔Á╔ÁpropertyInterpolate7, ╔Á╔ÁpropertyInterpolate8, ╔Á╔ÁpropertyInterpolateV, ╔Á╔ÁpureFunction0, ╔Á╔ÁpureFunction1, 
╔Á╔ÁpureFunction2, ╔Á╔ÁpureFunction3, ╔Á╔ÁpureFunction4, ╔Á╔ÁpureFunction5, ╔Á╔ÁpureFunction6, ╔Á╔ÁpureFunction7, 
╔Á╔ÁpureFunction8, ╔Á╔ÁpureFunctionV, ╔Á╔ÁqueryAdvance, ╔Á╔ÁqueryRefresh, ╔Á╔ÁreadContextLet, ╔Á╔Áreference, 
╔Á╔ÁregisterNgModuleType, ╔Á╔Árepeater, ╔Á╔ÁrepeaterCreate, ╔Á╔ÁrepeaterTrackByIdentity, ╔Á╔ÁrepeaterTrackByIndex, 
╔Á╔ÁresetView, ╔Á╔ÁresolveBody, ╔Á╔ÁresolveDocument, ╔Á╔ÁresolveWindow, ╔Á╔ÁrestoreView, ╔Á╔ÁsanitizeHtml, 
╔Á╔ÁsanitizeResourceUrl, ╔Á╔ÁsanitizeScript, ╔Á╔ÁsanitizeStyle, ╔Á╔ÁsanitizeUrl, ╔Á╔ÁsanitizeUrlOrResourceUrl, 
╔Á╔ÁsetComponentScope, ╔Á╔ÁsetNgModuleScope, ╔Á╔ÁstoreLet, ╔Á╔ÁstyleMap, ╔Á╔ÁstyleMapInterpolate1, 
╔Á╔ÁstyleMapInterpolate2, ╔Á╔ÁstyleMapInterpolate3, ╔Á╔ÁstyleMapInterpolate4, ╔Á╔ÁstyleMapInterpolate5, 
╔Á╔ÁstyleMapInterpolate6, ╔Á╔ÁstyleMapInterpolate7, ╔Á╔ÁstyleMapInterpolate8, ╔Á╔ÁstyleMapInterpolateV, ╔Á╔ÁstyleProp, 
╔Á╔ÁstylePropInterpolate1, ╔Á╔ÁstylePropInterpolate2, ╔Á╔ÁstylePropInterpolate3, ╔Á╔ÁstylePropInterpolate4, 
╔Á╔ÁstylePropInterpolate5, ╔Á╔ÁstylePropInterpolate6, ╔Á╔ÁstylePropInterpolate7, ╔Á╔ÁstylePropInterpolate8, 
╔Á╔ÁstylePropInterpolateV, ╔Á╔ÁsyntheticHostListener, ╔Á╔ÁsyntheticHostProperty, ╔Á╔Átemplate, 
╔Á╔ÁtemplateRefExtractor, ╔Á╔Átext, ╔Á╔ÁtextInterpolate, ╔Á╔ÁtextInterpolate1, ╔Á╔ÁtextInterpolate2, 
╔Á╔ÁtextInterpolate3, ╔Á╔ÁtextInterpolate4, ╔Á╔ÁtextInterpolate5, ╔Á╔ÁtextInterpolate6, ╔Á╔ÁtextInterpolate7, 
╔Á╔ÁtextInterpolate8, ╔Á╔ÁtextInterpolateV, ╔Á╔ÁtrustConstantHtml, ╔Á╔ÁtrustConstantResourceUrl, ╔Á╔ÁtwoWayBindingSet, 
╔Á╔ÁtwoWayListener, ╔Á╔ÁtwoWayProperty, ╔Á╔ÁvalidateIframeAttribute, ╔Á╔ÁviewQuery, ╔Á╔ÁviewQuerySignal)

../node_modules/@angular/material/fesm2022/input.mjs:386:30-50 - Error: export '╔Á╔ÁInputFlags' (imported as 'i0') was 
not found in '@angular/core' (possible exports: ANIMATION_MODULE_TYPE, APP_BOOTSTRAP_LISTENER, APP_ID, 
APP_INITIALIZER, AfterRenderPhase, ApplicationInitStatus, ApplicationModule, ApplicationRef, Attribute, 
COMPILER_OPTIONS, CSP_NONCE, CUSTOM_ELEMENTS_SCHEMA, ChangeDetectionStrategy, ChangeDetectorRef, Compiler, 
CompilerFactory, Component, ComponentFactory, ComponentFactoryResolver, ComponentRef, ContentChild, ContentChildren, 
DEFAULT_CURRENCY_CODE, DebugElement, DebugEventListener, DebugNode, DefaultIterableDiffer, DestroyRef, Directive, 
ENVIRONMENT_INITIALIZER, ElementRef, EmbeddedViewRef, EnvironmentInjector, ErrorHandler, EventEmitter, 
ExperimentalPendingTasks, HOST_TAG_NAME, Host, HostAttributeToken, HostBinding, HostListener, INJECTOR, Inject, 
InjectFlags, Injectable, InjectionToken, Injector, Input, IterableDiffers, KeyValueDiffers, LOCALE_ID, 
MissingTranslationStrategy, ModuleWithComponentFactories, NO_ERRORS_SCHEMA, NgModule, NgModuleFactory, NgModuleRef, 
NgProbeToken, NgZone, Optional, Output, OutputEmitterRef, PACKAGE_ROOT_URL, PLATFORM_ID, PLATFORM_INITIALIZER, Pipe, 
PlatformRef, Query, QueryList, Renderer2, RendererFactory2, RendererStyleFlags2, Sanitizer, SecurityContext, Self, 
SimpleChange, SkipSelf, TRANSLATIONS, TRANSLATIONS_FORMAT, TemplateRef, Testability, TestabilityRegistry, 
TransferState, Type, VERSION, Version, ViewChild, ViewChildren, ViewContainerRef, ViewEncapsulation, ViewRef, 
afterNextRender, afterRender, asNativeElements, assertInInjectionContext, assertNotInReactiveContext, assertPlatform, 
booleanAttribute, computed, contentChild, contentChildren, createComponent, createEnvironmentInjector, createNgModule, 
createNgModuleRef, createPlatform, createPlatformFactory, defineInjectable, destroyPlatform, effect, enableProdMode, 
forwardRef, getDebugNode, getModuleFactory, getNgModuleById, getPlatform, importProvidersFrom, inject, input, 
isDevMode, isSignal, isStandalone, makeEnvironmentProviders, makeStateKey, mergeApplicationConfig, model, 
numberAttribute, output, platformCore, provideExperimentalCheckNoChangesForDebug, 
provideExperimentalZonelessChangeDetection, provideZoneChangeDetection, reflectComponentType, resolveForwardRef, 
runInInjectionContext, setTestabilityGetter, signal, untracked, viewChild, viewChildren, ╔ÁALLOW_MULTIPLE_PLATFORMS, 
╔ÁAfterRenderManager, ╔ÁCONTAINER_HEADER_OFFSET, ╔ÁChangeDetectionScheduler, ╔ÁChangeDetectionSchedulerImpl, 
╔ÁComponentFactory, ╔ÁConsole, ╔ÁDEFAULT_LOCALE_ID, ╔ÁDEFER_BLOCK_CONFIG, ╔ÁDEFER_BLOCK_DEPENDENCY_INTERCEPTOR, 
╔ÁDeferBlockBehavior, ╔ÁDeferBlockState, ╔ÁEffectScheduler, ╔ÁIMAGE_CONFIG, ╔ÁIMAGE_CONFIG_DEFAULTS, ╔ÁINJECTOR_SCOPE, 
╔ÁINPUT_SIGNAL_BRAND_WRITE_TYPE, ╔ÁINTERNAL_APPLICATION_ERROR_HANDLER, ╔ÁIS_HYDRATION_DOM_REUSE_ENABLED, 
╔ÁJSACTION_EVENT_CONTRACT, ╔ÁLContext, ╔ÁLifecycleHooksFeature, ╔ÁLocaleDataIndex, ╔ÁNG_COMP_DEF, ╔ÁNG_DIR_DEF, 
╔ÁNG_ELEMENT_ID, ╔ÁNG_INJ_DEF, ╔ÁNG_MOD_DEF, ╔ÁNG_PIPE_DEF, ╔ÁNG_PROV_DEF, ╔ÁNOT_FOUND_CHECK_ONLY_ELEMENT_INJECTOR, 
╔ÁNO_CHANGE, ╔ÁNgModuleFactory, ╔ÁNoopNgZone, ╔ÁPROVIDED_NG_ZONE, ╔ÁPendingTasks, ╔ÁReflectionCapabilities, 
╔ÁRender3ComponentFactory, ╔ÁRender3ComponentRef, ╔ÁRender3NgModuleRef, ╔ÁRuntimeError, ╔ÁSIGNAL, 
╔ÁSSR_CONTENT_INTEGRITY_MARKER, ╔ÁTESTABILITY, ╔ÁTESTABILITY_GETTER, ╔ÁUSE_RUNTIME_DEPS_TRACKER_FOR_JIT, ╔ÁViewRef, 
╔ÁXSS_SECURITY_URL, ╔ÁZONELESS_ENABLED, ╔Á_sanitizeHtml, ╔Á_sanitizeUrl, ╔ÁallowSanitizationBypassAndThrow, 
╔ÁannotateForHydration, ╔ÁbypassSanitizationTrustHtml, ╔ÁbypassSanitizationTrustResourceUrl, 
╔ÁbypassSanitizationTrustScript, ╔ÁbypassSanitizationTrustStyle, ╔ÁbypassSanitizationTrustUrl, 
╔ÁclearResolutionOfComponentResourcesQueue, ╔ÁcompileComponent, ╔ÁcompileDirective, ╔ÁcompileNgModule, 
╔ÁcompileNgModuleDefs, ╔ÁcompileNgModuleFactory, ╔ÁcompilePipe, ╔ÁconvertToBitFlags, ╔ÁcreateInjector, 
╔ÁdefaultIterableDiffers, ╔ÁdefaultKeyValueDiffers, ╔ÁdepsTracker, ╔ÁdetectChangesInViewIfRequired, ╔ÁdevModeEqual, 
╔ÁfindLocaleData, ╔ÁflushModuleScopingQueueAsMuchAsPossible, ╔ÁformatRuntimeError, 
╔ÁgenerateStandaloneInDeclarationsError, ╔ÁgetAsyncClassMetadataFn, ╔ÁgetDebugNode, ╔ÁgetDeferBlocks, ╔ÁgetDirectives, 
╔ÁgetHostElement, ╔ÁgetInjectableDef, ╔ÁgetLContext, ╔ÁgetLocaleCurrencyCode, ╔ÁgetLocalePluralCase, 
╔ÁgetOutputDestroyRef, ╔ÁgetSanitizationBypassType, ╔ÁgetUnknownElementStrictMode, ╔ÁgetUnknownPropertyStrictMode, 
╔Áglobal, ╔ÁinjectChangeDetectorRef, ╔ÁinternalCreateApplication, ╔ÁinternalProvideZoneChangeDetection, 
╔ÁisBoundToModule, ╔ÁisComponentDefPendingResolution, ╔ÁisEnvironmentProviders, ╔ÁisInjectable, ╔ÁisNgModule, 
╔ÁisPromise, ╔ÁisSubscribable, ╔ÁnoSideEffects, ╔ÁpatchComponentDefWithScope, ╔ÁperformanceMarkFeature, 
╔ÁreadHydrationInfo, ╔ÁregisterLocaleData, ╔ÁrenderDeferBlockState, ╔ÁresetCompiledComponents, ╔ÁresetJitOptions, 
╔ÁresolveComponentResources, ╔ÁrestoreComponentResolutionQueue, ╔ÁsetAllowDuplicateNgModuleIdsForTest, 
╔ÁsetAlternateWeakRefImpl, ╔ÁsetClassDebugInfo, ╔ÁsetClassMetadata, ╔ÁsetClassMetadataAsync, ╔ÁsetCurrentInjector, 
╔ÁsetDocument, ╔ÁsetInjectorProfilerContext, ╔ÁsetLocaleId, ╔ÁsetUnknownElementStrictMode, 
╔ÁsetUnknownPropertyStrictMode, ╔Ástore, ╔Ástringify, ╔ÁtransitiveScopesFor, ╔ÁtriggerResourceLoading, 
╔ÁtruncateMiddle, ╔ÁunregisterLocaleData, ╔ÁunwrapSafeValue, ╔ÁunwrapWritableSignal, ╔ÁwhenStable, ╔ÁwithDomHydration, 
╔ÁwithEventReplay, ╔ÁwithI18nSupport, ╔Á╔ÁCopyDefinitionFeature, ╔Á╔ÁFactoryTarget, ╔Á╔ÁHostDirectivesFeature, 
╔Á╔ÁInheritDefinitionFeature, ╔Á╔ÁInputTransformsFeature, ╔Á╔ÁNgOnChangesFeature, ╔Á╔ÁProvidersFeature, 
╔Á╔ÁStandaloneFeature, ╔Á╔Áadvance, ╔Á╔Áattribute, ╔Á╔ÁattributeInterpolate1, ╔Á╔ÁattributeInterpolate2, 
╔Á╔ÁattributeInterpolate3, ╔Á╔ÁattributeInterpolate4, ╔Á╔ÁattributeInterpolate5, ╔Á╔ÁattributeInterpolate6, 
╔Á╔ÁattributeInterpolate7, ╔Á╔ÁattributeInterpolate8, ╔Á╔ÁattributeInterpolateV, ╔Á╔ÁclassMap, 
╔Á╔ÁclassMapInterpolate1, ╔Á╔ÁclassMapInterpolate2, ╔Á╔ÁclassMapInterpolate3, ╔Á╔ÁclassMapInterpolate4, 
╔Á╔ÁclassMapInterpolate5, ╔Á╔ÁclassMapInterpolate6, ╔Á╔ÁclassMapInterpolate7, ╔Á╔ÁclassMapInterpolate8, 
╔Á╔ÁclassMapInterpolateV, ╔Á╔ÁclassProp, ╔Á╔ÁcomponentInstance, ╔Á╔Áconditional, ╔Á╔ÁcontentQuery, 
╔Á╔ÁcontentQuerySignal, ╔Á╔ÁdeclareLet, ╔Á╔Ádefer, ╔Á╔ÁdeferEnableTimerScheduling, ╔Á╔ÁdeferOnHover, ╔Á╔ÁdeferOnIdle, 
╔Á╔ÁdeferOnImmediate, ╔Á╔ÁdeferOnInteraction, ╔Á╔ÁdeferOnTimer, ╔Á╔ÁdeferOnViewport, ╔Á╔ÁdeferPrefetchOnHover, 
╔Á╔ÁdeferPrefetchOnIdle, ╔Á╔ÁdeferPrefetchOnImmediate, ╔Á╔ÁdeferPrefetchOnInteraction, ╔Á╔ÁdeferPrefetchOnTimer, 
╔Á╔ÁdeferPrefetchOnViewport, ╔Á╔ÁdeferPrefetchWhen, ╔Á╔ÁdeferWhen, ╔Á╔ÁdefineComponent, ╔Á╔ÁdefineDirective, 
╔Á╔ÁdefineInjectable, ╔Á╔ÁdefineInjector, ╔Á╔ÁdefineNgModule, ╔Á╔ÁdefinePipe, ╔Á╔ÁdirectiveInject, 
╔Á╔ÁdisableBindings, ╔Á╔Áelement, ╔Á╔ÁelementContainer, ╔Á╔ÁelementContainerEnd, ╔Á╔ÁelementContainerStart, 
╔Á╔ÁelementEnd, ╔Á╔ÁelementStart, ╔Á╔ÁenableBindings, ╔Á╔ÁgetComponentDepsFactory, ╔Á╔ÁgetCurrentView, 
╔Á╔ÁgetInheritedFactory, ╔Á╔ÁhostProperty, ╔Á╔Ái18n, ╔Á╔Ái18nApply, ╔Á╔Ái18nAttributes, ╔Á╔Ái18nEnd, ╔Á╔Ái18nExp, 
╔Á╔Ái18nPostprocess, ╔Á╔Ái18nStart, ╔Á╔Áinject, ╔Á╔ÁinjectAttribute, ╔Á╔ÁinvalidFactory, ╔Á╔ÁinvalidFactoryDep, 
╔Á╔Álistener, ╔Á╔ÁloadQuery, ╔Á╔ÁnamespaceHTML, ╔Á╔ÁnamespaceMathML, ╔Á╔ÁnamespaceSVG, ╔Á╔ÁnextContext, 
╔Á╔ÁngDeclareClassMetadata, ╔Á╔ÁngDeclareClassMetadataAsync, ╔Á╔ÁngDeclareComponent, ╔Á╔ÁngDeclareDirective, 
╔Á╔ÁngDeclareFactory, ╔Á╔ÁngDeclareInjectable, ╔Á╔ÁngDeclareInjector, ╔Á╔ÁngDeclareNgModule, ╔Á╔ÁngDeclarePipe, 
╔Á╔Ápipe, ╔Á╔ÁpipeBind1, ╔Á╔ÁpipeBind2, ╔Á╔ÁpipeBind3, ╔Á╔ÁpipeBind4, ╔Á╔ÁpipeBindV, ╔Á╔Áprojection, 
╔Á╔ÁprojectionDef, ╔Á╔Áproperty, ╔Á╔ÁpropertyInterpolate, ╔Á╔ÁpropertyInterpolate1, ╔Á╔ÁpropertyInterpolate2, 
╔Á╔ÁpropertyInterpolate3, ╔Á╔ÁpropertyInterpolate4, ╔Á╔ÁpropertyInterpolate5, ╔Á╔ÁpropertyInterpolate6, 
╔Á╔ÁpropertyInterpolate7, ╔Á╔ÁpropertyInterpolate8, ╔Á╔ÁpropertyInterpolateV, ╔Á╔ÁpureFunction0, ╔Á╔ÁpureFunction1, 
╔Á╔ÁpureFunction2, ╔Á╔ÁpureFunction3, ╔Á╔ÁpureFunction4, ╔Á╔ÁpureFunction5, ╔Á╔ÁpureFunction6, ╔Á╔ÁpureFunction7, 
╔Á╔ÁpureFunction8, ╔Á╔ÁpureFunctionV, ╔Á╔ÁqueryAdvance, ╔Á╔ÁqueryRefresh, ╔Á╔ÁreadContextLet, ╔Á╔Áreference, 
╔Á╔ÁregisterNgModuleType, ╔Á╔Árepeater, ╔Á╔ÁrepeaterCreate, ╔Á╔ÁrepeaterTrackByIdentity, ╔Á╔ÁrepeaterTrackByIndex, 
╔Á╔ÁresetView, ╔Á╔ÁresolveBody, ╔Á╔ÁresolveDocument, ╔Á╔ÁresolveWindow, ╔Á╔ÁrestoreView, ╔Á╔ÁsanitizeHtml, 
╔Á╔ÁsanitizeResourceUrl, ╔Á╔ÁsanitizeScript, ╔Á╔ÁsanitizeStyle, ╔Á╔ÁsanitizeUrl, ╔Á╔ÁsanitizeUrlOrResourceUrl, 
╔Á╔ÁsetComponentScope, ╔Á╔ÁsetNgModuleScope, ╔Á╔ÁstoreLet, ╔Á╔ÁstyleMap, ╔Á╔ÁstyleMapInterpolate1, 
╔Á╔ÁstyleMapInterpolate2, ╔Á╔ÁstyleMapInterpolate3, ╔Á╔ÁstyleMapInterpolate4, ╔Á╔ÁstyleMapInterpolate5, 
╔Á╔ÁstyleMapInterpolate6, ╔Á╔ÁstyleMapInterpolate7, ╔Á╔ÁstyleMapInterpolate8, ╔Á╔ÁstyleMapInterpolateV, ╔Á╔ÁstyleProp, 
╔Á╔ÁstylePropInterpolate1, ╔Á╔ÁstylePropInterpolate2, ╔Á╔ÁstylePropInterpolate3, ╔Á╔ÁstylePropInterpolate4, 
╔Á╔ÁstylePropInterpolate5, ╔Á╔ÁstylePropInterpolate6, ╔Á╔ÁstylePropInterpolate7, ╔Á╔ÁstylePropInterpolate8, 
╔Á╔ÁstylePropInterpolateV, ╔Á╔ÁsyntheticHostListener, ╔Á╔ÁsyntheticHostProperty, ╔Á╔Átemplate, 
╔Á╔ÁtemplateRefExtractor, ╔Á╔Átext, ╔Á╔ÁtextInterpolate, ╔Á╔ÁtextInterpolate1, ╔Á╔ÁtextInterpolate2, 
╔Á╔ÁtextInterpolate3, ╔Á╔ÁtextInterpolate4, ╔Á╔ÁtextInterpolate5, ╔Á╔ÁtextInterpolate6, ╔Á╔ÁtextInterpolate7, 
╔Á╔ÁtextInterpolate8, ╔Á╔ÁtextInterpolateV, ╔Á╔ÁtrustConstantHtml, ╔Á╔ÁtrustConstantResourceUrl, ╔Á╔ÁtwoWayBindingSet, 
╔Á╔ÁtwoWayListener, ╔Á╔ÁtwoWayProperty, ╔Á╔ÁvalidateIframeAttribute, ╔Á╔ÁviewQuery, ╔Á╔ÁviewQuerySignal)

../node_modules/@angular/material/fesm2022/select.mjs:1117:30-50 - Error: export '╔Á╔ÁInputFlags' (imported as 'i0') 
was not found in '@angular/core' (possible exports: ANIMATION_MODULE_TYPE, APP_BOOTSTRAP_LISTENER, APP_ID, 
APP_INITIALIZER, AfterRenderPhase, ApplicationInitStatus, ApplicationModule, ApplicationRef, Attribute, 
COMPILER_OPTIONS, CSP_NONCE, CUSTOM_ELEMENTS_SCHEMA, ChangeDetectionStrategy, ChangeDetectorRef, Compiler, 
CompilerFactory, Component, ComponentFactory, ComponentFactoryResolver, ComponentRef, ContentChild, ContentChildren, 
DEFAULT_CURRENCY_CODE, DebugElement, DebugEventListener, DebugNode, DefaultIterableDiffer, DestroyRef, Directive, 
ENVIRONMENT_INITIALIZER, ElementRef, EmbeddedViewRef, EnvironmentInjector, ErrorHandler, EventEmitter, 
ExperimentalPendingTasks, HOST_TAG_NAME, Host, HostAttributeToken, HostBinding, HostListener, INJECTOR, Inject, 
InjectFlags, Injectable, InjectionToken, Injector, Input, IterableDiffers, KeyValueDiffers, LOCALE_ID, 
MissingTranslationStrategy, ModuleWithComponentFactories, NO_ERRORS_SCHEMA, NgModule, NgModuleFactory, NgModuleRef, 
NgProbeToken, NgZone, Optional, Output, OutputEmitterRef, PACKAGE_ROOT_URL, PLATFORM_ID, PLATFORM_INITIALIZER, Pipe, 
PlatformRef, Query, QueryList, Renderer2, RendererFactory2, RendererStyleFlags2, Sanitizer, SecurityContext, Self, 
SimpleChange, SkipSelf, TRANSLATIONS, TRANSLATIONS_FORMAT, TemplateRef, Testability, TestabilityRegistry, 
TransferState, Type, VERSION, Version, ViewChild, ViewChildren, ViewContainerRef, ViewEncapsulation, ViewRef, 
afterNextRender, afterRender, asNativeElements, assertInInjectionContext, assertNotInReactiveContext, assertPlatform, 
booleanAttribute, computed, contentChild, contentChildren, createComponent, createEnvironmentInjector, createNgModule, 
createNgModuleRef, createPlatform, createPlatformFactory, defineInjectable, destroyPlatform, effect, enableProdMode, 
forwardRef, getDebugNode, getModuleFactory, getNgModuleById, getPlatform, importProvidersFrom, inject, input, 
isDevMode, isSignal, isStandalone, makeEnvironmentProviders, makeStateKey, mergeApplicationConfig, model, 
numberAttribute, output, platformCore, provideExperimentalCheckNoChangesForDebug, 
provideExperimentalZonelessChangeDetection, provideZoneChangeDetection, reflectComponentType, resolveForwardRef, 
runInInjectionContext, setTestabilityGetter, signal, untracked, viewChild, viewChildren, ╔ÁALLOW_MULTIPLE_PLATFORMS, 
╔ÁAfterRenderManager, ╔ÁCONTAINER_HEADER_OFFSET, ╔ÁChangeDetectionScheduler, ╔ÁChangeDetectionSchedulerImpl, 
╔ÁComponentFactory, ╔ÁConsole, ╔ÁDEFAULT_LOCALE_ID, ╔ÁDEFER_BLOCK_CONFIG, ╔ÁDEFER_BLOCK_DEPENDENCY_INTERCEPTOR, 
╔ÁDeferBlockBehavior, ╔ÁDeferBlockState, ╔ÁEffectScheduler, ╔ÁIMAGE_CONFIG, ╔ÁIMAGE_CONFIG_DEFAULTS, ╔ÁINJECTOR_SCOPE, 
╔ÁINPUT_SIGNAL_BRAND_WRITE_TYPE, ╔ÁINTERNAL_APPLICATION_ERROR_HANDLER, ╔ÁIS_HYDRATION_DOM_REUSE_ENABLED, 
╔ÁJSACTION_EVENT_CONTRACT, ╔ÁLContext, ╔ÁLifecycleHooksFeature, ╔ÁLocaleDataIndex, ╔ÁNG_COMP_DEF, ╔ÁNG_DIR_DEF, 
╔ÁNG_ELEMENT_ID, ╔ÁNG_INJ_DEF, ╔ÁNG_MOD_DEF, ╔ÁNG_PIPE_DEF, ╔ÁNG_PROV_DEF, ╔ÁNOT_FOUND_CHECK_ONLY_ELEMENT_INJECTOR, 
╔ÁNO_CHANGE, ╔ÁNgModuleFactory, ╔ÁNoopNgZone, ╔ÁPROVIDED_NG_ZONE, ╔ÁPendingTasks, ╔ÁReflectionCapabilities, 
╔ÁRender3ComponentFactory, ╔ÁRender3ComponentRef, ╔ÁRender3NgModuleRef, ╔ÁRuntimeError, ╔ÁSIGNAL, 
╔ÁSSR_CONTENT_INTEGRITY_MARKER, ╔ÁTESTABILITY, ╔ÁTESTABILITY_GETTER, ╔ÁUSE_RUNTIME_DEPS_TRACKER_FOR_JIT, ╔ÁViewRef, 
╔ÁXSS_SECURITY_URL, ╔ÁZONELESS_ENABLED, ╔Á_sanitizeHtml, ╔Á_sanitizeUrl, ╔ÁallowSanitizationBypassAndThrow, 
╔ÁannotateForHydration, ╔ÁbypassSanitizationTrustHtml, ╔ÁbypassSanitizationTrustResourceUrl, 
╔ÁbypassSanitizationTrustScript, ╔ÁbypassSanitizationTrustStyle, ╔ÁbypassSanitizationTrustUrl, 
╔ÁclearResolutionOfComponentResourcesQueue, ╔ÁcompileComponent, ╔ÁcompileDirective, ╔ÁcompileNgModule, 
╔ÁcompileNgModuleDefs, ╔ÁcompileNgModuleFactory, ╔ÁcompilePipe, ╔ÁconvertToBitFlags, ╔ÁcreateInjector, 
╔ÁdefaultIterableDiffers, ╔ÁdefaultKeyValueDiffers, ╔ÁdepsTracker, ╔ÁdetectChangesInViewIfRequired, ╔ÁdevModeEqual, 
╔ÁfindLocaleData, ╔ÁflushModuleScopingQueueAsMuchAsPossible, ╔ÁformatRuntimeError, 
╔ÁgenerateStandaloneInDeclarationsError, ╔ÁgetAsyncClassMetadataFn, ╔ÁgetDebugNode, ╔ÁgetDeferBlocks, ╔ÁgetDirectives, 
╔ÁgetHostElement, ╔ÁgetInjectableDef, ╔ÁgetLContext, ╔ÁgetLocaleCurrencyCode, ╔ÁgetLocalePluralCase, 
╔ÁgetOutputDestroyRef, ╔ÁgetSanitizationBypassType, ╔ÁgetUnknownElementStrictMode, ╔ÁgetUnknownPropertyStrictMode, 
╔Áglobal, ╔ÁinjectChangeDetectorRef, ╔ÁinternalCreateApplication, ╔ÁinternalProvideZoneChangeDetection, 
╔ÁisBoundToModule, ╔ÁisComponentDefPendingResolution, ╔ÁisEnvironmentProviders, ╔ÁisInjectable, ╔ÁisNgModule, 
╔ÁisPromise, ╔ÁisSubscribable, ╔ÁnoSideEffects, ╔ÁpatchComponentDefWithScope, ╔ÁperformanceMarkFeature, 
╔ÁreadHydrationInfo, ╔ÁregisterLocaleData, ╔ÁrenderDeferBlockState, ╔ÁresetCompiledComponents, ╔ÁresetJitOptions, 
╔ÁresolveComponentResources, ╔ÁrestoreComponentResolutionQueue, ╔ÁsetAllowDuplicateNgModuleIdsForTest, 
╔ÁsetAlternateWeakRefImpl, ╔ÁsetClassDebugInfo, ╔ÁsetClassMetadata, ╔ÁsetClassMetadataAsync, ╔ÁsetCurrentInjector, 
╔ÁsetDocument, ╔ÁsetInjectorProfilerContext, ╔ÁsetLocaleId, ╔ÁsetUnknownElementStrictMode, 
╔ÁsetUnknownPropertyStrictMode, ╔Ástore, ╔Ástringify, ╔ÁtransitiveScopesFor, ╔ÁtriggerResourceLoading, 
╔ÁtruncateMiddle, ╔ÁunregisterLocaleData, ╔ÁunwrapSafeValue, ╔ÁunwrapWritableSignal, ╔ÁwhenStable, ╔ÁwithDomHydration, 
╔ÁwithEventReplay, ╔ÁwithI18nSupport, ╔Á╔ÁCopyDefinitionFeature, ╔Á╔ÁFactoryTarget, ╔Á╔ÁHostDirectivesFeature, 
╔Á╔ÁInheritDefinitionFeature, ╔Á╔ÁInputTransformsFeature, ╔Á╔ÁNgOnChangesFeature, ╔Á╔ÁProvidersFeature, 
╔Á╔ÁStandaloneFeature, ╔Á╔Áadvance, ╔Á╔Áattribute, ╔Á╔ÁattributeInterpolate1, ╔Á╔ÁattributeInterpolate2, 
╔Á╔ÁattributeInterpolate3, ╔Á╔ÁattributeInterpolate4, ╔Á╔ÁattributeInterpolate5, ╔Á╔ÁattributeInterpolate6, 
╔Á╔ÁattributeInterpolate7, ╔Á╔ÁattributeInterpolate8, ╔Á╔ÁattributeInterpolateV, ╔Á╔ÁclassMap, 
╔Á╔ÁclassMapInterpolate1, ╔Á╔ÁclassMapInterpolate2, ╔Á╔ÁclassMapInterpolate3, ╔Á╔ÁclassMapInterpolate4, 
╔Á╔ÁclassMapInterpolate5, ╔Á╔ÁclassMapInterpolate6, ╔Á╔ÁclassMapInterpolate7, ╔Á╔ÁclassMapInterpolate8, 
╔Á╔ÁclassMapInterpolateV, ╔Á╔ÁclassProp, ╔Á╔ÁcomponentInstance, ╔Á╔Áconditional, ╔Á╔ÁcontentQuery, 
╔Á╔ÁcontentQuerySignal, ╔Á╔ÁdeclareLet, ╔Á╔Ádefer, ╔Á╔ÁdeferEnableTimerScheduling, ╔Á╔ÁdeferOnHover, ╔Á╔ÁdeferOnIdle, 
╔Á╔ÁdeferOnImmediate, ╔Á╔ÁdeferOnInteraction, ╔Á╔ÁdeferOnTimer, ╔Á╔ÁdeferOnViewport, ╔Á╔ÁdeferPrefetchOnHover, 
╔Á╔ÁdeferPrefetchOnIdle, ╔Á╔ÁdeferPrefetchOnImmediate, ╔Á╔ÁdeferPrefetchOnInteraction, ╔Á╔ÁdeferPrefetchOnTimer, 
╔Á╔ÁdeferPrefetchOnViewport, ╔Á╔ÁdeferPrefetchWhen, ╔Á╔ÁdeferWhen, ╔Á╔ÁdefineComponent, ╔Á╔ÁdefineDirective, 
╔Á╔ÁdefineInjectable, ╔Á╔ÁdefineInjector, ╔Á╔ÁdefineNgModule, ╔Á╔ÁdefinePipe, ╔Á╔ÁdirectiveInject, 
╔Á╔ÁdisableBindings, ╔Á╔Áelement, ╔Á╔ÁelementContainer, ╔Á╔ÁelementContainerEnd, ╔Á╔ÁelementContainerStart, 
╔Á╔ÁelementEnd, ╔Á╔ÁelementStart, ╔Á╔ÁenableBindings, ╔Á╔ÁgetComponentDepsFactory, ╔Á╔ÁgetCurrentView, 
╔Á╔ÁgetInheritedFactory, ╔Á╔ÁhostProperty, ╔Á╔Ái18n, ╔Á╔Ái18nApply, ╔Á╔Ái18nAttributes, ╔Á╔Ái18nEnd, ╔Á╔Ái18nExp, 
╔Á╔Ái18nPostprocess, ╔Á╔Ái18nStart, ╔Á╔Áinject, ╔Á╔ÁinjectAttribute, ╔Á╔ÁinvalidFactory, ╔Á╔ÁinvalidFactoryDep, 
╔Á╔Álistener, ╔Á╔ÁloadQuery, ╔Á╔ÁnamespaceHTML, ╔Á╔ÁnamespaceMathML, ╔Á╔ÁnamespaceSVG, ╔Á╔ÁnextContext, 
╔Á╔ÁngDeclareClassMetadata, ╔Á╔ÁngDeclareClassMetadataAsync, ╔Á╔ÁngDeclareComponent, ╔Á╔ÁngDeclareDirective, 
╔Á╔ÁngDeclareFactory, ╔Á╔ÁngDeclareInjectable, ╔Á╔ÁngDeclareInjector, ╔Á╔ÁngDeclareNgModule, ╔Á╔ÁngDeclarePipe, 
╔Á╔Ápipe, ╔Á╔ÁpipeBind1, ╔Á╔ÁpipeBind2, ╔Á╔ÁpipeBind3, ╔Á╔ÁpipeBind4, ╔Á╔ÁpipeBindV, ╔Á╔Áprojection, 
╔Á╔ÁprojectionDef, ╔Á╔Áproperty, ╔Á╔ÁpropertyInterpolate, ╔Á╔ÁpropertyInterpolate1, ╔Á╔ÁpropertyInterpolate2, 
╔Á╔ÁpropertyInterpolate3, ╔Á╔ÁpropertyInterpolate4, ╔Á╔ÁpropertyInterpolate5, ╔Á╔ÁpropertyInterpolate6, 
╔Á╔ÁpropertyInterpolate7, ╔Á╔ÁpropertyInterpolate8, ╔Á╔ÁpropertyInterpolateV, ╔Á╔ÁpureFunction0, ╔Á╔ÁpureFunction1, 
╔Á╔ÁpureFunction2, ╔Á╔ÁpureFunction3, ╔Á╔ÁpureFunction4, ╔Á╔ÁpureFunction5, ╔Á╔ÁpureFunction6, ╔Á╔ÁpureFunction7, 
╔Á╔ÁpureFunction8, ╔Á╔ÁpureFunctionV, ╔Á╔ÁqueryAdvance, ╔Á╔ÁqueryRefresh, ╔Á╔ÁreadContextLet, ╔Á╔Áreference, 
╔Á╔ÁregisterNgModuleType, ╔Á╔Árepeater, ╔Á╔ÁrepeaterCreate, ╔Á╔ÁrepeaterTrackByIdentity, ╔Á╔ÁrepeaterTrackByIndex, 
╔Á╔ÁresetView, ╔Á╔ÁresolveBody, ╔Á╔ÁresolveDocument, ╔Á╔ÁresolveWindow, ╔Á╔ÁrestoreView, ╔Á╔ÁsanitizeHtml, 
╔Á╔ÁsanitizeResourceUrl, ╔Á╔ÁsanitizeScript, ╔Á╔ÁsanitizeStyle, ╔Á╔ÁsanitizeUrl, ╔Á╔ÁsanitizeUrlOrResourceUrl, 
╔Á╔ÁsetComponentScope, ╔Á╔ÁsetNgModuleScope, ╔Á╔ÁstoreLet, ╔Á╔ÁstyleMap, ╔Á╔ÁstyleMapInterpolate1, 
╔Á╔ÁstyleMapInterpolate2, ╔Á╔ÁstyleMapInterpolate3, ╔Á╔ÁstyleMapInterpolate4, ╔Á╔ÁstyleMapInterpolate5, 
╔Á╔ÁstyleMapInterpolate6, ╔Á╔ÁstyleMapInterpolate7, ╔Á╔ÁstyleMapInterpolate8, ╔Á╔ÁstyleMapInterpolateV, ╔Á╔ÁstyleProp, 
╔Á╔ÁstylePropInterpolate1, ╔Á╔ÁstylePropInterpolate2, ╔Á╔ÁstylePropInterpolate3, ╔Á╔ÁstylePropInterpolate4, 
╔Á╔ÁstylePropInterpolate5, ╔Á╔ÁstylePropInterpolate6, ╔Á╔ÁstylePropInterpolate7, ╔Á╔ÁstylePropInterpolate8, 
╔Á╔ÁstylePropInterpolateV, ╔Á╔ÁsyntheticHostListener, ╔Á╔ÁsyntheticHostProperty, ╔Á╔Átemplate, 
╔Á╔ÁtemplateRefExtractor, ╔Á╔Átext, ╔Á╔ÁtextInterpolate, ╔Á╔ÁtextInterpolate1, ╔Á╔ÁtextInterpolate2, 
╔Á╔ÁtextInterpolate3, ╔Á╔ÁtextInterpolate4, ╔Á╔ÁtextInterpolate5, ╔Á╔ÁtextInterpolate6, ╔Á╔ÁtextInterpolate7, 
╔Á╔ÁtextInterpolate8, ╔Á╔ÁtextInterpolateV, ╔Á╔ÁtrustConstantHtml, ╔Á╔ÁtrustConstantResourceUrl, ╔Á╔ÁtwoWayBindingSet, 
╔Á╔ÁtwoWayListener, ╔Á╔ÁtwoWayProperty, ╔Á╔ÁvalidateIframeAttribute, ╔Á╔ÁviewQuery, ╔Á╔ÁviewQuerySignal)

../node_modules/@angular/material/fesm2022/select.mjs:1119:19-61 - Error: export '╔Á╔ÁInputFlags' (imported as 'i0') 
was not found in '@angular/core' (possible exports: ANIMATION_MODULE_TYPE, APP_BOOTSTRAP_LISTENER, APP_ID, 
APP_INITIALIZER, AfterRenderPhase, ApplicationInitStatus, ApplicationModule, ApplicationRef, Attribute, 
COMPILER_OPTIONS, CSP_NONCE, CUSTOM_ELEMENTS_SCHEMA, ChangeDetectionStrategy, ChangeDetectorRef, Compiler, 
CompilerFactory, Component, ComponentFactory, ComponentFactoryResolver, ComponentRef, ContentChild, ContentChildren, 
DEFAULT_CURRENCY_CODE, DebugElement, DebugEventListener, DebugNode, DefaultIterableDiffer, DestroyRef, Directive, 
ENVIRONMENT_INITIALIZER, ElementRef, EmbeddedViewRef, EnvironmentInjector, ErrorHandler, EventEmitter, 
ExperimentalPendingTasks, HOST_TAG_NAME, Host, HostAttributeToken, HostBinding, HostListener, INJECTOR, Inject, 
InjectFlags, Injectable, InjectionToken, Injector, Input, IterableDiffers, KeyValueDiffers, LOCALE_ID, 
MissingTranslationStrategy, ModuleWithComponentFactories, NO_ERRORS_SCHEMA, NgModule, NgModuleFactory, NgModuleRef, 
NgProbeToken, NgZone, Optional, Output, OutputEmitterRef, PACKAGE_ROOT_URL, PLATFORM_ID, PLATFORM_INITIALIZER, Pipe, 
PlatformRef, Query, QueryList, Renderer2, RendererFactory2, RendererStyleFlags2, Sanitizer, SecurityContext, Self, 
SimpleChange, SkipSelf, TRANSLATIONS, TRANSLATIONS_FORMAT, TemplateRef, Testability, TestabilityRegistry, 
TransferState, Type, VERSION, Version, ViewChild, ViewChildren, ViewContainerRef, ViewEncapsulation, ViewRef, 
afterNextRender, afterRender, asNativeElements, assertInInjectionContext, assertNotInReactiveContext, assertPlatform, 
booleanAttribute, computed, contentChild, contentChildren, createComponent, createEnvironmentInjector, createNgModule, 
createNgModuleRef, createPlatform, createPlatformFactory, defineInjectable, destroyPlatform, effect, enableProdMode, 
forwardRef, getDebugNode, getModuleFactory, getNgModuleById, getPlatform, importProvidersFrom, inject, input, 
isDevMode, isSignal, isStandalone, makeEnvironmentProviders, makeStateKey, mergeApplicationConfig, model, 
numberAttribute, output, platformCore, provideExperimentalCheckNoChangesForDebug, 
provideExperimentalZonelessChangeDetection, provideZoneChangeDetection, reflectComponentType, resolveForwardRef, 
runInInjectionContext, setTestabilityGetter, signal, untracked, viewChild, viewChildren, ╔ÁALLOW_MULTIPLE_PLATFORMS, 
╔ÁAfterRenderManager, ╔ÁCONTAINER_HEADER_OFFSET, ╔ÁChangeDetectionScheduler, ╔ÁChangeDetectionSchedulerImpl, 
╔ÁComponentFactory, ╔ÁConsole, ╔ÁDEFAULT_LOCALE_ID, ╔ÁDEFER_BLOCK_CONFIG, ╔ÁDEFER_BLOCK_DEPENDENCY_INTERCEPTOR, 
╔ÁDeferBlockBehavior, ╔ÁDeferBlockState, ╔ÁEffectScheduler, ╔ÁIMAGE_CONFIG, ╔ÁIMAGE_CONFIG_DEFAULTS, ╔ÁINJECTOR_SCOPE, 
╔ÁINPUT_SIGNAL_BRAND_WRITE_TYPE, ╔ÁINTERNAL_APPLICATION_ERROR_HANDLER, ╔ÁIS_HYDRATION_DOM_REUSE_ENABLED, 
╔ÁJSACTION_EVENT_CONTRACT, ╔ÁLContext, ╔ÁLifecycleHooksFeature, ╔ÁLocaleDataIndex, ╔ÁNG_COMP_DEF, ╔ÁNG_DIR_DEF, 
╔ÁNG_ELEMENT_ID, ╔ÁNG_INJ_DEF, ╔ÁNG_MOD_DEF, ╔ÁNG_PIPE_DEF, ╔ÁNG_PROV_DEF, ╔ÁNOT_FOUND_CHECK_ONLY_ELEMENT_INJECTOR, 
╔ÁNO_CHANGE, ╔ÁNgModuleFactory, ╔ÁNoopNgZone, ╔ÁPROVIDED_NG_ZONE, ╔ÁPendingTasks, ╔ÁReflectionCapabilities, 
╔ÁRender3ComponentFactory, ╔ÁRender3ComponentRef, ╔ÁRender3NgModuleRef, ╔ÁRuntimeError, ╔ÁSIGNAL, 
╔ÁSSR_CONTENT_INTEGRITY_MARKER, ╔ÁTESTABILITY, ╔ÁTESTABILITY_GETTER, ╔ÁUSE_RUNTIME_DEPS_TRACKER_FOR_JIT, ╔ÁViewRef, 
╔ÁXSS_SECURITY_URL, ╔ÁZONELESS_ENABLED, ╔Á_sanitizeHtml, ╔Á_sanitizeUrl, ╔ÁallowSanitizationBypassAndThrow, 
╔ÁannotateForHydration, ╔ÁbypassSanitizationTrustHtml, ╔ÁbypassSanitizationTrustResourceUrl, 
╔ÁbypassSanitizationTrustScript, ╔ÁbypassSanitizationTrustStyle, ╔ÁbypassSanitizationTrustUrl, 
╔ÁclearResolutionOfComponentResourcesQueue, ╔ÁcompileComponent, ╔ÁcompileDirective, ╔ÁcompileNgModule, 
╔ÁcompileNgModuleDefs, ╔ÁcompileNgModuleFactory, ╔ÁcompilePipe, ╔ÁconvertToBitFlags, ╔ÁcreateInjector, 
╔ÁdefaultIterableDiffers, ╔ÁdefaultKeyValueDiffers, ╔ÁdepsTracker, ╔ÁdetectChangesInViewIfRequired, ╔ÁdevModeEqual, 
╔ÁfindLocaleData, ╔ÁflushModuleScopingQueueAsMuchAsPossible, ╔ÁformatRuntimeError, 
╔ÁgenerateStandaloneInDeclarationsError, ╔ÁgetAsyncClassMetadataFn, ╔ÁgetDebugNode, ╔ÁgetDeferBlocks, ╔ÁgetDirectives, 
╔ÁgetHostElement, ╔ÁgetInjectableDef, ╔ÁgetLContext, ╔ÁgetLocaleCurrencyCode, ╔ÁgetLocalePluralCase, 
╔ÁgetOutputDestroyRef, ╔ÁgetSanitizationBypassType, ╔ÁgetUnknownElementStrictMode, ╔ÁgetUnknownPropertyStrictMode, 
╔Áglobal, ╔ÁinjectChangeDetectorRef, ╔ÁinternalCreateApplication, ╔ÁinternalProvideZoneChangeDetection, 
╔ÁisBoundToModule, ╔ÁisComponentDefPendingResolution, ╔ÁisEnvironmentProviders, ╔ÁisInjectable, ╔ÁisNgModule, 
╔ÁisPromise, ╔ÁisSubscribable, ╔ÁnoSideEffects, ╔ÁpatchComponentDefWithScope, ╔ÁperformanceMarkFeature, 
╔ÁreadHydrationInfo, ╔ÁregisterLocaleData, ╔ÁrenderDeferBlockState, ╔ÁresetCompiledComponents, ╔ÁresetJitOptions, 
╔ÁresolveComponentResources, ╔ÁrestoreComponentResolutionQueue, ╔ÁsetAllowDuplicateNgModuleIdsForTest, 
╔ÁsetAlternateWeakRefImpl, ╔ÁsetClassDebugInfo, ╔ÁsetClassMetadata, ╔ÁsetClassMetadataAsync, ╔ÁsetCurrentInjector, 
╔ÁsetDocument, ╔ÁsetInjectorProfilerContext, ╔ÁsetLocaleId, ╔ÁsetUnknownElementStrictMode, 
╔ÁsetUnknownPropertyStrictMode, ╔Ástore, ╔Ástringify, ╔ÁtransitiveScopesFor, ╔ÁtriggerResourceLoading, 
╔ÁtruncateMiddle, ╔ÁunregisterLocaleData, ╔ÁunwrapSafeValue, ╔ÁunwrapWritableSignal, ╔ÁwhenStable, ╔ÁwithDomHydration, 
╔ÁwithEventReplay, ╔ÁwithI18nSupport, ╔Á╔ÁCopyDefinitionFeature, ╔Á╔ÁFactoryTarget, ╔Á╔ÁHostDirectivesFeature, 
╔Á╔ÁInheritDefinitionFeature, ╔Á╔ÁInputTransformsFeature, ╔Á╔ÁNgOnChangesFeature, ╔Á╔ÁProvidersFeature, 
╔Á╔ÁStandaloneFeature, ╔Á╔Áadvance, ╔Á╔Áattribute, ╔Á╔ÁattributeInterpolate1, ╔Á╔ÁattributeInterpolate2, 
╔Á╔ÁattributeInterpolate3, ╔Á╔ÁattributeInterpolate4, ╔Á╔ÁattributeInterpolate5, ╔Á╔ÁattributeInterpolate6, 
╔Á╔ÁattributeInterpolate7, ╔Á╔ÁattributeInterpolate8, ╔Á╔ÁattributeInterpolateV, ╔Á╔ÁclassMap, 
╔Á╔ÁclassMapInterpolate1, ╔Á╔ÁclassMapInterpolate2, ╔Á╔ÁclassMapInterpolate3, ╔Á╔ÁclassMapInterpolate4, 
╔Á╔ÁclassMapInterpolate5, ╔Á╔ÁclassMapInterpolate6, ╔Á╔ÁclassMapInterpolate7, ╔Á╔ÁclassMapInterpolate8, 
╔Á╔ÁclassMapInterpolateV, ╔Á╔ÁclassProp, ╔Á╔ÁcomponentInstance, ╔Á╔Áconditional, ╔Á╔ÁcontentQuery, 
╔Á╔ÁcontentQuerySignal, ╔Á╔ÁdeclareLet, ╔Á╔Ádefer, ╔Á╔ÁdeferEnableTimerScheduling, ╔Á╔ÁdeferOnHover, ╔Á╔ÁdeferOnIdle, 
╔Á╔ÁdeferOnImmediate, ╔Á╔ÁdeferOnInteraction, ╔Á╔ÁdeferOnTimer, ╔Á╔ÁdeferOnViewport, ╔Á╔ÁdeferPrefetchOnHover, 
╔Á╔ÁdeferPrefetchOnIdle, ╔Á╔ÁdeferPrefetchOnImmediate, ╔Á╔ÁdeferPrefetchOnInteraction, ╔Á╔ÁdeferPrefetchOnTimer, 
╔Á╔ÁdeferPrefetchOnViewport, ╔Á╔ÁdeferPrefetchWhen, ╔Á╔ÁdeferWhen, ╔Á╔ÁdefineComponent, ╔Á╔ÁdefineDirective, 
╔Á╔ÁdefineInjectable, ╔Á╔ÁdefineInjector, ╔Á╔ÁdefineNgModule, ╔Á╔ÁdefinePipe, ╔Á╔ÁdirectiveInject, 
╔Á╔ÁdisableBindings, ╔Á╔Áelement, ╔Á╔ÁelementContainer, ╔Á╔ÁelementContainerEnd, ╔Á╔ÁelementContainerStart, 
╔Á╔ÁelementEnd, ╔Á╔ÁelementStart, ╔Á╔ÁenableBindings, ╔Á╔ÁgetComponentDepsFactory, ╔Á╔ÁgetCurrentView, 
╔Á╔ÁgetInheritedFactory, ╔Á╔ÁhostProperty, ╔Á╔Ái18n, ╔Á╔Ái18nApply, ╔Á╔Ái18nAttributes, ╔Á╔Ái18nEnd, ╔Á╔Ái18nExp, 
╔Á╔Ái18nPostprocess, ╔Á╔Ái18nStart, ╔Á╔Áinject, ╔Á╔ÁinjectAttribute, ╔Á╔ÁinvalidFactory, ╔Á╔ÁinvalidFactoryDep, 
╔Á╔Álistener, ╔Á╔ÁloadQuery, ╔Á╔ÁnamespaceHTML, ╔Á╔ÁnamespaceMathML, ╔Á╔ÁnamespaceSVG, ╔Á╔ÁnextContext, 
╔Á╔ÁngDeclareClassMetadata, ╔Á╔ÁngDeclareClassMetadataAsync, ╔Á╔ÁngDeclareComponent, ╔Á╔ÁngDeclareDirective, 
╔Á╔ÁngDeclareFactory, ╔Á╔ÁngDeclareInjectable, ╔Á╔ÁngDeclareInjector, ╔Á╔ÁngDeclareNgModule, ╔Á╔ÁngDeclarePipe, 
╔Á╔Ápipe, ╔Á╔ÁpipeBind1, ╔Á╔ÁpipeBind2, ╔Á╔ÁpipeBind3, ╔Á╔ÁpipeBind4, ╔Á╔ÁpipeBindV, ╔Á╔Áprojection, 
╔Á╔ÁprojectionDef, ╔Á╔Áproperty, ╔Á╔ÁpropertyInterpolate, ╔Á╔ÁpropertyInterpolate1, ╔Á╔ÁpropertyInterpolate2, 
╔Á╔ÁpropertyInterpolate3, ╔Á╔ÁpropertyInterpolate4, ╔Á╔ÁpropertyInterpolate5, ╔Á╔ÁpropertyInterpolate6, 
╔Á╔ÁpropertyInterpolate7, ╔Á╔ÁpropertyInterpolate8, ╔Á╔ÁpropertyInterpolateV, ╔Á╔ÁpureFunction0, ╔Á╔ÁpureFunction1, 
╔Á╔ÁpureFunction2, ╔Á╔ÁpureFunction3, ╔Á╔ÁpureFunction4, ╔Á╔ÁpureFunction5, ╔Á╔ÁpureFunction6, ╔Á╔ÁpureFunction7, 
╔Á╔ÁpureFunction8, ╔Á╔ÁpureFunctionV, ╔Á╔ÁqueryAdvance, ╔Á╔ÁqueryRefresh, ╔Á╔ÁreadContextLet, ╔Á╔Áreference, 
╔Á╔ÁregisterNgModuleType, ╔Á╔Árepeater, ╔Á╔ÁrepeaterCreate, ╔Á╔ÁrepeaterTrackByIdentity, ╔Á╔ÁrepeaterTrackByIndex, 
╔Á╔ÁresetView, ╔Á╔ÁresolveBody, ╔Á╔ÁresolveDocument, ╔Á╔ÁresolveWindow, ╔Á╔ÁrestoreView, ╔Á╔ÁsanitizeHtml, 
╔Á╔ÁsanitizeResourceUrl, ╔Á╔ÁsanitizeScript, ╔Á╔ÁsanitizeStyle, ╔Á╔ÁsanitizeUrl, ╔Á╔ÁsanitizeUrlOrResourceUrl, 
╔Á╔ÁsetComponentScope, ╔Á╔ÁsetNgModuleScope, ╔Á╔ÁstoreLet, ╔Á╔ÁstyleMap, ╔Á╔ÁstyleMapInterpolate1, 
╔Á╔ÁstyleMapInterpolate2, ╔Á╔ÁstyleMapInterpolate3, ╔Á╔ÁstyleMapInterpolate4, ╔Á╔ÁstyleMapInterpolate5, 
╔Á╔ÁstyleMapInterpolate6, ╔Á╔ÁstyleMapInterpolate7, ╔Á╔ÁstyleMapInterpolate8, ╔Á╔ÁstyleMapInterpolateV, ╔Á╔ÁstyleProp, 
╔Á╔ÁstylePropInterpolate1, ╔Á╔ÁstylePropInterpolate2, ╔Á╔ÁstylePropInterpolate3, ╔Á╔ÁstylePropInterpolate4, 
╔Á╔ÁstylePropInterpolate5, ╔Á╔ÁstylePropInterpolate6, ╔Á╔ÁstylePropInterpolate7, ╔Á╔ÁstylePropInterpolate8, 
╔Á╔ÁstylePropInterpolateV, ╔Á╔ÁsyntheticHostListener, ╔Á╔ÁsyntheticHostProperty, ╔Á╔Átemplate, 
╔Á╔ÁtemplateRefExtractor, ╔Á╔Átext, ╔Á╔ÁtextInterpolate, ╔Á╔ÁtextInterpolate1, ╔Á╔ÁtextInterpolate2, 
╔Á╔ÁtextInterpolate3, ╔Á╔ÁtextInterpolate4, ╔Á╔ÁtextInterpolate5, ╔Á╔ÁtextInterpolate6, ╔Á╔ÁtextInterpolate7, 
╔Á╔ÁtextInterpolate8, ╔Á╔ÁtextInterpolateV, ╔Á╔ÁtrustConstantHtml, ╔Á╔ÁtrustConstantResourceUrl, ╔Á╔ÁtwoWayBindingSet, 
╔Á╔ÁtwoWayListener, ╔Á╔ÁtwoWayProperty, ╔Á╔ÁvalidateIframeAttribute, ╔Á╔ÁviewQuery, ╔Á╔ÁviewQuerySignal)

../node_modules/@angular/material/fesm2022/select.mjs:1120:24-66 - Error: export '╔Á╔ÁInputFlags' (imported as 'i0') 
was not found in '@angular/core' (possible exports: ANIMATION_MODULE_TYPE, APP_BOOTSTRAP_LISTENER, APP_ID, 
APP_INITIALIZER, AfterRenderPhase, ApplicationInitStatus, ApplicationModule, ApplicationRef, Attribute, 
COMPILER_OPTIONS, CSP_NONCE, CUSTOM_ELEMENTS_SCHEMA, ChangeDetectionStrategy, ChangeDetectorRef, Compiler, 
CompilerFactory, Component, ComponentFactory, ComponentFactoryResolver, ComponentRef, ContentChild, ContentChildren, 
DEFAULT_CURRENCY_CODE, DebugElement, DebugEventListener, DebugNode, DefaultIterableDiffer, DestroyRef, Directive, 
ENVIRONMENT_INITIALIZER, ElementRef, EmbeddedViewRef, EnvironmentInjector, ErrorHandler, EventEmitter, 
ExperimentalPendingTasks, HOST_TAG_NAME, Host, HostAttributeToken, HostBinding, HostListener, INJECTOR, Inject, 
InjectFlags, Injectable, InjectionToken, Injector, Input, IterableDiffers, KeyValueDiffers, LOCALE_ID, 
MissingTranslationStrategy, ModuleWithComponentFactories, NO_ERRORS_SCHEMA, NgModule, NgModuleFactory, NgModuleRef, 
NgProbeToken, NgZone, Optional, Output, OutputEmitterRef, PACKAGE_ROOT_URL, PLATFORM_ID, PLATFORM_INITIALIZER, Pipe, 
PlatformRef, Query, QueryList, Renderer2, RendererFactory2, RendererStyleFlags2, Sanitizer, SecurityContext, Self, 
SimpleChange, SkipSelf, TRANSLATIONS, TRANSLATIONS_FORMAT, TemplateRef, Testability, TestabilityRegistry, 
TransferState, Type, VERSION, Version, ViewChild, ViewChildren, ViewContainerRef, ViewEncapsulation, ViewRef, 
afterNextRender, afterRender, asNativeElements, assertInInjectionContext, assertNotInReactiveContext, assertPlatform, 
booleanAttribute, computed, contentChild, contentChildren, createComponent, createEnvironmentInjector, createNgModule, 
createNgModuleRef, createPlatform, createPlatformFactory, defineInjectable, destroyPlatform, effect, enableProdMode, 
forwardRef, getDebugNode, getModuleFactory, getNgModuleById, getPlatform, importProvidersFrom, inject, input, 
isDevMode, isSignal, isStandalone, makeEnvironmentProviders, makeStateKey, mergeApplicationConfig, model, 
numberAttribute, output, platformCore, provideExperimentalCheckNoChangesForDebug, 
provideExperimentalZonelessChangeDetection, provideZoneChangeDetection, reflectComponentType, resolveForwardRef, 
runInInjectionContext, setTestabilityGetter, signal, untracked, viewChild, viewChildren, ╔ÁALLOW_MULTIPLE_PLATFORMS, 
╔ÁAfterRenderManager, ╔ÁCONTAINER_HEADER_OFFSET, ╔ÁChangeDetectionScheduler, ╔ÁChangeDetectionSchedulerImpl, 
╔ÁComponentFactory, ╔ÁConsole, ╔ÁDEFAULT_LOCALE_ID, ╔ÁDEFER_BLOCK_CONFIG, ╔ÁDEFER_BLOCK_DEPENDENCY_INTERCEPTOR, 
╔ÁDeferBlockBehavior, ╔ÁDeferBlockState, ╔ÁEffectScheduler, ╔ÁIMAGE_CONFIG, ╔ÁIMAGE_CONFIG_DEFAULTS, ╔ÁINJECTOR_SCOPE, 
╔ÁINPUT_SIGNAL_BRAND_WRITE_TYPE, ╔ÁINTERNAL_APPLICATION_ERROR_HANDLER, ╔ÁIS_HYDRATION_DOM_REUSE_ENABLED, 
╔ÁJSACTION_EVENT_CONTRACT, ╔ÁLContext, ╔ÁLifecycleHooksFeature, ╔ÁLocaleDataIndex, ╔ÁNG_COMP_DEF, ╔ÁNG_DIR_DEF, 
╔ÁNG_ELEMENT_ID, ╔ÁNG_INJ_DEF, ╔ÁNG_MOD_DEF, ╔ÁNG_PIPE_DEF, ╔ÁNG_PROV_DEF, ╔ÁNOT_FOUND_CHECK_ONLY_ELEMENT_INJECTOR, 
╔ÁNO_CHANGE, ╔ÁNgModuleFactory, ╔ÁNoopNgZone, ╔ÁPROVIDED_NG_ZONE, ╔ÁPendingTasks, ╔ÁReflectionCapabilities, 
╔ÁRender3ComponentFactory, ╔ÁRender3ComponentRef, ╔ÁRender3NgModuleRef, ╔ÁRuntimeError, ╔ÁSIGNAL, 
╔ÁSSR_CONTENT_INTEGRITY_MARKER, ╔ÁTESTABILITY, ╔ÁTESTABILITY_GETTER, ╔ÁUSE_RUNTIME_DEPS_TRACKER_FOR_JIT, ╔ÁViewRef, 
╔ÁXSS_SECURITY_URL, ╔ÁZONELESS_ENABLED, ╔Á_sanitizeHtml, ╔Á_sanitizeUrl, ╔ÁallowSanitizationBypassAndThrow, 
╔ÁannotateForHydration, ╔ÁbypassSanitizationTrustHtml, ╔ÁbypassSanitizationTrustResourceUrl, 
╔ÁbypassSanitizationTrustScript, ╔ÁbypassSanitizationTrustStyle, ╔ÁbypassSanitizationTrustUrl, 
╔ÁclearResolutionOfComponentResourcesQueue, ╔ÁcompileComponent, ╔ÁcompileDirective, ╔ÁcompileNgModule, 
╔ÁcompileNgModuleDefs, ╔ÁcompileNgModuleFactory, ╔ÁcompilePipe, ╔ÁconvertToBitFlags, ╔ÁcreateInjector, 
╔ÁdefaultIterableDiffers, ╔ÁdefaultKeyValueDiffers, ╔ÁdepsTracker, ╔ÁdetectChangesInViewIfRequired, ╔ÁdevModeEqual, 
╔ÁfindLocaleData, ╔ÁflushModuleScopingQueueAsMuchAsPossible, ╔ÁformatRuntimeError, 
╔ÁgenerateStandaloneInDeclarationsError, ╔ÁgetAsyncClassMetadataFn, ╔ÁgetDebugNode, ╔ÁgetDeferBlocks, ╔ÁgetDirectives, 
╔ÁgetHostElement, ╔ÁgetInjectableDef, ╔ÁgetLContext, ╔ÁgetLocaleCurrencyCode, ╔ÁgetLocalePluralCase, 
╔ÁgetOutputDestroyRef, ╔ÁgetSanitizationBypassType, ╔ÁgetUnknownElementStrictMode, ╔ÁgetUnknownPropertyStrictMode, 
╔Áglobal, ╔ÁinjectChangeDetectorRef, ╔ÁinternalCreateApplication, ╔ÁinternalProvideZoneChangeDetection, 
╔ÁisBoundToModule, ╔ÁisComponentDefPendingResolution, ╔ÁisEnvironmentProviders, ╔ÁisInjectable, ╔ÁisNgModule, 
╔ÁisPromise, ╔ÁisSubscribable, ╔ÁnoSideEffects, ╔ÁpatchComponentDefWithScope, ╔ÁperformanceMarkFeature, 
╔ÁreadHydrationInfo, ╔ÁregisterLocaleData, ╔ÁrenderDeferBlockState, ╔ÁresetCompiledComponents, ╔ÁresetJitOptions, 
╔ÁresolveComponentResources, ╔ÁrestoreComponentResolutionQueue, ╔ÁsetAllowDuplicateNgModuleIdsForTest, 
╔ÁsetAlternateWeakRefImpl, ╔ÁsetClassDebugInfo, ╔ÁsetClassMetadata, ╔ÁsetClassMetadataAsync, ╔ÁsetCurrentInjector, 
╔ÁsetDocument, ╔ÁsetInjectorProfilerContext, ╔ÁsetLocaleId, ╔ÁsetUnknownElementStrictMode, 
╔ÁsetUnknownPropertyStrictMode, ╔Ástore, ╔Ástringify, ╔ÁtransitiveScopesFor, ╔ÁtriggerResourceLoading, 
╔ÁtruncateMiddle, ╔ÁunregisterLocaleData, ╔ÁunwrapSafeValue, ╔ÁunwrapWritableSignal, ╔ÁwhenStable, ╔ÁwithDomHydration, 
╔ÁwithEventReplay, ╔ÁwithI18nSupport, ╔Á╔ÁCopyDefinitionFeature, ╔Á╔ÁFactoryTarget, ╔Á╔ÁHostDirectivesFeature, 
╔Á╔ÁInheritDefinitionFeature, ╔Á╔ÁInputTransformsFeature, ╔Á╔ÁNgOnChangesFeature, ╔Á╔ÁProvidersFeature, 
╔Á╔ÁStandaloneFeature, ╔Á╔Áadvance, ╔Á╔Áattribute, ╔Á╔ÁattributeInterpolate1, ╔Á╔ÁattributeInterpolate2, 
╔Á╔ÁattributeInterpolate3, ╔Á╔ÁattributeInterpolate4, ╔Á╔ÁattributeInterpolate5, ╔Á╔ÁattributeInterpolate6, 
╔Á╔ÁattributeInterpolate7, ╔Á╔ÁattributeInterpolate8, ╔Á╔ÁattributeInterpolateV, ╔Á╔ÁclassMap, 
╔Á╔ÁclassMapInterpolate1, ╔Á╔ÁclassMapInterpolate2, ╔Á╔ÁclassMapInterpolate3, ╔Á╔ÁclassMapInterpolate4, 
╔Á╔ÁclassMapInterpolate5, ╔Á╔ÁclassMapInterpolate6, ╔Á╔ÁclassMapInterpolate7, ╔Á╔ÁclassMapInterpolate8, 
╔Á╔ÁclassMapInterpolateV, ╔Á╔ÁclassProp, ╔Á╔ÁcomponentInstance, ╔Á╔Áconditional, ╔Á╔ÁcontentQuery, 
╔Á╔ÁcontentQuerySignal, ╔Á╔ÁdeclareLet, ╔Á╔Ádefer, ╔Á╔ÁdeferEnableTimerScheduling, ╔Á╔ÁdeferOnHover, ╔Á╔ÁdeferOnIdle, 
╔Á╔ÁdeferOnImmediate, ╔Á╔ÁdeferOnInteraction, ╔Á╔ÁdeferOnTimer, ╔Á╔ÁdeferOnViewport, ╔Á╔ÁdeferPrefetchOnHover, 
╔Á╔ÁdeferPrefetchOnIdle, ╔Á╔ÁdeferPrefetchOnImmediate, ╔Á╔ÁdeferPrefetchOnInteraction, ╔Á╔ÁdeferPrefetchOnTimer, 
╔Á╔ÁdeferPrefetchOnViewport, ╔Á╔ÁdeferPrefetchWhen, ╔Á╔ÁdeferWhen, ╔Á╔ÁdefineComponent, ╔Á╔ÁdefineDirective, 
╔Á╔ÁdefineInjectable, ╔Á╔ÁdefineInjector, ╔Á╔ÁdefineNgModule, ╔Á╔ÁdefinePipe, ╔Á╔ÁdirectiveInject, 
╔Á╔ÁdisableBindings, ╔Á╔Áelement, ╔Á╔ÁelementContainer, ╔Á╔ÁelementContainerEnd, ╔Á╔ÁelementContainerStart, 
╔Á╔ÁelementEnd, ╔Á╔ÁelementStart, ╔Á╔ÁenableBindings, ╔Á╔ÁgetComponentDepsFactory, ╔Á╔ÁgetCurrentView, 
╔Á╔ÁgetInheritedFactory, ╔Á╔ÁhostProperty, ╔Á╔Ái18n, ╔Á╔Ái18nApply, ╔Á╔Ái18nAttributes, ╔Á╔Ái18nEnd, ╔Á╔Ái18nExp, 
╔Á╔Ái18nPostprocess, ╔Á╔Ái18nStart, ╔Á╔Áinject, ╔Á╔ÁinjectAttribute, ╔Á╔ÁinvalidFactory, ╔Á╔ÁinvalidFactoryDep, 
╔Á╔Álistener, ╔Á╔ÁloadQuery, ╔Á╔ÁnamespaceHTML, ╔Á╔ÁnamespaceMathML, ╔Á╔ÁnamespaceSVG, ╔Á╔ÁnextContext, 
╔Á╔ÁngDeclareClassMetadata, ╔Á╔ÁngDeclareClassMetadataAsync, ╔Á╔ÁngDeclareComponent, ╔Á╔ÁngDeclareDirective, 
╔Á╔ÁngDeclareFactory, ╔Á╔ÁngDeclareInjectable, ╔Á╔ÁngDeclareInjector, ╔Á╔ÁngDeclareNgModule, ╔Á╔ÁngDeclarePipe, 
╔Á╔Ápipe, ╔Á╔ÁpipeBind1, ╔Á╔ÁpipeBind2, ╔Á╔ÁpipeBind3, ╔Á╔ÁpipeBind4, ╔Á╔ÁpipeBindV, ╔Á╔Áprojection, 
╔Á╔ÁprojectionDef, ╔Á╔Áproperty, ╔Á╔ÁpropertyInterpolate, ╔Á╔ÁpropertyInterpolate1, ╔Á╔ÁpropertyInterpolate2, 
╔Á╔ÁpropertyInterpolate3, ╔Á╔ÁpropertyInterpolate4, ╔Á╔ÁpropertyInterpolate5, ╔Á╔ÁpropertyInterpolate6, 
╔Á╔ÁpropertyInterpolate7, ╔Á╔ÁpropertyInterpolate8, ╔Á╔ÁpropertyInterpolateV, ╔Á╔ÁpureFunction0, ╔Á╔ÁpureFunction1, 
╔Á╔ÁpureFunction2, ╔Á╔ÁpureFunction3, ╔Á╔ÁpureFunction4, ╔Á╔ÁpureFunction5, ╔Á╔ÁpureFunction6, ╔Á╔ÁpureFunction7, 
╔Á╔ÁpureFunction8, ╔Á╔ÁpureFunctionV, ╔Á╔ÁqueryAdvance, ╔Á╔ÁqueryRefresh, ╔Á╔ÁreadContextLet, ╔Á╔Áreference, 
╔Á╔ÁregisterNgModuleType, ╔Á╔Árepeater, ╔Á╔ÁrepeaterCreate, ╔Á╔ÁrepeaterTrackByIdentity, ╔Á╔ÁrepeaterTrackByIndex, 
╔Á╔ÁresetView, ╔Á╔ÁresolveBody, ╔Á╔ÁresolveDocument, ╔Á╔ÁresolveWindow, ╔Á╔ÁrestoreView, ╔Á╔ÁsanitizeHtml, 
╔Á╔ÁsanitizeResourceUrl, ╔Á╔ÁsanitizeScript, ╔Á╔ÁsanitizeStyle, ╔Á╔ÁsanitizeUrl, ╔Á╔ÁsanitizeUrlOrResourceUrl, 
╔Á╔ÁsetComponentScope, ╔Á╔ÁsetNgModuleScope, ╔Á╔ÁstoreLet, ╔Á╔ÁstyleMap, ╔Á╔ÁstyleMapInterpolate1, 
╔Á╔ÁstyleMapInterpolate2, ╔Á╔ÁstyleMapInterpolate3, ╔Á╔ÁstyleMapInterpolate4, ╔Á╔ÁstyleMapInterpolate5, 
╔Á╔ÁstyleMapInterpolate6, ╔Á╔ÁstyleMapInterpolate7, ╔Á╔ÁstyleMapInterpolate8, ╔Á╔ÁstyleMapInterpolateV, ╔Á╔ÁstyleProp, 
╔Á╔ÁstylePropInterpolate1, ╔Á╔ÁstylePropInterpolate2, ╔Á╔ÁstylePropInterpolate3, ╔Á╔ÁstylePropInterpolate4, 
╔Á╔ÁstylePropInterpolate5, ╔Á╔ÁstylePropInterpolate6, ╔Á╔ÁstylePropInterpolate7, ╔Á╔ÁstylePropInterpolate8, 
╔Á╔ÁstylePropInterpolateV, ╔Á╔ÁsyntheticHostListener, ╔Á╔ÁsyntheticHostProperty, ╔Á╔Átemplate, 
╔Á╔ÁtemplateRefExtractor, ╔Á╔Átext, ╔Á╔ÁtextInterpolate, ╔Á╔ÁtextInterpolate1, ╔Á╔ÁtextInterpolate2, 
╔Á╔ÁtextInterpolate3, ╔Á╔ÁtextInterpolate4, ╔Á╔ÁtextInterpolate5, ╔Á╔ÁtextInterpolate6, ╔Á╔ÁtextInterpolate7, 
╔Á╔ÁtextInterpolate8, ╔Á╔ÁtextInterpolateV, ╔Á╔ÁtrustConstantHtml, ╔Á╔ÁtrustConstantResourceUrl, ╔Á╔ÁtwoWayBindingSet, 
╔Á╔ÁtwoWayListener, ╔Á╔ÁtwoWayProperty, ╔Á╔ÁvalidateIframeAttribute, ╔Á╔ÁviewQuery, ╔Á╔ÁviewQuerySignal)

../node_modules/@angular/material/fesm2022/select.mjs:1121:19-61 - Error: export '╔Á╔ÁInputFlags' (imported as 'i0') 
was not found in '@angular/core' (possible exports: ANIMATION_MODULE_TYPE, APP_BOOTSTRAP_LISTENER, APP_ID, 
APP_INITIALIZER, AfterRenderPhase, ApplicationInitStatus, ApplicationModule, ApplicationRef, Attribute, 
COMPILER_OPTIONS, CSP_NONCE, CUSTOM_ELEMENTS_SCHEMA, ChangeDetectionStrategy, ChangeDetectorRef, Compiler, 
CompilerFactory, Component, ComponentFactory, ComponentFactoryResolver, ComponentRef, ContentChild, ContentChildren, 
DEFAULT_CURRENCY_CODE, DebugElement, DebugEventListener, DebugNode, DefaultIterableDiffer, DestroyRef, Directive, 
ENVIRONMENT_INITIALIZER, ElementRef, EmbeddedViewRef, EnvironmentInjector, ErrorHandler, EventEmitter, 
ExperimentalPendingTasks, HOST_TAG_NAME, Host, HostAttributeToken, HostBinding, HostListener, INJECTOR, Inject, 
InjectFlags, Injectable, InjectionToken, Injector, Input, IterableDiffers, KeyValueDiffers, LOCALE_ID, 
MissingTranslationStrategy, ModuleWithComponentFactories, NO_ERRORS_SCHEMA, NgModule, NgModuleFactory, NgModuleRef, 
NgProbeToken, NgZone, Optional, Output, OutputEmitterRef, PACKAGE_ROOT_URL, PLATFORM_ID, PLATFORM_INITIALIZER, Pipe, 
PlatformRef, Query, QueryList, Renderer2, RendererFactory2, RendererStyleFlags2, Sanitizer, SecurityContext, Self, 
SimpleChange, SkipSelf, TRANSLATIONS, TRANSLATIONS_FORMAT, TemplateRef, Testability, TestabilityRegistry, 
TransferState, Type, VERSION, Version, ViewChild, ViewChildren, ViewContainerRef, ViewEncapsulation, ViewRef, 
afterNextRender, afterRender, asNativeElements, assertInInjectionContext, assertNotInReactiveContext, assertPlatform, 
booleanAttribute, computed, contentChild, contentChildren, createComponent, createEnvironmentInjector, createNgModule, 
createNgModuleRef, createPlatform, createPlatformFactory, defineInjectable, destroyPlatform, effect, enableProdMode, 
forwardRef, getDebugNode, getModuleFactory, getNgModuleById, getPlatform, importProvidersFrom, inject, input, 
isDevMode, isSignal, isStandalone, makeEnvironmentProviders, makeStateKey, mergeApplicationConfig, model, 
numberAttribute, output, platformCore, provideExperimentalCheckNoChangesForDebug, 
provideExperimentalZonelessChangeDetection, provideZoneChangeDetection, reflectComponentType, resolveForwardRef, 
runInInjectionContext, setTestabilityGetter, signal, untracked, viewChild, viewChildren, ╔ÁALLOW_MULTIPLE_PLATFORMS, 
╔ÁAfterRenderManager, ╔ÁCONTAINER_HEADER_OFFSET, ╔ÁChangeDetectionScheduler, ╔ÁChangeDetectionSchedulerImpl, 
╔ÁComponentFactory, ╔ÁConsole, ╔ÁDEFAULT_LOCALE_ID, ╔ÁDEFER_BLOCK_CONFIG, ╔ÁDEFER_BLOCK_DEPENDENCY_INTERCEPTOR, 
╔ÁDeferBlockBehavior, ╔ÁDeferBlockState, ╔ÁEffectScheduler, ╔ÁIMAGE_CONFIG, ╔ÁIMAGE_CONFIG_DEFAULTS, ╔ÁINJECTOR_SCOPE, 
╔ÁINPUT_SIGNAL_BRAND_WRITE_TYPE, ╔ÁINTERNAL_APPLICATION_ERROR_HANDLER, ╔ÁIS_HYDRATION_DOM_REUSE_ENABLED, 
╔ÁJSACTION_EVENT_CONTRACT, ╔ÁLContext, ╔ÁLifecycleHooksFeature, ╔ÁLocaleDataIndex, ╔ÁNG_COMP_DEF, ╔ÁNG_DIR_DEF, 
╔ÁNG_ELEMENT_ID, ╔ÁNG_INJ_DEF, ╔ÁNG_MOD_DEF, ╔ÁNG_PIPE_DEF, ╔ÁNG_PROV_DEF, ╔ÁNOT_FOUND_CHECK_ONLY_ELEMENT_INJECTOR, 
╔ÁNO_CHANGE, ╔ÁNgModuleFactory, ╔ÁNoopNgZone, ╔ÁPROVIDED_NG_ZONE, ╔ÁPendingTasks, ╔ÁReflectionCapabilities, 
╔ÁRender3ComponentFactory, ╔ÁRender3ComponentRef, ╔ÁRender3NgModuleRef, ╔ÁRuntimeError, ╔ÁSIGNAL, 
╔ÁSSR_CONTENT_INTEGRITY_MARKER, ╔ÁTESTABILITY, ╔ÁTESTABILITY_GETTER, ╔ÁUSE_RUNTIME_DEPS_TRACKER_FOR_JIT, ╔ÁViewRef, 
╔ÁXSS_SECURITY_URL, ╔ÁZONELESS_ENABLED, ╔Á_sanitizeHtml, ╔Á_sanitizeUrl, ╔ÁallowSanitizationBypassAndThrow, 
╔ÁannotateForHydration, ╔ÁbypassSanitizationTrustHtml, ╔ÁbypassSanitizationTrustResourceUrl, 
╔ÁbypassSanitizationTrustScript, ╔ÁbypassSanitizationTrustStyle, ╔ÁbypassSanitizationTrustUrl, 
╔ÁclearResolutionOfComponentResourcesQueue, ╔ÁcompileComponent, ╔ÁcompileDirective, ╔ÁcompileNgModule, 
╔ÁcompileNgModuleDefs, ╔ÁcompileNgModuleFactory, ╔ÁcompilePipe, ╔ÁconvertToBitFlags, ╔ÁcreateInjector, 
╔ÁdefaultIterableDiffers, ╔ÁdefaultKeyValueDiffers, ╔ÁdepsTracker, ╔ÁdetectChangesInViewIfRequired, ╔ÁdevModeEqual, 
╔ÁfindLocaleData, ╔ÁflushModuleScopingQueueAsMuchAsPossible, ╔ÁformatRuntimeError, 
╔ÁgenerateStandaloneInDeclarationsError, ╔ÁgetAsyncClassMetadataFn, ╔ÁgetDebugNode, ╔ÁgetDeferBlocks, ╔ÁgetDirectives, 
╔ÁgetHostElement, ╔ÁgetInjectableDef, ╔ÁgetLContext, ╔ÁgetLocaleCurrencyCode, ╔ÁgetLocalePluralCase, 
╔ÁgetOutputDestroyRef, ╔ÁgetSanitizationBypassType, ╔ÁgetUnknownElementStrictMode, ╔ÁgetUnknownPropertyStrictMode, 
╔Áglobal, ╔ÁinjectChangeDetectorRef, ╔ÁinternalCreateApplication, ╔ÁinternalProvideZoneChangeDetection, 
╔ÁisBoundToModule, ╔ÁisComponentDefPendingResolution, ╔ÁisEnvironmentProviders, ╔ÁisInjectable, ╔ÁisNgModule, 
╔ÁisPromise, ╔ÁisSubscribable, ╔ÁnoSideEffects, ╔ÁpatchComponentDefWithScope, ╔ÁperformanceMarkFeature, 
╔ÁreadHydrationInfo, ╔ÁregisterLocaleData, ╔ÁrenderDeferBlockState, ╔ÁresetCompiledComponents, ╔ÁresetJitOptions, 
╔ÁresolveComponentResources, ╔ÁrestoreComponentResolutionQueue, ╔ÁsetAllowDuplicateNgModuleIdsForTest, 
╔ÁsetAlternateWeakRefImpl, ╔ÁsetClassDebugInfo, ╔ÁsetClassMetadata, ╔ÁsetClassMetadataAsync, ╔ÁsetCurrentInjector, 
╔ÁsetDocument, ╔ÁsetInjectorProfilerContext, ╔ÁsetLocaleId, ╔ÁsetUnknownElementStrictMode, 
╔ÁsetUnknownPropertyStrictMode, ╔Ástore, ╔Ástringify, ╔ÁtransitiveScopesFor, ╔ÁtriggerResourceLoading, 
╔ÁtruncateMiddle, ╔ÁunregisterLocaleData, ╔ÁunwrapSafeValue, ╔ÁunwrapWritableSignal, ╔ÁwhenStable, ╔ÁwithDomHydration, 
╔ÁwithEventReplay, ╔ÁwithI18nSupport, ╔Á╔ÁCopyDefinitionFeature, ╔Á╔ÁFactoryTarget, ╔Á╔ÁHostDirectivesFeature, 
╔Á╔ÁInheritDefinitionFeature, ╔Á╔ÁInputTransformsFeature, ╔Á╔ÁNgOnChangesFeature, ╔Á╔ÁProvidersFeature, 
╔Á╔ÁStandaloneFeature, ╔Á╔Áadvance, ╔Á╔Áattribute, ╔Á╔ÁattributeInterpolate1, ╔Á╔ÁattributeInterpolate2, 
╔Á╔ÁattributeInterpolate3, ╔Á╔ÁattributeInterpolate4, ╔Á╔ÁattributeInterpolate5, ╔Á╔ÁattributeInterpolate6, 
╔Á╔ÁattributeInterpolate7, ╔Á╔ÁattributeInterpolate8, ╔Á╔ÁattributeInterpolateV, ╔Á╔ÁclassMap, 
╔Á╔ÁclassMapInterpolate1, ╔Á╔ÁclassMapInterpolate2, ╔Á╔ÁclassMapInterpolate3, ╔Á╔ÁclassMapInterpolate4, 
╔Á╔ÁclassMapInterpolate5, ╔Á╔ÁclassMapInterpolate6, ╔Á╔ÁclassMapInterpolate7, ╔Á╔ÁclassMapInterpolate8, 
╔Á╔ÁclassMapInterpolateV, ╔Á╔ÁclassProp, ╔Á╔ÁcomponentInstance, ╔Á╔Áconditional, ╔Á╔ÁcontentQuery, 
╔Á╔ÁcontentQuerySignal, ╔Á╔ÁdeclareLet, ╔Á╔Ádefer, ╔Á╔ÁdeferEnableTimerScheduling, ╔Á╔ÁdeferOnHover, ╔Á╔ÁdeferOnIdle, 
╔Á╔ÁdeferOnImmediate, ╔Á╔ÁdeferOnInteraction, ╔Á╔ÁdeferOnTimer, ╔Á╔ÁdeferOnViewport, ╔Á╔ÁdeferPrefetchOnHover, 
╔Á╔ÁdeferPrefetchOnIdle, ╔Á╔ÁdeferPrefetchOnImmediate, ╔Á╔ÁdeferPrefetchOnInteraction, ╔Á╔ÁdeferPrefetchOnTimer, 
╔Á╔ÁdeferPrefetchOnViewport, ╔Á╔ÁdeferPrefetchWhen, ╔Á╔ÁdeferWhen, ╔Á╔ÁdefineComponent, ╔Á╔ÁdefineDirective, 
╔Á╔ÁdefineInjectable, ╔Á╔ÁdefineInjector, ╔Á╔ÁdefineNgModule, ╔Á╔ÁdefinePipe, ╔Á╔ÁdirectiveInject, 
╔Á╔ÁdisableBindings, ╔Á╔Áelement, ╔Á╔ÁelementContainer, ╔Á╔ÁelementContainerEnd, ╔Á╔ÁelementContainerStart, 
╔Á╔ÁelementEnd, ╔Á╔ÁelementStart, ╔Á╔ÁenableBindings, ╔Á╔ÁgetComponentDepsFactory, ╔Á╔ÁgetCurrentView, 
╔Á╔ÁgetInheritedFactory, ╔Á╔ÁhostProperty, ╔Á╔Ái18n, ╔Á╔Ái18nApply, ╔Á╔Ái18nAttributes, ╔Á╔Ái18nEnd, ╔Á╔Ái18nExp, 
╔Á╔Ái18nPostprocess, ╔Á╔Ái18nStart, ╔Á╔Áinject, ╔Á╔ÁinjectAttribute, ╔Á╔ÁinvalidFactory, ╔Á╔ÁinvalidFactoryDep, 
╔Á╔Álistener, ╔Á╔ÁloadQuery, ╔Á╔ÁnamespaceHTML, ╔Á╔ÁnamespaceMathML, ╔Á╔ÁnamespaceSVG, ╔Á╔ÁnextContext, 
╔Á╔ÁngDeclareClassMetadata, ╔Á╔ÁngDeclareClassMetadataAsync, ╔Á╔ÁngDeclareComponent, ╔Á╔ÁngDeclareDirective, 
╔Á╔ÁngDeclareFactory, ╔Á╔ÁngDeclareInjectable, ╔Á╔ÁngDeclareInjector, ╔Á╔ÁngDeclareNgModule, ╔Á╔ÁngDeclarePipe, 
╔Á╔Ápipe, ╔Á╔ÁpipeBind1, ╔Á╔ÁpipeBind2, ╔Á╔ÁpipeBind3, ╔Á╔ÁpipeBind4, ╔Á╔ÁpipeBindV, ╔Á╔Áprojection, 
╔Á╔ÁprojectionDef, ╔Á╔Áproperty, ╔Á╔ÁpropertyInterpolate, ╔Á╔ÁpropertyInterpolate1, ╔Á╔ÁpropertyInterpolate2, 
╔Á╔ÁpropertyInterpolate3, ╔Á╔ÁpropertyInterpolate4, ╔Á╔ÁpropertyInterpolate5, ╔Á╔ÁpropertyInterpolate6, 
╔Á╔ÁpropertyInterpolate7, ╔Á╔ÁpropertyInterpolate8, ╔Á╔ÁpropertyInterpolateV, ╔Á╔ÁpureFunction0, ╔Á╔ÁpureFunction1, 
╔Á╔ÁpureFunction2, ╔Á╔ÁpureFunction3, ╔Á╔ÁpureFunction4, ╔Á╔ÁpureFunction5, ╔Á╔ÁpureFunction6, ╔Á╔ÁpureFunction7, 
╔Á╔ÁpureFunction8, ╔Á╔ÁpureFunctionV, ╔Á╔ÁqueryAdvance, ╔Á╔ÁqueryRefresh, ╔Á╔ÁreadContextLet, ╔Á╔Áreference, 
╔Á╔ÁregisterNgModuleType, ╔Á╔Árepeater, ╔Á╔ÁrepeaterCreate, ╔Á╔ÁrepeaterTrackByIdentity, ╔Á╔ÁrepeaterTrackByIndex, 
╔Á╔ÁresetView, ╔Á╔ÁresolveBody, ╔Á╔ÁresolveDocument, ╔Á╔ÁresolveWindow, ╔Á╔ÁrestoreView, ╔Á╔ÁsanitizeHtml, 
╔Á╔ÁsanitizeResourceUrl, ╔Á╔ÁsanitizeScript, ╔Á╔ÁsanitizeStyle, ╔Á╔ÁsanitizeUrl, ╔Á╔ÁsanitizeUrlOrResourceUrl, 
╔Á╔ÁsetComponentScope, ╔Á╔ÁsetNgModuleScope, ╔Á╔ÁstoreLet, ╔Á╔ÁstyleMap, ╔Á╔ÁstyleMapInterpolate1, 
╔Á╔ÁstyleMapInterpolate2, ╔Á╔ÁstyleMapInterpolate3, ╔Á╔ÁstyleMapInterpolate4, ╔Á╔ÁstyleMapInterpolate5, 
╔Á╔ÁstyleMapInterpolate6, ╔Á╔ÁstyleMapInterpolate7, ╔Á╔ÁstyleMapInterpolate8, ╔Á╔ÁstyleMapInterpolateV, ╔Á╔ÁstyleProp, 
╔Á╔ÁstylePropInterpolate1, ╔Á╔ÁstylePropInterpolate2, ╔Á╔ÁstylePropInterpolate3, ╔Á╔ÁstylePropInterpolate4, 
╔Á╔ÁstylePropInterpolate5, ╔Á╔ÁstylePropInterpolate6, ╔Á╔ÁstylePropInterpolate7, ╔Á╔ÁstylePropInterpolate8, 
╔Á╔ÁstylePropInterpolateV, ╔Á╔ÁsyntheticHostListener, ╔Á╔ÁsyntheticHostProperty, ╔Á╔Átemplate, 
╔Á╔ÁtemplateRefExtractor, ╔Á╔Átext, ╔Á╔ÁtextInterpolate, ╔Á╔ÁtextInterpolate1, ╔Á╔ÁtextInterpolate2, 
╔Á╔ÁtextInterpolate3, ╔Á╔ÁtextInterpolate4, ╔Á╔ÁtextInterpolate5, ╔Á╔ÁtextInterpolate6, ╔Á╔ÁtextInterpolate7, 
╔Á╔ÁtextInterpolate8, ╔Á╔ÁtextInterpolateV, ╔Á╔ÁtrustConstantHtml, ╔Á╔ÁtrustConstantResourceUrl, ╔Á╔ÁtwoWayBindingSet, 
╔Á╔ÁtwoWayListener, ╔Á╔ÁtwoWayProperty, ╔Á╔ÁvalidateIframeAttribute, ╔Á╔ÁviewQuery, ╔Á╔ÁviewQuerySignal)

../node_modules/@angular/material/fesm2022/select.mjs:1122:39-81 - Error: export '╔Á╔ÁInputFlags' (imported as 'i0') 
was not found in '@angular/core' (possible exports: ANIMATION_MODULE_TYPE, APP_BOOTSTRAP_LISTENER, APP_ID, 
APP_INITIALIZER, AfterRenderPhase, ApplicationInitStatus, ApplicationModule, ApplicationRef, Attribute, 
COMPILER_OPTIONS, CSP_NONCE, CUSTOM_ELEMENTS_SCHEMA, ChangeDetectionStrategy, ChangeDetectorRef, Compiler, 
CompilerFactory, Component, ComponentFactory, ComponentFactoryResolver, ComponentRef, ContentChild, ContentChildren, 
DEFAULT_CURRENCY_CODE, DebugElement, DebugEventListener, DebugNode, DefaultIterableDiffer, DestroyRef, Directive, 
ENVIRONMENT_INITIALIZER, ElementRef, EmbeddedViewRef, EnvironmentInjector, ErrorHandler, EventEmitter, 
ExperimentalPendingTasks, HOST_TAG_NAME, Host, HostAttributeToken, HostBinding, HostListener, INJECTOR, Inject, 
InjectFlags, Injectable, InjectionToken, Injector, Input, IterableDiffers, KeyValueDiffers, LOCALE_ID, 
MissingTranslationStrategy, ModuleWithComponentFactories, NO_ERRORS_SCHEMA, NgModule, NgModuleFactory, NgModuleRef, 
NgProbeToken, NgZone, Optional, Output, OutputEmitterRef, PACKAGE_ROOT_URL, PLATFORM_ID, PLATFORM_INITIALIZER, Pipe, 
PlatformRef, Query, QueryList, Renderer2, RendererFactory2, RendererStyleFlags2, Sanitizer, SecurityContext, Self, 
SimpleChange, SkipSelf, TRANSLATIONS, TRANSLATIONS_FORMAT, TemplateRef, Testability, TestabilityRegistry, 
TransferState, Type, VERSION, Version, ViewChild, ViewChildren, ViewContainerRef, ViewEncapsulation, ViewRef, 
afterNextRender, afterRender, asNativeElements, assertInInjectionContext, assertNotInReactiveContext, assertPlatform, 
booleanAttribute, computed, contentChild, contentChildren, createComponent, createEnvironmentInjector, createNgModule, 
createNgModuleRef, createPlatform, createPlatformFactory, defineInjectable, destroyPlatform, effect, enableProdMode, 
forwardRef, getDebugNode, getModuleFactory, getNgModuleById, getPlatform, importProvidersFrom, inject, input, 
isDevMode, isSignal, isStandalone, makeEnvironmentProviders, makeStateKey, mergeApplicationConfig, model, 
numberAttribute, output, platformCore, provideExperimentalCheckNoChangesForDebug, 
provideExperimentalZonelessChangeDetection, provideZoneChangeDetection, reflectComponentType, resolveForwardRef, 
runInInjectionContext, setTestabilityGetter, signal, untracked, viewChild, viewChildren, ╔ÁALLOW_MULTIPLE_PLATFORMS, 
╔ÁAfterRenderManager, ╔ÁCONTAINER_HEADER_OFFSET, ╔ÁChangeDetectionScheduler, ╔ÁChangeDetectionSchedulerImpl, 
╔ÁComponentFactory, ╔ÁConsole, ╔ÁDEFAULT_LOCALE_ID, ╔ÁDEFER_BLOCK_CONFIG, ╔ÁDEFER_BLOCK_DEPENDENCY_INTERCEPTOR, 
╔ÁDeferBlockBehavior, ╔ÁDeferBlockState, ╔ÁEffectScheduler, ╔ÁIMAGE_CONFIG, ╔ÁIMAGE_CONFIG_DEFAULTS, ╔ÁINJECTOR_SCOPE, 
╔ÁINPUT_SIGNAL_BRAND_WRITE_TYPE, ╔ÁINTERNAL_APPLICATION_ERROR_HANDLER, ╔ÁIS_HYDRATION_DOM_REUSE_ENABLED, 
╔ÁJSACTION_EVENT_CONTRACT, ╔ÁLContext, ╔ÁLifecycleHooksFeature, ╔ÁLocaleDataIndex, ╔ÁNG_COMP_DEF, ╔ÁNG_DIR_DEF, 
╔ÁNG_ELEMENT_ID, ╔ÁNG_INJ_DEF, ╔ÁNG_MOD_DEF, ╔ÁNG_PIPE_DEF, ╔ÁNG_PROV_DEF, ╔ÁNOT_FOUND_CHECK_ONLY_ELEMENT_INJECTOR, 
╔ÁNO_CHANGE, ╔ÁNgModuleFactory, ╔ÁNoopNgZone, ╔ÁPROVIDED_NG_ZONE, ╔ÁPendingTasks, ╔ÁReflectionCapabilities, 
╔ÁRender3ComponentFactory, ╔ÁRender3ComponentRef, ╔ÁRender3NgModuleRef, ╔ÁRuntimeError, ╔ÁSIGNAL, 
╔ÁSSR_CONTENT_INTEGRITY_MARKER, ╔ÁTESTABILITY, ╔ÁTESTABILITY_GETTER, ╔ÁUSE_RUNTIME_DEPS_TRACKER_FOR_JIT, ╔ÁViewRef, 
╔ÁXSS_SECURITY_URL, ╔ÁZONELESS_ENABLED, ╔Á_sanitizeHtml, ╔Á_sanitizeUrl, ╔ÁallowSanitizationBypassAndThrow, 
╔ÁannotateForHydration, ╔ÁbypassSanitizationTrustHtml, ╔ÁbypassSanitizationTrustResourceUrl, 
╔ÁbypassSanitizationTrustScript, ╔ÁbypassSanitizationTrustStyle, ╔ÁbypassSanitizationTrustUrl, 
╔ÁclearResolutionOfComponentResourcesQueue, ╔ÁcompileComponent, ╔ÁcompileDirective, ╔ÁcompileNgModule, 
╔ÁcompileNgModuleDefs, ╔ÁcompileNgModuleFactory, ╔ÁcompilePipe, ╔ÁconvertToBitFlags, ╔ÁcreateInjector, 
╔ÁdefaultIterableDiffers, ╔ÁdefaultKeyValueDiffers, ╔ÁdepsTracker, ╔ÁdetectChangesInViewIfRequired, ╔ÁdevModeEqual, 
╔ÁfindLocaleData, ╔ÁflushModuleScopingQueueAsMuchAsPossible, ╔ÁformatRuntimeError, 
╔ÁgenerateStandaloneInDeclarationsError, ╔ÁgetAsyncClassMetadataFn, ╔ÁgetDebugNode, ╔ÁgetDeferBlocks, ╔ÁgetDirectives, 
╔ÁgetHostElement, ╔ÁgetInjectableDef, ╔ÁgetLContext, ╔ÁgetLocaleCurrencyCode, ╔ÁgetLocalePluralCase, 
╔ÁgetOutputDestroyRef, ╔ÁgetSanitizationBypassType, ╔ÁgetUnknownElementStrictMode, ╔ÁgetUnknownPropertyStrictMode, 
╔Áglobal, ╔ÁinjectChangeDetectorRef, ╔ÁinternalCreateApplication, ╔ÁinternalProvideZoneChangeDetection, 
╔ÁisBoundToModule, ╔ÁisComponentDefPendingResolution, ╔ÁisEnvironmentProviders, ╔ÁisInjectable, ╔ÁisNgModule, 
╔ÁisPromise, ╔ÁisSubscribable, ╔ÁnoSideEffects, ╔ÁpatchComponentDefWithScope, ╔ÁperformanceMarkFeature, 
╔ÁreadHydrationInfo, ╔ÁregisterLocaleData, ╔ÁrenderDeferBlockState, ╔ÁresetCompiledComponents, ╔ÁresetJitOptions, 
╔ÁresolveComponentResources, ╔ÁrestoreComponentResolutionQueue, ╔ÁsetAllowDuplicateNgModuleIdsForTest, 
╔ÁsetAlternateWeakRefImpl, ╔ÁsetClassDebugInfo, ╔ÁsetClassMetadata, ╔ÁsetClassMetadataAsync, ╔ÁsetCurrentInjector, 
╔ÁsetDocument, ╔ÁsetInjectorProfilerContext, ╔ÁsetLocaleId, ╔ÁsetUnknownElementStrictMode, 
╔ÁsetUnknownPropertyStrictMode, ╔Ástore, ╔Ástringify, ╔ÁtransitiveScopesFor, ╔ÁtriggerResourceLoading, 
╔ÁtruncateMiddle, ╔ÁunregisterLocaleData, ╔ÁunwrapSafeValue, ╔ÁunwrapWritableSignal, ╔ÁwhenStable, ╔ÁwithDomHydration, 
╔ÁwithEventReplay, ╔ÁwithI18nSupport, ╔Á╔ÁCopyDefinitionFeature, ╔Á╔ÁFactoryTarget, ╔Á╔ÁHostDirectivesFeature, 
╔Á╔ÁInheritDefinitionFeature, ╔Á╔ÁInputTransformsFeature, ╔Á╔ÁNgOnChangesFeature, ╔Á╔ÁProvidersFeature, 
╔Á╔ÁStandaloneFeature, ╔Á╔Áadvance, ╔Á╔Áattribute, ╔Á╔ÁattributeInterpolate1, ╔Á╔ÁattributeInterpolate2, 
╔Á╔ÁattributeInterpolate3, ╔Á╔ÁattributeInterpolate4, ╔Á╔ÁattributeInterpolate5, ╔Á╔ÁattributeInterpolate6, 
╔Á╔ÁattributeInterpolate7, ╔Á╔ÁattributeInterpolate8, ╔Á╔ÁattributeInterpolateV, ╔Á╔ÁclassMap, 
╔Á╔ÁclassMapInterpolate1, ╔Á╔ÁclassMapInterpolate2, ╔Á╔ÁclassMapInterpolate3, ╔Á╔ÁclassMapInterpolate4, 
╔Á╔ÁclassMapInterpolate5, ╔Á╔ÁclassMapInterpolate6, ╔Á╔ÁclassMapInterpolate7, ╔Á╔ÁclassMapInterpolate8, 
╔Á╔ÁclassMapInterpolateV, ╔Á╔ÁclassProp, ╔Á╔ÁcomponentInstance, ╔Á╔Áconditional, ╔Á╔ÁcontentQuery, 
╔Á╔ÁcontentQuerySignal, ╔Á╔ÁdeclareLet, ╔Á╔Ádefer, ╔Á╔ÁdeferEnableTimerScheduling, ╔Á╔ÁdeferOnHover, ╔Á╔ÁdeferOnIdle, 
╔Á╔ÁdeferOnImmediate, ╔Á╔ÁdeferOnInteraction, ╔Á╔ÁdeferOnTimer, ╔Á╔ÁdeferOnViewport, ╔Á╔ÁdeferPrefetchOnHover, 
╔Á╔ÁdeferPrefetchOnIdle, ╔Á╔ÁdeferPrefetchOnImmediate, ╔Á╔ÁdeferPrefetchOnInteraction, ╔Á╔ÁdeferPrefetchOnTimer, 
╔Á╔ÁdeferPrefetchOnViewport, ╔Á╔ÁdeferPrefetchWhen, ╔Á╔ÁdeferWhen, ╔Á╔ÁdefineComponent, ╔Á╔ÁdefineDirective, 
╔Á╔ÁdefineInjectable, ╔Á╔ÁdefineInjector, ╔Á╔ÁdefineNgModule, ╔Á╔ÁdefinePipe, ╔Á╔ÁdirectiveInject, 
╔Á╔ÁdisableBindings, ╔Á╔Áelement, ╔Á╔ÁelementContainer, ╔Á╔ÁelementContainerEnd, ╔Á╔ÁelementContainerStart, 
╔Á╔ÁelementEnd, ╔Á╔ÁelementStart, ╔Á╔ÁenableBindings, ╔Á╔ÁgetComponentDepsFactory, ╔Á╔ÁgetCurrentView, 
╔Á╔ÁgetInheritedFactory, ╔Á╔ÁhostProperty, ╔Á╔Ái18n, ╔Á╔Ái18nApply, ╔Á╔Ái18nAttributes, ╔Á╔Ái18nEnd, ╔Á╔Ái18nExp, 
╔Á╔Ái18nPostprocess, ╔Á╔Ái18nStart, ╔Á╔Áinject, ╔Á╔ÁinjectAttribute, ╔Á╔ÁinvalidFactory, ╔Á╔ÁinvalidFactoryDep, 
╔Á╔Álistener, ╔Á╔ÁloadQuery, ╔Á╔ÁnamespaceHTML, ╔Á╔ÁnamespaceMathML, ╔Á╔ÁnamespaceSVG, ╔Á╔ÁnextContext, 
╔Á╔ÁngDeclareClassMetadata, ╔Á╔ÁngDeclareClassMetadataAsync, ╔Á╔ÁngDeclareComponent, ╔Á╔ÁngDeclareDirective, 
╔Á╔ÁngDeclareFactory, ╔Á╔ÁngDeclareInjectable, ╔Á╔ÁngDeclareInjector, ╔Á╔ÁngDeclareNgModule, ╔Á╔ÁngDeclarePipe, 
╔Á╔Ápipe, ╔Á╔ÁpipeBind1, ╔Á╔ÁpipeBind2, ╔Á╔ÁpipeBind3, ╔Á╔ÁpipeBind4, ╔Á╔ÁpipeBindV, ╔Á╔Áprojection, 
╔Á╔ÁprojectionDef, ╔Á╔Áproperty, ╔Á╔ÁpropertyInterpolate, ╔Á╔ÁpropertyInterpolate1, ╔Á╔ÁpropertyInterpolate2, 
╔Á╔ÁpropertyInterpolate3, ╔Á╔ÁpropertyInterpolate4, ╔Á╔ÁpropertyInterpolate5, ╔Á╔ÁpropertyInterpolate6, 
╔Á╔ÁpropertyInterpolate7, ╔Á╔ÁpropertyInterpolate8, ╔Á╔ÁpropertyInterpolateV, ╔Á╔ÁpureFunction0, ╔Á╔ÁpureFunction1, 
╔Á╔ÁpureFunction2, ╔Á╔ÁpureFunction3, ╔Á╔ÁpureFunction4, ╔Á╔ÁpureFunction5, ╔Á╔ÁpureFunction6, ╔Á╔ÁpureFunction7, 
╔Á╔ÁpureFunction8, ╔Á╔ÁpureFunctionV, ╔Á╔ÁqueryAdvance, ╔Á╔ÁqueryRefresh, ╔Á╔ÁreadContextLet, ╔Á╔Áreference, 
╔Á╔ÁregisterNgModuleType, ╔Á╔Árepeater, ╔Á╔ÁrepeaterCreate, ╔Á╔ÁrepeaterTrackByIdentity, ╔Á╔ÁrepeaterTrackByIndex, 
╔Á╔ÁresetView, ╔Á╔ÁresolveBody, ╔Á╔ÁresolveDocument, ╔Á╔ÁresolveWindow, ╔Á╔ÁrestoreView, ╔Á╔ÁsanitizeHtml, 
╔Á╔ÁsanitizeResourceUrl, ╔Á╔ÁsanitizeScript, ╔Á╔ÁsanitizeStyle, ╔Á╔ÁsanitizeUrl, ╔Á╔ÁsanitizeUrlOrResourceUrl, 
╔Á╔ÁsetComponentScope, ╔Á╔ÁsetNgModuleScope, ╔Á╔ÁstoreLet, ╔Á╔ÁstyleMap, ╔Á╔ÁstyleMapInterpolate1, 
╔Á╔ÁstyleMapInterpolate2, ╔Á╔ÁstyleMapInterpolate3, ╔Á╔ÁstyleMapInterpolate4, ╔Á╔ÁstyleMapInterpolate5, 
╔Á╔ÁstyleMapInterpolate6, ╔Á╔ÁstyleMapInterpolate7, ╔Á╔ÁstyleMapInterpolate8, ╔Á╔ÁstyleMapInterpolateV, ╔Á╔ÁstyleProp, 
╔Á╔ÁstylePropInterpolate1, ╔Á╔ÁstylePropInterpolate2, ╔Á╔ÁstylePropInterpolate3, ╔Á╔ÁstylePropInterpolate4, 
╔Á╔ÁstylePropInterpolate5, ╔Á╔ÁstylePropInterpolate6, ╔Á╔ÁstylePropInterpolate7, ╔Á╔ÁstylePropInterpolate8, 
╔Á╔ÁstylePropInterpolateV, ╔Á╔ÁsyntheticHostListener, ╔Á╔ÁsyntheticHostProperty, ╔Á╔Átemplate, 
╔Á╔ÁtemplateRefExtractor, ╔Á╔Átext, ╔Á╔ÁtextInterpolate, ╔Á╔ÁtextInterpolate1, ╔Á╔ÁtextInterpolate2, 
╔Á╔ÁtextInterpolate3, ╔Á╔ÁtextInterpolate4, ╔Á╔ÁtextInterpolate5, ╔Á╔ÁtextInterpolate6, ╔Á╔ÁtextInterpolate7, 
╔Á╔ÁtextInterpolate8, ╔Á╔ÁtextInterpolateV, ╔Á╔ÁtrustConstantHtml, ╔Á╔ÁtrustConstantResourceUrl, ╔Á╔ÁtwoWayBindingSet, 
╔Á╔ÁtwoWayListener, ╔Á╔ÁtwoWayProperty, ╔Á╔ÁvalidateIframeAttribute, ╔Á╔ÁviewQuery, ╔Á╔ÁviewQuerySignal)

../node_modules/@angular/material/fesm2022/select.mjs:1124:19-61 - Error: export '╔Á╔ÁInputFlags' (imported as 'i0') 
was not found in '@angular/core' (possible exports: ANIMATION_MODULE_TYPE, APP_BOOTSTRAP_LISTENER, APP_ID, 
APP_INITIALIZER, AfterRenderPhase, ApplicationInitStatus, ApplicationModule, ApplicationRef, Attribute, 
COMPILER_OPTIONS, CSP_NONCE, CUSTOM_ELEMENTS_SCHEMA, ChangeDetectionStrategy, ChangeDetectorRef, Compiler, 
CompilerFactory, Component, ComponentFactory, ComponentFactoryResolver, ComponentRef, ContentChild, ContentChildren, 
DEFAULT_CURRENCY_CODE, DebugElement, DebugEventListener, DebugNode, DefaultIterableDiffer, DestroyRef, Directive, 
ENVIRONMENT_INITIALIZER, ElementRef, EmbeddedViewRef, EnvironmentInjector, ErrorHandler, EventEmitter, 
ExperimentalPendingTasks, HOST_TAG_NAME, Host, HostAttributeToken, HostBinding, HostListener, INJECTOR, Inject, 
InjectFlags, Injectable, InjectionToken, Injector, Input, IterableDiffers, KeyValueDiffers, LOCALE_ID, 
MissingTranslationStrategy, ModuleWithComponentFactories, NO_ERRORS_SCHEMA, NgModule, NgModuleFactory, NgModuleRef, 
NgProbeToken, NgZone, Optional, Output, OutputEmitterRef, PACKAGE_ROOT_URL, PLATFORM_ID, PLATFORM_INITIALIZER, Pipe, 
PlatformRef, Query, QueryList, Renderer2, RendererFactory2, RendererStyleFlags2, Sanitizer, SecurityContext, Self, 
SimpleChange, SkipSelf, TRANSLATIONS, TRANSLATIONS_FORMAT, TemplateRef, Testability, TestabilityRegistry, 
TransferState, Type, VERSION, Version, ViewChild, ViewChildren, ViewContainerRef, ViewEncapsulation, ViewRef, 
afterNextRender, afterRender, asNativeElements, assertInInjectionContext, assertNotInReactiveContext, assertPlatform, 
booleanAttribute, computed, contentChild, contentChildren, createComponent, createEnvironmentInjector, createNgModule, 
createNgModuleRef, createPlatform, createPlatformFactory, defineInjectable, destroyPlatform, effect, enableProdMode, 
forwardRef, getDebugNode, getModuleFactory, getNgModuleById, getPlatform, importProvidersFrom, inject, input, 
isDevMode, isSignal, isStandalone, makeEnvironmentProviders, makeStateKey, mergeApplicationConfig, model, 
numberAttribute, output, platformCore, provideExperimentalCheckNoChangesForDebug, 
provideExperimentalZonelessChangeDetection, provideZoneChangeDetection, reflectComponentType, resolveForwardRef, 
runInInjectionContext, setTestabilityGetter, signal, untracked, viewChild, viewChildren, ╔ÁALLOW_MULTIPLE_PLATFORMS, 
╔ÁAfterRenderManager, ╔ÁCONTAINER_HEADER_OFFSET, ╔ÁChangeDetectionScheduler, ╔ÁChangeDetectionSchedulerImpl, 
╔ÁComponentFactory, ╔ÁConsole, ╔ÁDEFAULT_LOCALE_ID, ╔ÁDEFER_BLOCK_CONFIG, ╔ÁDEFER_BLOCK_DEPENDENCY_INTERCEPTOR, 
╔ÁDeferBlockBehavior, ╔ÁDeferBlockState, ╔ÁEffectScheduler, ╔ÁIMAGE_CONFIG, ╔ÁIMAGE_CONFIG_DEFAULTS, ╔ÁINJECTOR_SCOPE, 
╔ÁINPUT_SIGNAL_BRAND_WRITE_TYPE, ╔ÁINTERNAL_APPLICATION_ERROR_HANDLER, ╔ÁIS_HYDRATION_DOM_REUSE_ENABLED, 
╔ÁJSACTION_EVENT_CONTRACT, ╔ÁLContext, ╔ÁLifecycleHooksFeature, ╔ÁLocaleDataIndex, ╔ÁNG_COMP_DEF, ╔ÁNG_DIR_DEF, 
╔ÁNG_ELEMENT_ID, ╔ÁNG_INJ_DEF, ╔ÁNG_MOD_DEF, ╔ÁNG_PIPE_DEF, ╔ÁNG_PROV_DEF, ╔ÁNOT_FOUND_CHECK_ONLY_ELEMENT_INJECTOR, 
╔ÁNO_CHANGE, ╔ÁNgModuleFactory, ╔ÁNoopNgZone, ╔ÁPROVIDED_NG_ZONE, ╔ÁPendingTasks, ╔ÁReflectionCapabilities, 
╔ÁRender3ComponentFactory, ╔ÁRender3ComponentRef, ╔ÁRender3NgModuleRef, ╔ÁRuntimeError, ╔ÁSIGNAL, 
╔ÁSSR_CONTENT_INTEGRITY_MARKER, ╔ÁTESTABILITY, ╔ÁTESTABILITY_GETTER, ╔ÁUSE_RUNTIME_DEPS_TRACKER_FOR_JIT, ╔ÁViewRef, 
╔ÁXSS_SECURITY_URL, ╔ÁZONELESS_ENABLED, ╔Á_sanitizeHtml, ╔Á_sanitizeUrl, ╔ÁallowSanitizationBypassAndThrow, 
╔ÁannotateForHydration, ╔ÁbypassSanitizationTrustHtml, ╔ÁbypassSanitizationTrustResourceUrl, 
╔ÁbypassSanitizationTrustScript, ╔ÁbypassSanitizationTrustStyle, ╔ÁbypassSanitizationTrustUrl, 
╔ÁclearResolutionOfComponentResourcesQueue, ╔ÁcompileComponent, ╔ÁcompileDirective, ╔ÁcompileNgModule, 
╔ÁcompileNgModuleDefs, ╔ÁcompileNgModuleFactory, ╔ÁcompilePipe, ╔ÁconvertToBitFlags, ╔ÁcreateInjector, 
╔ÁdefaultIterableDiffers, ╔ÁdefaultKeyValueDiffers, ╔ÁdepsTracker, ╔ÁdetectChangesInViewIfRequired, ╔ÁdevModeEqual, 
╔ÁfindLocaleData, ╔ÁflushModuleScopingQueueAsMuchAsPossible, ╔ÁformatRuntimeError, 
╔ÁgenerateStandaloneInDeclarationsError, ╔ÁgetAsyncClassMetadataFn, ╔ÁgetDebugNode, ╔ÁgetDeferBlocks, ╔ÁgetDirectives, 
╔ÁgetHostElement, ╔ÁgetInjectableDef, ╔ÁgetLContext, ╔ÁgetLocaleCurrencyCode, ╔ÁgetLocalePluralCase, 
╔ÁgetOutputDestroyRef, ╔ÁgetSanitizationBypassType, ╔ÁgetUnknownElementStrictMode, ╔ÁgetUnknownPropertyStrictMode, 
╔Áglobal, ╔ÁinjectChangeDetectorRef, ╔ÁinternalCreateApplication, ╔ÁinternalProvideZoneChangeDetection, 
╔ÁisBoundToModule, ╔ÁisComponentDefPendingResolution, ╔ÁisEnvironmentProviders, ╔ÁisInjectable, ╔ÁisNgModule, 
╔ÁisPromise, ╔ÁisSubscribable, ╔ÁnoSideEffects, ╔ÁpatchComponentDefWithScope, ╔ÁperformanceMarkFeature, 
╔ÁreadHydrationInfo, ╔ÁregisterLocaleData, ╔ÁrenderDeferBlockState, ╔ÁresetCompiledComponents, ╔ÁresetJitOptions, 
╔ÁresolveComponentResources, ╔ÁrestoreComponentResolutionQueue, ╔ÁsetAllowDuplicateNgModuleIdsForTest, 
╔ÁsetAlternateWeakRefImpl, ╔ÁsetClassDebugInfo, ╔ÁsetClassMetadata, ╔ÁsetClassMetadataAsync, ╔ÁsetCurrentInjector, 
╔ÁsetDocument, ╔ÁsetInjectorProfilerContext, ╔ÁsetLocaleId, ╔ÁsetUnknownElementStrictMode, 
╔ÁsetUnknownPropertyStrictMode, ╔Ástore, ╔Ástringify, ╔ÁtransitiveScopesFor, ╔ÁtriggerResourceLoading, 
╔ÁtruncateMiddle, ╔ÁunregisterLocaleData, ╔ÁunwrapSafeValue, ╔ÁunwrapWritableSignal, ╔ÁwhenStable, ╔ÁwithDomHydration, 
╔ÁwithEventReplay, ╔ÁwithI18nSupport, ╔Á╔ÁCopyDefinitionFeature, ╔Á╔ÁFactoryTarget, ╔Á╔ÁHostDirectivesFeature, 
╔Á╔ÁInheritDefinitionFeature, ╔Á╔ÁInputTransformsFeature, ╔Á╔ÁNgOnChangesFeature, ╔Á╔ÁProvidersFeature, 
╔Á╔ÁStandaloneFeature, ╔Á╔Áadvance, ╔Á╔Áattribute, ╔Á╔ÁattributeInterpolate1, ╔Á╔ÁattributeInterpolate2, 
╔Á╔ÁattributeInterpolate3, ╔Á╔ÁattributeInterpolate4, ╔Á╔ÁattributeInterpolate5, ╔Á╔ÁattributeInterpolate6, 
╔Á╔ÁattributeInterpolate7, ╔Á╔ÁattributeInterpolate8, ╔Á╔ÁattributeInterpolateV, ╔Á╔ÁclassMap, 
╔Á╔ÁclassMapInterpolate1, ╔Á╔ÁclassMapInterpolate2, ╔Á╔ÁclassMapInterpolate3, ╔Á╔ÁclassMapInterpolate4, 
╔Á╔ÁclassMapInterpolate5, ╔Á╔ÁclassMapInterpolate6, ╔Á╔ÁclassMapInterpolate7, ╔Á╔ÁclassMapInterpolate8, 
╔Á╔ÁclassMapInterpolateV, ╔Á╔ÁclassProp, ╔Á╔ÁcomponentInstance, ╔Á╔Áconditional, ╔Á╔ÁcontentQuery, 
╔Á╔ÁcontentQuerySignal, ╔Á╔ÁdeclareLet, ╔Á╔Ádefer, ╔Á╔ÁdeferEnableTimerScheduling, ╔Á╔ÁdeferOnHover, ╔Á╔ÁdeferOnIdle, 
╔Á╔ÁdeferOnImmediate, ╔Á╔ÁdeferOnInteraction, ╔Á╔ÁdeferOnTimer, ╔Á╔ÁdeferOnViewport, ╔Á╔ÁdeferPrefetchOnHover, 
╔Á╔ÁdeferPrefetchOnIdle, ╔Á╔ÁdeferPrefetchOnImmediate, ╔Á╔ÁdeferPrefetchOnInteraction, ╔Á╔ÁdeferPrefetchOnTimer, 
╔Á╔ÁdeferPrefetchOnViewport, ╔Á╔ÁdeferPrefetchWhen, ╔Á╔ÁdeferWhen, ╔Á╔ÁdefineComponent, ╔Á╔ÁdefineDirective, 
╔Á╔ÁdefineInjectable, ╔Á╔ÁdefineInjector, ╔Á╔ÁdefineNgModule, ╔Á╔ÁdefinePipe, ╔Á╔ÁdirectiveInject, 
╔Á╔ÁdisableBindings, ╔Á╔Áelement, ╔Á╔ÁelementContainer, ╔Á╔ÁelementContainerEnd, ╔Á╔ÁelementContainerStart, 
╔Á╔ÁelementEnd, ╔Á╔ÁelementStart, ╔Á╔ÁenableBindings, ╔Á╔ÁgetComponentDepsFactory, ╔Á╔ÁgetCurrentView, 
╔Á╔ÁgetInheritedFactory, ╔Á╔ÁhostProperty, ╔Á╔Ái18n, ╔Á╔Ái18nApply, ╔Á╔Ái18nAttributes, ╔Á╔Ái18nEnd, ╔Á╔Ái18nExp, 
╔Á╔Ái18nPostprocess, ╔Á╔Ái18nStart, ╔Á╔Áinject, ╔Á╔ÁinjectAttribute, ╔Á╔ÁinvalidFactory, ╔Á╔ÁinvalidFactoryDep, 
╔Á╔Álistener, ╔Á╔ÁloadQuery, ╔Á╔ÁnamespaceHTML, ╔Á╔ÁnamespaceMathML, ╔Á╔ÁnamespaceSVG, ╔Á╔ÁnextContext, 
╔Á╔ÁngDeclareClassMetadata, ╔Á╔ÁngDeclareClassMetadataAsync, ╔Á╔ÁngDeclareComponent, ╔Á╔ÁngDeclareDirective, 
╔Á╔ÁngDeclareFactory, ╔Á╔ÁngDeclareInjectable, ╔Á╔ÁngDeclareInjector, ╔Á╔ÁngDeclareNgModule, ╔Á╔ÁngDeclarePipe, 
╔Á╔Ápipe, ╔Á╔ÁpipeBind1, ╔Á╔ÁpipeBind2, ╔Á╔ÁpipeBind3, ╔Á╔ÁpipeBind4, ╔Á╔ÁpipeBindV, ╔Á╔Áprojection, 
╔Á╔ÁprojectionDef, ╔Á╔Áproperty, ╔Á╔ÁpropertyInterpolate, ╔Á╔ÁpropertyInterpolate1, ╔Á╔ÁpropertyInterpolate2, 
╔Á╔ÁpropertyInterpolate3, ╔Á╔ÁpropertyInterpolate4, ╔Á╔ÁpropertyInterpolate5, ╔Á╔ÁpropertyInterpolate6, 
╔Á╔ÁpropertyInterpolate7, ╔Á╔ÁpropertyInterpolate8, ╔Á╔ÁpropertyInterpolateV, ╔Á╔ÁpureFunction0, ╔Á╔ÁpureFunction1, 
╔Á╔ÁpureFunction2, ╔Á╔ÁpureFunction3, ╔Á╔ÁpureFunction4, ╔Á╔ÁpureFunction5, ╔Á╔ÁpureFunction6, ╔Á╔ÁpureFunction7, 
╔Á╔ÁpureFunction8, ╔Á╔ÁpureFunctionV, ╔Á╔ÁqueryAdvance, ╔Á╔ÁqueryRefresh, ╔Á╔ÁreadContextLet, ╔Á╔Áreference, 
╔Á╔ÁregisterNgModuleType, ╔Á╔Árepeater, ╔Á╔ÁrepeaterCreate, ╔Á╔ÁrepeaterTrackByIdentity, ╔Á╔ÁrepeaterTrackByIndex, 
╔Á╔ÁresetView, ╔Á╔ÁresolveBody, ╔Á╔ÁresolveDocument, ╔Á╔ÁresolveWindow, ╔Á╔ÁrestoreView, ╔Á╔ÁsanitizeHtml, 
╔Á╔ÁsanitizeResourceUrl, ╔Á╔ÁsanitizeScript, ╔Á╔ÁsanitizeStyle, ╔Á╔ÁsanitizeUrl, ╔Á╔ÁsanitizeUrlOrResourceUrl, 
╔Á╔ÁsetComponentScope, ╔Á╔ÁsetNgModuleScope, ╔Á╔ÁstoreLet, ╔Á╔ÁstyleMap, ╔Á╔ÁstyleMapInterpolate1, 
╔Á╔ÁstyleMapInterpolate2, ╔Á╔ÁstyleMapInterpolate3, ╔Á╔ÁstyleMapInterpolate4, ╔Á╔ÁstyleMapInterpolate5, 
╔Á╔ÁstyleMapInterpolate6, ╔Á╔ÁstyleMapInterpolate7, ╔Á╔ÁstyleMapInterpolate8, ╔Á╔ÁstyleMapInterpolateV, ╔Á╔ÁstyleProp, 
╔Á╔ÁstylePropInterpolate1, ╔Á╔ÁstylePropInterpolate2, ╔Á╔ÁstylePropInterpolate3, ╔Á╔ÁstylePropInterpolate4, 
╔Á╔ÁstylePropInterpolate5, ╔Á╔ÁstylePropInterpolate6, ╔Á╔ÁstylePropInterpolate7, ╔Á╔ÁstylePropInterpolate8, 
╔Á╔ÁstylePropInterpolateV, ╔Á╔ÁsyntheticHostListener, ╔Á╔ÁsyntheticHostProperty, ╔Á╔Átemplate, 
╔Á╔ÁtemplateRefExtractor, ╔Á╔Átext, ╔Á╔ÁtextInterpolate, ╔Á╔ÁtextInterpolate1, ╔Á╔ÁtextInterpolate2, 
╔Á╔ÁtextInterpolate3, ╔Á╔ÁtextInterpolate4, ╔Á╔ÁtextInterpolate5, ╔Á╔ÁtextInterpolate6, ╔Á╔ÁtextInterpolate7, 
╔Á╔ÁtextInterpolate8, ╔Á╔ÁtextInterpolateV, ╔Á╔ÁtrustConstantHtml, ╔Á╔ÁtrustConstantResourceUrl, ╔Á╔ÁtwoWayBindingSet, 
╔Á╔ÁtwoWayListener, ╔Á╔ÁtwoWayProperty, ╔Á╔ÁvalidateIframeAttribute, ╔Á╔ÁviewQuery, ╔Á╔ÁviewQuerySignal)

../node_modules/@angular/material/fesm2022/select.mjs:1125:19-61 - Error: export '╔Á╔ÁInputFlags' (imported as 'i0') 
was not found in '@angular/core' (possible exports: ANIMATION_MODULE_TYPE, APP_BOOTSTRAP_LISTENER, APP_ID, 
APP_INITIALIZER, AfterRenderPhase, ApplicationInitStatus, ApplicationModule, ApplicationRef, Attribute, 
COMPILER_OPTIONS, CSP_NONCE, CUSTOM_ELEMENTS_SCHEMA, ChangeDetectionStrategy, ChangeDetectorRef, Compiler, 
CompilerFactory, Component, ComponentFactory, ComponentFactoryResolver, ComponentRef, ContentChild, ContentChildren, 
DEFAULT_CURRENCY_CODE, DebugElement, DebugEventListener, DebugNode, DefaultIterableDiffer, DestroyRef, Directive, 
ENVIRONMENT_INITIALIZER, ElementRef, EmbeddedViewRef, EnvironmentInjector, ErrorHandler, EventEmitter, 
ExperimentalPendingTasks, HOST_TAG_NAME, Host, HostAttributeToken, HostBinding, HostListener, INJECTOR, Inject, 
InjectFlags, Injectable, InjectionToken, Injector, Input, IterableDiffers, KeyValueDiffers, LOCALE_ID, 
MissingTranslationStrategy, ModuleWithComponentFactories, NO_ERRORS_SCHEMA, NgModule, NgModuleFactory, NgModuleRef, 
NgProbeToken, NgZone, Optional, Output, OutputEmitterRef, PACKAGE_ROOT_URL, PLATFORM_ID, PLATFORM_INITIALIZER, Pipe, 
PlatformRef, Query, QueryList, Renderer2, RendererFactory2, RendererStyleFlags2, Sanitizer, SecurityContext, Self, 
SimpleChange, SkipSelf, TRANSLATIONS, TRANSLATIONS_FORMAT, TemplateRef, Testability, TestabilityRegistry, 
TransferState, Type, VERSION, Version, ViewChild, ViewChildren, ViewContainerRef, ViewEncapsulation, ViewRef, 
afterNextRender, afterRender, asNativeElements, assertInInjectionContext, assertNotInReactiveContext, assertPlatform, 
booleanAttribute, computed, contentChild, contentChildren, createComponent, createEnvironmentInjector, createNgModule, 
createNgModuleRef, createPlatform, createPlatformFactory, defineInjectable, destroyPlatform, effect, enableProdMode, 
forwardRef, getDebugNode, getModuleFactory, getNgModuleById, getPlatform, importProvidersFrom, inject, input, 
isDevMode, isSignal, isStandalone, makeEnvironmentProviders, makeStateKey, mergeApplicationConfig, model, 
numberAttribute, output, platformCore, provideExperimentalCheckNoChangesForDebug, 
provideExperimentalZonelessChangeDetection, provideZoneChangeDetection, reflectComponentType, resolveForwardRef, 
runInInjectionContext, setTestabilityGetter, signal, untracked, viewChild, viewChildren, ╔ÁALLOW_MULTIPLE_PLATFORMS, 
╔ÁAfterRenderManager, ╔ÁCONTAINER_HEADER_OFFSET, ╔ÁChangeDetectionScheduler, ╔ÁChangeDetectionSchedulerImpl, 
╔ÁComponentFactory, ╔ÁConsole, ╔ÁDEFAULT_LOCALE_ID, ╔ÁDEFER_BLOCK_CONFIG, ╔ÁDEFER_BLOCK_DEPENDENCY_INTERCEPTOR, 
╔ÁDeferBlockBehavior, ╔ÁDeferBlockState, ╔ÁEffectScheduler, ╔ÁIMAGE_CONFIG, ╔ÁIMAGE_CONFIG_DEFAULTS, ╔ÁINJECTOR_SCOPE, 
╔ÁINPUT_SIGNAL_BRAND_WRITE_TYPE, ╔ÁINTERNAL_APPLICATION_ERROR_HANDLER, ╔ÁIS_HYDRATION_DOM_REUSE_ENABLED, 
╔ÁJSACTION_EVENT_CONTRACT, ╔ÁLContext, ╔ÁLifecycleHooksFeature, ╔ÁLocaleDataIndex, ╔ÁNG_COMP_DEF, ╔ÁNG_DIR_DEF, 
╔ÁNG_ELEMENT_ID, ╔ÁNG_INJ_DEF, ╔ÁNG_MOD_DEF, ╔ÁNG_PIPE_DEF, ╔ÁNG_PROV_DEF, ╔ÁNOT_FOUND_CHECK_ONLY_ELEMENT_INJECTOR, 
╔ÁNO_CHANGE, ╔ÁNgModuleFactory, ╔ÁNoopNgZone, ╔ÁPROVIDED_NG_ZONE, ╔ÁPendingTasks, ╔ÁReflectionCapabilities, 
╔ÁRender3ComponentFactory, ╔ÁRender3ComponentRef, ╔ÁRender3NgModuleRef, ╔ÁRuntimeError, ╔ÁSIGNAL, 
╔ÁSSR_CONTENT_INTEGRITY_MARKER, ╔ÁTESTABILITY, ╔ÁTESTABILITY_GETTER, ╔ÁUSE_RUNTIME_DEPS_TRACKER_FOR_JIT, ╔ÁViewRef, 
╔ÁXSS_SECURITY_URL, ╔ÁZONELESS_ENABLED, ╔Á_sanitizeHtml, ╔Á_sanitizeUrl, ╔ÁallowSanitizationBypassAndThrow, 
╔ÁannotateForHydration, ╔ÁbypassSanitizationTrustHtml, ╔ÁbypassSanitizationTrustResourceUrl, 
╔ÁbypassSanitizationTrustScript, ╔ÁbypassSanitizationTrustStyle, ╔ÁbypassSanitizationTrustUrl, 
╔ÁclearResolutionOfComponentResourcesQueue, ╔ÁcompileComponent, ╔ÁcompileDirective, ╔ÁcompileNgModule, 
╔ÁcompileNgModuleDefs, ╔ÁcompileNgModuleFactory, ╔ÁcompilePipe, ╔ÁconvertToBitFlags, ╔ÁcreateInjector, 
╔ÁdefaultIterableDiffers, ╔ÁdefaultKeyValueDiffers, ╔ÁdepsTracker, ╔ÁdetectChangesInViewIfRequired, ╔ÁdevModeEqual, 
╔ÁfindLocaleData, ╔ÁflushModuleScopingQueueAsMuchAsPossible, ╔ÁformatRuntimeError, 
╔ÁgenerateStandaloneInDeclarationsError, ╔ÁgetAsyncClassMetadataFn, ╔ÁgetDebugNode, ╔ÁgetDeferBlocks, ╔ÁgetDirectives, 
╔ÁgetHostElement, ╔ÁgetInjectableDef, ╔ÁgetLContext, ╔ÁgetLocaleCurrencyCode, ╔ÁgetLocalePluralCase, 
╔ÁgetOutputDestroyRef, ╔ÁgetSanitizationBypassType, ╔ÁgetUnknownElementStrictMode, ╔ÁgetUnknownPropertyStrictMode, 
╔Áglobal, ╔ÁinjectChangeDetectorRef, ╔ÁinternalCreateApplication, ╔ÁinternalProvideZoneChangeDetection, 
╔ÁisBoundToModule, ╔ÁisComponentDefPendingResolution, ╔ÁisEnvironmentProviders, ╔ÁisInjectable, ╔ÁisNgModule, 
╔ÁisPromise, ╔ÁisSubscribable, ╔ÁnoSideEffects, ╔ÁpatchComponentDefWithScope, ╔ÁperformanceMarkFeature, 
╔ÁreadHydrationInfo, ╔ÁregisterLocaleData, ╔ÁrenderDeferBlockState, ╔ÁresetCompiledComponents, ╔ÁresetJitOptions, 
╔ÁresolveComponentResources, ╔ÁrestoreComponentResolutionQueue, ╔ÁsetAllowDuplicateNgModuleIdsForTest, 
╔ÁsetAlternateWeakRefImpl, ╔ÁsetClassDebugInfo, ╔ÁsetClassMetadata, ╔ÁsetClassMetadataAsync, ╔ÁsetCurrentInjector, 
╔ÁsetDocument, ╔ÁsetInjectorProfilerContext, ╔ÁsetLocaleId, ╔ÁsetUnknownElementStrictMode, 
╔ÁsetUnknownPropertyStrictMode, ╔Ástore, ╔Ástringify, ╔ÁtransitiveScopesFor, ╔ÁtriggerResourceLoading, 
╔ÁtruncateMiddle, ╔ÁunregisterLocaleData, ╔ÁunwrapSafeValue, ╔ÁunwrapWritableSignal, ╔ÁwhenStable, ╔ÁwithDomHydration, 
╔ÁwithEventReplay, ╔ÁwithI18nSupport, ╔Á╔ÁCopyDefinitionFeature, ╔Á╔ÁFactoryTarget, ╔Á╔ÁHostDirectivesFeature, 
╔Á╔ÁInheritDefinitionFeature, ╔Á╔ÁInputTransformsFeature, ╔Á╔ÁNgOnChangesFeature, ╔Á╔ÁProvidersFeature, 
╔Á╔ÁStandaloneFeature, ╔Á╔Áadvance, ╔Á╔Áattribute, ╔Á╔ÁattributeInterpolate1, ╔Á╔ÁattributeInterpolate2, 
╔Á╔ÁattributeInterpolate3, ╔Á╔ÁattributeInterpolate4, ╔Á╔ÁattributeInterpolate5, ╔Á╔ÁattributeInterpolate6, 
╔Á╔ÁattributeInterpolate7, ╔Á╔ÁattributeInterpolate8, ╔Á╔ÁattributeInterpolateV, ╔Á╔ÁclassMap, 
╔Á╔ÁclassMapInterpolate1, ╔Á╔ÁclassMapInterpolate2, ╔Á╔ÁclassMapInterpolate3, ╔Á╔ÁclassMapInterpolate4, 
╔Á╔ÁclassMapInterpolate5, ╔Á╔ÁclassMapInterpolate6, ╔Á╔ÁclassMapInterpolate7, ╔Á╔ÁclassMapInterpolate8, 
╔Á╔ÁclassMapInterpolateV, ╔Á╔ÁclassProp, ╔Á╔ÁcomponentInstance, ╔Á╔Áconditional, ╔Á╔ÁcontentQuery, 
╔Á╔ÁcontentQuerySignal, ╔Á╔ÁdeclareLet, ╔Á╔Ádefer, ╔Á╔ÁdeferEnableTimerScheduling, ╔Á╔ÁdeferOnHover, ╔Á╔ÁdeferOnIdle, 
╔Á╔ÁdeferOnImmediate, ╔Á╔ÁdeferOnInteraction, ╔Á╔ÁdeferOnTimer, ╔Á╔ÁdeferOnViewport, ╔Á╔ÁdeferPrefetchOnHover, 
╔Á╔ÁdeferPrefetchOnIdle, ╔Á╔ÁdeferPrefetchOnImmediate, ╔Á╔ÁdeferPrefetchOnInteraction, ╔Á╔ÁdeferPrefetchOnTimer, 
╔Á╔ÁdeferPrefetchOnViewport, ╔Á╔ÁdeferPrefetchWhen, ╔Á╔ÁdeferWhen, ╔Á╔ÁdefineComponent, ╔Á╔ÁdefineDirective, 
╔Á╔ÁdefineInjectable, ╔Á╔ÁdefineInjector, ╔Á╔ÁdefineNgModule, ╔Á╔ÁdefinePipe, ╔Á╔ÁdirectiveInject, 
╔Á╔ÁdisableBindings, ╔Á╔Áelement, ╔Á╔ÁelementContainer, ╔Á╔ÁelementContainerEnd, ╔Á╔ÁelementContainerStart, 
╔Á╔ÁelementEnd, ╔Á╔ÁelementStart, ╔Á╔ÁenableBindings, ╔Á╔ÁgetComponentDepsFactory, ╔Á╔ÁgetCurrentView, 
╔Á╔ÁgetInheritedFactory, ╔Á╔ÁhostProperty, ╔Á╔Ái18n, ╔Á╔Ái18nApply, ╔Á╔Ái18nAttributes, ╔Á╔Ái18nEnd, ╔Á╔Ái18nExp, 
╔Á╔Ái18nPostprocess, ╔Á╔Ái18nStart, ╔Á╔Áinject, ╔Á╔ÁinjectAttribute, ╔Á╔ÁinvalidFactory, ╔Á╔ÁinvalidFactoryDep, 
╔Á╔Álistener, ╔Á╔ÁloadQuery, ╔Á╔ÁnamespaceHTML, ╔Á╔ÁnamespaceMathML, ╔Á╔ÁnamespaceSVG, ╔Á╔ÁnextContext, 
╔Á╔ÁngDeclareClassMetadata, ╔Á╔ÁngDeclareClassMetadataAsync, ╔Á╔ÁngDeclareComponent, ╔Á╔ÁngDeclareDirective, 
╔Á╔ÁngDeclareFactory, ╔Á╔ÁngDeclareInjectable, ╔Á╔ÁngDeclareInjector, ╔Á╔ÁngDeclareNgModule, ╔Á╔ÁngDeclarePipe, 
╔Á╔Ápipe, ╔Á╔ÁpipeBind1, ╔Á╔ÁpipeBind2, ╔Á╔ÁpipeBind3, ╔Á╔ÁpipeBind4, ╔Á╔ÁpipeBindV, ╔Á╔Áprojection, 
╔Á╔ÁprojectionDef, ╔Á╔Áproperty, ╔Á╔ÁpropertyInterpolate, ╔Á╔ÁpropertyInterpolate1, ╔Á╔ÁpropertyInterpolate2, 
╔Á╔ÁpropertyInterpolate3, ╔Á╔ÁpropertyInterpolate4, ╔Á╔ÁpropertyInterpolate5, ╔Á╔ÁpropertyInterpolate6, 
╔Á╔ÁpropertyInterpolate7, ╔Á╔ÁpropertyInterpolate8, ╔Á╔ÁpropertyInterpolateV, ╔Á╔ÁpureFunction0, ╔Á╔ÁpureFunction1, 
╔Á╔ÁpureFunction2, ╔Á╔ÁpureFunction3, ╔Á╔ÁpureFunction4, ╔Á╔ÁpureFunction5, ╔Á╔ÁpureFunction6, ╔Á╔ÁpureFunction7, 
╔Á╔ÁpureFunction8, ╔Á╔ÁpureFunctionV, ╔Á╔ÁqueryAdvance, ╔Á╔ÁqueryRefresh, ╔Á╔ÁreadContextLet, ╔Á╔Áreference, 
╔Á╔ÁregisterNgModuleType, ╔Á╔Árepeater, ╔Á╔ÁrepeaterCreate, ╔Á╔ÁrepeaterTrackByIdentity, ╔Á╔ÁrepeaterTrackByIndex, 
╔Á╔ÁresetView, ╔Á╔ÁresolveBody, ╔Á╔ÁresolveDocument, ╔Á╔ÁresolveWindow, ╔Á╔ÁrestoreView, ╔Á╔ÁsanitizeHtml, 
╔Á╔ÁsanitizeResourceUrl, ╔Á╔ÁsanitizeScript, ╔Á╔ÁsanitizeStyle, ╔Á╔ÁsanitizeUrl, ╔Á╔ÁsanitizeUrlOrResourceUrl, 
╔Á╔ÁsetComponentScope, ╔Á╔ÁsetNgModuleScope, ╔Á╔ÁstoreLet, ╔Á╔ÁstyleMap, ╔Á╔ÁstyleMapInterpolate1, 
╔Á╔ÁstyleMapInterpolate2, ╔Á╔ÁstyleMapInterpolate3, ╔Á╔ÁstyleMapInterpolate4, ╔Á╔ÁstyleMapInterpolate5, 
╔Á╔ÁstyleMapInterpolate6, ╔Á╔ÁstyleMapInterpolate7, ╔Á╔ÁstyleMapInterpolate8, ╔Á╔ÁstyleMapInterpolateV, ╔Á╔ÁstyleProp, 
╔Á╔ÁstylePropInterpolate1, ╔Á╔ÁstylePropInterpolate2, ╔Á╔ÁstylePropInterpolate3, ╔Á╔ÁstylePropInterpolate4, 
╔Á╔ÁstylePropInterpolate5, ╔Á╔ÁstylePropInterpolate6, ╔Á╔ÁstylePropInterpolate7, ╔Á╔ÁstylePropInterpolate8, 
╔Á╔ÁstylePropInterpolateV, ╔Á╔ÁsyntheticHostListener, ╔Á╔ÁsyntheticHostProperty, ╔Á╔Átemplate, 
╔Á╔ÁtemplateRefExtractor, ╔Á╔Átext, ╔Á╔ÁtextInterpolate, ╔Á╔ÁtextInterpolate1, ╔Á╔ÁtextInterpolate2, 
╔Á╔ÁtextInterpolate3, ╔Á╔ÁtextInterpolate4, ╔Á╔ÁtextInterpolate5, ╔Á╔ÁtextInterpolate6, ╔Á╔ÁtextInterpolate7, 
╔Á╔ÁtextInterpolate8, ╔Á╔ÁtextInterpolateV, ╔Á╔ÁtrustConstantHtml, ╔Á╔ÁtrustConstantResourceUrl, ╔Á╔ÁtwoWayBindingSet, 
╔Á╔ÁtwoWayListener, ╔Á╔ÁtwoWayProperty, ╔Á╔ÁvalidateIframeAttribute, ╔Á╔ÁviewQuery, ╔Á╔ÁviewQuerySignal)

../node_modules/@angular/material/fesm2022/select.mjs:1126:33-75 - Error: export '╔Á╔ÁInputFlags' (imported as 'i0') 
was not found in '@angular/core' (possible exports: ANIMATION_MODULE_TYPE, APP_BOOTSTRAP_LISTENER, APP_ID, 
APP_INITIALIZER, AfterRenderPhase, ApplicationInitStatus, ApplicationModule, ApplicationRef, Attribute, 
COMPILER_OPTIONS, CSP_NONCE, CUSTOM_ELEMENTS_SCHEMA, ChangeDetectionStrategy, ChangeDetectorRef, Compiler, 
CompilerFactory, Component, ComponentFactory, ComponentFactoryResolver, ComponentRef, ContentChild, ContentChildren, 
DEFAULT_CURRENCY_CODE, DebugElement, DebugEventListener, DebugNode, DefaultIterableDiffer, DestroyRef, Directive, 
ENVIRONMENT_INITIALIZER, ElementRef, EmbeddedViewRef, EnvironmentInjector, ErrorHandler, EventEmitter, 
ExperimentalPendingTasks, HOST_TAG_NAME, Host, HostAttributeToken, HostBinding, HostListener, INJECTOR, Inject, 
InjectFlags, Injectable, InjectionToken, Injector, Input, IterableDiffers, KeyValueDiffers, LOCALE_ID, 
MissingTranslationStrategy, ModuleWithComponentFactories, NO_ERRORS_SCHEMA, NgModule, NgModuleFactory, NgModuleRef, 
NgProbeToken, NgZone, Optional, Output, OutputEmitterRef, PACKAGE_ROOT_URL, PLATFORM_ID, PLATFORM_INITIALIZER, Pipe, 
PlatformRef, Query, QueryList, Renderer2, RendererFactory2, RendererStyleFlags2, Sanitizer, SecurityContext, Self, 
SimpleChange, SkipSelf, TRANSLATIONS, TRANSLATIONS_FORMAT, TemplateRef, Testability, TestabilityRegistry, 
TransferState, Type, VERSION, Version, ViewChild, ViewChildren, ViewContainerRef, ViewEncapsulation, ViewRef, 
afterNextRender, afterRender, asNativeElements, assertInInjectionContext, assertNotInReactiveContext, assertPlatform, 
booleanAttribute, computed, contentChild, contentChildren, createComponent, createEnvironmentInjector, createNgModule, 
createNgModuleRef, createPlatform, createPlatformFactory, defineInjectable, destroyPlatform, effect, enableProdMode, 
forwardRef, getDebugNode, getModuleFactory, getNgModuleById, getPlatform, importProvidersFrom, inject, input, 
isDevMode, isSignal, isStandalone, makeEnvironmentProviders, makeStateKey, mergeApplicationConfig, model, 
numberAttribute, output, platformCore, provideExperimentalCheckNoChangesForDebug, 
provideExperimentalZonelessChangeDetection, provideZoneChangeDetection, reflectComponentType, resolveForwardRef, 
runInInjectionContext, setTestabilityGetter, signal, untracked, viewChild, viewChildren, ╔ÁALLOW_MULTIPLE_PLATFORMS, 
╔ÁAfterRenderManager, ╔ÁCONTAINER_HEADER_OFFSET, ╔ÁChangeDetectionScheduler, ╔ÁChangeDetectionSchedulerImpl, 
╔ÁComponentFactory, ╔ÁConsole, ╔ÁDEFAULT_LOCALE_ID, ╔ÁDEFER_BLOCK_CONFIG, ╔ÁDEFER_BLOCK_DEPENDENCY_INTERCEPTOR, 
╔ÁDeferBlockBehavior, ╔ÁDeferBlockState, ╔ÁEffectScheduler, ╔ÁIMAGE_CONFIG, ╔ÁIMAGE_CONFIG_DEFAULTS, ╔ÁINJECTOR_SCOPE, 
╔ÁINPUT_SIGNAL_BRAND_WRITE_TYPE, ╔ÁINTERNAL_APPLICATION_ERROR_HANDLER, ╔ÁIS_HYDRATION_DOM_REUSE_ENABLED, 
╔ÁJSACTION_EVENT_CONTRACT, ╔ÁLContext, ╔ÁLifecycleHooksFeature, ╔ÁLocaleDataIndex, ╔ÁNG_COMP_DEF, ╔ÁNG_DIR_DEF, 
╔ÁNG_ELEMENT_ID, ╔ÁNG_INJ_DEF, ╔ÁNG_MOD_DEF, ╔ÁNG_PIPE_DEF, ╔ÁNG_PROV_DEF, ╔ÁNOT_FOUND_CHECK_ONLY_ELEMENT_INJECTOR, 
╔ÁNO_CHANGE, ╔ÁNgModuleFactory, ╔ÁNoopNgZone, ╔ÁPROVIDED_NG_ZONE, ╔ÁPendingTasks, ╔ÁReflectionCapabilities, 
╔ÁRender3ComponentFactory, ╔ÁRender3ComponentRef, ╔ÁRender3NgModuleRef, ╔ÁRuntimeError, ╔ÁSIGNAL, 
╔ÁSSR_CONTENT_INTEGRITY_MARKER, ╔ÁTESTABILITY, ╔ÁTESTABILITY_GETTER, ╔ÁUSE_RUNTIME_DEPS_TRACKER_FOR_JIT, ╔ÁViewRef, 
╔ÁXSS_SECURITY_URL, ╔ÁZONELESS_ENABLED, ╔Á_sanitizeHtml, ╔Á_sanitizeUrl, ╔ÁallowSanitizationBypassAndThrow, 
╔ÁannotateForHydration, ╔ÁbypassSanitizationTrustHtml, ╔ÁbypassSanitizationTrustResourceUrl, 
╔ÁbypassSanitizationTrustScript, ╔ÁbypassSanitizationTrustStyle, ╔ÁbypassSanitizationTrustUrl, 
╔ÁclearResolutionOfComponentResourcesQueue, ╔ÁcompileComponent, ╔ÁcompileDirective, ╔ÁcompileNgModule, 
╔ÁcompileNgModuleDefs, ╔ÁcompileNgModuleFactory, ╔ÁcompilePipe, ╔ÁconvertToBitFlags, ╔ÁcreateInjector, 
╔ÁdefaultIterableDiffers, ╔ÁdefaultKeyValueDiffers, ╔ÁdepsTracker, ╔ÁdetectChangesInViewIfRequired, ╔ÁdevModeEqual, 
╔ÁfindLocaleData, ╔ÁflushModuleScopingQueueAsMuchAsPossible, ╔ÁformatRuntimeError, 
╔ÁgenerateStandaloneInDeclarationsError, ╔ÁgetAsyncClassMetadataFn, ╔ÁgetDebugNode, ╔ÁgetDeferBlocks, ╔ÁgetDirectives, 
╔ÁgetHostElement, ╔ÁgetInjectableDef, ╔ÁgetLContext, ╔ÁgetLocaleCurrencyCode, ╔ÁgetLocalePluralCase, 
╔ÁgetOutputDestroyRef, ╔ÁgetSanitizationBypassType, ╔ÁgetUnknownElementStrictMode, ╔ÁgetUnknownPropertyStrictMode, 
╔Áglobal, ╔ÁinjectChangeDetectorRef, ╔ÁinternalCreateApplication, ╔ÁinternalProvideZoneChangeDetection, 
╔ÁisBoundToModule, ╔ÁisComponentDefPendingResolution, ╔ÁisEnvironmentProviders, ╔ÁisInjectable, ╔ÁisNgModule, 
╔ÁisPromise, ╔ÁisSubscribable, ╔ÁnoSideEffects, ╔ÁpatchComponentDefWithScope, ╔ÁperformanceMarkFeature, 
╔ÁreadHydrationInfo, ╔ÁregisterLocaleData, ╔ÁrenderDeferBlockState, ╔ÁresetCompiledComponents, ╔ÁresetJitOptions, 
╔ÁresolveComponentResources, ╔ÁrestoreComponentResolutionQueue, ╔ÁsetAllowDuplicateNgModuleIdsForTest, 
╔ÁsetAlternateWeakRefImpl, ╔ÁsetClassDebugInfo, ╔ÁsetClassMetadata, ╔ÁsetClassMetadataAsync, ╔ÁsetCurrentInjector, 
╔ÁsetDocument, ╔ÁsetInjectorProfilerContext, ╔ÁsetLocaleId, ╔ÁsetUnknownElementStrictMode, 
╔ÁsetUnknownPropertyStrictMode, ╔Ástore, ╔Ástringify, ╔ÁtransitiveScopesFor, ╔ÁtriggerResourceLoading, 
╔ÁtruncateMiddle, ╔ÁunregisterLocaleData, ╔ÁunwrapSafeValue, ╔ÁunwrapWritableSignal, ╔ÁwhenStable, ╔ÁwithDomHydration, 
╔ÁwithEventReplay, ╔ÁwithI18nSupport, ╔Á╔ÁCopyDefinitionFeature, ╔Á╔ÁFactoryTarget, ╔Á╔ÁHostDirectivesFeature, 
╔Á╔ÁInheritDefinitionFeature, ╔Á╔ÁInputTransformsFeature, ╔Á╔ÁNgOnChangesFeature, ╔Á╔ÁProvidersFeature, 
╔Á╔ÁStandaloneFeature, ╔Á╔Áadvance, ╔Á╔Áattribute, ╔Á╔ÁattributeInterpolate1, ╔Á╔ÁattributeInterpolate2, 
╔Á╔ÁattributeInterpolate3, ╔Á╔ÁattributeInterpolate4, ╔Á╔ÁattributeInterpolate5, ╔Á╔ÁattributeInterpolate6, 
╔Á╔ÁattributeInterpolate7, ╔Á╔ÁattributeInterpolate8, ╔Á╔ÁattributeInterpolateV, ╔Á╔ÁclassMap, 
╔Á╔ÁclassMapInterpolate1, ╔Á╔ÁclassMapInterpolate2, ╔Á╔ÁclassMapInterpolate3, ╔Á╔ÁclassMapInterpolate4, 
╔Á╔ÁclassMapInterpolate5, ╔Á╔ÁclassMapInterpolate6, ╔Á╔ÁclassMapInterpolate7, ╔Á╔ÁclassMapInterpolate8, 
╔Á╔ÁclassMapInterpolateV, ╔Á╔ÁclassProp, ╔Á╔ÁcomponentInstance, ╔Á╔Áconditional, ╔Á╔ÁcontentQuery, 
╔Á╔ÁcontentQuerySignal, ╔Á╔ÁdeclareLet, ╔Á╔Ádefer, ╔Á╔ÁdeferEnableTimerScheduling, ╔Á╔ÁdeferOnHover, ╔Á╔ÁdeferOnIdle, 
╔Á╔ÁdeferOnImmediate, ╔Á╔ÁdeferOnInteraction, ╔Á╔ÁdeferOnTimer, ╔Á╔ÁdeferOnViewport, ╔Á╔ÁdeferPrefetchOnHover, 
╔Á╔ÁdeferPrefetchOnIdle, ╔Á╔ÁdeferPrefetchOnImmediate, ╔Á╔ÁdeferPrefetchOnInteraction, ╔Á╔ÁdeferPrefetchOnTimer, 
╔Á╔ÁdeferPrefetchOnViewport, ╔Á╔ÁdeferPrefetchWhen, ╔Á╔ÁdeferWhen, ╔Á╔ÁdefineComponent, ╔Á╔ÁdefineDirective, 
╔Á╔ÁdefineInjectable, ╔Á╔ÁdefineInjector, ╔Á╔ÁdefineNgModule, ╔Á╔ÁdefinePipe, ╔Á╔ÁdirectiveInject, 
╔Á╔ÁdisableBindings, ╔Á╔Áelement, ╔Á╔ÁelementContainer, ╔Á╔ÁelementContainerEnd, ╔Á╔ÁelementContainerStart, 
╔Á╔ÁelementEnd, ╔Á╔ÁelementStart, ╔Á╔ÁenableBindings, ╔Á╔ÁgetComponentDepsFactory, ╔Á╔ÁgetCurrentView, 
╔Á╔ÁgetInheritedFactory, ╔Á╔ÁhostProperty, ╔Á╔Ái18n, ╔Á╔Ái18nApply, ╔Á╔Ái18nAttributes, ╔Á╔Ái18nEnd, ╔Á╔Ái18nExp, 
╔Á╔Ái18nPostprocess, ╔Á╔Ái18nStart, ╔Á╔Áinject, ╔Á╔ÁinjectAttribute, ╔Á╔ÁinvalidFactory, ╔Á╔ÁinvalidFactoryDep, 
╔Á╔Álistener, ╔Á╔ÁloadQuery, ╔Á╔ÁnamespaceHTML, ╔Á╔ÁnamespaceMathML, ╔Á╔ÁnamespaceSVG, ╔Á╔ÁnextContext, 
╔Á╔ÁngDeclareClassMetadata, ╔Á╔ÁngDeclareClassMetadataAsync, ╔Á╔ÁngDeclareComponent, ╔Á╔ÁngDeclareDirective, 
╔Á╔ÁngDeclareFactory, ╔Á╔ÁngDeclareInjectable, ╔Á╔ÁngDeclareInjector, ╔Á╔ÁngDeclareNgModule, ╔Á╔ÁngDeclarePipe, 
╔Á╔Ápipe, ╔Á╔ÁpipeBind1, ╔Á╔ÁpipeBind2, ╔Á╔ÁpipeBind3, ╔Á╔ÁpipeBind4, ╔Á╔ÁpipeBindV, ╔Á╔Áprojection, 
╔Á╔ÁprojectionDef, ╔Á╔Áproperty, ╔Á╔ÁpropertyInterpolate, ╔Á╔ÁpropertyInterpolate1, ╔Á╔ÁpropertyInterpolate2, 
╔Á╔ÁpropertyInterpolate3, ╔Á╔ÁpropertyInterpolate4, ╔Á╔ÁpropertyInterpolate5, ╔Á╔ÁpropertyInterpolate6, 
╔Á╔ÁpropertyInterpolate7, ╔Á╔ÁpropertyInterpolate8, ╔Á╔ÁpropertyInterpolateV, ╔Á╔ÁpureFunction0, ╔Á╔ÁpureFunction1, 
╔Á╔ÁpureFunction2, ╔Á╔ÁpureFunction3, ╔Á╔ÁpureFunction4, ╔Á╔ÁpureFunction5, ╔Á╔ÁpureFunction6, ╔Á╔ÁpureFunction7, 
╔Á╔ÁpureFunction8, ╔Á╔ÁpureFunctionV, ╔Á╔ÁqueryAdvance, ╔Á╔ÁqueryRefresh, ╔Á╔ÁreadContextLet, ╔Á╔Áreference, 
╔Á╔ÁregisterNgModuleType, ╔Á╔Árepeater, ╔Á╔ÁrepeaterCreate, ╔Á╔ÁrepeaterTrackByIdentity, ╔Á╔ÁrepeaterTrackByIndex, 
╔Á╔ÁresetView, ╔Á╔ÁresolveBody, ╔Á╔ÁresolveDocument, ╔Á╔ÁresolveWindow, ╔Á╔ÁrestoreView, ╔Á╔ÁsanitizeHtml, 
╔Á╔ÁsanitizeResourceUrl, ╔Á╔ÁsanitizeScript, ╔Á╔ÁsanitizeStyle, ╔Á╔ÁsanitizeUrl, ╔Á╔ÁsanitizeUrlOrResourceUrl, 
╔Á╔ÁsetComponentScope, ╔Á╔ÁsetNgModuleScope, ╔Á╔ÁstoreLet, ╔Á╔ÁstyleMap, ╔Á╔ÁstyleMapInterpolate1, 
╔Á╔ÁstyleMapInterpolate2, ╔Á╔ÁstyleMapInterpolate3, ╔Á╔ÁstyleMapInterpolate4, ╔Á╔ÁstyleMapInterpolate5, 
╔Á╔ÁstyleMapInterpolate6, ╔Á╔ÁstyleMapInterpolate7, ╔Á╔ÁstyleMapInterpolate8, ╔Á╔ÁstyleMapInterpolateV, ╔Á╔ÁstyleProp, 
╔Á╔ÁstylePropInterpolate1, ╔Á╔ÁstylePropInterpolate2, ╔Á╔ÁstylePropInterpolate3, ╔Á╔ÁstylePropInterpolate4, 
╔Á╔ÁstylePropInterpolate5, ╔Á╔ÁstylePropInterpolate6, ╔Á╔ÁstylePropInterpolate7, ╔Á╔ÁstylePropInterpolate8, 
╔Á╔ÁstylePropInterpolateV, ╔Á╔ÁsyntheticHostListener, ╔Á╔ÁsyntheticHostProperty, ╔Á╔Átemplate, 
╔Á╔ÁtemplateRefExtractor, ╔Á╔Átext, ╔Á╔ÁtextInterpolate, ╔Á╔ÁtextInterpolate1, ╔Á╔ÁtextInterpolate2, 
╔Á╔ÁtextInterpolate3, ╔Á╔ÁtextInterpolate4, ╔Á╔ÁtextInterpolate5, ╔Á╔ÁtextInterpolate6, ╔Á╔ÁtextInterpolate7, 
╔Á╔ÁtextInterpolate8, ╔Á╔ÁtextInterpolateV, ╔Á╔ÁtrustConstantHtml, ╔Á╔ÁtrustConstantResourceUrl, ╔Á╔ÁtwoWayBindingSet, 
╔Á╔ÁtwoWayListener, ╔Á╔ÁtwoWayProperty, ╔Á╔ÁvalidateIframeAttribute, ╔Á╔ÁviewQuery, ╔Á╔ÁviewQuerySignal)

../node_modules/@angular/material/fesm2022/select.mjs:1129:20-40 - Error: export '╔Á╔ÁInputFlags' (imported as 'i0') 
was not found in '@angular/core' (possible exports: ANIMATION_MODULE_TYPE, APP_BOOTSTRAP_LISTENER, APP_ID, 
APP_INITIALIZER, AfterRenderPhase, ApplicationInitStatus, ApplicationModule, ApplicationRef, Attribute, 
COMPILER_OPTIONS, CSP_NONCE, CUSTOM_ELEMENTS_SCHEMA, ChangeDetectionStrategy, ChangeDetectorRef, Compiler, 
CompilerFactory, Component, ComponentFactory, ComponentFactoryResolver, ComponentRef, ContentChild, ContentChildren, 
DEFAULT_CURRENCY_CODE, DebugElement, DebugEventListener, DebugNode, DefaultIterableDiffer, DestroyRef, Directive, 
ENVIRONMENT_INITIALIZER, ElementRef, EmbeddedViewRef, EnvironmentInjector, ErrorHandler, EventEmitter, 
ExperimentalPendingTasks, HOST_TAG_NAME, Host, HostAttributeToken, HostBinding, HostListener, INJECTOR, Inject, 
InjectFlags, Injectable, InjectionToken, Injector, Input, IterableDiffers, KeyValueDiffers, LOCALE_ID, 
MissingTranslationStrategy, ModuleWithComponentFactories, NO_ERRORS_SCHEMA, NgModule, NgModuleFactory, NgModuleRef, 
NgProbeToken, NgZone, Optional, Output, OutputEmitterRef, PACKAGE_ROOT_URL, PLATFORM_ID, PLATFORM_INITIALIZER, Pipe, 
PlatformRef, Query, QueryList, Renderer2, RendererFactory2, RendererStyleFlags2, Sanitizer, SecurityContext, Self, 
SimpleChange, SkipSelf, TRANSLATIONS, TRANSLATIONS_FORMAT, TemplateRef, Testability, TestabilityRegistry, 
TransferState, Type, VERSION, Version, ViewChild, ViewChildren, ViewContainerRef, ViewEncapsulation, ViewRef, 
afterNextRender, afterRender, asNativeElements, assertInInjectionContext, assertNotInReactiveContext, assertPlatform, 
booleanAttribute, computed, contentChild, contentChildren, createComponent, createEnvironmentInjector, createNgModule, 
createNgModuleRef, createPlatform, createPlatformFactory, defineInjectable, destroyPlatform, effect, enableProdMode, 
forwardRef, getDebugNode, getModuleFactory, getNgModuleById, getPlatform, importProvidersFrom, inject, input, 
isDevMode, isSignal, isStandalone, makeEnvironmentProviders, makeStateKey, mergeApplicationConfig, model, 
numberAttribute, output, platformCore, provideExperimentalCheckNoChangesForDebug, 
provideExperimentalZonelessChangeDetection, provideZoneChangeDetection, reflectComponentType, resolveForwardRef, 
runInInjectionContext, setTestabilityGetter, signal, untracked, viewChild, viewChildren, ╔ÁALLOW_MULTIPLE_PLATFORMS, 
╔ÁAfterRenderManager, ╔ÁCONTAINER_HEADER_OFFSET, ╔ÁChangeDetectionScheduler, ╔ÁChangeDetectionSchedulerImpl, 
╔ÁComponentFactory, ╔ÁConsole, ╔ÁDEFAULT_LOCALE_ID, ╔ÁDEFER_BLOCK_CONFIG, ╔ÁDEFER_BLOCK_DEPENDENCY_INTERCEPTOR, 
╔ÁDeferBlockBehavior, ╔ÁDeferBlockState, ╔ÁEffectScheduler, ╔ÁIMAGE_CONFIG, ╔ÁIMAGE_CONFIG_DEFAULTS, ╔ÁINJECTOR_SCOPE, 
╔ÁINPUT_SIGNAL_BRAND_WRITE_TYPE, ╔ÁINTERNAL_APPLICATION_ERROR_HANDLER, ╔ÁIS_HYDRATION_DOM_REUSE_ENABLED, 
╔ÁJSACTION_EVENT_CONTRACT, ╔ÁLContext, ╔ÁLifecycleHooksFeature, ╔ÁLocaleDataIndex, ╔ÁNG_COMP_DEF, ╔ÁNG_DIR_DEF, 
╔ÁNG_ELEMENT_ID, ╔ÁNG_INJ_DEF, ╔ÁNG_MOD_DEF, ╔ÁNG_PIPE_DEF, ╔ÁNG_PROV_DEF, ╔ÁNOT_FOUND_CHECK_ONLY_ELEMENT_INJECTOR, 
╔ÁNO_CHANGE, ╔ÁNgModuleFactory, ╔ÁNoopNgZone, ╔ÁPROVIDED_NG_ZONE, ╔ÁPendingTasks, ╔ÁReflectionCapabilities, 
╔ÁRender3ComponentFactory, ╔ÁRender3ComponentRef, ╔ÁRender3NgModuleRef, ╔ÁRuntimeError, ╔ÁSIGNAL, 
╔ÁSSR_CONTENT_INTEGRITY_MARKER, ╔ÁTESTABILITY, ╔ÁTESTABILITY_GETTER, ╔ÁUSE_RUNTIME_DEPS_TRACKER_FOR_JIT, ╔ÁViewRef, 
╔ÁXSS_SECURITY_URL, ╔ÁZONELESS_ENABLED, ╔Á_sanitizeHtml, ╔Á_sanitizeUrl, ╔ÁallowSanitizationBypassAndThrow, 
╔ÁannotateForHydration, ╔ÁbypassSanitizationTrustHtml, ╔ÁbypassSanitizationTrustResourceUrl, 
╔ÁbypassSanitizationTrustScript, ╔ÁbypassSanitizationTrustStyle, ╔ÁbypassSanitizationTrustUrl, 
╔ÁclearResolutionOfComponentResourcesQueue, ╔ÁcompileComponent, ╔ÁcompileDirective, ╔ÁcompileNgModule, 
╔ÁcompileNgModuleDefs, ╔ÁcompileNgModuleFactory, ╔ÁcompilePipe, ╔ÁconvertToBitFlags, ╔ÁcreateInjector, 
╔ÁdefaultIterableDiffers, ╔ÁdefaultKeyValueDiffers, ╔ÁdepsTracker, ╔ÁdetectChangesInViewIfRequired, ╔ÁdevModeEqual, 
╔ÁfindLocaleData, ╔ÁflushModuleScopingQueueAsMuchAsPossible, ╔ÁformatRuntimeError, 
╔ÁgenerateStandaloneInDeclarationsError, ╔ÁgetAsyncClassMetadataFn, ╔ÁgetDebugNode, ╔ÁgetDeferBlocks, ╔ÁgetDirectives, 
╔ÁgetHostElement, ╔ÁgetInjectableDef, ╔ÁgetLContext, ╔ÁgetLocaleCurrencyCode, ╔ÁgetLocalePluralCase, 
╔ÁgetOutputDestroyRef, ╔ÁgetSanitizationBypassType, ╔ÁgetUnknownElementStrictMode, ╔ÁgetUnknownPropertyStrictMode, 
╔Áglobal, ╔ÁinjectChangeDetectorRef, ╔ÁinternalCreateApplication, ╔ÁinternalProvideZoneChangeDetection, 
╔ÁisBoundToModule, ╔ÁisComponentDefPendingResolution, ╔ÁisEnvironmentProviders, ╔ÁisInjectable, ╔ÁisNgModule, 
╔ÁisPromise, ╔ÁisSubscribable, ╔ÁnoSideEffects, ╔ÁpatchComponentDefWithScope, ╔ÁperformanceMarkFeature, 
╔ÁreadHydrationInfo, ╔ÁregisterLocaleData, ╔ÁrenderDeferBlockState, ╔ÁresetCompiledComponents, ╔ÁresetJitOptions, 
╔ÁresolveComponentResources, ╔ÁrestoreComponentResolutionQueue, ╔ÁsetAllowDuplicateNgModuleIdsForTest, 
╔ÁsetAlternateWeakRefImpl, ╔ÁsetClassDebugInfo, ╔ÁsetClassMetadata, ╔ÁsetClassMetadataAsync, ╔ÁsetCurrentInjector, 
╔ÁsetDocument, ╔ÁsetInjectorProfilerContext, ╔ÁsetLocaleId, ╔ÁsetUnknownElementStrictMode, 
╔ÁsetUnknownPropertyStrictMode, ╔Ástore, ╔Ástringify, ╔ÁtransitiveScopesFor, ╔ÁtriggerResourceLoading, 
╔ÁtruncateMiddle, ╔ÁunregisterLocaleData, ╔ÁunwrapSafeValue, ╔ÁunwrapWritableSignal, ╔ÁwhenStable, ╔ÁwithDomHydration, 
╔ÁwithEventReplay, ╔ÁwithI18nSupport, ╔Á╔ÁCopyDefinitionFeature, ╔Á╔ÁFactoryTarget, ╔Á╔ÁHostDirectivesFeature, 
╔Á╔ÁInheritDefinitionFeature, ╔Á╔ÁInputTransformsFeature, ╔Á╔ÁNgOnChangesFeature, ╔Á╔ÁProvidersFeature, 
╔Á╔ÁStandaloneFeature, ╔Á╔Áadvance, ╔Á╔Áattribute, ╔Á╔ÁattributeInterpolate1, ╔Á╔ÁattributeInterpolate2, 
╔Á╔ÁattributeInterpolate3, ╔Á╔ÁattributeInterpolate4, ╔Á╔ÁattributeInterpolate5, ╔Á╔ÁattributeInterpolate6, 
╔Á╔ÁattributeInterpolate7, ╔Á╔ÁattributeInterpolate8, ╔Á╔ÁattributeInterpolateV, ╔Á╔ÁclassMap, 
╔Á╔ÁclassMapInterpolate1, ╔Á╔ÁclassMapInterpolate2, ╔Á╔ÁclassMapInterpolate3, ╔Á╔ÁclassMapInterpolate4, 
╔Á╔ÁclassMapInterpolate5, ╔Á╔ÁclassMapInterpolate6, ╔Á╔ÁclassMapInterpolate7, ╔Á╔ÁclassMapInterpolate8, 
╔Á╔ÁclassMapInterpolateV, ╔Á╔ÁclassProp, ╔Á╔ÁcomponentInstance, ╔Á╔Áconditional, ╔Á╔ÁcontentQuery, 
╔Á╔ÁcontentQuerySignal, ╔Á╔ÁdeclareLet, ╔Á╔Ádefer, ╔Á╔ÁdeferEnableTimerScheduling, ╔Á╔ÁdeferOnHover, ╔Á╔ÁdeferOnIdle, 
╔Á╔ÁdeferOnImmediate, ╔Á╔ÁdeferOnInteraction, ╔Á╔ÁdeferOnTimer, ╔Á╔ÁdeferOnViewport, ╔Á╔ÁdeferPrefetchOnHover, 
╔Á╔ÁdeferPrefetchOnIdle, ╔Á╔ÁdeferPrefetchOnImmediate, ╔Á╔ÁdeferPrefetchOnInteraction, ╔Á╔ÁdeferPrefetchOnTimer, 
╔Á╔ÁdeferPrefetchOnViewport, ╔Á╔ÁdeferPrefetchWhen, ╔Á╔ÁdeferWhen, ╔Á╔ÁdefineComponent, ╔Á╔ÁdefineDirective, 
╔Á╔ÁdefineInjectable, ╔Á╔ÁdefineInjector, ╔Á╔ÁdefineNgModule, ╔Á╔ÁdefinePipe, ╔Á╔ÁdirectiveInject, 
╔Á╔ÁdisableBindings, ╔Á╔Áelement, ╔Á╔ÁelementContainer, ╔Á╔ÁelementContainerEnd, ╔Á╔ÁelementContainerStart, 
╔Á╔ÁelementEnd, ╔Á╔ÁelementStart, ╔Á╔ÁenableBindings, ╔Á╔ÁgetComponentDepsFactory, ╔Á╔ÁgetCurrentView, 
╔Á╔ÁgetInheritedFactory, ╔Á╔ÁhostProperty, ╔Á╔Ái18n, ╔Á╔Ái18nApply, ╔Á╔Ái18nAttributes, ╔Á╔Ái18nEnd, ╔Á╔Ái18nExp, 
╔Á╔Ái18nPostprocess, ╔Á╔Ái18nStart, ╔Á╔Áinject, ╔Á╔ÁinjectAttribute, ╔Á╔ÁinvalidFactory, ╔Á╔ÁinvalidFactoryDep, 
╔Á╔Álistener, ╔Á╔ÁloadQuery, ╔Á╔ÁnamespaceHTML, ╔Á╔ÁnamespaceMathML, ╔Á╔ÁnamespaceSVG, ╔Á╔ÁnextContext, 
╔Á╔ÁngDeclareClassMetadata, ╔Á╔ÁngDeclareClassMetadataAsync, ╔Á╔ÁngDeclareComponent, ╔Á╔ÁngDeclareDirective, 
╔Á╔ÁngDeclareFactory, ╔Á╔ÁngDeclareInjectable, ╔Á╔ÁngDeclareInjector, ╔Á╔ÁngDeclareNgModule, ╔Á╔ÁngDeclarePipe, 
╔Á╔Ápipe, ╔Á╔ÁpipeBind1, ╔Á╔ÁpipeBind2, ╔Á╔ÁpipeBind3, ╔Á╔ÁpipeBind4, ╔Á╔ÁpipeBindV, ╔Á╔Áprojection, 
╔Á╔ÁprojectionDef, ╔Á╔Áproperty, ╔Á╔ÁpropertyInterpolate, ╔Á╔ÁpropertyInterpolate1, ╔Á╔ÁpropertyInterpolate2, 
╔Á╔ÁpropertyInterpolate3, ╔Á╔ÁpropertyInterpolate4, ╔Á╔ÁpropertyInterpolate5, ╔Á╔ÁpropertyInterpolate6, 
╔Á╔ÁpropertyInterpolate7, ╔Á╔ÁpropertyInterpolate8, ╔Á╔ÁpropertyInterpolateV, ╔Á╔ÁpureFunction0, ╔Á╔ÁpureFunction1, 
╔Á╔ÁpureFunction2, ╔Á╔ÁpureFunction3, ╔Á╔ÁpureFunction4, ╔Á╔ÁpureFunction5, ╔Á╔ÁpureFunction6, ╔Á╔ÁpureFunction7, 
╔Á╔ÁpureFunction8, ╔Á╔ÁpureFunctionV, ╔Á╔ÁqueryAdvance, ╔Á╔ÁqueryRefresh, ╔Á╔ÁreadContextLet, ╔Á╔Áreference, 
╔Á╔ÁregisterNgModuleType, ╔Á╔Árepeater, ╔Á╔ÁrepeaterCreate, ╔Á╔ÁrepeaterTrackByIdentity, ╔Á╔ÁrepeaterTrackByIndex, 
╔Á╔ÁresetView, ╔Á╔ÁresolveBody, ╔Á╔ÁresolveDocument, ╔Á╔ÁresolveWindow, ╔Á╔ÁrestoreView, ╔Á╔ÁsanitizeHtml, 
╔Á╔ÁsanitizeResourceUrl, ╔Á╔ÁsanitizeScript, ╔Á╔ÁsanitizeStyle, ╔Á╔ÁsanitizeUrl, ╔Á╔ÁsanitizeUrlOrResourceUrl, 
╔Á╔ÁsetComponentScope, ╔Á╔ÁsetNgModuleScope, ╔Á╔ÁstoreLet, ╔Á╔ÁstyleMap, ╔Á╔ÁstyleMapInterpolate1, 
╔Á╔ÁstyleMapInterpolate2, ╔Á╔ÁstyleMapInterpolate3, ╔Á╔ÁstyleMapInterpolate4, ╔Á╔ÁstyleMapInterpolate5, 
╔Á╔ÁstyleMapInterpolate6, ╔Á╔ÁstyleMapInterpolate7, ╔Á╔ÁstyleMapInterpolate8, ╔Á╔ÁstyleMapInterpolateV, ╔Á╔ÁstyleProp, 
╔Á╔ÁstylePropInterpolate1, ╔Á╔ÁstylePropInterpolate2, ╔Á╔ÁstylePropInterpolate3, ╔Á╔ÁstylePropInterpolate4, 
╔Á╔ÁstylePropInterpolate5, ╔Á╔ÁstylePropInterpolate6, ╔Á╔ÁstylePropInterpolate7, ╔Á╔ÁstylePropInterpolate8, 
╔Á╔ÁstylePropInterpolateV, ╔Á╔ÁsyntheticHostListener, ╔Á╔ÁsyntheticHostProperty, ╔Á╔Átemplate, 
╔Á╔ÁtemplateRefExtractor, ╔Á╔Átext, ╔Á╔ÁtextInterpolate, ╔Á╔ÁtextInterpolate1, ╔Á╔ÁtextInterpolate2, 
╔Á╔ÁtextInterpolate3, ╔Á╔ÁtextInterpolate4, ╔Á╔ÁtextInterpolate5, ╔Á╔ÁtextInterpolate6, ╔Á╔ÁtextInterpolate7, 
╔Á╔ÁtextInterpolate8, ╔Á╔ÁtextInterpolateV, ╔Á╔ÁtrustConstantHtml, ╔Á╔ÁtrustConstantResourceUrl, ╔Á╔ÁtwoWayBindingSet, 
╔Á╔ÁtwoWayListener, ╔Á╔ÁtwoWayProperty, ╔Á╔ÁvalidateIframeAttribute, ╔Á╔ÁviewQuery, ╔Á╔ÁviewQuerySignal)

../node_modules/@angular/material/fesm2022/select.mjs:1130:25-45 - Error: export '╔Á╔ÁInputFlags' (imported as 'i0') 
was not found in '@angular/core' (possible exports: ANIMATION_MODULE_TYPE, APP_BOOTSTRAP_LISTENER, APP_ID, 
APP_INITIALIZER, AfterRenderPhase, ApplicationInitStatus, ApplicationModule, ApplicationRef, Attribute, 
COMPILER_OPTIONS, CSP_NONCE, CUSTOM_ELEMENTS_SCHEMA, ChangeDetectionStrategy, ChangeDetectorRef, Compiler, 
CompilerFactory, Component, ComponentFactory, ComponentFactoryResolver, ComponentRef, ContentChild, ContentChildren, 
DEFAULT_CURRENCY_CODE, DebugElement, DebugEventListener, DebugNode, DefaultIterableDiffer, DestroyRef, Directive, 
ENVIRONMENT_INITIALIZER, ElementRef, EmbeddedViewRef, EnvironmentInjector, ErrorHandler, EventEmitter, 
ExperimentalPendingTasks, HOST_TAG_NAME, Host, HostAttributeToken, HostBinding, HostListener, INJECTOR, Inject, 
InjectFlags, Injectable, InjectionToken, Injector, Input, IterableDiffers, KeyValueDiffers, LOCALE_ID, 
MissingTranslationStrategy, ModuleWithComponentFactories, NO_ERRORS_SCHEMA, NgModule, NgModuleFactory, NgModuleRef, 
NgProbeToken, NgZone, Optional, Output, OutputEmitterRef, PACKAGE_ROOT_URL, PLATFORM_ID, PLATFORM_INITIALIZER, Pipe, 
PlatformRef, Query, QueryList, Renderer2, RendererFactory2, RendererStyleFlags2, Sanitizer, SecurityContext, Self, 
SimpleChange, SkipSelf, TRANSLATIONS, TRANSLATIONS_FORMAT, TemplateRef, Testability, TestabilityRegistry, 
TransferState, Type, VERSION, Version, ViewChild, ViewChildren, ViewContainerRef, ViewEncapsulation, ViewRef, 
afterNextRender, afterRender, asNativeElements, assertInInjectionContext, assertNotInReactiveContext, assertPlatform, 
booleanAttribute, computed, contentChild, contentChildren, createComponent, createEnvironmentInjector, createNgModule, 
createNgModuleRef, createPlatform, createPlatformFactory, defineInjectable, destroyPlatform, effect, enableProdMode, 
forwardRef, getDebugNode, getModuleFactory, getNgModuleById, getPlatform, importProvidersFrom, inject, input, 
isDevMode, isSignal, isStandalone, makeEnvironmentProviders, makeStateKey, mergeApplicationConfig, model, 
numberAttribute, output, platformCore, provideExperimentalCheckNoChangesForDebug, 
provideExperimentalZonelessChangeDetection, provideZoneChangeDetection, reflectComponentType, resolveForwardRef, 
runInInjectionContext, setTestabilityGetter, signal, untracked, viewChild, viewChildren, ╔ÁALLOW_MULTIPLE_PLATFORMS, 
╔ÁAfterRenderManager, ╔ÁCONTAINER_HEADER_OFFSET, ╔ÁChangeDetectionScheduler, ╔ÁChangeDetectionSchedulerImpl, 
╔ÁComponentFactory, ╔ÁConsole, ╔ÁDEFAULT_LOCALE_ID, ╔ÁDEFER_BLOCK_CONFIG, ╔ÁDEFER_BLOCK_DEPENDENCY_INTERCEPTOR, 
╔ÁDeferBlockBehavior, ╔ÁDeferBlockState, ╔ÁEffectScheduler, ╔ÁIMAGE_CONFIG, ╔ÁIMAGE_CONFIG_DEFAULTS, ╔ÁINJECTOR_SCOPE, 
╔ÁINPUT_SIGNAL_BRAND_WRITE_TYPE, ╔ÁINTERNAL_APPLICATION_ERROR_HANDLER, ╔ÁIS_HYDRATION_DOM_REUSE_ENABLED, 
╔ÁJSACTION_EVENT_CONTRACT, ╔ÁLContext, ╔ÁLifecycleHooksFeature, ╔ÁLocaleDataIndex, ╔ÁNG_COMP_DEF, ╔ÁNG_DIR_DEF, 
╔ÁNG_ELEMENT_ID, ╔ÁNG_INJ_DEF, ╔ÁNG_MOD_DEF, ╔ÁNG_PIPE_DEF, ╔ÁNG_PROV_DEF, ╔ÁNOT_FOUND_CHECK_ONLY_ELEMENT_INJECTOR, 
╔ÁNO_CHANGE, ╔ÁNgModuleFactory, ╔ÁNoopNgZone, ╔ÁPROVIDED_NG_ZONE, ╔ÁPendingTasks, ╔ÁReflectionCapabilities, 
╔ÁRender3ComponentFactory, ╔ÁRender3ComponentRef, ╔ÁRender3NgModuleRef, ╔ÁRuntimeError, ╔ÁSIGNAL, 
╔ÁSSR_CONTENT_INTEGRITY_MARKER, ╔ÁTESTABILITY, ╔ÁTESTABILITY_GETTER, ╔ÁUSE_RUNTIME_DEPS_TRACKER_FOR_JIT, ╔ÁViewRef, 
╔ÁXSS_SECURITY_URL, ╔ÁZONELESS_ENABLED, ╔Á_sanitizeHtml, ╔Á_sanitizeUrl, ╔ÁallowSanitizationBypassAndThrow, 
╔ÁannotateForHydration, ╔ÁbypassSanitizationTrustHtml, ╔ÁbypassSanitizationTrustResourceUrl, 
╔ÁbypassSanitizationTrustScript, ╔ÁbypassSanitizationTrustStyle, ╔ÁbypassSanitizationTrustUrl, 
╔ÁclearResolutionOfComponentResourcesQueue, ╔ÁcompileComponent, ╔ÁcompileDirective, ╔ÁcompileNgModule, 
╔ÁcompileNgModuleDefs, ╔ÁcompileNgModuleFactory, ╔ÁcompilePipe, ╔ÁconvertToBitFlags, ╔ÁcreateInjector, 
╔ÁdefaultIterableDiffers, ╔ÁdefaultKeyValueDiffers, ╔ÁdepsTracker, ╔ÁdetectChangesInViewIfRequired, ╔ÁdevModeEqual, 
╔ÁfindLocaleData, ╔ÁflushModuleScopingQueueAsMuchAsPossible, ╔ÁformatRuntimeError, 
╔ÁgenerateStandaloneInDeclarationsError, ╔ÁgetAsyncClassMetadataFn, ╔ÁgetDebugNode, ╔ÁgetDeferBlocks, ╔ÁgetDirectives, 
╔ÁgetHostElement, ╔ÁgetInjectableDef, ╔ÁgetLContext, ╔ÁgetLocaleCurrencyCode, ╔ÁgetLocalePluralCase, 
╔ÁgetOutputDestroyRef, ╔ÁgetSanitizationBypassType, ╔ÁgetUnknownElementStrictMode, ╔ÁgetUnknownPropertyStrictMode, 
╔Áglobal, ╔ÁinjectChangeDetectorRef, ╔ÁinternalCreateApplication, ╔ÁinternalProvideZoneChangeDetection, 
╔ÁisBoundToModule, ╔ÁisComponentDefPendingResolution, ╔ÁisEnvironmentProviders, ╔ÁisInjectable, ╔ÁisNgModule, 
╔ÁisPromise, ╔ÁisSubscribable, ╔ÁnoSideEffects, ╔ÁpatchComponentDefWithScope, ╔ÁperformanceMarkFeature, 
╔ÁreadHydrationInfo, ╔ÁregisterLocaleData, ╔ÁrenderDeferBlockState, ╔ÁresetCompiledComponents, ╔ÁresetJitOptions, 
╔ÁresolveComponentResources, ╔ÁrestoreComponentResolutionQueue, ╔ÁsetAllowDuplicateNgModuleIdsForTest, 
╔ÁsetAlternateWeakRefImpl, ╔ÁsetClassDebugInfo, ╔ÁsetClassMetadata, ╔ÁsetClassMetadataAsync, ╔ÁsetCurrentInjector, 
╔ÁsetDocument, ╔ÁsetInjectorProfilerContext, ╔ÁsetLocaleId, ╔ÁsetUnknownElementStrictMode, 
╔ÁsetUnknownPropertyStrictMode, ╔Ástore, ╔Ástringify, ╔ÁtransitiveScopesFor, ╔ÁtriggerResourceLoading, 
╔ÁtruncateMiddle, ╔ÁunregisterLocaleData, ╔ÁunwrapSafeValue, ╔ÁunwrapWritableSignal, ╔ÁwhenStable, ╔ÁwithDomHydration, 
╔ÁwithEventReplay, ╔ÁwithI18nSupport, ╔Á╔ÁCopyDefinitionFeature, ╔Á╔ÁFactoryTarget, ╔Á╔ÁHostDirectivesFeature, 
╔Á╔ÁInheritDefinitionFeature, ╔Á╔ÁInputTransformsFeature, ╔Á╔ÁNgOnChangesFeature, ╔Á╔ÁProvidersFeature, 
╔Á╔ÁStandaloneFeature, ╔Á╔Áadvance, ╔Á╔Áattribute, ╔Á╔ÁattributeInterpolate1, ╔Á╔ÁattributeInterpolate2, 
╔Á╔ÁattributeInterpolate3, ╔Á╔ÁattributeInterpolate4, ╔Á╔ÁattributeInterpolate5, ╔Á╔ÁattributeInterpolate6, 
╔Á╔ÁattributeInterpolate7, ╔Á╔ÁattributeInterpolate8, ╔Á╔ÁattributeInterpolateV, ╔Á╔ÁclassMap, 
╔Á╔ÁclassMapInterpolate1, ╔Á╔ÁclassMapInterpolate2, ╔Á╔ÁclassMapInterpolate3, ╔Á╔ÁclassMapInterpolate4, 
╔Á╔ÁclassMapInterpolate5, ╔Á╔ÁclassMapInterpolate6, ╔Á╔ÁclassMapInterpolate7, ╔Á╔ÁclassMapInterpolate8, 
╔Á╔ÁclassMapInterpolateV, ╔Á╔ÁclassProp, ╔Á╔ÁcomponentInstance, ╔Á╔Áconditional, ╔Á╔ÁcontentQuery, 
╔Á╔ÁcontentQuerySignal, ╔Á╔ÁdeclareLet, ╔Á╔Ádefer, ╔Á╔ÁdeferEnableTimerScheduling, ╔Á╔ÁdeferOnHover, ╔Á╔ÁdeferOnIdle, 
╔Á╔ÁdeferOnImmediate, ╔Á╔ÁdeferOnInteraction, ╔Á╔ÁdeferOnTimer, ╔Á╔ÁdeferOnViewport, ╔Á╔ÁdeferPrefetchOnHover, 
╔Á╔ÁdeferPrefetchOnIdle, ╔Á╔ÁdeferPrefetchOnImmediate, ╔Á╔ÁdeferPrefetchOnInteraction, ╔Á╔ÁdeferPrefetchOnTimer, 
╔Á╔ÁdeferPrefetchOnViewport, ╔Á╔ÁdeferPrefetchWhen, ╔Á╔ÁdeferWhen, ╔Á╔ÁdefineComponent, ╔Á╔ÁdefineDirective, 
╔Á╔ÁdefineInjectable, ╔Á╔ÁdefineInjector, ╔Á╔ÁdefineNgModule, ╔Á╔ÁdefinePipe, ╔Á╔ÁdirectiveInject, 
╔Á╔ÁdisableBindings, ╔Á╔Áelement, ╔Á╔ÁelementContainer, ╔Á╔ÁelementContainerEnd, ╔Á╔ÁelementContainerStart, 
╔Á╔ÁelementEnd, ╔Á╔ÁelementStart, ╔Á╔ÁenableBindings, ╔Á╔ÁgetComponentDepsFactory, ╔Á╔ÁgetCurrentView, 
╔Á╔ÁgetInheritedFactory, ╔Á╔ÁhostProperty, ╔Á╔Ái18n, ╔Á╔Ái18nApply, ╔Á╔Ái18nAttributes, ╔Á╔Ái18nEnd, ╔Á╔Ái18nExp, 
╔Á╔Ái18nPostprocess, ╔Á╔Ái18nStart, ╔Á╔Áinject, ╔Á╔ÁinjectAttribute, ╔Á╔ÁinvalidFactory, ╔Á╔ÁinvalidFactoryDep, 
╔Á╔Álistener, ╔Á╔ÁloadQuery, ╔Á╔ÁnamespaceHTML, ╔Á╔ÁnamespaceMathML, ╔Á╔ÁnamespaceSVG, ╔Á╔ÁnextContext, 
╔Á╔ÁngDeclareClassMetadata, ╔Á╔ÁngDeclareClassMetadataAsync, ╔Á╔ÁngDeclareComponent, ╔Á╔ÁngDeclareDirective, 
╔Á╔ÁngDeclareFactory, ╔Á╔ÁngDeclareInjectable, ╔Á╔ÁngDeclareInjector, ╔Á╔ÁngDeclareNgModule, ╔Á╔ÁngDeclarePipe, 
╔Á╔Ápipe, ╔Á╔ÁpipeBind1, ╔Á╔ÁpipeBind2, ╔Á╔ÁpipeBind3, ╔Á╔ÁpipeBind4, ╔Á╔ÁpipeBindV, ╔Á╔Áprojection, 
╔Á╔ÁprojectionDef, ╔Á╔Áproperty, ╔Á╔ÁpropertyInterpolate, ╔Á╔ÁpropertyInterpolate1, ╔Á╔ÁpropertyInterpolate2, 
╔Á╔ÁpropertyInterpolate3, ╔Á╔ÁpropertyInterpolate4, ╔Á╔ÁpropertyInterpolate5, ╔Á╔ÁpropertyInterpolate6, 
╔Á╔ÁpropertyInterpolate7, ╔Á╔ÁpropertyInterpolate8, ╔Á╔ÁpropertyInterpolateV, ╔Á╔ÁpureFunction0, ╔Á╔ÁpureFunction1, 
╔Á╔ÁpureFunction2, ╔Á╔ÁpureFunction3, ╔Á╔ÁpureFunction4, ╔Á╔ÁpureFunction5, ╔Á╔ÁpureFunction6, ╔Á╔ÁpureFunction7, 
╔Á╔ÁpureFunction8, ╔Á╔ÁpureFunctionV, ╔Á╔ÁqueryAdvance, ╔Á╔ÁqueryRefresh, ╔Á╔ÁreadContextLet, ╔Á╔Áreference, 
╔Á╔ÁregisterNgModuleType, ╔Á╔Árepeater, ╔Á╔ÁrepeaterCreate, ╔Á╔ÁrepeaterTrackByIdentity, ╔Á╔ÁrepeaterTrackByIndex, 
╔Á╔ÁresetView, ╔Á╔ÁresolveBody, ╔Á╔ÁresolveDocument, ╔Á╔ÁresolveWindow, ╔Á╔ÁrestoreView, ╔Á╔ÁsanitizeHtml, 
╔Á╔ÁsanitizeResourceUrl, ╔Á╔ÁsanitizeScript, ╔Á╔ÁsanitizeStyle, ╔Á╔ÁsanitizeUrl, ╔Á╔ÁsanitizeUrlOrResourceUrl, 
╔Á╔ÁsetComponentScope, ╔Á╔ÁsetNgModuleScope, ╔Á╔ÁstoreLet, ╔Á╔ÁstyleMap, ╔Á╔ÁstyleMapInterpolate1, 
╔Á╔ÁstyleMapInterpolate2, ╔Á╔ÁstyleMapInterpolate3, ╔Á╔ÁstyleMapInterpolate4, ╔Á╔ÁstyleMapInterpolate5, 
╔Á╔ÁstyleMapInterpolate6, ╔Á╔ÁstyleMapInterpolate7, ╔Á╔ÁstyleMapInterpolate8, ╔Á╔ÁstyleMapInterpolateV, ╔Á╔ÁstyleProp, 
╔Á╔ÁstylePropInterpolate1, ╔Á╔ÁstylePropInterpolate2, ╔Á╔ÁstylePropInterpolate3, ╔Á╔ÁstylePropInterpolate4, 
╔Á╔ÁstylePropInterpolate5, ╔Á╔ÁstylePropInterpolate6, ╔Á╔ÁstylePropInterpolate7, ╔Á╔ÁstylePropInterpolate8, 
╔Á╔ÁstylePropInterpolateV, ╔Á╔ÁsyntheticHostListener, ╔Á╔ÁsyntheticHostProperty, ╔Á╔Átemplate, 
╔Á╔ÁtemplateRefExtractor, ╔Á╔Átext, ╔Á╔ÁtextInterpolate, ╔Á╔ÁtextInterpolate1, ╔Á╔ÁtextInterpolate2, 
╔Á╔ÁtextInterpolate3, ╔Á╔ÁtextInterpolate4, ╔Á╔ÁtextInterpolate5, ╔Á╔ÁtextInterpolate6, ╔Á╔ÁtextInterpolate7, 
╔Á╔ÁtextInterpolate8, ╔Á╔ÁtextInterpolateV, ╔Á╔ÁtrustConstantHtml, ╔Á╔ÁtrustConstantResourceUrl, ╔Á╔ÁtwoWayBindingSet, 
╔Á╔ÁtwoWayListener, ╔Á╔ÁtwoWayProperty, ╔Á╔ÁvalidateIframeAttribute, ╔Á╔ÁviewQuery, ╔Á╔ÁviewQuerySignal)

../node_modules/@angular/material/fesm2022/select.mjs:1132:36-78 - Error: export '╔Á╔ÁInputFlags' (imported as 'i0') 
was not found in '@angular/core' (possible exports: ANIMATION_MODULE_TYPE, APP_BOOTSTRAP_LISTENER, APP_ID, 
APP_INITIALIZER, AfterRenderPhase, ApplicationInitStatus, ApplicationModule, ApplicationRef, Attribute, 
COMPILER_OPTIONS, CSP_NONCE, CUSTOM_ELEMENTS_SCHEMA, ChangeDetectionStrategy, ChangeDetectorRef, Compiler, 
CompilerFactory, Component, ComponentFactory, ComponentFactoryResolver, ComponentRef, ContentChild, ContentChildren, 
DEFAULT_CURRENCY_CODE, DebugElement, DebugEventListener, DebugNode, DefaultIterableDiffer, DestroyRef, Directive, 
ENVIRONMENT_INITIALIZER, ElementRef, EmbeddedViewRef, EnvironmentInjector, ErrorHandler, EventEmitter, 
ExperimentalPendingTasks, HOST_TAG_NAME, Host, HostAttributeToken, HostBinding, HostListener, INJECTOR, Inject, 
InjectFlags, Injectable, InjectionToken, Injector, Input, IterableDiffers, KeyValueDiffers, LOCALE_ID, 
MissingTranslationStrategy, ModuleWithComponentFactories, NO_ERRORS_SCHEMA, NgModule, NgModuleFactory, NgModuleRef, 
NgProbeToken, NgZone, Optional, Output, OutputEmitterRef, PACKAGE_ROOT_URL, PLATFORM_ID, PLATFORM_INITIALIZER, Pipe, 
PlatformRef, Query, QueryList, Renderer2, RendererFactory2, RendererStyleFlags2, Sanitizer, SecurityContext, Self, 
SimpleChange, SkipSelf, TRANSLATIONS, TRANSLATIONS_FORMAT, TemplateRef, Testability, TestabilityRegistry, 
TransferState, Type, VERSION, Version, ViewChild, ViewChildren, ViewContainerRef, ViewEncapsulation, ViewRef, 
afterNextRender, afterRender, asNativeElements, assertInInjectionContext, assertNotInReactiveContext, assertPlatform, 
booleanAttribute, computed, contentChild, contentChildren, createComponent, createEnvironmentInjector, createNgModule, 
createNgModuleRef, createPlatform, createPlatformFactory, defineInjectable, destroyPlatform, effect, enableProdMode, 
forwardRef, getDebugNode, getModuleFactory, getNgModuleById, getPlatform, importProvidersFrom, inject, input, 
isDevMode, isSignal, isStandalone, makeEnvironmentProviders, makeStateKey, mergeApplicationConfig, model, 
numberAttribute, output, platformCore, provideExperimentalCheckNoChangesForDebug, 
provideExperimentalZonelessChangeDetection, provideZoneChangeDetection, reflectComponentType, resolveForwardRef, 
runInInjectionContext, setTestabilityGetter, signal, untracked, viewChild, viewChildren, ╔ÁALLOW_MULTIPLE_PLATFORMS, 
╔ÁAfterRenderManager, ╔ÁCONTAINER_HEADER_OFFSET, ╔ÁChangeDetectionScheduler, ╔ÁChangeDetectionSchedulerImpl, 
╔ÁComponentFactory, ╔ÁConsole, ╔ÁDEFAULT_LOCALE_ID, ╔ÁDEFER_BLOCK_CONFIG, ╔ÁDEFER_BLOCK_DEPENDENCY_INTERCEPTOR, 
╔ÁDeferBlockBehavior, ╔ÁDeferBlockState, ╔ÁEffectScheduler, ╔ÁIMAGE_CONFIG, ╔ÁIMAGE_CONFIG_DEFAULTS, ╔ÁINJECTOR_SCOPE, 
╔ÁINPUT_SIGNAL_BRAND_WRITE_TYPE, ╔ÁINTERNAL_APPLICATION_ERROR_HANDLER, ╔ÁIS_HYDRATION_DOM_REUSE_ENABLED, 
╔ÁJSACTION_EVENT_CONTRACT, ╔ÁLContext, ╔ÁLifecycleHooksFeature, ╔ÁLocaleDataIndex, ╔ÁNG_COMP_DEF, ╔ÁNG_DIR_DEF, 
╔ÁNG_ELEMENT_ID, ╔ÁNG_INJ_DEF, ╔ÁNG_MOD_DEF, ╔ÁNG_PIPE_DEF, ╔ÁNG_PROV_DEF, ╔ÁNOT_FOUND_CHECK_ONLY_ELEMENT_INJECTOR, 
╔ÁNO_CHANGE, ╔ÁNgModuleFactory, ╔ÁNoopNgZone, ╔ÁPROVIDED_NG_ZONE, ╔ÁPendingTasks, ╔ÁReflectionCapabilities, 
╔ÁRender3ComponentFactory, ╔ÁRender3ComponentRef, ╔ÁRender3NgModuleRef, ╔ÁRuntimeError, ╔ÁSIGNAL, 
╔ÁSSR_CONTENT_INTEGRITY_MARKER, ╔ÁTESTABILITY, ╔ÁTESTABILITY_GETTER, ╔ÁUSE_RUNTIME_DEPS_TRACKER_FOR_JIT, ╔ÁViewRef, 
╔ÁXSS_SECURITY_URL, ╔ÁZONELESS_ENABLED, ╔Á_sanitizeHtml, ╔Á_sanitizeUrl, ╔ÁallowSanitizationBypassAndThrow, 
╔ÁannotateForHydration, ╔ÁbypassSanitizationTrustHtml, ╔ÁbypassSanitizationTrustResourceUrl, 
╔ÁbypassSanitizationTrustScript, ╔ÁbypassSanitizationTrustStyle, ╔ÁbypassSanitizationTrustUrl, 
╔ÁclearResolutionOfComponentResourcesQueue, ╔ÁcompileComponent, ╔ÁcompileDirective, ╔ÁcompileNgModule, 
╔ÁcompileNgModuleDefs, ╔ÁcompileNgModuleFactory, ╔ÁcompilePipe, ╔ÁconvertToBitFlags, ╔ÁcreateInjector, 
╔ÁdefaultIterableDiffers, ╔ÁdefaultKeyValueDiffers, ╔ÁdepsTracker, ╔ÁdetectChangesInViewIfRequired, ╔ÁdevModeEqual, 
╔ÁfindLocaleData, ╔ÁflushModuleScopingQueueAsMuchAsPossible, ╔ÁformatRuntimeError, 
╔ÁgenerateStandaloneInDeclarationsError, ╔ÁgetAsyncClassMetadataFn, ╔ÁgetDebugNode, ╔ÁgetDeferBlocks, ╔ÁgetDirectives, 
╔ÁgetHostElement, ╔ÁgetInjectableDef, ╔ÁgetLContext, ╔ÁgetLocaleCurrencyCode, ╔ÁgetLocalePluralCase, 
╔ÁgetOutputDestroyRef, ╔ÁgetSanitizationBypassType, ╔ÁgetUnknownElementStrictMode, ╔ÁgetUnknownPropertyStrictMode, 
╔Áglobal, ╔ÁinjectChangeDetectorRef, ╔ÁinternalCreateApplication, ╔ÁinternalProvideZoneChangeDetection, 
╔ÁisBoundToModule, ╔ÁisComponentDefPendingResolution, ╔ÁisEnvironmentProviders, ╔ÁisInjectable, ╔ÁisNgModule, 
╔ÁisPromise, ╔ÁisSubscribable, ╔ÁnoSideEffects, ╔ÁpatchComponentDefWithScope, ╔ÁperformanceMarkFeature, 
╔ÁreadHydrationInfo, ╔ÁregisterLocaleData, ╔ÁrenderDeferBlockState, ╔ÁresetCompiledComponents, ╔ÁresetJitOptions, 
╔ÁresolveComponentResources, ╔ÁrestoreComponentResolutionQueue, ╔ÁsetAllowDuplicateNgModuleIdsForTest, 
╔ÁsetAlternateWeakRefImpl, ╔ÁsetClassDebugInfo, ╔ÁsetClassMetadata, ╔ÁsetClassMetadataAsync, ╔ÁsetCurrentInjector, 
╔ÁsetDocument, ╔ÁsetInjectorProfilerContext, ╔ÁsetLocaleId, ╔ÁsetUnknownElementStrictMode, 
╔ÁsetUnknownPropertyStrictMode, ╔Ástore, ╔Ástringify, ╔ÁtransitiveScopesFor, ╔ÁtriggerResourceLoading, 
╔ÁtruncateMiddle, ╔ÁunregisterLocaleData, ╔ÁunwrapSafeValue, ╔ÁunwrapWritableSignal, ╔ÁwhenStable, ╔ÁwithDomHydration, 
╔ÁwithEventReplay, ╔ÁwithI18nSupport, ╔Á╔ÁCopyDefinitionFeature, ╔Á╔ÁFactoryTarget, ╔Á╔ÁHostDirectivesFeature, 
╔Á╔ÁInheritDefinitionFeature, ╔Á╔ÁInputTransformsFeature, ╔Á╔ÁNgOnChangesFeature, ╔Á╔ÁProvidersFeature, 
╔Á╔ÁStandaloneFeature, ╔Á╔Áadvance, ╔Á╔Áattribute, ╔Á╔ÁattributeInterpolate1, ╔Á╔ÁattributeInterpolate2, 
╔Á╔ÁattributeInterpolate3, ╔Á╔ÁattributeInterpolate4, ╔Á╔ÁattributeInterpolate5, ╔Á╔ÁattributeInterpolate6, 
╔Á╔ÁattributeInterpolate7, ╔Á╔ÁattributeInterpolate8, ╔Á╔ÁattributeInterpolateV, ╔Á╔ÁclassMap, 
╔Á╔ÁclassMapInterpolate1, ╔Á╔ÁclassMapInterpolate2, ╔Á╔ÁclassMapInterpolate3, ╔Á╔ÁclassMapInterpolate4, 
╔Á╔ÁclassMapInterpolate5, ╔Á╔ÁclassMapInterpolate6, ╔Á╔ÁclassMapInterpolate7, ╔Á╔ÁclassMapInterpolate8, 
╔Á╔ÁclassMapInterpolateV, ╔Á╔ÁclassProp, ╔Á╔ÁcomponentInstance, ╔Á╔Áconditional, ╔Á╔ÁcontentQuery, 
╔Á╔ÁcontentQuerySignal, ╔Á╔ÁdeclareLet, ╔Á╔Ádefer, ╔Á╔ÁdeferEnableTimerScheduling, ╔Á╔ÁdeferOnHover, ╔Á╔ÁdeferOnIdle, 
╔Á╔ÁdeferOnImmediate, ╔Á╔ÁdeferOnInteraction, ╔Á╔ÁdeferOnTimer, ╔Á╔ÁdeferOnViewport, ╔Á╔ÁdeferPrefetchOnHover, 
╔Á╔ÁdeferPrefetchOnIdle, ╔Á╔ÁdeferPrefetchOnImmediate, ╔Á╔ÁdeferPrefetchOnInteraction, ╔Á╔ÁdeferPrefetchOnTimer, 
╔Á╔ÁdeferPrefetchOnViewport, ╔Á╔ÁdeferPrefetchWhen, ╔Á╔ÁdeferWhen, ╔Á╔ÁdefineComponent, ╔Á╔ÁdefineDirective, 
╔Á╔ÁdefineInjectable, ╔Á╔ÁdefineInjector, ╔Á╔ÁdefineNgModule, ╔Á╔ÁdefinePipe, ╔Á╔ÁdirectiveInject, 
╔Á╔ÁdisableBindings, ╔Á╔Áelement, ╔Á╔ÁelementContainer, ╔Á╔ÁelementContainerEnd, ╔Á╔ÁelementContainerStart, 
╔Á╔ÁelementEnd, ╔Á╔ÁelementStart, ╔Á╔ÁenableBindings, ╔Á╔ÁgetComponentDepsFactory, ╔Á╔ÁgetCurrentView, 
╔Á╔ÁgetInheritedFactory, ╔Á╔ÁhostProperty, ╔Á╔Ái18n, ╔Á╔Ái18nApply, ╔Á╔Ái18nAttributes, ╔Á╔Ái18nEnd, ╔Á╔Ái18nExp, 
╔Á╔Ái18nPostprocess, ╔Á╔Ái18nStart, ╔Á╔Áinject, ╔Á╔ÁinjectAttribute, ╔Á╔ÁinvalidFactory, ╔Á╔ÁinvalidFactoryDep, 
╔Á╔Álistener, ╔Á╔ÁloadQuery, ╔Á╔ÁnamespaceHTML, ╔Á╔ÁnamespaceMathML, ╔Á╔ÁnamespaceSVG, ╔Á╔ÁnextContext, 
╔Á╔ÁngDeclareClassMetadata, ╔Á╔ÁngDeclareClassMetadataAsync, ╔Á╔ÁngDeclareComponent, ╔Á╔ÁngDeclareDirective, 
╔Á╔ÁngDeclareFactory, ╔Á╔ÁngDeclareInjectable, ╔Á╔ÁngDeclareInjector, ╔Á╔ÁngDeclareNgModule, ╔Á╔ÁngDeclarePipe, 
╔Á╔Ápipe, ╔Á╔ÁpipeBind1, ╔Á╔ÁpipeBind2, ╔Á╔ÁpipeBind3, ╔Á╔ÁpipeBind4, ╔Á╔ÁpipeBindV, ╔Á╔Áprojection, 
╔Á╔ÁprojectionDef, ╔Á╔Áproperty, ╔Á╔ÁpropertyInterpolate, ╔Á╔ÁpropertyInterpolate1, ╔Á╔ÁpropertyInterpolate2, 
╔Á╔ÁpropertyInterpolate3, ╔Á╔ÁpropertyInterpolate4, ╔Á╔ÁpropertyInterpolate5, ╔Á╔ÁpropertyInterpolate6, 
╔Á╔ÁpropertyInterpolate7, ╔Á╔ÁpropertyInterpolate8, ╔Á╔ÁpropertyInterpolateV, ╔Á╔ÁpureFunction0, ╔Á╔ÁpureFunction1, 
╔Á╔ÁpureFunction2, ╔Á╔ÁpureFunction3, ╔Á╔ÁpureFunction4, ╔Á╔ÁpureFunction5, ╔Á╔ÁpureFunction6, ╔Á╔ÁpureFunction7, 
╔Á╔ÁpureFunction8, ╔Á╔ÁpureFunctionV, ╔Á╔ÁqueryAdvance, ╔Á╔ÁqueryRefresh, ╔Á╔ÁreadContextLet, ╔Á╔Áreference, 
╔Á╔ÁregisterNgModuleType, ╔Á╔Árepeater, ╔Á╔ÁrepeaterCreate, ╔Á╔ÁrepeaterTrackByIdentity, ╔Á╔ÁrepeaterTrackByIndex, 
╔Á╔ÁresetView, ╔Á╔ÁresolveBody, ╔Á╔ÁresolveDocument, ╔Á╔ÁresolveWindow, ╔Á╔ÁrestoreView, ╔Á╔ÁsanitizeHtml, 
╔Á╔ÁsanitizeResourceUrl, ╔Á╔ÁsanitizeScript, ╔Á╔ÁsanitizeStyle, ╔Á╔ÁsanitizeUrl, ╔Á╔ÁsanitizeUrlOrResourceUrl, 
╔Á╔ÁsetComponentScope, ╔Á╔ÁsetNgModuleScope, ╔Á╔ÁstoreLet, ╔Á╔ÁstyleMap, ╔Á╔ÁstyleMapInterpolate1, 
╔Á╔ÁstyleMapInterpolate2, ╔Á╔ÁstyleMapInterpolate3, ╔Á╔ÁstyleMapInterpolate4, ╔Á╔ÁstyleMapInterpolate5, 
╔Á╔ÁstyleMapInterpolate6, ╔Á╔ÁstyleMapInterpolate7, ╔Á╔ÁstyleMapInterpolate8, ╔Á╔ÁstyleMapInterpolateV, ╔Á╔ÁstyleProp, 
╔Á╔ÁstylePropInterpolate1, ╔Á╔ÁstylePropInterpolate2, ╔Á╔ÁstylePropInterpolate3, ╔Á╔ÁstylePropInterpolate4, 
╔Á╔ÁstylePropInterpolate5, ╔Á╔ÁstylePropInterpolate6, ╔Á╔ÁstylePropInterpolate7, ╔Á╔ÁstylePropInterpolate8, 
╔Á╔ÁstylePropInterpolateV, ╔Á╔ÁsyntheticHostListener, ╔Á╔ÁsyntheticHostProperty, ╔Á╔Átemplate, 
╔Á╔ÁtemplateRefExtractor, ╔Á╔Átext, ╔Á╔ÁtextInterpolate, ╔Á╔ÁtextInterpolate1, ╔Á╔ÁtextInterpolate2, 
╔Á╔ÁtextInterpolate3, ╔Á╔ÁtextInterpolate4, ╔Á╔ÁtextInterpolate5, ╔Á╔ÁtextInterpolate6, ╔Á╔ÁtextInterpolate7, 
╔Á╔ÁtextInterpolate8, ╔Á╔ÁtextInterpolateV, ╔Á╔ÁtrustConstantHtml, ╔Á╔ÁtrustConstantResourceUrl, ╔Á╔ÁtwoWayBindingSet, 
╔Á╔ÁtwoWayListener, ╔Á╔ÁtwoWayProperty, ╔Á╔ÁvalidateIframeAttribute, ╔Á╔ÁviewQuery, ╔Á╔ÁviewQuerySignal)

../node_modules/@angular/material/fesm2022/tooltip.mjs:659:19-39 - Error: export '╔Á╔ÁInputFlags' (imported as 'i0') 
was not found in '@angular/core' (possible exports: ANIMATION_MODULE_TYPE, APP_BOOTSTRAP_LISTENER, APP_ID, 
APP_INITIALIZER, AfterRenderPhase, ApplicationInitStatus, ApplicationModule, ApplicationRef, Attribute, 
COMPILER_OPTIONS, CSP_NONCE, CUSTOM_ELEMENTS_SCHEMA, ChangeDetectionStrategy, ChangeDetectorRef, Compiler, 
CompilerFactory, Component, ComponentFactory, ComponentFactoryResolver, ComponentRef, ContentChild, ContentChildren, 
DEFAULT_CURRENCY_CODE, DebugElement, DebugEventListener, DebugNode, DefaultIterableDiffer, DestroyRef, Directive, 
ENVIRONMENT_INITIALIZER, ElementRef, EmbeddedViewRef, EnvironmentInjector, ErrorHandler, EventEmitter, 
ExperimentalPendingTasks, HOST_TAG_NAME, Host, HostAttributeToken, HostBinding, HostListener, INJECTOR, Inject, 
InjectFlags, Injectable, InjectionToken, Injector, Input, IterableDiffers, KeyValueDiffers, LOCALE_ID, 
MissingTranslationStrategy, ModuleWithComponentFactories, NO_ERRORS_SCHEMA, NgModule, NgModuleFactory, NgModuleRef, 
NgProbeToken, NgZone, Optional, Output, OutputEmitterRef, PACKAGE_ROOT_URL, PLATFORM_ID, PLATFORM_INITIALIZER, Pipe, 
PlatformRef, Query, QueryList, Renderer2, RendererFactory2, RendererStyleFlags2, Sanitizer, SecurityContext, Self, 
SimpleChange, SkipSelf, TRANSLATIONS, TRANSLATIONS_FORMAT, TemplateRef, Testability, TestabilityRegistry, 
TransferState, Type, VERSION, Version, ViewChild, ViewChildren, ViewContainerRef, ViewEncapsulation, ViewRef, 
afterNextRender, afterRender, asNativeElements, assertInInjectionContext, assertNotInReactiveContext, assertPlatform, 
booleanAttribute, computed, contentChild, contentChildren, createComponent, createEnvironmentInjector, createNgModule, 
createNgModuleRef, createPlatform, createPlatformFactory, defineInjectable, destroyPlatform, effect, enableProdMode, 
forwardRef, getDebugNode, getModuleFactory, getNgModuleById, getPlatform, importProvidersFrom, inject, input, 
isDevMode, isSignal, isStandalone, makeEnvironmentProviders, makeStateKey, mergeApplicationConfig, model, 
numberAttribute, output, platformCore, provideExperimentalCheckNoChangesForDebug, 
provideExperimentalZonelessChangeDetection, provideZoneChangeDetection, reflectComponentType, resolveForwardRef, 
runInInjectionContext, setTestabilityGetter, signal, untracked, viewChild, viewChildren, ╔ÁALLOW_MULTIPLE_PLATFORMS, 
╔ÁAfterRenderManager, ╔ÁCONTAINER_HEADER_OFFSET, ╔ÁChangeDetectionScheduler, ╔ÁChangeDetectionSchedulerImpl, 
╔ÁComponentFactory, ╔ÁConsole, ╔ÁDEFAULT_LOCALE_ID, ╔ÁDEFER_BLOCK_CONFIG, ╔ÁDEFER_BLOCK_DEPENDENCY_INTERCEPTOR, 
╔ÁDeferBlockBehavior, ╔ÁDeferBlockState, ╔ÁEffectScheduler, ╔ÁIMAGE_CONFIG, ╔ÁIMAGE_CONFIG_DEFAULTS, ╔ÁINJECTOR_SCOPE, 
╔ÁINPUT_SIGNAL_BRAND_WRITE_TYPE, ╔ÁINTERNAL_APPLICATION_ERROR_HANDLER, ╔ÁIS_HYDRATION_DOM_REUSE_ENABLED, 
╔ÁJSACTION_EVENT_CONTRACT, ╔ÁLContext, ╔ÁLifecycleHooksFeature, ╔ÁLocaleDataIndex, ╔ÁNG_COMP_DEF, ╔ÁNG_DIR_DEF, 
╔ÁNG_ELEMENT_ID, ╔ÁNG_INJ_DEF, ╔ÁNG_MOD_DEF, ╔ÁNG_PIPE_DEF, ╔ÁNG_PROV_DEF, ╔ÁNOT_FOUND_CHECK_ONLY_ELEMENT_INJECTOR, 
╔ÁNO_CHANGE, ╔ÁNgModuleFactory, ╔ÁNoopNgZone, ╔ÁPROVIDED_NG_ZONE, ╔ÁPendingTasks, ╔ÁReflectionCapabilities, 
╔ÁRender3ComponentFactory, ╔ÁRender3ComponentRef, ╔ÁRender3NgModuleRef, ╔ÁRuntimeError, ╔ÁSIGNAL, 
╔ÁSSR_CONTENT_INTEGRITY_MARKER, ╔ÁTESTABILITY, ╔ÁTESTABILITY_GETTER, ╔ÁUSE_RUNTIME_DEPS_TRACKER_FOR_JIT, ╔ÁViewRef, 
╔ÁXSS_SECURITY_URL, ╔ÁZONELESS_ENABLED, ╔Á_sanitizeHtml, ╔Á_sanitizeUrl, ╔ÁallowSanitizationBypassAndThrow, 
╔ÁannotateForHydration, ╔ÁbypassSanitizationTrustHtml, ╔ÁbypassSanitizationTrustResourceUrl, 
╔ÁbypassSanitizationTrustScript, ╔ÁbypassSanitizationTrustStyle, ╔ÁbypassSanitizationTrustUrl, 
╔ÁclearResolutionOfComponentResourcesQueue, ╔ÁcompileComponent, ╔ÁcompileDirective, ╔ÁcompileNgModule, 
╔ÁcompileNgModuleDefs, ╔ÁcompileNgModuleFactory, ╔ÁcompilePipe, ╔ÁconvertToBitFlags, ╔ÁcreateInjector, 
╔ÁdefaultIterableDiffers, ╔ÁdefaultKeyValueDiffers, ╔ÁdepsTracker, ╔ÁdetectChangesInViewIfRequired, ╔ÁdevModeEqual, 
╔ÁfindLocaleData, ╔ÁflushModuleScopingQueueAsMuchAsPossible, ╔ÁformatRuntimeError, 
╔ÁgenerateStandaloneInDeclarationsError, ╔ÁgetAsyncClassMetadataFn, ╔ÁgetDebugNode, ╔ÁgetDeferBlocks, ╔ÁgetDirectives, 
╔ÁgetHostElement, ╔ÁgetInjectableDef, ╔ÁgetLContext, ╔ÁgetLocaleCurrencyCode, ╔ÁgetLocalePluralCase, 
╔ÁgetOutputDestroyRef, ╔ÁgetSanitizationBypassType, ╔ÁgetUnknownElementStrictMode, ╔ÁgetUnknownPropertyStrictMode, 
╔Áglobal, ╔ÁinjectChangeDetectorRef, ╔ÁinternalCreateApplication, ╔ÁinternalProvideZoneChangeDetection, 
╔ÁisBoundToModule, ╔ÁisComponentDefPendingResolution, ╔ÁisEnvironmentProviders, ╔ÁisInjectable, ╔ÁisNgModule, 
╔ÁisPromise, ╔ÁisSubscribable, ╔ÁnoSideEffects, ╔ÁpatchComponentDefWithScope, ╔ÁperformanceMarkFeature, 
╔ÁreadHydrationInfo, ╔ÁregisterLocaleData, ╔ÁrenderDeferBlockState, ╔ÁresetCompiledComponents, ╔ÁresetJitOptions, 
╔ÁresolveComponentResources, ╔ÁrestoreComponentResolutionQueue, ╔ÁsetAllowDuplicateNgModuleIdsForTest, 
╔ÁsetAlternateWeakRefImpl, ╔ÁsetClassDebugInfo, ╔ÁsetClassMetadata, ╔ÁsetClassMetadataAsync, ╔ÁsetCurrentInjector, 
╔ÁsetDocument, ╔ÁsetInjectorProfilerContext, ╔ÁsetLocaleId, ╔ÁsetUnknownElementStrictMode, 
╔ÁsetUnknownPropertyStrictMode, ╔Ástore, ╔Ástringify, ╔ÁtransitiveScopesFor, ╔ÁtriggerResourceLoading, 
╔ÁtruncateMiddle, ╔ÁunregisterLocaleData, ╔ÁunwrapSafeValue, ╔ÁunwrapWritableSignal, ╔ÁwhenStable, ╔ÁwithDomHydration, 
╔ÁwithEventReplay, ╔ÁwithI18nSupport, ╔Á╔ÁCopyDefinitionFeature, ╔Á╔ÁFactoryTarget, ╔Á╔ÁHostDirectivesFeature, 
╔Á╔ÁInheritDefinitionFeature, ╔Á╔ÁInputTransformsFeature, ╔Á╔ÁNgOnChangesFeature, ╔Á╔ÁProvidersFeature, 
╔Á╔ÁStandaloneFeature, ╔Á╔Áadvance, ╔Á╔Áattribute, ╔Á╔ÁattributeInterpolate1, ╔Á╔ÁattributeInterpolate2, 
╔Á╔ÁattributeInterpolate3, ╔Á╔ÁattributeInterpolate4, ╔Á╔ÁattributeInterpolate5, ╔Á╔ÁattributeInterpolate6, 
╔Á╔ÁattributeInterpolate7, ╔Á╔ÁattributeInterpolate8, ╔Á╔ÁattributeInterpolateV, ╔Á╔ÁclassMap, 
╔Á╔ÁclassMapInterpolate1, ╔Á╔ÁclassMapInterpolate2, ╔Á╔ÁclassMapInterpolate3, ╔Á╔ÁclassMapInterpolate4, 
╔Á╔ÁclassMapInterpolate5, ╔Á╔ÁclassMapInterpolate6, ╔Á╔ÁclassMapInterpolate7, ╔Á╔ÁclassMapInterpolate8, 
╔Á╔ÁclassMapInterpolateV, ╔Á╔ÁclassProp, ╔Á╔ÁcomponentInstance, ╔Á╔Áconditional, ╔Á╔ÁcontentQuery, 
╔Á╔ÁcontentQuerySignal, ╔Á╔ÁdeclareLet, ╔Á╔Ádefer, ╔Á╔ÁdeferEnableTimerScheduling, ╔Á╔ÁdeferOnHover, ╔Á╔ÁdeferOnIdle, 
╔Á╔ÁdeferOnImmediate, ╔Á╔ÁdeferOnInteraction, ╔Á╔ÁdeferOnTimer, ╔Á╔ÁdeferOnViewport, ╔Á╔ÁdeferPrefetchOnHover, 
╔Á╔ÁdeferPrefetchOnIdle, ╔Á╔ÁdeferPrefetchOnImmediate, ╔Á╔ÁdeferPrefetchOnInteraction, ╔Á╔ÁdeferPrefetchOnTimer, 
╔Á╔ÁdeferPrefetchOnViewport, ╔Á╔ÁdeferPrefetchWhen, ╔Á╔ÁdeferWhen, ╔Á╔ÁdefineComponent, ╔Á╔ÁdefineDirective, 
╔Á╔ÁdefineInjectable, ╔Á╔ÁdefineInjector, ╔Á╔ÁdefineNgModule, ╔Á╔ÁdefinePipe, ╔Á╔ÁdirectiveInject, 
╔Á╔ÁdisableBindings, ╔Á╔Áelement, ╔Á╔ÁelementContainer, ╔Á╔ÁelementContainerEnd, ╔Á╔ÁelementContainerStart, 
╔Á╔ÁelementEnd, ╔Á╔ÁelementStart, ╔Á╔ÁenableBindings, ╔Á╔ÁgetComponentDepsFactory, ╔Á╔ÁgetCurrentView, 
╔Á╔ÁgetInheritedFactory, ╔Á╔ÁhostProperty, ╔Á╔Ái18n, ╔Á╔Ái18nApply, ╔Á╔Ái18nAttributes, ╔Á╔Ái18nEnd, ╔Á╔Ái18nExp, 
╔Á╔Ái18nPostprocess, ╔Á╔Ái18nStart, ╔Á╔Áinject, ╔Á╔ÁinjectAttribute, ╔Á╔ÁinvalidFactory, ╔Á╔ÁinvalidFactoryDep, 
╔Á╔Álistener, ╔Á╔ÁloadQuery, ╔Á╔ÁnamespaceHTML, ╔Á╔ÁnamespaceMathML, ╔Á╔ÁnamespaceSVG, ╔Á╔ÁnextContext, 
╔Á╔ÁngDeclareClassMetadata, ╔Á╔ÁngDeclareClassMetadataAsync, ╔Á╔ÁngDeclareComponent, ╔Á╔ÁngDeclareDirective, 
╔Á╔ÁngDeclareFactory, ╔Á╔ÁngDeclareInjectable, ╔Á╔ÁngDeclareInjector, ╔Á╔ÁngDeclareNgModule, ╔Á╔ÁngDeclarePipe, 
╔Á╔Ápipe, ╔Á╔ÁpipeBind1, ╔Á╔ÁpipeBind2, ╔Á╔ÁpipeBind3, ╔Á╔ÁpipeBind4, ╔Á╔ÁpipeBindV, ╔Á╔Áprojection, 
╔Á╔ÁprojectionDef, ╔Á╔Áproperty, ╔Á╔ÁpropertyInterpolate, ╔Á╔ÁpropertyInterpolate1, ╔Á╔ÁpropertyInterpolate2, 
╔Á╔ÁpropertyInterpolate3, ╔Á╔ÁpropertyInterpolate4, ╔Á╔ÁpropertyInterpolate5, ╔Á╔ÁpropertyInterpolate6, 
╔Á╔ÁpropertyInterpolate7, ╔Á╔ÁpropertyInterpolate8, ╔Á╔ÁpropertyInterpolateV, ╔Á╔ÁpureFunction0, ╔Á╔ÁpureFunction1, 
╔Á╔ÁpureFunction2, ╔Á╔ÁpureFunction3, ╔Á╔ÁpureFunction4, ╔Á╔ÁpureFunction5, ╔Á╔ÁpureFunction6, ╔Á╔ÁpureFunction7, 
╔Á╔ÁpureFunction8, ╔Á╔ÁpureFunctionV, ╔Á╔ÁqueryAdvance, ╔Á╔ÁqueryRefresh, ╔Á╔ÁreadContextLet, ╔Á╔Áreference, 
╔Á╔ÁregisterNgModuleType, ╔Á╔Árepeater, ╔Á╔ÁrepeaterCreate, ╔Á╔ÁrepeaterTrackByIdentity, ╔Á╔ÁrepeaterTrackByIndex, 
╔Á╔ÁresetView, ╔Á╔ÁresolveBody, ╔Á╔ÁresolveDocument, ╔Á╔ÁresolveWindow, ╔Á╔ÁrestoreView, ╔Á╔ÁsanitizeHtml, 
╔Á╔ÁsanitizeResourceUrl, ╔Á╔ÁsanitizeScript, ╔Á╔ÁsanitizeStyle, ╔Á╔ÁsanitizeUrl, ╔Á╔ÁsanitizeUrlOrResourceUrl, 
╔Á╔ÁsetComponentScope, ╔Á╔ÁsetNgModuleScope, ╔Á╔ÁstoreLet, ╔Á╔ÁstyleMap, ╔Á╔ÁstyleMapInterpolate1, 
╔Á╔ÁstyleMapInterpolate2, ╔Á╔ÁstyleMapInterpolate3, ╔Á╔ÁstyleMapInterpolate4, ╔Á╔ÁstyleMapInterpolate5, 
╔Á╔ÁstyleMapInterpolate6, ╔Á╔ÁstyleMapInterpolate7, ╔Á╔ÁstyleMapInterpolate8, ╔Á╔ÁstyleMapInterpolateV, ╔Á╔ÁstyleProp, 
╔Á╔ÁstylePropInterpolate1, ╔Á╔ÁstylePropInterpolate2, ╔Á╔ÁstylePropInterpolate3, ╔Á╔ÁstylePropInterpolate4, 
╔Á╔ÁstylePropInterpolate5, ╔Á╔ÁstylePropInterpolate6, ╔Á╔ÁstylePropInterpolate7, ╔Á╔ÁstylePropInterpolate8, 
╔Á╔ÁstylePropInterpolateV, ╔Á╔ÁsyntheticHostListener, ╔Á╔ÁsyntheticHostProperty, ╔Á╔Átemplate, 
╔Á╔ÁtemplateRefExtractor, ╔Á╔Átext, ╔Á╔ÁtextInterpolate, ╔Á╔ÁtextInterpolate1, ╔Á╔ÁtextInterpolate2, 
╔Á╔ÁtextInterpolate3, ╔Á╔ÁtextInterpolate4, ╔Á╔ÁtextInterpolate5, ╔Á╔ÁtextInterpolate6, ╔Á╔ÁtextInterpolate7, 
╔Á╔ÁtextInterpolate8, ╔Á╔ÁtextInterpolateV, ╔Á╔ÁtrustConstantHtml, ╔Á╔ÁtrustConstantResourceUrl, ╔Á╔ÁtwoWayBindingSet, 
╔Á╔ÁtwoWayListener, ╔Á╔ÁtwoWayProperty, ╔Á╔ÁvalidateIframeAttribute, ╔Á╔ÁviewQuery, ╔Á╔ÁviewQuerySignal)

../node_modules/@angular/material/fesm2022/tooltip.mjs:660:27-47 - Error: export '╔Á╔ÁInputFlags' (imported as 'i0') 
was not found in '@angular/core' (possible exports: ANIMATION_MODULE_TYPE, APP_BOOTSTRAP_LISTENER, APP_ID, 
APP_INITIALIZER, AfterRenderPhase, ApplicationInitStatus, ApplicationModule, ApplicationRef, Attribute, 
COMPILER_OPTIONS, CSP_NONCE, CUSTOM_ELEMENTS_SCHEMA, ChangeDetectionStrategy, ChangeDetectorRef, Compiler, 
CompilerFactory, Component, ComponentFactory, ComponentFactoryResolver, ComponentRef, ContentChild, ContentChildren, 
DEFAULT_CURRENCY_CODE, DebugElement, DebugEventListener, DebugNode, DefaultIterableDiffer, DestroyRef, Directive, 
ENVIRONMENT_INITIALIZER, ElementRef, EmbeddedViewRef, EnvironmentInjector, ErrorHandler, EventEmitter, 
ExperimentalPendingTasks, HOST_TAG_NAME, Host, HostAttributeToken, HostBinding, HostListener, INJECTOR, Inject, 
InjectFlags, Injectable, InjectionToken, Injector, Input, IterableDiffers, KeyValueDiffers, LOCALE_ID, 
MissingTranslationStrategy, ModuleWithComponentFactories, NO_ERRORS_SCHEMA, NgModule, NgModuleFactory, NgModuleRef, 
NgProbeToken, NgZone, Optional, Output, OutputEmitterRef, PACKAGE_ROOT_URL, PLATFORM_ID, PLATFORM_INITIALIZER, Pipe, 
PlatformRef, Query, QueryList, Renderer2, RendererFactory2, RendererStyleFlags2, Sanitizer, SecurityContext, Self, 
SimpleChange, SkipSelf, TRANSLATIONS, TRANSLATIONS_FORMAT, TemplateRef, Testability, TestabilityRegistry, 
TransferState, Type, VERSION, Version, ViewChild, ViewChildren, ViewContainerRef, ViewEncapsulation, ViewRef, 
afterNextRender, afterRender, asNativeElements, assertInInjectionContext, assertNotInReactiveContext, assertPlatform, 
booleanAttribute, computed, contentChild, contentChildren, createComponent, createEnvironmentInjector, createNgModule, 
createNgModuleRef, createPlatform, createPlatformFactory, defineInjectable, destroyPlatform, effect, enableProdMode, 
forwardRef, getDebugNode, getModuleFactory, getNgModuleById, getPlatform, importProvidersFrom, inject, input, 
isDevMode, isSignal, isStandalone, makeEnvironmentProviders, makeStateKey, mergeApplicationConfig, model, 
numberAttribute, output, platformCore, provideExperimentalCheckNoChangesForDebug, 
provideExperimentalZonelessChangeDetection, provideZoneChangeDetection, reflectComponentType, resolveForwardRef, 
runInInjectionContext, setTestabilityGetter, signal, untracked, viewChild, viewChildren, ╔ÁALLOW_MULTIPLE_PLATFORMS, 
╔ÁAfterRenderManager, ╔ÁCONTAINER_HEADER_OFFSET, ╔ÁChangeDetectionScheduler, ╔ÁChangeDetectionSchedulerImpl, 
╔ÁComponentFactory, ╔ÁConsole, ╔ÁDEFAULT_LOCALE_ID, ╔ÁDEFER_BLOCK_CONFIG, ╔ÁDEFER_BLOCK_DEPENDENCY_INTERCEPTOR, 
╔ÁDeferBlockBehavior, ╔ÁDeferBlockState, ╔ÁEffectScheduler, ╔ÁIMAGE_CONFIG, ╔ÁIMAGE_CONFIG_DEFAULTS, ╔ÁINJECTOR_SCOPE, 
╔ÁINPUT_SIGNAL_BRAND_WRITE_TYPE, ╔ÁINTERNAL_APPLICATION_ERROR_HANDLER, ╔ÁIS_HYDRATION_DOM_REUSE_ENABLED, 
╔ÁJSACTION_EVENT_CONTRACT, ╔ÁLContext, ╔ÁLifecycleHooksFeature, ╔ÁLocaleDataIndex, ╔ÁNG_COMP_DEF, ╔ÁNG_DIR_DEF, 
╔ÁNG_ELEMENT_ID, ╔ÁNG_INJ_DEF, ╔ÁNG_MOD_DEF, ╔ÁNG_PIPE_DEF, ╔ÁNG_PROV_DEF, ╔ÁNOT_FOUND_CHECK_ONLY_ELEMENT_INJECTOR, 
╔ÁNO_CHANGE, ╔ÁNgModuleFactory, ╔ÁNoopNgZone, ╔ÁPROVIDED_NG_ZONE, ╔ÁPendingTasks, ╔ÁReflectionCapabilities, 
╔ÁRender3ComponentFactory, ╔ÁRender3ComponentRef, ╔ÁRender3NgModuleRef, ╔ÁRuntimeError, ╔ÁSIGNAL, 
╔ÁSSR_CONTENT_INTEGRITY_MARKER, ╔ÁTESTABILITY, ╔ÁTESTABILITY_GETTER, ╔ÁUSE_RUNTIME_DEPS_TRACKER_FOR_JIT, ╔ÁViewRef, 
╔ÁXSS_SECURITY_URL, ╔ÁZONELESS_ENABLED, ╔Á_sanitizeHtml, ╔Á_sanitizeUrl, ╔ÁallowSanitizationBypassAndThrow, 
╔ÁannotateForHydration, ╔ÁbypassSanitizationTrustHtml, ╔ÁbypassSanitizationTrustResourceUrl, 
╔ÁbypassSanitizationTrustScript, ╔ÁbypassSanitizationTrustStyle, ╔ÁbypassSanitizationTrustUrl, 
╔ÁclearResolutionOfComponentResourcesQueue, ╔ÁcompileComponent, ╔ÁcompileDirective, ╔ÁcompileNgModule, 
╔ÁcompileNgModuleDefs, ╔ÁcompileNgModuleFactory, ╔ÁcompilePipe, ╔ÁconvertToBitFlags, ╔ÁcreateInjector, 
╔ÁdefaultIterableDiffers, ╔ÁdefaultKeyValueDiffers, ╔ÁdepsTracker, ╔ÁdetectChangesInViewIfRequired, ╔ÁdevModeEqual, 
╔ÁfindLocaleData, ╔ÁflushModuleScopingQueueAsMuchAsPossible, ╔ÁformatRuntimeError, 
╔ÁgenerateStandaloneInDeclarationsError, ╔ÁgetAsyncClassMetadataFn, ╔ÁgetDebugNode, ╔ÁgetDeferBlocks, ╔ÁgetDirectives, 
╔ÁgetHostElement, ╔ÁgetInjectableDef, ╔ÁgetLContext, ╔ÁgetLocaleCurrencyCode, ╔ÁgetLocalePluralCase, 
╔ÁgetOutputDestroyRef, ╔ÁgetSanitizationBypassType, ╔ÁgetUnknownElementStrictMode, ╔ÁgetUnknownPropertyStrictMode, 
╔Áglobal, ╔ÁinjectChangeDetectorRef, ╔ÁinternalCreateApplication, ╔ÁinternalProvideZoneChangeDetection, 
╔ÁisBoundToModule, ╔ÁisComponentDefPendingResolution, ╔ÁisEnvironmentProviders, ╔ÁisInjectable, ╔ÁisNgModule, 
╔ÁisPromise, ╔ÁisSubscribable, ╔ÁnoSideEffects, ╔ÁpatchComponentDefWithScope, ╔ÁperformanceMarkFeature, 
╔ÁreadHydrationInfo, ╔ÁregisterLocaleData, ╔ÁrenderDeferBlockState, ╔ÁresetCompiledComponents, ╔ÁresetJitOptions, 
╔ÁresolveComponentResources, ╔ÁrestoreComponentResolutionQueue, ╔ÁsetAllowDuplicateNgModuleIdsForTest, 
╔ÁsetAlternateWeakRefImpl, ╔ÁsetClassDebugInfo, ╔ÁsetClassMetadata, ╔ÁsetClassMetadataAsync, ╔ÁsetCurrentInjector, 
╔ÁsetDocument, ╔ÁsetInjectorProfilerContext, ╔ÁsetLocaleId, ╔ÁsetUnknownElementStrictMode, 
╔ÁsetUnknownPropertyStrictMode, ╔Ástore, ╔Ástringify, ╔ÁtransitiveScopesFor, ╔ÁtriggerResourceLoading, 
╔ÁtruncateMiddle, ╔ÁunregisterLocaleData, ╔ÁunwrapSafeValue, ╔ÁunwrapWritableSignal, ╔ÁwhenStable, ╔ÁwithDomHydration, 
╔ÁwithEventReplay, ╔ÁwithI18nSupport, ╔Á╔ÁCopyDefinitionFeature, ╔Á╔ÁFactoryTarget, ╔Á╔ÁHostDirectivesFeature, 
╔Á╔ÁInheritDefinitionFeature, ╔Á╔ÁInputTransformsFeature, ╔Á╔ÁNgOnChangesFeature, ╔Á╔ÁProvidersFeature, 
╔Á╔ÁStandaloneFeature, ╔Á╔Áadvance, ╔Á╔Áattribute, ╔Á╔ÁattributeInterpolate1, ╔Á╔ÁattributeInterpolate2, 
╔Á╔ÁattributeInterpolate3, ╔Á╔ÁattributeInterpolate4, ╔Á╔ÁattributeInterpolate5, ╔Á╔ÁattributeInterpolate6, 
╔Á╔ÁattributeInterpolate7, ╔Á╔ÁattributeInterpolate8, ╔Á╔ÁattributeInterpolateV, ╔Á╔ÁclassMap, 
╔Á╔ÁclassMapInterpolate1, ╔Á╔ÁclassMapInterpolate2, ╔Á╔ÁclassMapInterpolate3, ╔Á╔ÁclassMapInterpolate4, 
╔Á╔ÁclassMapInterpolate5, ╔Á╔ÁclassMapInterpolate6, ╔Á╔ÁclassMapInterpolate7, ╔Á╔ÁclassMapInterpolate8, 
╔Á╔ÁclassMapInterpolateV, ╔Á╔ÁclassProp, ╔Á╔ÁcomponentInstance, ╔Á╔Áconditional, ╔Á╔ÁcontentQuery, 
╔Á╔ÁcontentQuerySignal, ╔Á╔ÁdeclareLet, ╔Á╔Ádefer, ╔Á╔ÁdeferEnableTimerScheduling, ╔Á╔ÁdeferOnHover, ╔Á╔ÁdeferOnIdle, 
╔Á╔ÁdeferOnImmediate, ╔Á╔ÁdeferOnInteraction, ╔Á╔ÁdeferOnTimer, ╔Á╔ÁdeferOnViewport, ╔Á╔ÁdeferPrefetchOnHover, 
╔Á╔ÁdeferPrefetchOnIdle, ╔Á╔ÁdeferPrefetchOnImmediate, ╔Á╔ÁdeferPrefetchOnInteraction, ╔Á╔ÁdeferPrefetchOnTimer, 
╔Á╔ÁdeferPrefetchOnViewport, ╔Á╔ÁdeferPrefetchWhen, ╔Á╔ÁdeferWhen, ╔Á╔ÁdefineComponent, ╔Á╔ÁdefineDirective, 
╔Á╔ÁdefineInjectable, ╔Á╔ÁdefineInjector, ╔Á╔ÁdefineNgModule, ╔Á╔ÁdefinePipe, ╔Á╔ÁdirectiveInject, 
╔Á╔ÁdisableBindings, ╔Á╔Áelement, ╔Á╔ÁelementContainer, ╔Á╔ÁelementContainerEnd, ╔Á╔ÁelementContainerStart, 
╔Á╔ÁelementEnd, ╔Á╔ÁelementStart, ╔Á╔ÁenableBindings, ╔Á╔ÁgetComponentDepsFactory, ╔Á╔ÁgetCurrentView, 
╔Á╔ÁgetInheritedFactory, ╔Á╔ÁhostProperty, ╔Á╔Ái18n, ╔Á╔Ái18nApply, ╔Á╔Ái18nAttributes, ╔Á╔Ái18nEnd, ╔Á╔Ái18nExp, 
╔Á╔Ái18nPostprocess, ╔Á╔Ái18nStart, ╔Á╔Áinject, ╔Á╔ÁinjectAttribute, ╔Á╔ÁinvalidFactory, ╔Á╔ÁinvalidFactoryDep, 
╔Á╔Álistener, ╔Á╔ÁloadQuery, ╔Á╔ÁnamespaceHTML, ╔Á╔ÁnamespaceMathML, ╔Á╔ÁnamespaceSVG, ╔Á╔ÁnextContext, 
╔Á╔ÁngDeclareClassMetadata, ╔Á╔ÁngDeclareClassMetadataAsync, ╔Á╔ÁngDeclareComponent, ╔Á╔ÁngDeclareDirective, 
╔Á╔ÁngDeclareFactory, ╔Á╔ÁngDeclareInjectable, ╔Á╔ÁngDeclareInjector, ╔Á╔ÁngDeclareNgModule, ╔Á╔ÁngDeclarePipe, 
╔Á╔Ápipe, ╔Á╔ÁpipeBind1, ╔Á╔ÁpipeBind2, ╔Á╔ÁpipeBind3, ╔Á╔ÁpipeBind4, ╔Á╔ÁpipeBindV, ╔Á╔Áprojection, 
╔Á╔ÁprojectionDef, ╔Á╔Áproperty, ╔Á╔ÁpropertyInterpolate, ╔Á╔ÁpropertyInterpolate1, ╔Á╔ÁpropertyInterpolate2, 
╔Á╔ÁpropertyInterpolate3, ╔Á╔ÁpropertyInterpolate4, ╔Á╔ÁpropertyInterpolate5, ╔Á╔ÁpropertyInterpolate6, 
╔Á╔ÁpropertyInterpolate7, ╔Á╔ÁpropertyInterpolate8, ╔Á╔ÁpropertyInterpolateV, ╔Á╔ÁpureFunction0, ╔Á╔ÁpureFunction1, 
╔Á╔ÁpureFunction2, ╔Á╔ÁpureFunction3, ╔Á╔ÁpureFunction4, ╔Á╔ÁpureFunction5, ╔Á╔ÁpureFunction6, ╔Á╔ÁpureFunction7, 
╔Á╔ÁpureFunction8, ╔Á╔ÁpureFunctionV, ╔Á╔ÁqueryAdvance, ╔Á╔ÁqueryRefresh, ╔Á╔ÁreadContextLet, ╔Á╔Áreference, 
╔Á╔ÁregisterNgModuleType, ╔Á╔Árepeater, ╔Á╔ÁrepeaterCreate, ╔Á╔ÁrepeaterTrackByIdentity, ╔Á╔ÁrepeaterTrackByIndex, 
╔Á╔ÁresetView, ╔Á╔ÁresolveBody, ╔Á╔ÁresolveDocument, ╔Á╔ÁresolveWindow, ╔Á╔ÁrestoreView, ╔Á╔ÁsanitizeHtml, 
╔Á╔ÁsanitizeResourceUrl, ╔Á╔ÁsanitizeScript, ╔Á╔ÁsanitizeStyle, ╔Á╔ÁsanitizeUrl, ╔Á╔ÁsanitizeUrlOrResourceUrl, 
╔Á╔ÁsetComponentScope, ╔Á╔ÁsetNgModuleScope, ╔Á╔ÁstoreLet, ╔Á╔ÁstyleMap, ╔Á╔ÁstyleMapInterpolate1, 
╔Á╔ÁstyleMapInterpolate2, ╔Á╔ÁstyleMapInterpolate3, ╔Á╔ÁstyleMapInterpolate4, ╔Á╔ÁstyleMapInterpolate5, 
╔Á╔ÁstyleMapInterpolate6, ╔Á╔ÁstyleMapInterpolate7, ╔Á╔ÁstyleMapInterpolate8, ╔Á╔ÁstyleMapInterpolateV, ╔Á╔ÁstyleProp, 
╔Á╔ÁstylePropInterpolate1, ╔Á╔ÁstylePropInterpolate2, ╔Á╔ÁstylePropInterpolate3, ╔Á╔ÁstylePropInterpolate4, 
╔Á╔ÁstylePropInterpolate5, ╔Á╔ÁstylePropInterpolate6, ╔Á╔ÁstylePropInterpolate7, ╔Á╔ÁstylePropInterpolate8, 
╔Á╔ÁstylePropInterpolateV, ╔Á╔ÁsyntheticHostListener, ╔Á╔ÁsyntheticHostProperty, ╔Á╔Átemplate, 
╔Á╔ÁtemplateRefExtractor, ╔Á╔Átext, ╔Á╔ÁtextInterpolate, ╔Á╔ÁtextInterpolate1, ╔Á╔ÁtextInterpolate2, 
╔Á╔ÁtextInterpolate3, ╔Á╔ÁtextInterpolate4, ╔Á╔ÁtextInterpolate5, ╔Á╔ÁtextInterpolate6, ╔Á╔ÁtextInterpolate7, 
╔Á╔ÁtextInterpolate8, ╔Á╔ÁtextInterpolateV, ╔Á╔ÁtrustConstantHtml, ╔Á╔ÁtrustConstantResourceUrl, ╔Á╔ÁtwoWayBindingSet, 
╔Á╔ÁtwoWayListener, ╔Á╔ÁtwoWayProperty, ╔Á╔ÁvalidateIframeAttribute, ╔Á╔ÁviewQuery, ╔Á╔ÁviewQuerySignal)

../node_modules/@angular/material/fesm2022/tooltip.mjs:661:19-39 - Error: export '╔Á╔ÁInputFlags' (imported as 'i0') 
was not found in '@angular/core' (possible exports: ANIMATION_MODULE_TYPE, APP_BOOTSTRAP_LISTENER, APP_ID, 
APP_INITIALIZER, AfterRenderPhase, ApplicationInitStatus, ApplicationModule, ApplicationRef, Attribute, 
COMPILER_OPTIONS, CSP_NONCE, CUSTOM_ELEMENTS_SCHEMA, ChangeDetectionStrategy, ChangeDetectorRef, Compiler, 
CompilerFactory, Component, ComponentFactory, ComponentFactoryResolver, ComponentRef, ContentChild, ContentChildren, 
DEFAULT_CURRENCY_CODE, DebugElement, DebugEventListener, DebugNode, DefaultIterableDiffer, DestroyRef, Directive, 
ENVIRONMENT_INITIALIZER, ElementRef, EmbeddedViewRef, EnvironmentInjector, ErrorHandler, EventEmitter, 
ExperimentalPendingTasks, HOST_TAG_NAME, Host, HostAttributeToken, HostBinding, HostListener, INJECTOR, Inject, 
InjectFlags, Injectable, InjectionToken, Injector, Input, IterableDiffers, KeyValueDiffers, LOCALE_ID, 
MissingTranslationStrategy, ModuleWithComponentFactories, NO_ERRORS_SCHEMA, NgModule, NgModuleFactory, NgModuleRef, 
NgProbeToken, NgZone, Optional, Output, OutputEmitterRef, PACKAGE_ROOT_URL, PLATFORM_ID, PLATFORM_INITIALIZER, Pipe, 
PlatformRef, Query, QueryList, Renderer2, RendererFactory2, RendererStyleFlags2, Sanitizer, SecurityContext, Self, 
SimpleChange, SkipSelf, TRANSLATIONS, TRANSLATIONS_FORMAT, TemplateRef, Testability, TestabilityRegistry, 
TransferState, Type, VERSION, Version, ViewChild, ViewChildren, ViewContainerRef, ViewEncapsulation, ViewRef, 
afterNextRender, afterRender, asNativeElements, assertInInjectionContext, assertNotInReactiveContext, assertPlatform, 
booleanAttribute, computed, contentChild, contentChildren, createComponent, createEnvironmentInjector, createNgModule, 
createNgModuleRef, createPlatform, createPlatformFactory, defineInjectable, destroyPlatform, effect, enableProdMode, 
forwardRef, getDebugNode, getModuleFactory, getNgModuleById, getPlatform, importProvidersFrom, inject, input, 
isDevMode, isSignal, isStandalone, makeEnvironmentProviders, makeStateKey, mergeApplicationConfig, model, 
numberAttribute, output, platformCore, provideExperimentalCheckNoChangesForDebug, 
provideExperimentalZonelessChangeDetection, provideZoneChangeDetection, reflectComponentType, resolveForwardRef, 
runInInjectionContext, setTestabilityGetter, signal, untracked, viewChild, viewChildren, ╔ÁALLOW_MULTIPLE_PLATFORMS, 
╔ÁAfterRenderManager, ╔ÁCONTAINER_HEADER_OFFSET, ╔ÁChangeDetectionScheduler, ╔ÁChangeDetectionSchedulerImpl, 
╔ÁComponentFactory, ╔ÁConsole, ╔ÁDEFAULT_LOCALE_ID, ╔ÁDEFER_BLOCK_CONFIG, ╔ÁDEFER_BLOCK_DEPENDENCY_INTERCEPTOR, 
╔ÁDeferBlockBehavior, ╔ÁDeferBlockState, ╔ÁEffectScheduler, ╔ÁIMAGE_CONFIG, ╔ÁIMAGE_CONFIG_DEFAULTS, ╔ÁINJECTOR_SCOPE, 
╔ÁINPUT_SIGNAL_BRAND_WRITE_TYPE, ╔ÁINTERNAL_APPLICATION_ERROR_HANDLER, ╔ÁIS_HYDRATION_DOM_REUSE_ENABLED, 
╔ÁJSACTION_EVENT_CONTRACT, ╔ÁLContext, ╔ÁLifecycleHooksFeature, ╔ÁLocaleDataIndex, ╔ÁNG_COMP_DEF, ╔ÁNG_DIR_DEF, 
╔ÁNG_ELEMENT_ID, ╔ÁNG_INJ_DEF, ╔ÁNG_MOD_DEF, ╔ÁNG_PIPE_DEF, ╔ÁNG_PROV_DEF, ╔ÁNOT_FOUND_CHECK_ONLY_ELEMENT_INJECTOR, 
╔ÁNO_CHANGE, ╔ÁNgModuleFactory, ╔ÁNoopNgZone, ╔ÁPROVIDED_NG_ZONE, ╔ÁPendingTasks, ╔ÁReflectionCapabilities, 
╔ÁRender3ComponentFactory, ╔ÁRender3ComponentRef, ╔ÁRender3NgModuleRef, ╔ÁRuntimeError, ╔ÁSIGNAL, 
╔ÁSSR_CONTENT_INTEGRITY_MARKER, ╔ÁTESTABILITY, ╔ÁTESTABILITY_GETTER, ╔ÁUSE_RUNTIME_DEPS_TRACKER_FOR_JIT, ╔ÁViewRef, 
╔ÁXSS_SECURITY_URL, ╔ÁZONELESS_ENABLED, ╔Á_sanitizeHtml, ╔Á_sanitizeUrl, ╔ÁallowSanitizationBypassAndThrow, 
╔ÁannotateForHydration, ╔ÁbypassSanitizationTrustHtml, ╔ÁbypassSanitizationTrustResourceUrl, 
╔ÁbypassSanitizationTrustScript, ╔ÁbypassSanitizationTrustStyle, ╔ÁbypassSanitizationTrustUrl, 
╔ÁclearResolutionOfComponentResourcesQueue, ╔ÁcompileComponent, ╔ÁcompileDirective, ╔ÁcompileNgModule, 
╔ÁcompileNgModuleDefs, ╔ÁcompileNgModuleFactory, ╔ÁcompilePipe, ╔ÁconvertToBitFlags, ╔ÁcreateInjector, 
╔ÁdefaultIterableDiffers, ╔ÁdefaultKeyValueDiffers, ╔ÁdepsTracker, ╔ÁdetectChangesInViewIfRequired, ╔ÁdevModeEqual, 
╔ÁfindLocaleData, ╔ÁflushModuleScopingQueueAsMuchAsPossible, ╔ÁformatRuntimeError, 
╔ÁgenerateStandaloneInDeclarationsError, ╔ÁgetAsyncClassMetadataFn, ╔ÁgetDebugNode, ╔ÁgetDeferBlocks, ╔ÁgetDirectives, 
╔ÁgetHostElement, ╔ÁgetInjectableDef, ╔ÁgetLContext, ╔ÁgetLocaleCurrencyCode, ╔ÁgetLocalePluralCase, 
╔ÁgetOutputDestroyRef, ╔ÁgetSanitizationBypassType, ╔ÁgetUnknownElementStrictMode, ╔ÁgetUnknownPropertyStrictMode, 
╔Áglobal, ╔ÁinjectChangeDetectorRef, ╔ÁinternalCreateApplication, ╔ÁinternalProvideZoneChangeDetection, 
╔ÁisBoundToModule, ╔ÁisComponentDefPendingResolution, ╔ÁisEnvironmentProviders, ╔ÁisInjectable, ╔ÁisNgModule, 
╔ÁisPromise, ╔ÁisSubscribable, ╔ÁnoSideEffects, ╔ÁpatchComponentDefWithScope, ╔ÁperformanceMarkFeature, 
╔ÁreadHydrationInfo, ╔ÁregisterLocaleData, ╔ÁrenderDeferBlockState, ╔ÁresetCompiledComponents, ╔ÁresetJitOptions, 
╔ÁresolveComponentResources, ╔ÁrestoreComponentResolutionQueue, ╔ÁsetAllowDuplicateNgModuleIdsForTest, 
╔ÁsetAlternateWeakRefImpl, ╔ÁsetClassDebugInfo, ╔ÁsetClassMetadata, ╔ÁsetClassMetadataAsync, ╔ÁsetCurrentInjector, 
╔ÁsetDocument, ╔ÁsetInjectorProfilerContext, ╔ÁsetLocaleId, ╔ÁsetUnknownElementStrictMode, 
╔ÁsetUnknownPropertyStrictMode, ╔Ástore, ╔Ástringify, ╔ÁtransitiveScopesFor, ╔ÁtriggerResourceLoading, 
╔ÁtruncateMiddle, ╔ÁunregisterLocaleData, ╔ÁunwrapSafeValue, ╔ÁunwrapWritableSignal, ╔ÁwhenStable, ╔ÁwithDomHydration, 
╔ÁwithEventReplay, ╔ÁwithI18nSupport, ╔Á╔ÁCopyDefinitionFeature, ╔Á╔ÁFactoryTarget, ╔Á╔ÁHostDirectivesFeature, 
╔Á╔ÁInheritDefinitionFeature, ╔Á╔ÁInputTransformsFeature, ╔Á╔ÁNgOnChangesFeature, ╔Á╔ÁProvidersFeature, 
╔Á╔ÁStandaloneFeature, ╔Á╔Áadvance, ╔Á╔Áattribute, ╔Á╔ÁattributeInterpolate1, ╔Á╔ÁattributeInterpolate2, 
╔Á╔ÁattributeInterpolate3, ╔Á╔ÁattributeInterpolate4, ╔Á╔ÁattributeInterpolate5, ╔Á╔ÁattributeInterpolate6, 
╔Á╔ÁattributeInterpolate7, ╔Á╔ÁattributeInterpolate8, ╔Á╔ÁattributeInterpolateV, ╔Á╔ÁclassMap, 
╔Á╔ÁclassMapInterpolate1, ╔Á╔ÁclassMapInterpolate2, ╔Á╔ÁclassMapInterpolate3, ╔Á╔ÁclassMapInterpolate4, 
╔Á╔ÁclassMapInterpolate5, ╔Á╔ÁclassMapInterpolate6, ╔Á╔ÁclassMapInterpolate7, ╔Á╔ÁclassMapInterpolate8, 
╔Á╔ÁclassMapInterpolateV, ╔Á╔ÁclassProp, ╔Á╔ÁcomponentInstance, ╔Á╔Áconditional, ╔Á╔ÁcontentQuery, 
╔Á╔ÁcontentQuerySignal, ╔Á╔ÁdeclareLet, ╔Á╔Ádefer, ╔Á╔ÁdeferEnableTimerScheduling, ╔Á╔ÁdeferOnHover, ╔Á╔ÁdeferOnIdle, 
╔Á╔ÁdeferOnImmediate, ╔Á╔ÁdeferOnInteraction, ╔Á╔ÁdeferOnTimer, ╔Á╔ÁdeferOnViewport, ╔Á╔ÁdeferPrefetchOnHover, 
╔Á╔ÁdeferPrefetchOnIdle, ╔Á╔ÁdeferPrefetchOnImmediate, ╔Á╔ÁdeferPrefetchOnInteraction, ╔Á╔ÁdeferPrefetchOnTimer, 
╔Á╔ÁdeferPrefetchOnViewport, ╔Á╔ÁdeferPrefetchWhen, ╔Á╔ÁdeferWhen, ╔Á╔ÁdefineComponent, ╔Á╔ÁdefineDirective, 
╔Á╔ÁdefineInjectable, ╔Á╔ÁdefineInjector, ╔Á╔ÁdefineNgModule, ╔Á╔ÁdefinePipe, ╔Á╔ÁdirectiveInject, 
╔Á╔ÁdisableBindings, ╔Á╔Áelement, ╔Á╔ÁelementContainer, ╔Á╔ÁelementContainerEnd, ╔Á╔ÁelementContainerStart, 
╔Á╔ÁelementEnd, ╔Á╔ÁelementStart, ╔Á╔ÁenableBindings, ╔Á╔ÁgetComponentDepsFactory, ╔Á╔ÁgetCurrentView, 
╔Á╔ÁgetInheritedFactory, ╔Á╔ÁhostProperty, ╔Á╔Ái18n, ╔Á╔Ái18nApply, ╔Á╔Ái18nAttributes, ╔Á╔Ái18nEnd, ╔Á╔Ái18nExp, 
╔Á╔Ái18nPostprocess, ╔Á╔Ái18nStart, ╔Á╔Áinject, ╔Á╔ÁinjectAttribute, ╔Á╔ÁinvalidFactory, ╔Á╔ÁinvalidFactoryDep, 
╔Á╔Álistener, ╔Á╔ÁloadQuery, ╔Á╔ÁnamespaceHTML, ╔Á╔ÁnamespaceMathML, ╔Á╔ÁnamespaceSVG, ╔Á╔ÁnextContext, 
╔Á╔ÁngDeclareClassMetadata, ╔Á╔ÁngDeclareClassMetadataAsync, ╔Á╔ÁngDeclareComponent, ╔Á╔ÁngDeclareDirective, 
╔Á╔ÁngDeclareFactory, ╔Á╔ÁngDeclareInjectable, ╔Á╔ÁngDeclareInjector, ╔Á╔ÁngDeclareNgModule, ╔Á╔ÁngDeclarePipe, 
╔Á╔Ápipe, ╔Á╔ÁpipeBind1, ╔Á╔ÁpipeBind2, ╔Á╔ÁpipeBind3, ╔Á╔ÁpipeBind4, ╔Á╔ÁpipeBindV, ╔Á╔Áprojection, 
╔Á╔ÁprojectionDef, ╔Á╔Áproperty, ╔Á╔ÁpropertyInterpolate, ╔Á╔ÁpropertyInterpolate1, ╔Á╔ÁpropertyInterpolate2, 
╔Á╔ÁpropertyInterpolate3, ╔Á╔ÁpropertyInterpolate4, ╔Á╔ÁpropertyInterpolate5, ╔Á╔ÁpropertyInterpolate6, 
╔Á╔ÁpropertyInterpolate7, ╔Á╔ÁpropertyInterpolate8, ╔Á╔ÁpropertyInterpolateV, ╔Á╔ÁpureFunction0, ╔Á╔ÁpureFunction1, 
╔Á╔ÁpureFunction2, ╔Á╔ÁpureFunction3, ╔Á╔ÁpureFunction4, ╔Á╔ÁpureFunction5, ╔Á╔ÁpureFunction6, ╔Á╔ÁpureFunction7, 
╔Á╔ÁpureFunction8, ╔Á╔ÁpureFunctionV, ╔Á╔ÁqueryAdvance, ╔Á╔ÁqueryRefresh, ╔Á╔ÁreadContextLet, ╔Á╔Áreference, 
╔Á╔ÁregisterNgModuleType, ╔Á╔Árepeater, ╔Á╔ÁrepeaterCreate, ╔Á╔ÁrepeaterTrackByIdentity, ╔Á╔ÁrepeaterTrackByIndex, 
╔Á╔ÁresetView, ╔Á╔ÁresolveBody, ╔Á╔ÁresolveDocument, ╔Á╔ÁresolveWindow, ╔Á╔ÁrestoreView, ╔Á╔ÁsanitizeHtml, 
╔Á╔ÁsanitizeResourceUrl, ╔Á╔ÁsanitizeScript, ╔Á╔ÁsanitizeStyle, ╔Á╔ÁsanitizeUrl, ╔Á╔ÁsanitizeUrlOrResourceUrl, 
╔Á╔ÁsetComponentScope, ╔Á╔ÁsetNgModuleScope, ╔Á╔ÁstoreLet, ╔Á╔ÁstyleMap, ╔Á╔ÁstyleMapInterpolate1, 
╔Á╔ÁstyleMapInterpolate2, ╔Á╔ÁstyleMapInterpolate3, ╔Á╔ÁstyleMapInterpolate4, ╔Á╔ÁstyleMapInterpolate5, 
╔Á╔ÁstyleMapInterpolate6, ╔Á╔ÁstyleMapInterpolate7, ╔Á╔ÁstyleMapInterpolate8, ╔Á╔ÁstyleMapInterpolateV, ╔Á╔ÁstyleProp, 
╔Á╔ÁstylePropInterpolate1, ╔Á╔ÁstylePropInterpolate2, ╔Á╔ÁstylePropInterpolate3, ╔Á╔ÁstylePropInterpolate4, 
╔Á╔ÁstylePropInterpolate5, ╔Á╔ÁstylePropInterpolate6, ╔Á╔ÁstylePropInterpolate7, ╔Á╔ÁstylePropInterpolate8, 
╔Á╔ÁstylePropInterpolateV, ╔Á╔ÁsyntheticHostListener, ╔Á╔ÁsyntheticHostProperty, ╔Á╔Átemplate, 
╔Á╔ÁtemplateRefExtractor, ╔Á╔Átext, ╔Á╔ÁtextInterpolate, ╔Á╔ÁtextInterpolate1, ╔Á╔ÁtextInterpolate2, 
╔Á╔ÁtextInterpolate3, ╔Á╔ÁtextInterpolate4, ╔Á╔ÁtextInterpolate5, ╔Á╔ÁtextInterpolate6, ╔Á╔ÁtextInterpolate7, 
╔Á╔ÁtextInterpolate8, ╔Á╔ÁtextInterpolateV, ╔Á╔ÁtrustConstantHtml, ╔Á╔ÁtrustConstantResourceUrl, ╔Á╔ÁtwoWayBindingSet, 
╔Á╔ÁtwoWayListener, ╔Á╔ÁtwoWayProperty, ╔Á╔ÁvalidateIframeAttribute, ╔Á╔ÁviewQuery, ╔Á╔ÁviewQuerySignal)

../node_modules/@angular/material/fesm2022/tooltip.mjs:662:20-40 - Error: export '╔Á╔ÁInputFlags' (imported as 'i0') 
was not found in '@angular/core' (possible exports: ANIMATION_MODULE_TYPE, APP_BOOTSTRAP_LISTENER, APP_ID, 
APP_INITIALIZER, AfterRenderPhase, ApplicationInitStatus, ApplicationModule, ApplicationRef, Attribute, 
COMPILER_OPTIONS, CSP_NONCE, CUSTOM_ELEMENTS_SCHEMA, ChangeDetectionStrategy, ChangeDetectorRef, Compiler, 
CompilerFactory, Component, ComponentFactory, ComponentFactoryResolver, ComponentRef, ContentChild, ContentChildren, 
DEFAULT_CURRENCY_CODE, DebugElement, DebugEventListener, DebugNode, DefaultIterableDiffer, DestroyRef, Directive, 
ENVIRONMENT_INITIALIZER, ElementRef, EmbeddedViewRef, EnvironmentInjector, ErrorHandler, EventEmitter, 
ExperimentalPendingTasks, HOST_TAG_NAME, Host, HostAttributeToken, HostBinding, HostListener, INJECTOR, Inject, 
InjectFlags, Injectable, InjectionToken, Injector, Input, IterableDiffers, KeyValueDiffers, LOCALE_ID, 
MissingTranslationStrategy, ModuleWithComponentFactories, NO_ERRORS_SCHEMA, NgModule, NgModuleFactory, NgModuleRef, 
NgProbeToken, NgZone, Optional, Output, OutputEmitterRef, PACKAGE_ROOT_URL, PLATFORM_ID, PLATFORM_INITIALIZER, Pipe, 
PlatformRef, Query, QueryList, Renderer2, RendererFactory2, RendererStyleFlags2, Sanitizer, SecurityContext, Self, 
SimpleChange, SkipSelf, TRANSLATIONS, TRANSLATIONS_FORMAT, TemplateRef, Testability, TestabilityRegistry, 
TransferState, Type, VERSION, Version, ViewChild, ViewChildren, ViewContainerRef, ViewEncapsulation, ViewRef, 
afterNextRender, afterRender, asNativeElements, assertInInjectionContext, assertNotInReactiveContext, assertPlatform, 
booleanAttribute, computed, contentChild, contentChildren, createComponent, createEnvironmentInjector, createNgModule, 
createNgModuleRef, createPlatform, createPlatformFactory, defineInjectable, destroyPlatform, effect, enableProdMode, 
forwardRef, getDebugNode, getModuleFactory, getNgModuleById, getPlatform, importProvidersFrom, inject, input, 
isDevMode, isSignal, isStandalone, makeEnvironmentProviders, makeStateKey, mergeApplicationConfig, model, 
numberAttribute, output, platformCore, provideExperimentalCheckNoChangesForDebug, 
provideExperimentalZonelessChangeDetection, provideZoneChangeDetection, reflectComponentType, resolveForwardRef, 
runInInjectionContext, setTestabilityGetter, signal, untracked, viewChild, viewChildren, ╔ÁALLOW_MULTIPLE_PLATFORMS, 
╔ÁAfterRenderManager, ╔ÁCONTAINER_HEADER_OFFSET, ╔ÁChangeDetectionScheduler, ╔ÁChangeDetectionSchedulerImpl, 
╔ÁComponentFactory, ╔ÁConsole, ╔ÁDEFAULT_LOCALE_ID, ╔ÁDEFER_BLOCK_CONFIG, ╔ÁDEFER_BLOCK_DEPENDENCY_INTERCEPTOR, 
╔ÁDeferBlockBehavior, ╔ÁDeferBlockState, ╔ÁEffectScheduler, ╔ÁIMAGE_CONFIG, ╔ÁIMAGE_CONFIG_DEFAULTS, ╔ÁINJECTOR_SCOPE, 
╔ÁINPUT_SIGNAL_BRAND_WRITE_TYPE, ╔ÁINTERNAL_APPLICATION_ERROR_HANDLER, ╔ÁIS_HYDRATION_DOM_REUSE_ENABLED, 
╔ÁJSACTION_EVENT_CONTRACT, ╔ÁLContext, ╔ÁLifecycleHooksFeature, ╔ÁLocaleDataIndex, ╔ÁNG_COMP_DEF, ╔ÁNG_DIR_DEF, 
╔ÁNG_ELEMENT_ID, ╔ÁNG_INJ_DEF, ╔ÁNG_MOD_DEF, ╔ÁNG_PIPE_DEF, ╔ÁNG_PROV_DEF, ╔ÁNOT_FOUND_CHECK_ONLY_ELEMENT_INJECTOR, 
╔ÁNO_CHANGE, ╔ÁNgModuleFactory, ╔ÁNoopNgZone, ╔ÁPROVIDED_NG_ZONE, ╔ÁPendingTasks, ╔ÁReflectionCapabilities, 
╔ÁRender3ComponentFactory, ╔ÁRender3ComponentRef, ╔ÁRender3NgModuleRef, ╔ÁRuntimeError, ╔ÁSIGNAL, 
╔ÁSSR_CONTENT_INTEGRITY_MARKER, ╔ÁTESTABILITY, ╔ÁTESTABILITY_GETTER, ╔ÁUSE_RUNTIME_DEPS_TRACKER_FOR_JIT, ╔ÁViewRef, 
╔ÁXSS_SECURITY_URL, ╔ÁZONELESS_ENABLED, ╔Á_sanitizeHtml, ╔Á_sanitizeUrl, ╔ÁallowSanitizationBypassAndThrow, 
╔ÁannotateForHydration, ╔ÁbypassSanitizationTrustHtml, ╔ÁbypassSanitizationTrustResourceUrl, 
╔ÁbypassSanitizationTrustScript, ╔ÁbypassSanitizationTrustStyle, ╔ÁbypassSanitizationTrustUrl, 
╔ÁclearResolutionOfComponentResourcesQueue, ╔ÁcompileComponent, ╔ÁcompileDirective, ╔ÁcompileNgModule, 
╔ÁcompileNgModuleDefs, ╔ÁcompileNgModuleFactory, ╔ÁcompilePipe, ╔ÁconvertToBitFlags, ╔ÁcreateInjector, 
╔ÁdefaultIterableDiffers, ╔ÁdefaultKeyValueDiffers, ╔ÁdepsTracker, ╔ÁdetectChangesInViewIfRequired, ╔ÁdevModeEqual, 
╔ÁfindLocaleData, ╔ÁflushModuleScopingQueueAsMuchAsPossible, ╔ÁformatRuntimeError, 
╔ÁgenerateStandaloneInDeclarationsError, ╔ÁgetAsyncClassMetadataFn, ╔ÁgetDebugNode, ╔ÁgetDeferBlocks, ╔ÁgetDirectives, 
╔ÁgetHostElement, ╔ÁgetInjectableDef, ╔ÁgetLContext, ╔ÁgetLocaleCurrencyCode, ╔ÁgetLocalePluralCase, 
╔ÁgetOutputDestroyRef, ╔ÁgetSanitizationBypassType, ╔ÁgetUnknownElementStrictMode, ╔ÁgetUnknownPropertyStrictMode, 
╔Áglobal, ╔ÁinjectChangeDetectorRef, ╔ÁinternalCreateApplication, ╔ÁinternalProvideZoneChangeDetection, 
╔ÁisBoundToModule, ╔ÁisComponentDefPendingResolution, ╔ÁisEnvironmentProviders, ╔ÁisInjectable, ╔ÁisNgModule, 
╔ÁisPromise, ╔ÁisSubscribable, ╔ÁnoSideEffects, ╔ÁpatchComponentDefWithScope, ╔ÁperformanceMarkFeature, 
╔ÁreadHydrationInfo, ╔ÁregisterLocaleData, ╔ÁrenderDeferBlockState, ╔ÁresetCompiledComponents, ╔ÁresetJitOptions, 
╔ÁresolveComponentResources, ╔ÁrestoreComponentResolutionQueue, ╔ÁsetAllowDuplicateNgModuleIdsForTest, 
╔ÁsetAlternateWeakRefImpl, ╔ÁsetClassDebugInfo, ╔ÁsetClassMetadata, ╔ÁsetClassMetadataAsync, ╔ÁsetCurrentInjector, 
╔ÁsetDocument, ╔ÁsetInjectorProfilerContext, ╔ÁsetLocaleId, ╔ÁsetUnknownElementStrictMode, 
╔ÁsetUnknownPropertyStrictMode, ╔Ástore, ╔Ástringify, ╔ÁtransitiveScopesFor, ╔ÁtriggerResourceLoading, 
╔ÁtruncateMiddle, ╔ÁunregisterLocaleData, ╔ÁunwrapSafeValue, ╔ÁunwrapWritableSignal, ╔ÁwhenStable, ╔ÁwithDomHydration, 
╔ÁwithEventReplay, ╔ÁwithI18nSupport, ╔Á╔ÁCopyDefinitionFeature, ╔Á╔ÁFactoryTarget, ╔Á╔ÁHostDirectivesFeature, 
╔Á╔ÁInheritDefinitionFeature, ╔Á╔ÁInputTransformsFeature, ╔Á╔ÁNgOnChangesFeature, ╔Á╔ÁProvidersFeature, 
╔Á╔ÁStandaloneFeature, ╔Á╔Áadvance, ╔Á╔Áattribute, ╔Á╔ÁattributeInterpolate1, ╔Á╔ÁattributeInterpolate2, 
╔Á╔ÁattributeInterpolate3, ╔Á╔ÁattributeInterpolate4, ╔Á╔ÁattributeInterpolate5, ╔Á╔ÁattributeInterpolate6, 
╔Á╔ÁattributeInterpolate7, ╔Á╔ÁattributeInterpolate8, ╔Á╔ÁattributeInterpolateV, ╔Á╔ÁclassMap, 
╔Á╔ÁclassMapInterpolate1, ╔Á╔ÁclassMapInterpolate2, ╔Á╔ÁclassMapInterpolate3, ╔Á╔ÁclassMapInterpolate4, 
╔Á╔ÁclassMapInterpolate5, ╔Á╔ÁclassMapInterpolate6, ╔Á╔ÁclassMapInterpolate7, ╔Á╔ÁclassMapInterpolate8, 
╔Á╔ÁclassMapInterpolateV, ╔Á╔ÁclassProp, ╔Á╔ÁcomponentInstance, ╔Á╔Áconditional, ╔Á╔ÁcontentQuery, 
╔Á╔ÁcontentQuerySignal, ╔Á╔ÁdeclareLet, ╔Á╔Ádefer, ╔Á╔ÁdeferEnableTimerScheduling, ╔Á╔ÁdeferOnHover, ╔Á╔ÁdeferOnIdle, 
╔Á╔ÁdeferOnImmediate, ╔Á╔ÁdeferOnInteraction, ╔Á╔ÁdeferOnTimer, ╔Á╔ÁdeferOnViewport, ╔Á╔ÁdeferPrefetchOnHover, 
╔Á╔ÁdeferPrefetchOnIdle, ╔Á╔ÁdeferPrefetchOnImmediate, ╔Á╔ÁdeferPrefetchOnInteraction, ╔Á╔ÁdeferPrefetchOnTimer, 
╔Á╔ÁdeferPrefetchOnViewport, ╔Á╔ÁdeferPrefetchWhen, ╔Á╔ÁdeferWhen, ╔Á╔ÁdefineComponent, ╔Á╔ÁdefineDirective, 
╔Á╔ÁdefineInjectable, ╔Á╔ÁdefineInjector, ╔Á╔ÁdefineNgModule, ╔Á╔ÁdefinePipe, ╔Á╔ÁdirectiveInject, 
╔Á╔ÁdisableBindings, ╔Á╔Áelement, ╔Á╔ÁelementContainer, ╔Á╔ÁelementContainerEnd, ╔Á╔ÁelementContainerStart, 
╔Á╔ÁelementEnd, ╔Á╔ÁelementStart, ╔Á╔ÁenableBindings, ╔Á╔ÁgetComponentDepsFactory, ╔Á╔ÁgetCurrentView, 
╔Á╔ÁgetInheritedFactory, ╔Á╔ÁhostProperty, ╔Á╔Ái18n, ╔Á╔Ái18nApply, ╔Á╔Ái18nAttributes, ╔Á╔Ái18nEnd, ╔Á╔Ái18nExp, 
╔Á╔Ái18nPostprocess, ╔Á╔Ái18nStart, ╔Á╔Áinject, ╔Á╔ÁinjectAttribute, ╔Á╔ÁinvalidFactory, ╔Á╔ÁinvalidFactoryDep, 
╔Á╔Álistener, ╔Á╔ÁloadQuery, ╔Á╔ÁnamespaceHTML, ╔Á╔ÁnamespaceMathML, ╔Á╔ÁnamespaceSVG, ╔Á╔ÁnextContext, 
╔Á╔ÁngDeclareClassMetadata, ╔Á╔ÁngDeclareClassMetadataAsync, ╔Á╔ÁngDeclareComponent, ╔Á╔ÁngDeclareDirective, 
╔Á╔ÁngDeclareFactory, ╔Á╔ÁngDeclareInjectable, ╔Á╔ÁngDeclareInjector, ╔Á╔ÁngDeclareNgModule, ╔Á╔ÁngDeclarePipe, 
╔Á╔Ápipe, ╔Á╔ÁpipeBind1, ╔Á╔ÁpipeBind2, ╔Á╔ÁpipeBind3, ╔Á╔ÁpipeBind4, ╔Á╔ÁpipeBindV, ╔Á╔Áprojection, 
╔Á╔ÁprojectionDef, ╔Á╔Áproperty, ╔Á╔ÁpropertyInterpolate, ╔Á╔ÁpropertyInterpolate1, ╔Á╔ÁpropertyInterpolate2, 
╔Á╔ÁpropertyInterpolate3, ╔Á╔ÁpropertyInterpolate4, ╔Á╔ÁpropertyInterpolate5, ╔Á╔ÁpropertyInterpolate6, 
╔Á╔ÁpropertyInterpolate7, ╔Á╔ÁpropertyInterpolate8, ╔Á╔ÁpropertyInterpolateV, ╔Á╔ÁpureFunction0, ╔Á╔ÁpureFunction1, 
╔Á╔ÁpureFunction2, ╔Á╔ÁpureFunction3, ╔Á╔ÁpureFunction4, ╔Á╔ÁpureFunction5, ╔Á╔ÁpureFunction6, ╔Á╔ÁpureFunction7, 
╔Á╔ÁpureFunction8, ╔Á╔ÁpureFunctionV, ╔Á╔ÁqueryAdvance, ╔Á╔ÁqueryRefresh, ╔Á╔ÁreadContextLet, ╔Á╔Áreference, 
╔Á╔ÁregisterNgModuleType, ╔Á╔Árepeater, ╔Á╔ÁrepeaterCreate, ╔Á╔ÁrepeaterTrackByIdentity, ╔Á╔ÁrepeaterTrackByIndex, 
╔Á╔ÁresetView, ╔Á╔ÁresolveBody, ╔Á╔ÁresolveDocument, ╔Á╔ÁresolveWindow, ╔Á╔ÁrestoreView, ╔Á╔ÁsanitizeHtml, 
╔Á╔ÁsanitizeResourceUrl, ╔Á╔ÁsanitizeScript, ╔Á╔ÁsanitizeStyle, ╔Á╔ÁsanitizeUrl, ╔Á╔ÁsanitizeUrlOrResourceUrl, 
╔Á╔ÁsetComponentScope, ╔Á╔ÁsetNgModuleScope, ╔Á╔ÁstoreLet, ╔Á╔ÁstyleMap, ╔Á╔ÁstyleMapInterpolate1, 
╔Á╔ÁstyleMapInterpolate2, ╔Á╔ÁstyleMapInterpolate3, ╔Á╔ÁstyleMapInterpolate4, ╔Á╔ÁstyleMapInterpolate5, 
╔Á╔ÁstyleMapInterpolate6, ╔Á╔ÁstyleMapInterpolate7, ╔Á╔ÁstyleMapInterpolate8, ╔Á╔ÁstyleMapInterpolateV, ╔Á╔ÁstyleProp, 
╔Á╔ÁstylePropInterpolate1, ╔Á╔ÁstylePropInterpolate2, ╔Á╔ÁstylePropInterpolate3, ╔Á╔ÁstylePropInterpolate4, 
╔Á╔ÁstylePropInterpolate5, ╔Á╔ÁstylePropInterpolate6, ╔Á╔ÁstylePropInterpolate7, ╔Á╔ÁstylePropInterpolate8, 
╔Á╔ÁstylePropInterpolateV, ╔Á╔ÁsyntheticHostListener, ╔Á╔ÁsyntheticHostProperty, ╔Á╔Átemplate, 
╔Á╔ÁtemplateRefExtractor, ╔Á╔Átext, ╔Á╔ÁtextInterpolate, ╔Á╔ÁtextInterpolate1, ╔Á╔ÁtextInterpolate2, 
╔Á╔ÁtextInterpolate3, ╔Á╔ÁtextInterpolate4, ╔Á╔ÁtextInterpolate5, ╔Á╔ÁtextInterpolate6, ╔Á╔ÁtextInterpolate7, 
╔Á╔ÁtextInterpolate8, ╔Á╔ÁtextInterpolateV, ╔Á╔ÁtrustConstantHtml, ╔Á╔ÁtrustConstantResourceUrl, ╔Á╔ÁtwoWayBindingSet, 
╔Á╔ÁtwoWayListener, ╔Á╔ÁtwoWayProperty, ╔Á╔ÁvalidateIframeAttribute, ╔Á╔ÁviewQuery, ╔Á╔ÁviewQuerySignal)

../node_modules/@angular/material/fesm2022/tooltip.mjs:663:20-40 - Error: export '╔Á╔ÁInputFlags' (imported as 'i0') 
was not found in '@angular/core' (possible exports: ANIMATION_MODULE_TYPE, APP_BOOTSTRAP_LISTENER, APP_ID, 
APP_INITIALIZER, AfterRenderPhase, ApplicationInitStatus, ApplicationModule, ApplicationRef, Attribute, 
COMPILER_OPTIONS, CSP_NONCE, CUSTOM_ELEMENTS_SCHEMA, ChangeDetectionStrategy, ChangeDetectorRef, Compiler, 
CompilerFactory, Component, ComponentFactory, ComponentFactoryResolver, ComponentRef, ContentChild, ContentChildren, 
DEFAULT_CURRENCY_CODE, DebugElement, DebugEventListener, DebugNode, DefaultIterableDiffer, DestroyRef, Directive, 
ENVIRONMENT_INITIALIZER, ElementRef, EmbeddedViewRef, EnvironmentInjector, ErrorHandler, EventEmitter, 
ExperimentalPendingTasks, HOST_TAG_NAME, Host, HostAttributeToken, HostBinding, HostListener, INJECTOR, Inject, 
InjectFlags, Injectable, InjectionToken, Injector, Input, IterableDiffers, KeyValueDiffers, LOCALE_ID, 
MissingTranslationStrategy, ModuleWithComponentFactories, NO_ERRORS_SCHEMA, NgModule, NgModuleFactory, NgModuleRef, 
NgProbeToken, NgZone, Optional, Output, OutputEmitterRef, PACKAGE_ROOT_URL, PLATFORM_ID, PLATFORM_INITIALIZER, Pipe, 
PlatformRef, Query, QueryList, Renderer2, RendererFactory2, RendererStyleFlags2, Sanitizer, SecurityContext, Self, 
SimpleChange, SkipSelf, TRANSLATIONS, TRANSLATIONS_FORMAT, TemplateRef, Testability, TestabilityRegistry, 
TransferState, Type, VERSION, Version, ViewChild, ViewChildren, ViewContainerRef, ViewEncapsulation, ViewRef, 
afterNextRender, afterRender, asNativeElements, assertInInjectionContext, assertNotInReactiveContext, assertPlatform, 
booleanAttribute, computed, contentChild, contentChildren, createComponent, createEnvironmentInjector, createNgModule, 
createNgModuleRef, createPlatform, createPlatformFactory, defineInjectable, destroyPlatform, effect, enableProdMode, 
forwardRef, getDebugNode, getModuleFactory, getNgModuleById, getPlatform, importProvidersFrom, inject, input, 
isDevMode, isSignal, isStandalone, makeEnvironmentProviders, makeStateKey, mergeApplicationConfig, model, 
numberAttribute, output, platformCore, provideExperimentalCheckNoChangesForDebug, 
provideExperimentalZonelessChangeDetection, provideZoneChangeDetection, reflectComponentType, resolveForwardRef, 
runInInjectionContext, setTestabilityGetter, signal, untracked, viewChild, viewChildren, ╔ÁALLOW_MULTIPLE_PLATFORMS, 
╔ÁAfterRenderManager, ╔ÁCONTAINER_HEADER_OFFSET, ╔ÁChangeDetectionScheduler, ╔ÁChangeDetectionSchedulerImpl, 
╔ÁComponentFactory, ╔ÁConsole, ╔ÁDEFAULT_LOCALE_ID, ╔ÁDEFER_BLOCK_CONFIG, ╔ÁDEFER_BLOCK_DEPENDENCY_INTERCEPTOR, 
╔ÁDeferBlockBehavior, ╔ÁDeferBlockState, ╔ÁEffectScheduler, ╔ÁIMAGE_CONFIG, ╔ÁIMAGE_CONFIG_DEFAULTS, ╔ÁINJECTOR_SCOPE, 
╔ÁINPUT_SIGNAL_BRAND_WRITE_TYPE, ╔ÁINTERNAL_APPLICATION_ERROR_HANDLER, ╔ÁIS_HYDRATION_DOM_REUSE_ENABLED, 
╔ÁJSACTION_EVENT_CONTRACT, ╔ÁLContext, ╔ÁLifecycleHooksFeature, ╔ÁLocaleDataIndex, ╔ÁNG_COMP_DEF, ╔ÁNG_DIR_DEF, 
╔ÁNG_ELEMENT_ID, ╔ÁNG_INJ_DEF, ╔ÁNG_MOD_DEF, ╔ÁNG_PIPE_DEF, ╔ÁNG_PROV_DEF, ╔ÁNOT_FOUND_CHECK_ONLY_ELEMENT_INJECTOR, 
╔ÁNO_CHANGE, ╔ÁNgModuleFactory, ╔ÁNoopNgZone, ╔ÁPROVIDED_NG_ZONE, ╔ÁPendingTasks, ╔ÁReflectionCapabilities, 
╔ÁRender3ComponentFactory, ╔ÁRender3ComponentRef, ╔ÁRender3NgModuleRef, ╔ÁRuntimeError, ╔ÁSIGNAL, 
╔ÁSSR_CONTENT_INTEGRITY_MARKER, ╔ÁTESTABILITY, ╔ÁTESTABILITY_GETTER, ╔ÁUSE_RUNTIME_DEPS_TRACKER_FOR_JIT, ╔ÁViewRef, 
╔ÁXSS_SECURITY_URL, ╔ÁZONELESS_ENABLED, ╔Á_sanitizeHtml, ╔Á_sanitizeUrl, ╔ÁallowSanitizationBypassAndThrow, 
╔ÁannotateForHydration, ╔ÁbypassSanitizationTrustHtml, ╔ÁbypassSanitizationTrustResourceUrl, 
╔ÁbypassSanitizationTrustScript, ╔ÁbypassSanitizationTrustStyle, ╔ÁbypassSanitizationTrustUrl, 
╔ÁclearResolutionOfComponentResourcesQueue, ╔ÁcompileComponent, ╔ÁcompileDirective, ╔ÁcompileNgModule, 
╔ÁcompileNgModuleDefs, ╔ÁcompileNgModuleFactory, ╔ÁcompilePipe, ╔ÁconvertToBitFlags, ╔ÁcreateInjector, 
╔ÁdefaultIterableDiffers, ╔ÁdefaultKeyValueDiffers, ╔ÁdepsTracker, ╔ÁdetectChangesInViewIfRequired, ╔ÁdevModeEqual, 
╔ÁfindLocaleData, ╔ÁflushModuleScopingQueueAsMuchAsPossible, ╔ÁformatRuntimeError, 
╔ÁgenerateStandaloneInDeclarationsError, ╔ÁgetAsyncClassMetadataFn, ╔ÁgetDebugNode, ╔ÁgetDeferBlocks, ╔ÁgetDirectives, 
╔ÁgetHostElement, ╔ÁgetInjectableDef, ╔ÁgetLContext, ╔ÁgetLocaleCurrencyCode, ╔ÁgetLocalePluralCase, 
╔ÁgetOutputDestroyRef, ╔ÁgetSanitizationBypassType, ╔ÁgetUnknownElementStrictMode, ╔ÁgetUnknownPropertyStrictMode, 
╔Áglobal, ╔ÁinjectChangeDetectorRef, ╔ÁinternalCreateApplication, ╔ÁinternalProvideZoneChangeDetection, 
╔ÁisBoundToModule, ╔ÁisComponentDefPendingResolution, ╔ÁisEnvironmentProviders, ╔ÁisInjectable, ╔ÁisNgModule, 
╔ÁisPromise, ╔ÁisSubscribable, ╔ÁnoSideEffects, ╔ÁpatchComponentDefWithScope, ╔ÁperformanceMarkFeature, 
╔ÁreadHydrationInfo, ╔ÁregisterLocaleData, ╔ÁrenderDeferBlockState, ╔ÁresetCompiledComponents, ╔ÁresetJitOptions, 
╔ÁresolveComponentResources, ╔ÁrestoreComponentResolutionQueue, ╔ÁsetAllowDuplicateNgModuleIdsForTest, 
╔ÁsetAlternateWeakRefImpl, ╔ÁsetClassDebugInfo, ╔ÁsetClassMetadata, ╔ÁsetClassMetadataAsync, ╔ÁsetCurrentInjector, 
╔ÁsetDocument, ╔ÁsetInjectorProfilerContext, ╔ÁsetLocaleId, ╔ÁsetUnknownElementStrictMode, 
╔ÁsetUnknownPropertyStrictMode, ╔Ástore, ╔Ástringify, ╔ÁtransitiveScopesFor, ╔ÁtriggerResourceLoading, 
╔ÁtruncateMiddle, ╔ÁunregisterLocaleData, ╔ÁunwrapSafeValue, ╔ÁunwrapWritableSignal, ╔ÁwhenStable, ╔ÁwithDomHydration, 
╔ÁwithEventReplay, ╔ÁwithI18nSupport, ╔Á╔ÁCopyDefinitionFeature, ╔Á╔ÁFactoryTarget, ╔Á╔ÁHostDirectivesFeature, 
╔Á╔ÁInheritDefinitionFeature, ╔Á╔ÁInputTransformsFeature, ╔Á╔ÁNgOnChangesFeature, ╔Á╔ÁProvidersFeature, 
╔Á╔ÁStandaloneFeature, ╔Á╔Áadvance, ╔Á╔Áattribute, ╔Á╔ÁattributeInterpolate1, ╔Á╔ÁattributeInterpolate2, 
╔Á╔ÁattributeInterpolate3, ╔Á╔ÁattributeInterpolate4, ╔Á╔ÁattributeInterpolate5, ╔Á╔ÁattributeInterpolate6, 
╔Á╔ÁattributeInterpolate7, ╔Á╔ÁattributeInterpolate8, ╔Á╔ÁattributeInterpolateV, ╔Á╔ÁclassMap, 
╔Á╔ÁclassMapInterpolate1, ╔Á╔ÁclassMapInterpolate2, ╔Á╔ÁclassMapInterpolate3, ╔Á╔ÁclassMapInterpolate4, 
╔Á╔ÁclassMapInterpolate5, ╔Á╔ÁclassMapInterpolate6, ╔Á╔ÁclassMapInterpolate7, ╔Á╔ÁclassMapInterpolate8, 
╔Á╔ÁclassMapInterpolateV, ╔Á╔ÁclassProp, ╔Á╔ÁcomponentInstance, ╔Á╔Áconditional, ╔Á╔ÁcontentQuery, 
╔Á╔ÁcontentQuerySignal, ╔Á╔ÁdeclareLet, ╔Á╔Ádefer, ╔Á╔ÁdeferEnableTimerScheduling, ╔Á╔ÁdeferOnHover, ╔Á╔ÁdeferOnIdle, 
╔Á╔ÁdeferOnImmediate, ╔Á╔ÁdeferOnInteraction, ╔Á╔ÁdeferOnTimer, ╔Á╔ÁdeferOnViewport, ╔Á╔ÁdeferPrefetchOnHover, 
╔Á╔ÁdeferPrefetchOnIdle, ╔Á╔ÁdeferPrefetchOnImmediate, ╔Á╔ÁdeferPrefetchOnInteraction, ╔Á╔ÁdeferPrefetchOnTimer, 
╔Á╔ÁdeferPrefetchOnViewport, ╔Á╔ÁdeferPrefetchWhen, ╔Á╔ÁdeferWhen, ╔Á╔ÁdefineComponent, ╔Á╔ÁdefineDirective, 
╔Á╔ÁdefineInjectable, ╔Á╔ÁdefineInjector, ╔Á╔ÁdefineNgModule, ╔Á╔ÁdefinePipe, ╔Á╔ÁdirectiveInject, 
╔Á╔ÁdisableBindings, ╔Á╔Áelement, ╔Á╔ÁelementContainer, ╔Á╔ÁelementContainerEnd, ╔Á╔ÁelementContainerStart, 
╔Á╔ÁelementEnd, ╔Á╔ÁelementStart, ╔Á╔ÁenableBindings, ╔Á╔ÁgetComponentDepsFactory, ╔Á╔ÁgetCurrentView, 
╔Á╔ÁgetInheritedFactory, ╔Á╔ÁhostProperty, ╔Á╔Ái18n, ╔Á╔Ái18nApply, ╔Á╔Ái18nAttributes, ╔Á╔Ái18nEnd, ╔Á╔Ái18nExp, 
╔Á╔Ái18nPostprocess, ╔Á╔Ái18nStart, ╔Á╔Áinject, ╔Á╔ÁinjectAttribute, ╔Á╔ÁinvalidFactory, ╔Á╔ÁinvalidFactoryDep, 
╔Á╔Álistener, ╔Á╔ÁloadQuery, ╔Á╔ÁnamespaceHTML, ╔Á╔ÁnamespaceMathML, ╔Á╔ÁnamespaceSVG, ╔Á╔ÁnextContext, 
╔Á╔ÁngDeclareClassMetadata, ╔Á╔ÁngDeclareClassMetadataAsync, ╔Á╔ÁngDeclareComponent, ╔Á╔ÁngDeclareDirective, 
╔Á╔ÁngDeclareFactory, ╔Á╔ÁngDeclareInjectable, ╔Á╔ÁngDeclareInjector, ╔Á╔ÁngDeclareNgModule, ╔Á╔ÁngDeclarePipe, 
╔Á╔Ápipe, ╔Á╔ÁpipeBind1, ╔Á╔ÁpipeBind2, ╔Á╔ÁpipeBind3, ╔Á╔ÁpipeBind4, ╔Á╔ÁpipeBindV, ╔Á╔Áprojection, 
╔Á╔ÁprojectionDef, ╔Á╔Áproperty, ╔Á╔ÁpropertyInterpolate, ╔Á╔ÁpropertyInterpolate1, ╔Á╔ÁpropertyInterpolate2, 
╔Á╔ÁpropertyInterpolate3, ╔Á╔ÁpropertyInterpolate4, ╔Á╔ÁpropertyInterpolate5, ╔Á╔ÁpropertyInterpolate6, 
╔Á╔ÁpropertyInterpolate7, ╔Á╔ÁpropertyInterpolate8, ╔Á╔ÁpropertyInterpolateV, ╔Á╔ÁpureFunction0, ╔Á╔ÁpureFunction1, 
╔Á╔ÁpureFunction2, ╔Á╔ÁpureFunction3, ╔Á╔ÁpureFunction4, ╔Á╔ÁpureFunction5, ╔Á╔ÁpureFunction6, ╔Á╔ÁpureFunction7, 
╔Á╔ÁpureFunction8, ╔Á╔ÁpureFunctionV, ╔Á╔ÁqueryAdvance, ╔Á╔ÁqueryRefresh, ╔Á╔ÁreadContextLet, ╔Á╔Áreference, 
╔Á╔ÁregisterNgModuleType, ╔Á╔Árepeater, ╔Á╔ÁrepeaterCreate, ╔Á╔ÁrepeaterTrackByIdentity, ╔Á╔ÁrepeaterTrackByIndex, 
╔Á╔ÁresetView, ╔Á╔ÁresolveBody, ╔Á╔ÁresolveDocument, ╔Á╔ÁresolveWindow, ╔Á╔ÁrestoreView, ╔Á╔ÁsanitizeHtml, 
╔Á╔ÁsanitizeResourceUrl, ╔Á╔ÁsanitizeScript, ╔Á╔ÁsanitizeStyle, ╔Á╔ÁsanitizeUrl, ╔Á╔ÁsanitizeUrlOrResourceUrl, 
╔Á╔ÁsetComponentScope, ╔Á╔ÁsetNgModuleScope, ╔Á╔ÁstoreLet, ╔Á╔ÁstyleMap, ╔Á╔ÁstyleMapInterpolate1, 
╔Á╔ÁstyleMapInterpolate2, ╔Á╔ÁstyleMapInterpolate3, ╔Á╔ÁstyleMapInterpolate4, ╔Á╔ÁstyleMapInterpolate5, 
╔Á╔ÁstyleMapInterpolate6, ╔Á╔ÁstyleMapInterpolate7, ╔Á╔ÁstyleMapInterpolate8, ╔Á╔ÁstyleMapInterpolateV, ╔Á╔ÁstyleProp, 
╔Á╔ÁstylePropInterpolate1, ╔Á╔ÁstylePropInterpolate2, ╔Á╔ÁstylePropInterpolate3, ╔Á╔ÁstylePropInterpolate4, 
╔Á╔ÁstylePropInterpolate5, ╔Á╔ÁstylePropInterpolate6, ╔Á╔ÁstylePropInterpolate7, ╔Á╔ÁstylePropInterpolate8, 
╔Á╔ÁstylePropInterpolateV, ╔Á╔ÁsyntheticHostListener, ╔Á╔ÁsyntheticHostProperty, ╔Á╔Átemplate, 
╔Á╔ÁtemplateRefExtractor, ╔Á╔Átext, ╔Á╔ÁtextInterpolate, ╔Á╔ÁtextInterpolate1, ╔Á╔ÁtextInterpolate2, 
╔Á╔ÁtextInterpolate3, ╔Á╔ÁtextInterpolate4, ╔Á╔ÁtextInterpolate5, ╔Á╔ÁtextInterpolate6, ╔Á╔ÁtextInterpolate7, 
╔Á╔ÁtextInterpolate8, ╔Á╔ÁtextInterpolateV, ╔Á╔ÁtrustConstantHtml, ╔Á╔ÁtrustConstantResourceUrl, ╔Á╔ÁtwoWayBindingSet, 
╔Á╔ÁtwoWayListener, ╔Á╔ÁtwoWayProperty, ╔Á╔ÁvalidateIframeAttribute, ╔Á╔ÁviewQuery, ╔Á╔ÁviewQuerySignal)

../node_modules/@angular/material/fesm2022/tooltip.mjs:664:24-44 - Error: export '╔Á╔ÁInputFlags' (imported as 'i0') 
was not found in '@angular/core' (possible exports: ANIMATION_MODULE_TYPE, APP_BOOTSTRAP_LISTENER, APP_ID, 
APP_INITIALIZER, AfterRenderPhase, ApplicationInitStatus, ApplicationModule, ApplicationRef, Attribute, 
COMPILER_OPTIONS, CSP_NONCE, CUSTOM_ELEMENTS_SCHEMA, ChangeDetectionStrategy, ChangeDetectorRef, Compiler, 
CompilerFactory, Component, ComponentFactory, ComponentFactoryResolver, ComponentRef, ContentChild, ContentChildren, 
DEFAULT_CURRENCY_CODE, DebugElement, DebugEventListener, DebugNode, DefaultIterableDiffer, DestroyRef, Directive, 
ENVIRONMENT_INITIALIZER, ElementRef, EmbeddedViewRef, EnvironmentInjector, ErrorHandler, EventEmitter, 
ExperimentalPendingTasks, HOST_TAG_NAME, Host, HostAttributeToken, HostBinding, HostListener, INJECTOR, Inject, 
InjectFlags, Injectable, InjectionToken, Injector, Input, IterableDiffers, KeyValueDiffers, LOCALE_ID, 
MissingTranslationStrategy, ModuleWithComponentFactories, NO_ERRORS_SCHEMA, NgModule, NgModuleFactory, NgModuleRef, 
NgProbeToken, NgZone, Optional, Output, OutputEmitterRef, PACKAGE_ROOT_URL, PLATFORM_ID, PLATFORM_INITIALIZER, Pipe, 
PlatformRef, Query, QueryList, Renderer2, RendererFactory2, RendererStyleFlags2, Sanitizer, SecurityContext, Self, 
SimpleChange, SkipSelf, TRANSLATIONS, TRANSLATIONS_FORMAT, TemplateRef, Testability, TestabilityRegistry, 
TransferState, Type, VERSION, Version, ViewChild, ViewChildren, ViewContainerRef, ViewEncapsulation, ViewRef, 
afterNextRender, afterRender, asNativeElements, assertInInjectionContext, assertNotInReactiveContext, assertPlatform, 
booleanAttribute, computed, contentChild, contentChildren, createComponent, createEnvironmentInjector, createNgModule, 
createNgModuleRef, createPlatform, createPlatformFactory, defineInjectable, destroyPlatform, effect, enableProdMode, 
forwardRef, getDebugNode, getModuleFactory, getNgModuleById, getPlatform, importProvidersFrom, inject, input, 
isDevMode, isSignal, isStandalone, makeEnvironmentProviders, makeStateKey, mergeApplicationConfig, model, 
numberAttribute, output, platformCore, provideExperimentalCheckNoChangesForDebug, 
provideExperimentalZonelessChangeDetection, provideZoneChangeDetection, reflectComponentType, resolveForwardRef, 
runInInjectionContext, setTestabilityGetter, signal, untracked, viewChild, viewChildren, ╔ÁALLOW_MULTIPLE_PLATFORMS, 
╔ÁAfterRenderManager, ╔ÁCONTAINER_HEADER_OFFSET, ╔ÁChangeDetectionScheduler, ╔ÁChangeDetectionSchedulerImpl, 
╔ÁComponentFactory, ╔ÁConsole, ╔ÁDEFAULT_LOCALE_ID, ╔ÁDEFER_BLOCK_CONFIG, ╔ÁDEFER_BLOCK_DEPENDENCY_INTERCEPTOR, 
╔ÁDeferBlockBehavior, ╔ÁDeferBlockState, ╔ÁEffectScheduler, ╔ÁIMAGE_CONFIG, ╔ÁIMAGE_CONFIG_DEFAULTS, ╔ÁINJECTOR_SCOPE, 
╔ÁINPUT_SIGNAL_BRAND_WRITE_TYPE, ╔ÁINTERNAL_APPLICATION_ERROR_HANDLER, ╔ÁIS_HYDRATION_DOM_REUSE_ENABLED, 
╔ÁJSACTION_EVENT_CONTRACT, ╔ÁLContext, ╔ÁLifecycleHooksFeature, ╔ÁLocaleDataIndex, ╔ÁNG_COMP_DEF, ╔ÁNG_DIR_DEF, 
╔ÁNG_ELEMENT_ID, ╔ÁNG_INJ_DEF, ╔ÁNG_MOD_DEF, ╔ÁNG_PIPE_DEF, ╔ÁNG_PROV_DEF, ╔ÁNOT_FOUND_CHECK_ONLY_ELEMENT_INJECTOR, 
╔ÁNO_CHANGE, ╔ÁNgModuleFactory, ╔ÁNoopNgZone, ╔ÁPROVIDED_NG_ZONE, ╔ÁPendingTasks, ╔ÁReflectionCapabilities, 
╔ÁRender3ComponentFactory, ╔ÁRender3ComponentRef, ╔ÁRender3NgModuleRef, ╔ÁRuntimeError, ╔ÁSIGNAL, 
╔ÁSSR_CONTENT_INTEGRITY_MARKER, ╔ÁTESTABILITY, ╔ÁTESTABILITY_GETTER, ╔ÁUSE_RUNTIME_DEPS_TRACKER_FOR_JIT, ╔ÁViewRef, 
╔ÁXSS_SECURITY_URL, ╔ÁZONELESS_ENABLED, ╔Á_sanitizeHtml, ╔Á_sanitizeUrl, ╔ÁallowSanitizationBypassAndThrow, 
╔ÁannotateForHydration, ╔ÁbypassSanitizationTrustHtml, ╔ÁbypassSanitizationTrustResourceUrl, 
╔ÁbypassSanitizationTrustScript, ╔ÁbypassSanitizationTrustStyle, ╔ÁbypassSanitizationTrustUrl, 
╔ÁclearResolutionOfComponentResourcesQueue, ╔ÁcompileComponent, ╔ÁcompileDirective, ╔ÁcompileNgModule, 
╔ÁcompileNgModuleDefs, ╔ÁcompileNgModuleFactory, ╔ÁcompilePipe, ╔ÁconvertToBitFlags, ╔ÁcreateInjector, 
╔ÁdefaultIterableDiffers, ╔ÁdefaultKeyValueDiffers, ╔ÁdepsTracker, ╔ÁdetectChangesInViewIfRequired, ╔ÁdevModeEqual, 
╔ÁfindLocaleData, ╔ÁflushModuleScopingQueueAsMuchAsPossible, ╔ÁformatRuntimeError, 
╔ÁgenerateStandaloneInDeclarationsError, ╔ÁgetAsyncClassMetadataFn, ╔ÁgetDebugNode, ╔ÁgetDeferBlocks, ╔ÁgetDirectives, 
╔ÁgetHostElement, ╔ÁgetInjectableDef, ╔ÁgetLContext, ╔ÁgetLocaleCurrencyCode, ╔ÁgetLocalePluralCase, 
╔ÁgetOutputDestroyRef, ╔ÁgetSanitizationBypassType, ╔ÁgetUnknownElementStrictMode, ╔ÁgetUnknownPropertyStrictMode, 
╔Áglobal, ╔ÁinjectChangeDetectorRef, ╔ÁinternalCreateApplication, ╔ÁinternalProvideZoneChangeDetection, 
╔ÁisBoundToModule, ╔ÁisComponentDefPendingResolution, ╔ÁisEnvironmentProviders, ╔ÁisInjectable, ╔ÁisNgModule, 
╔ÁisPromise, ╔ÁisSubscribable, ╔ÁnoSideEffects, ╔ÁpatchComponentDefWithScope, ╔ÁperformanceMarkFeature, 
╔ÁreadHydrationInfo, ╔ÁregisterLocaleData, ╔ÁrenderDeferBlockState, ╔ÁresetCompiledComponents, ╔ÁresetJitOptions, 
╔ÁresolveComponentResources, ╔ÁrestoreComponentResolutionQueue, ╔ÁsetAllowDuplicateNgModuleIdsForTest, 
╔ÁsetAlternateWeakRefImpl, ╔ÁsetClassDebugInfo, ╔ÁsetClassMetadata, ╔ÁsetClassMetadataAsync, ╔ÁsetCurrentInjector, 
╔ÁsetDocument, ╔ÁsetInjectorProfilerContext, ╔ÁsetLocaleId, ╔ÁsetUnknownElementStrictMode, 
╔ÁsetUnknownPropertyStrictMode, ╔Ástore, ╔Ástringify, ╔ÁtransitiveScopesFor, ╔ÁtriggerResourceLoading, 
╔ÁtruncateMiddle, ╔ÁunregisterLocaleData, ╔ÁunwrapSafeValue, ╔ÁunwrapWritableSignal, ╔ÁwhenStable, ╔ÁwithDomHydration, 
╔ÁwithEventReplay, ╔ÁwithI18nSupport, ╔Á╔ÁCopyDefinitionFeature, ╔Á╔ÁFactoryTarget, ╔Á╔ÁHostDirectivesFeature, 
╔Á╔ÁInheritDefinitionFeature, ╔Á╔ÁInputTransformsFeature, ╔Á╔ÁNgOnChangesFeature, ╔Á╔ÁProvidersFeature, 
╔Á╔ÁStandaloneFeature, ╔Á╔Áadvance, ╔Á╔Áattribute, ╔Á╔ÁattributeInterpolate1, ╔Á╔ÁattributeInterpolate2, 
╔Á╔ÁattributeInterpolate3, ╔Á╔ÁattributeInterpolate4, ╔Á╔ÁattributeInterpolate5, ╔Á╔ÁattributeInterpolate6, 
╔Á╔ÁattributeInterpolate7, ╔Á╔ÁattributeInterpolate8, ╔Á╔ÁattributeInterpolateV, ╔Á╔ÁclassMap, 
╔Á╔ÁclassMapInterpolate1, ╔Á╔ÁclassMapInterpolate2, ╔Á╔ÁclassMapInterpolate3, ╔Á╔ÁclassMapInterpolate4, 
╔Á╔ÁclassMapInterpolate5, ╔Á╔ÁclassMapInterpolate6, ╔Á╔ÁclassMapInterpolate7, ╔Á╔ÁclassMapInterpolate8, 
╔Á╔ÁclassMapInterpolateV, ╔Á╔ÁclassProp, ╔Á╔ÁcomponentInstance, ╔Á╔Áconditional, ╔Á╔ÁcontentQuery, 
╔Á╔ÁcontentQuerySignal, ╔Á╔ÁdeclareLet, ╔Á╔Ádefer, ╔Á╔ÁdeferEnableTimerScheduling, ╔Á╔ÁdeferOnHover, ╔Á╔ÁdeferOnIdle, 
╔Á╔ÁdeferOnImmediate, ╔Á╔ÁdeferOnInteraction, ╔Á╔ÁdeferOnTimer, ╔Á╔ÁdeferOnViewport, ╔Á╔ÁdeferPrefetchOnHover, 
╔Á╔ÁdeferPrefetchOnIdle, ╔Á╔ÁdeferPrefetchOnImmediate, ╔Á╔ÁdeferPrefetchOnInteraction, ╔Á╔ÁdeferPrefetchOnTimer, 
╔Á╔ÁdeferPrefetchOnViewport, ╔Á╔ÁdeferPrefetchWhen, ╔Á╔ÁdeferWhen, ╔Á╔ÁdefineComponent, ╔Á╔ÁdefineDirective, 
╔Á╔ÁdefineInjectable, ╔Á╔ÁdefineInjector, ╔Á╔ÁdefineNgModule, ╔Á╔ÁdefinePipe, ╔Á╔ÁdirectiveInject, 
╔Á╔ÁdisableBindings, ╔Á╔Áelement, ╔Á╔ÁelementContainer, ╔Á╔ÁelementContainerEnd, ╔Á╔ÁelementContainerStart, 
╔Á╔ÁelementEnd, ╔Á╔ÁelementStart, ╔Á╔ÁenableBindings, ╔Á╔ÁgetComponentDepsFactory, ╔Á╔ÁgetCurrentView, 
╔Á╔ÁgetInheritedFactory, ╔Á╔ÁhostProperty, ╔Á╔Ái18n, ╔Á╔Ái18nApply, ╔Á╔Ái18nAttributes, ╔Á╔Ái18nEnd, ╔Á╔Ái18nExp, 
╔Á╔Ái18nPostprocess, ╔Á╔Ái18nStart, ╔Á╔Áinject, ╔Á╔ÁinjectAttribute, ╔Á╔ÁinvalidFactory, ╔Á╔ÁinvalidFactoryDep, 
╔Á╔Álistener, ╔Á╔ÁloadQuery, ╔Á╔ÁnamespaceHTML, ╔Á╔ÁnamespaceMathML, ╔Á╔ÁnamespaceSVG, ╔Á╔ÁnextContext, 
╔Á╔ÁngDeclareClassMetadata, ╔Á╔ÁngDeclareClassMetadataAsync, ╔Á╔ÁngDeclareComponent, ╔Á╔ÁngDeclareDirective, 
╔Á╔ÁngDeclareFactory, ╔Á╔ÁngDeclareInjectable, ╔Á╔ÁngDeclareInjector, ╔Á╔ÁngDeclareNgModule, ╔Á╔ÁngDeclarePipe, 
╔Á╔Ápipe, ╔Á╔ÁpipeBind1, ╔Á╔ÁpipeBind2, ╔Á╔ÁpipeBind3, ╔Á╔ÁpipeBind4, ╔Á╔ÁpipeBindV, ╔Á╔Áprojection, 
╔Á╔ÁprojectionDef, ╔Á╔Áproperty, ╔Á╔ÁpropertyInterpolate, ╔Á╔ÁpropertyInterpolate1, ╔Á╔ÁpropertyInterpolate2, 
╔Á╔ÁpropertyInterpolate3, ╔Á╔ÁpropertyInterpolate4, ╔Á╔ÁpropertyInterpolate5, ╔Á╔ÁpropertyInterpolate6, 
╔Á╔ÁpropertyInterpolate7, ╔Á╔ÁpropertyInterpolate8, ╔Á╔ÁpropertyInterpolateV, ╔Á╔ÁpureFunction0, ╔Á╔ÁpureFunction1, 
╔Á╔ÁpureFunction2, ╔Á╔ÁpureFunction3, ╔Á╔ÁpureFunction4, ╔Á╔ÁpureFunction5, ╔Á╔ÁpureFunction6, ╔Á╔ÁpureFunction7, 
╔Á╔ÁpureFunction8, ╔Á╔ÁpureFunctionV, ╔Á╔ÁqueryAdvance, ╔Á╔ÁqueryRefresh, ╔Á╔ÁreadContextLet, ╔Á╔Áreference, 
╔Á╔ÁregisterNgModuleType, ╔Á╔Árepeater, ╔Á╔ÁrepeaterCreate, ╔Á╔ÁrepeaterTrackByIdentity, ╔Á╔ÁrepeaterTrackByIndex, 
╔Á╔ÁresetView, ╔Á╔ÁresolveBody, ╔Á╔ÁresolveDocument, ╔Á╔ÁresolveWindow, ╔Á╔ÁrestoreView, ╔Á╔ÁsanitizeHtml, 
╔Á╔ÁsanitizeResourceUrl, ╔Á╔ÁsanitizeScript, ╔Á╔ÁsanitizeStyle, ╔Á╔ÁsanitizeUrl, ╔Á╔ÁsanitizeUrlOrResourceUrl, 
╔Á╔ÁsetComponentScope, ╔Á╔ÁsetNgModuleScope, ╔Á╔ÁstoreLet, ╔Á╔ÁstyleMap, ╔Á╔ÁstyleMapInterpolate1, 
╔Á╔ÁstyleMapInterpolate2, ╔Á╔ÁstyleMapInterpolate3, ╔Á╔ÁstyleMapInterpolate4, ╔Á╔ÁstyleMapInterpolate5, 
╔Á╔ÁstyleMapInterpolate6, ╔Á╔ÁstyleMapInterpolate7, ╔Á╔ÁstyleMapInterpolate8, ╔Á╔ÁstyleMapInterpolateV, ╔Á╔ÁstyleProp, 
╔Á╔ÁstylePropInterpolate1, ╔Á╔ÁstylePropInterpolate2, ╔Á╔ÁstylePropInterpolate3, ╔Á╔ÁstylePropInterpolate4, 
╔Á╔ÁstylePropInterpolate5, ╔Á╔ÁstylePropInterpolate6, ╔Á╔ÁstylePropInterpolate7, ╔Á╔ÁstylePropInterpolate8, 
╔Á╔ÁstylePropInterpolateV, ╔Á╔ÁsyntheticHostListener, ╔Á╔ÁsyntheticHostProperty, ╔Á╔Átemplate, 
╔Á╔ÁtemplateRefExtractor, ╔Á╔Átext, ╔Á╔ÁtextInterpolate, ╔Á╔ÁtextInterpolate1, ╔Á╔ÁtextInterpolate2, 
╔Á╔ÁtextInterpolate3, ╔Á╔ÁtextInterpolate4, ╔Á╔ÁtextInterpolate5, ╔Á╔ÁtextInterpolate6, ╔Á╔ÁtextInterpolate7, 
╔Á╔ÁtextInterpolate8, ╔Á╔ÁtextInterpolateV, ╔Á╔ÁtrustConstantHtml, ╔Á╔ÁtrustConstantResourceUrl, ╔Á╔ÁtwoWayBindingSet, 
╔Á╔ÁtwoWayListener, ╔Á╔ÁtwoWayProperty, ╔Á╔ÁvalidateIframeAttribute, ╔Á╔ÁviewQuery, ╔Á╔ÁviewQuerySignal)

../node_modules/@angular/material/fesm2022/tooltip.mjs:665:18-38 - Error: export '╔Á╔ÁInputFlags' (imported as 'i0') 
was not found in '@angular/core' (possible exports: ANIMATION_MODULE_TYPE, APP_BOOTSTRAP_LISTENER, APP_ID, 
APP_INITIALIZER, AfterRenderPhase, ApplicationInitStatus, ApplicationModule, ApplicationRef, Attribute, 
COMPILER_OPTIONS, CSP_NONCE, CUSTOM_ELEMENTS_SCHEMA, ChangeDetectionStrategy, ChangeDetectorRef, Compiler, 
CompilerFactory, Component, ComponentFactory, ComponentFactoryResolver, ComponentRef, ContentChild, ContentChildren, 
DEFAULT_CURRENCY_CODE, DebugElement, DebugEventListener, DebugNode, DefaultIterableDiffer, DestroyRef, Directive, 
ENVIRONMENT_INITIALIZER, ElementRef, EmbeddedViewRef, EnvironmentInjector, ErrorHandler, EventEmitter, 
ExperimentalPendingTasks, HOST_TAG_NAME, Host, HostAttributeToken, HostBinding, HostListener, INJECTOR, Inject, 
InjectFlags, Injectable, InjectionToken, Injector, Input, IterableDiffers, KeyValueDiffers, LOCALE_ID, 
MissingTranslationStrategy, ModuleWithComponentFactories, NO_ERRORS_SCHEMA, NgModule, NgModuleFactory, NgModuleRef, 
NgProbeToken, NgZone, Optional, Output, OutputEmitterRef, PACKAGE_ROOT_URL, PLATFORM_ID, PLATFORM_INITIALIZER, Pipe, 
PlatformRef, Query, QueryList, Renderer2, RendererFactory2, RendererStyleFlags2, Sanitizer, SecurityContext, Self, 
SimpleChange, SkipSelf, TRANSLATIONS, TRANSLATIONS_FORMAT, TemplateRef, Testability, TestabilityRegistry, 
TransferState, Type, VERSION, Version, ViewChild, ViewChildren, ViewContainerRef, ViewEncapsulation, ViewRef, 
afterNextRender, afterRender, asNativeElements, assertInInjectionContext, assertNotInReactiveContext, assertPlatform, 
booleanAttribute, computed, contentChild, contentChildren, createComponent, createEnvironmentInjector, createNgModule, 
createNgModuleRef, createPlatform, createPlatformFactory, defineInjectable, destroyPlatform, effect, enableProdMode, 
forwardRef, getDebugNode, getModuleFactory, getNgModuleById, getPlatform, importProvidersFrom, inject, input, 
isDevMode, isSignal, isStandalone, makeEnvironmentProviders, makeStateKey, mergeApplicationConfig, model, 
numberAttribute, output, platformCore, provideExperimentalCheckNoChangesForDebug, 
provideExperimentalZonelessChangeDetection, provideZoneChangeDetection, reflectComponentType, resolveForwardRef, 
runInInjectionContext, setTestabilityGetter, signal, untracked, viewChild, viewChildren, ╔ÁALLOW_MULTIPLE_PLATFORMS, 
╔ÁAfterRenderManager, ╔ÁCONTAINER_HEADER_OFFSET, ╔ÁChangeDetectionScheduler, ╔ÁChangeDetectionSchedulerImpl, 
╔ÁComponentFactory, ╔ÁConsole, ╔ÁDEFAULT_LOCALE_ID, ╔ÁDEFER_BLOCK_CONFIG, ╔ÁDEFER_BLOCK_DEPENDENCY_INTERCEPTOR, 
╔ÁDeferBlockBehavior, ╔ÁDeferBlockState, ╔ÁEffectScheduler, ╔ÁIMAGE_CONFIG, ╔ÁIMAGE_CONFIG_DEFAULTS, ╔ÁINJECTOR_SCOPE, 
╔ÁINPUT_SIGNAL_BRAND_WRITE_TYPE, ╔ÁINTERNAL_APPLICATION_ERROR_HANDLER, ╔ÁIS_HYDRATION_DOM_REUSE_ENABLED, 
╔ÁJSACTION_EVENT_CONTRACT, ╔ÁLContext, ╔ÁLifecycleHooksFeature, ╔ÁLocaleDataIndex, ╔ÁNG_COMP_DEF, ╔ÁNG_DIR_DEF, 
╔ÁNG_ELEMENT_ID, ╔ÁNG_INJ_DEF, ╔ÁNG_MOD_DEF, ╔ÁNG_PIPE_DEF, ╔ÁNG_PROV_DEF, ╔ÁNOT_FOUND_CHECK_ONLY_ELEMENT_INJECTOR, 
╔ÁNO_CHANGE, ╔ÁNgModuleFactory, ╔ÁNoopNgZone, ╔ÁPROVIDED_NG_ZONE, ╔ÁPendingTasks, ╔ÁReflectionCapabilities, 
╔ÁRender3ComponentFactory, ╔ÁRender3ComponentRef, ╔ÁRender3NgModuleRef, ╔ÁRuntimeError, ╔ÁSIGNAL, 
╔ÁSSR_CONTENT_INTEGRITY_MARKER, ╔ÁTESTABILITY, ╔ÁTESTABILITY_GETTER, ╔ÁUSE_RUNTIME_DEPS_TRACKER_FOR_JIT, ╔ÁViewRef, 
╔ÁXSS_SECURITY_URL, ╔ÁZONELESS_ENABLED, ╔Á_sanitizeHtml, ╔Á_sanitizeUrl, ╔ÁallowSanitizationBypassAndThrow, 
╔ÁannotateForHydration, ╔ÁbypassSanitizationTrustHtml, ╔ÁbypassSanitizationTrustResourceUrl, 
╔ÁbypassSanitizationTrustScript, ╔ÁbypassSanitizationTrustStyle, ╔ÁbypassSanitizationTrustUrl, 
╔ÁclearResolutionOfComponentResourcesQueue, ╔ÁcompileComponent, ╔ÁcompileDirective, ╔ÁcompileNgModule, 
╔ÁcompileNgModuleDefs, ╔ÁcompileNgModuleFactory, ╔ÁcompilePipe, ╔ÁconvertToBitFlags, ╔ÁcreateInjector, 
╔ÁdefaultIterableDiffers, ╔ÁdefaultKeyValueDiffers, ╔ÁdepsTracker, ╔ÁdetectChangesInViewIfRequired, ╔ÁdevModeEqual, 
╔ÁfindLocaleData, ╔ÁflushModuleScopingQueueAsMuchAsPossible, ╔ÁformatRuntimeError, 
╔ÁgenerateStandaloneInDeclarationsError, ╔ÁgetAsyncClassMetadataFn, ╔ÁgetDebugNode, ╔ÁgetDeferBlocks, ╔ÁgetDirectives, 
╔ÁgetHostElement, ╔ÁgetInjectableDef, ╔ÁgetLContext, ╔ÁgetLocaleCurrencyCode, ╔ÁgetLocalePluralCase, 
╔ÁgetOutputDestroyRef, ╔ÁgetSanitizationBypassType, ╔ÁgetUnknownElementStrictMode, ╔ÁgetUnknownPropertyStrictMode, 
╔Áglobal, ╔ÁinjectChangeDetectorRef, ╔ÁinternalCreateApplication, ╔ÁinternalProvideZoneChangeDetection, 
╔ÁisBoundToModule, ╔ÁisComponentDefPendingResolution, ╔ÁisEnvironmentProviders, ╔ÁisInjectable, ╔ÁisNgModule, 
╔ÁisPromise, ╔ÁisSubscribable, ╔ÁnoSideEffects, ╔ÁpatchComponentDefWithScope, ╔ÁperformanceMarkFeature, 
╔ÁreadHydrationInfo, ╔ÁregisterLocaleData, ╔ÁrenderDeferBlockState, ╔ÁresetCompiledComponents, ╔ÁresetJitOptions, 
╔ÁresolveComponentResources, ╔ÁrestoreComponentResolutionQueue, ╔ÁsetAllowDuplicateNgModuleIdsForTest, 
╔ÁsetAlternateWeakRefImpl, ╔ÁsetClassDebugInfo, ╔ÁsetClassMetadata, ╔ÁsetClassMetadataAsync, ╔ÁsetCurrentInjector, 
╔ÁsetDocument, ╔ÁsetInjectorProfilerContext, ╔ÁsetLocaleId, ╔ÁsetUnknownElementStrictMode, 
╔ÁsetUnknownPropertyStrictMode, ╔Ástore, ╔Ástringify, ╔ÁtransitiveScopesFor, ╔ÁtriggerResourceLoading, 
╔ÁtruncateMiddle, ╔ÁunregisterLocaleData, ╔ÁunwrapSafeValue, ╔ÁunwrapWritableSignal, ╔ÁwhenStable, ╔ÁwithDomHydration, 
╔ÁwithEventReplay, ╔ÁwithI18nSupport, ╔Á╔ÁCopyDefinitionFeature, ╔Á╔ÁFactoryTarget, ╔Á╔ÁHostDirectivesFeature, 
╔Á╔ÁInheritDefinitionFeature, ╔Á╔ÁInputTransformsFeature, ╔Á╔ÁNgOnChangesFeature, ╔Á╔ÁProvidersFeature, 
╔Á╔ÁStandaloneFeature, ╔Á╔Áadvance, ╔Á╔Áattribute, ╔Á╔ÁattributeInterpolate1, ╔Á╔ÁattributeInterpolate2, 
╔Á╔ÁattributeInterpolate3, ╔Á╔ÁattributeInterpolate4, ╔Á╔ÁattributeInterpolate5, ╔Á╔ÁattributeInterpolate6, 
╔Á╔ÁattributeInterpolate7, ╔Á╔ÁattributeInterpolate8, ╔Á╔ÁattributeInterpolateV, ╔Á╔ÁclassMap, 
╔Á╔ÁclassMapInterpolate1, ╔Á╔ÁclassMapInterpolate2, ╔Á╔ÁclassMapInterpolate3, ╔Á╔ÁclassMapInterpolate4, 
╔Á╔ÁclassMapInterpolate5, ╔Á╔ÁclassMapInterpolate6, ╔Á╔ÁclassMapInterpolate7, ╔Á╔ÁclassMapInterpolate8, 
╔Á╔ÁclassMapInterpolateV, ╔Á╔ÁclassProp, ╔Á╔ÁcomponentInstance, ╔Á╔Áconditional, ╔Á╔ÁcontentQuery, 
╔Á╔ÁcontentQuerySignal, ╔Á╔ÁdeclareLet, ╔Á╔Ádefer, ╔Á╔ÁdeferEnableTimerScheduling, ╔Á╔ÁdeferOnHover, ╔Á╔ÁdeferOnIdle, 
╔Á╔ÁdeferOnImmediate, ╔Á╔ÁdeferOnInteraction, ╔Á╔ÁdeferOnTimer, ╔Á╔ÁdeferOnViewport, ╔Á╔ÁdeferPrefetchOnHover, 
╔Á╔ÁdeferPrefetchOnIdle, ╔Á╔ÁdeferPrefetchOnImmediate, ╔Á╔ÁdeferPrefetchOnInteraction, ╔Á╔ÁdeferPrefetchOnTimer, 
╔Á╔ÁdeferPrefetchOnViewport, ╔Á╔ÁdeferPrefetchWhen, ╔Á╔ÁdeferWhen, ╔Á╔ÁdefineComponent, ╔Á╔ÁdefineDirective, 
╔Á╔ÁdefineInjectable, ╔Á╔ÁdefineInjector, ╔Á╔ÁdefineNgModule, ╔Á╔ÁdefinePipe, ╔Á╔ÁdirectiveInject, 
╔Á╔ÁdisableBindings, ╔Á╔Áelement, ╔Á╔ÁelementContainer, ╔Á╔ÁelementContainerEnd, ╔Á╔ÁelementContainerStart, 
╔Á╔ÁelementEnd, ╔Á╔ÁelementStart, ╔Á╔ÁenableBindings, ╔Á╔ÁgetComponentDepsFactory, ╔Á╔ÁgetCurrentView, 
╔Á╔ÁgetInheritedFactory, ╔Á╔ÁhostProperty, ╔Á╔Ái18n, ╔Á╔Ái18nApply, ╔Á╔Ái18nAttributes, ╔Á╔Ái18nEnd, ╔Á╔Ái18nExp, 
╔Á╔Ái18nPostprocess, ╔Á╔Ái18nStart, ╔Á╔Áinject, ╔Á╔ÁinjectAttribute, ╔Á╔ÁinvalidFactory, ╔Á╔ÁinvalidFactoryDep, 
╔Á╔Álistener, ╔Á╔ÁloadQuery, ╔Á╔ÁnamespaceHTML, ╔Á╔ÁnamespaceMathML, ╔Á╔ÁnamespaceSVG, ╔Á╔ÁnextContext, 
╔Á╔ÁngDeclareClassMetadata, ╔Á╔ÁngDeclareClassMetadataAsync, ╔Á╔ÁngDeclareComponent, ╔Á╔ÁngDeclareDirective, 
╔Á╔ÁngDeclareFactory, ╔Á╔ÁngDeclareInjectable, ╔Á╔ÁngDeclareInjector, ╔Á╔ÁngDeclareNgModule, ╔Á╔ÁngDeclarePipe, 
╔Á╔Ápipe, ╔Á╔ÁpipeBind1, ╔Á╔ÁpipeBind2, ╔Á╔ÁpipeBind3, ╔Á╔ÁpipeBind4, ╔Á╔ÁpipeBindV, ╔Á╔Áprojection, 
╔Á╔ÁprojectionDef, ╔Á╔Áproperty, ╔Á╔ÁpropertyInterpolate, ╔Á╔ÁpropertyInterpolate1, ╔Á╔ÁpropertyInterpolate2, 
╔Á╔ÁpropertyInterpolate3, ╔Á╔ÁpropertyInterpolate4, ╔Á╔ÁpropertyInterpolate5, ╔Á╔ÁpropertyInterpolate6, 
╔Á╔ÁpropertyInterpolate7, ╔Á╔ÁpropertyInterpolate8, ╔Á╔ÁpropertyInterpolateV, ╔Á╔ÁpureFunction0, ╔Á╔ÁpureFunction1, 
╔Á╔ÁpureFunction2, ╔Á╔ÁpureFunction3, ╔Á╔ÁpureFunction4, ╔Á╔ÁpureFunction5, ╔Á╔ÁpureFunction6, ╔Á╔ÁpureFunction7, 
╔Á╔ÁpureFunction8, ╔Á╔ÁpureFunctionV, ╔Á╔ÁqueryAdvance, ╔Á╔ÁqueryRefresh, ╔Á╔ÁreadContextLet, ╔Á╔Áreference, 
╔Á╔ÁregisterNgModuleType, ╔Á╔Árepeater, ╔Á╔ÁrepeaterCreate, ╔Á╔ÁrepeaterTrackByIdentity, ╔Á╔ÁrepeaterTrackByIndex, 
╔Á╔ÁresetView, ╔Á╔ÁresolveBody, ╔Á╔ÁresolveDocument, ╔Á╔ÁresolveWindow, ╔Á╔ÁrestoreView, ╔Á╔ÁsanitizeHtml, 
╔Á╔ÁsanitizeResourceUrl, ╔Á╔ÁsanitizeScript, ╔Á╔ÁsanitizeStyle, ╔Á╔ÁsanitizeUrl, ╔Á╔ÁsanitizeUrlOrResourceUrl, 
╔Á╔ÁsetComponentScope, ╔Á╔ÁsetNgModuleScope, ╔Á╔ÁstoreLet, ╔Á╔ÁstyleMap, ╔Á╔ÁstyleMapInterpolate1, 
╔Á╔ÁstyleMapInterpolate2, ╔Á╔ÁstyleMapInterpolate3, ╔Á╔ÁstyleMapInterpolate4, ╔Á╔ÁstyleMapInterpolate5, 
╔Á╔ÁstyleMapInterpolate6, ╔Á╔ÁstyleMapInterpolate7, ╔Á╔ÁstyleMapInterpolate8, ╔Á╔ÁstyleMapInterpolateV, ╔Á╔ÁstyleProp, 
╔Á╔ÁstylePropInterpolate1, ╔Á╔ÁstylePropInterpolate2, ╔Á╔ÁstylePropInterpolate3, ╔Á╔ÁstylePropInterpolate4, 
╔Á╔ÁstylePropInterpolate5, ╔Á╔ÁstylePropInterpolate6, ╔Á╔ÁstylePropInterpolate7, ╔Á╔ÁstylePropInterpolate8, 
╔Á╔ÁstylePropInterpolateV, ╔Á╔ÁsyntheticHostListener, ╔Á╔ÁsyntheticHostProperty, ╔Á╔Átemplate, 
╔Á╔ÁtemplateRefExtractor, ╔Á╔Átext, ╔Á╔ÁtextInterpolate, ╔Á╔ÁtextInterpolate1, ╔Á╔ÁtextInterpolate2, 
╔Á╔ÁtextInterpolate3, ╔Á╔ÁtextInterpolate4, ╔Á╔ÁtextInterpolate5, ╔Á╔ÁtextInterpolate6, ╔Á╔ÁtextInterpolate7, 
╔Á╔ÁtextInterpolate8, ╔Á╔ÁtextInterpolateV, ╔Á╔ÁtrustConstantHtml, ╔Á╔ÁtrustConstantResourceUrl, ╔Á╔ÁtwoWayBindingSet, 
╔Á╔ÁtwoWayListener, ╔Á╔ÁtwoWayProperty, ╔Á╔ÁvalidateIframeAttribute, ╔Á╔ÁviewQuery, ╔Á╔ÁviewQuerySignal)

../node_modules/@angular/material/fesm2022/tooltip.mjs:666:23-43 - Error: export '╔Á╔ÁInputFlags' (imported as 'i0') 
was not found in '@angular/core' (possible exports: ANIMATION_MODULE_TYPE, APP_BOOTSTRAP_LISTENER, APP_ID, 
APP_INITIALIZER, AfterRenderPhase, ApplicationInitStatus, ApplicationModule, ApplicationRef, Attribute, 
COMPILER_OPTIONS, CSP_NONCE, CUSTOM_ELEMENTS_SCHEMA, ChangeDetectionStrategy, ChangeDetectorRef, Compiler, 
CompilerFactory, Component, ComponentFactory, ComponentFactoryResolver, ComponentRef, ContentChild, ContentChildren, 
DEFAULT_CURRENCY_CODE, DebugElement, DebugEventListener, DebugNode, DefaultIterableDiffer, DestroyRef, Directive, 
ENVIRONMENT_INITIALIZER, ElementRef, EmbeddedViewRef, EnvironmentInjector, ErrorHandler, EventEmitter, 
ExperimentalPendingTasks, HOST_TAG_NAME, Host, HostAttributeToken, HostBinding, HostListener, INJECTOR, Inject, 
InjectFlags, Injectable, InjectionToken, Injector, Input, IterableDiffers, KeyValueDiffers, LOCALE_ID, 
MissingTranslationStrategy, ModuleWithComponentFactories, NO_ERRORS_SCHEMA, NgModule, NgModuleFactory, NgModuleRef, 
NgProbeToken, NgZone, Optional, Output, OutputEmitterRef, PACKAGE_ROOT_URL, PLATFORM_ID, PLATFORM_INITIALIZER, Pipe, 
PlatformRef, Query, QueryList, Renderer2, RendererFactory2, RendererStyleFlags2, Sanitizer, SecurityContext, Self, 
SimpleChange, SkipSelf, TRANSLATIONS, TRANSLATIONS_FORMAT, TemplateRef, Testability, TestabilityRegistry, 
TransferState, Type, VERSION, Version, ViewChild, ViewChildren, ViewContainerRef, ViewEncapsulation, ViewRef, 
afterNextRender, afterRender, asNativeElements, assertInInjectionContext, assertNotInReactiveContext, assertPlatform, 
booleanAttribute, computed, contentChild, contentChildren, createComponent, createEnvironmentInjector, createNgModule, 
createNgModuleRef, createPlatform, createPlatformFactory, defineInjectable, destroyPlatform, effect, enableProdMode, 
forwardRef, getDebugNode, getModuleFactory, getNgModuleById, getPlatform, importProvidersFrom, inject, input, 
isDevMode, isSignal, isStandalone, makeEnvironmentProviders, makeStateKey, mergeApplicationConfig, model, 
numberAttribute, output, platformCore, provideExperimentalCheckNoChangesForDebug, 
provideExperimentalZonelessChangeDetection, provideZoneChangeDetection, reflectComponentType, resolveForwardRef, 
runInInjectionContext, setTestabilityGetter, signal, untracked, viewChild, viewChildren, ╔ÁALLOW_MULTIPLE_PLATFORMS, 
╔ÁAfterRenderManager, ╔ÁCONTAINER_HEADER_OFFSET, ╔ÁChangeDetectionScheduler, ╔ÁChangeDetectionSchedulerImpl, 
╔ÁComponentFactory, ╔ÁConsole, ╔ÁDEFAULT_LOCALE_ID, ╔ÁDEFER_BLOCK_CONFIG, ╔ÁDEFER_BLOCK_DEPENDENCY_INTERCEPTOR, 
╔ÁDeferBlockBehavior, ╔ÁDeferBlockState, ╔ÁEffectScheduler, ╔ÁIMAGE_CONFIG, ╔ÁIMAGE_CONFIG_DEFAULTS, ╔ÁINJECTOR_SCOPE, 
╔ÁINPUT_SIGNAL_BRAND_WRITE_TYPE, ╔ÁINTERNAL_APPLICATION_ERROR_HANDLER, ╔ÁIS_HYDRATION_DOM_REUSE_ENABLED, 
╔ÁJSACTION_EVENT_CONTRACT, ╔ÁLContext, ╔ÁLifecycleHooksFeature, ╔ÁLocaleDataIndex, ╔ÁNG_COMP_DEF, ╔ÁNG_DIR_DEF, 
╔ÁNG_ELEMENT_ID, ╔ÁNG_INJ_DEF, ╔ÁNG_MOD_DEF, ╔ÁNG_PIPE_DEF, ╔ÁNG_PROV_DEF, ╔ÁNOT_FOUND_CHECK_ONLY_ELEMENT_INJECTOR, 
╔ÁNO_CHANGE, ╔ÁNgModuleFactory, ╔ÁNoopNgZone, ╔ÁPROVIDED_NG_ZONE, ╔ÁPendingTasks, ╔ÁReflectionCapabilities, 
╔ÁRender3ComponentFactory, ╔ÁRender3ComponentRef, ╔ÁRender3NgModuleRef, ╔ÁRuntimeError, ╔ÁSIGNAL, 
╔ÁSSR_CONTENT_INTEGRITY_MARKER, ╔ÁTESTABILITY, ╔ÁTESTABILITY_GETTER, ╔ÁUSE_RUNTIME_DEPS_TRACKER_FOR_JIT, ╔ÁViewRef, 
╔ÁXSS_SECURITY_URL, ╔ÁZONELESS_ENABLED, ╔Á_sanitizeHtml, ╔Á_sanitizeUrl, ╔ÁallowSanitizationBypassAndThrow, 
╔ÁannotateForHydration, ╔ÁbypassSanitizationTrustHtml, ╔ÁbypassSanitizationTrustResourceUrl, 
╔ÁbypassSanitizationTrustScript, ╔ÁbypassSanitizationTrustStyle, ╔ÁbypassSanitizationTrustUrl, 
╔ÁclearResolutionOfComponentResourcesQueue, ╔ÁcompileComponent, ╔ÁcompileDirective, ╔ÁcompileNgModule, 
╔ÁcompileNgModuleDefs, ╔ÁcompileNgModuleFactory, ╔ÁcompilePipe, ╔ÁconvertToBitFlags, ╔ÁcreateInjector, 
╔ÁdefaultIterableDiffers, ╔ÁdefaultKeyValueDiffers, ╔ÁdepsTracker, ╔ÁdetectChangesInViewIfRequired, ╔ÁdevModeEqual, 
╔ÁfindLocaleData, ╔ÁflushModuleScopingQueueAsMuchAsPossible, ╔ÁformatRuntimeError, 
╔ÁgenerateStandaloneInDeclarationsError, ╔ÁgetAsyncClassMetadataFn, ╔ÁgetDebugNode, ╔ÁgetDeferBlocks, ╔ÁgetDirectives, 
╔ÁgetHostElement, ╔ÁgetInjectableDef, ╔ÁgetLContext, ╔ÁgetLocaleCurrencyCode, ╔ÁgetLocalePluralCase, 
╔ÁgetOutputDestroyRef, ╔ÁgetSanitizationBypassType, ╔ÁgetUnknownElementStrictMode, ╔ÁgetUnknownPropertyStrictMode, 
╔Áglobal, ╔ÁinjectChangeDetectorRef, ╔ÁinternalCreateApplication, ╔ÁinternalProvideZoneChangeDetection, 
╔ÁisBoundToModule, ╔ÁisComponentDefPendingResolution, ╔ÁisEnvironmentProviders, ╔ÁisInjectable, ╔ÁisNgModule, 
╔ÁisPromise, ╔ÁisSubscribable, ╔ÁnoSideEffects, ╔ÁpatchComponentDefWithScope, ╔ÁperformanceMarkFeature, 
╔ÁreadHydrationInfo, ╔ÁregisterLocaleData, ╔ÁrenderDeferBlockState, ╔ÁresetCompiledComponents, ╔ÁresetJitOptions, 
╔ÁresolveComponentResources, ╔ÁrestoreComponentResolutionQueue, ╔ÁsetAllowDuplicateNgModuleIdsForTest, 
╔ÁsetAlternateWeakRefImpl, ╔ÁsetClassDebugInfo, ╔ÁsetClassMetadata, ╔ÁsetClassMetadataAsync, ╔ÁsetCurrentInjector, 
╔ÁsetDocument, ╔ÁsetInjectorProfilerContext, ╔ÁsetLocaleId, ╔ÁsetUnknownElementStrictMode, 
╔ÁsetUnknownPropertyStrictMode, ╔Ástore, ╔Ástringify, ╔ÁtransitiveScopesFor, ╔ÁtriggerResourceLoading, 
╔ÁtruncateMiddle, ╔ÁunregisterLocaleData, ╔ÁunwrapSafeValue, ╔ÁunwrapWritableSignal, ╔ÁwhenStable, ╔ÁwithDomHydration, 
╔ÁwithEventReplay, ╔ÁwithI18nSupport, ╔Á╔ÁCopyDefinitionFeature, ╔Á╔ÁFactoryTarget, ╔Á╔ÁHostDirectivesFeature, 
╔Á╔ÁInheritDefinitionFeature, ╔Á╔ÁInputTransformsFeature, ╔Á╔ÁNgOnChangesFeature, ╔Á╔ÁProvidersFeature, 
╔Á╔ÁStandaloneFeature, ╔Á╔Áadvance, ╔Á╔Áattribute, ╔Á╔ÁattributeInterpolate1, ╔Á╔ÁattributeInterpolate2, 
╔Á╔ÁattributeInterpolate3, ╔Á╔ÁattributeInterpolate4, ╔Á╔ÁattributeInterpolate5, ╔Á╔ÁattributeInterpolate6, 
╔Á╔ÁattributeInterpolate7, ╔Á╔ÁattributeInterpolate8, ╔Á╔ÁattributeInterpolateV, ╔Á╔ÁclassMap, 
╔Á╔ÁclassMapInterpolate1, ╔Á╔ÁclassMapInterpolate2, ╔Á╔ÁclassMapInterpolate3, ╔Á╔ÁclassMapInterpolate4, 
╔Á╔ÁclassMapInterpolate5, ╔Á╔ÁclassMapInterpolate6, ╔Á╔ÁclassMapInterpolate7, ╔Á╔ÁclassMapInterpolate8, 
╔Á╔ÁclassMapInterpolateV, ╔Á╔ÁclassProp, ╔Á╔ÁcomponentInstance, ╔Á╔Áconditional, ╔Á╔ÁcontentQuery, 
╔Á╔ÁcontentQuerySignal, ╔Á╔ÁdeclareLet, ╔Á╔Ádefer, ╔Á╔ÁdeferEnableTimerScheduling, ╔Á╔ÁdeferOnHover, ╔Á╔ÁdeferOnIdle, 
╔Á╔ÁdeferOnImmediate, ╔Á╔ÁdeferOnInteraction, ╔Á╔ÁdeferOnTimer, ╔Á╔ÁdeferOnViewport, ╔Á╔ÁdeferPrefetchOnHover, 
╔Á╔ÁdeferPrefetchOnIdle, ╔Á╔ÁdeferPrefetchOnImmediate, ╔Á╔ÁdeferPrefetchOnInteraction, ╔Á╔ÁdeferPrefetchOnTimer, 
╔Á╔ÁdeferPrefetchOnViewport, ╔Á╔ÁdeferPrefetchWhen, ╔Á╔ÁdeferWhen, ╔Á╔ÁdefineComponent, ╔Á╔ÁdefineDirective, 
╔Á╔ÁdefineInjectable, ╔Á╔ÁdefineInjector, ╔Á╔ÁdefineNgModule, ╔Á╔ÁdefinePipe, ╔Á╔ÁdirectiveInject, 
╔Á╔ÁdisableBindings, ╔Á╔Áelement, ╔Á╔ÁelementContainer, ╔Á╔ÁelementContainerEnd, ╔Á╔ÁelementContainerStart, 
╔Á╔ÁelementEnd, ╔Á╔ÁelementStart, ╔Á╔ÁenableBindings, ╔Á╔ÁgetComponentDepsFactory, ╔Á╔ÁgetCurrentView, 
╔Á╔ÁgetInheritedFactory, ╔Á╔ÁhostProperty, ╔Á╔Ái18n, ╔Á╔Ái18nApply, ╔Á╔Ái18nAttributes, ╔Á╔Ái18nEnd, ╔Á╔Ái18nExp, 
╔Á╔Ái18nPostprocess, ╔Á╔Ái18nStart, ╔Á╔Áinject, ╔Á╔ÁinjectAttribute, ╔Á╔ÁinvalidFactory, ╔Á╔ÁinvalidFactoryDep, 
╔Á╔Álistener, ╔Á╔ÁloadQuery, ╔Á╔ÁnamespaceHTML, ╔Á╔ÁnamespaceMathML, ╔Á╔ÁnamespaceSVG, ╔Á╔ÁnextContext, 
╔Á╔ÁngDeclareClassMetadata, ╔Á╔ÁngDeclareClassMetadataAsync, ╔Á╔ÁngDeclareComponent, ╔Á╔ÁngDeclareDirective, 
╔Á╔ÁngDeclareFactory, ╔Á╔ÁngDeclareInjectable, ╔Á╔ÁngDeclareInjector, ╔Á╔ÁngDeclareNgModule, ╔Á╔ÁngDeclarePipe, 
╔Á╔Ápipe, ╔Á╔ÁpipeBind1, ╔Á╔ÁpipeBind2, ╔Á╔ÁpipeBind3, ╔Á╔ÁpipeBind4, ╔Á╔ÁpipeBindV, ╔Á╔Áprojection, 
╔Á╔ÁprojectionDef, ╔Á╔Áproperty, ╔Á╔ÁpropertyInterpolate, ╔Á╔ÁpropertyInterpolate1, ╔Á╔ÁpropertyInterpolate2, 
╔Á╔ÁpropertyInterpolate3, ╔Á╔ÁpropertyInterpolate4, ╔Á╔ÁpropertyInterpolate5, ╔Á╔ÁpropertyInterpolate6, 
╔Á╔ÁpropertyInterpolate7, ╔Á╔ÁpropertyInterpolate8, ╔Á╔ÁpropertyInterpolateV, ╔Á╔ÁpureFunction0, ╔Á╔ÁpureFunction1, 
╔Á╔ÁpureFunction2, ╔Á╔ÁpureFunction3, ╔Á╔ÁpureFunction4, ╔Á╔ÁpureFunction5, ╔Á╔ÁpureFunction6, ╔Á╔ÁpureFunction7, 
╔Á╔ÁpureFunction8, ╔Á╔ÁpureFunctionV, ╔Á╔ÁqueryAdvance, ╔Á╔ÁqueryRefresh, ╔Á╔ÁreadContextLet, ╔Á╔Áreference, 
╔Á╔ÁregisterNgModuleType, ╔Á╔Árepeater, ╔Á╔ÁrepeaterCreate, ╔Á╔ÁrepeaterTrackByIdentity, ╔Á╔ÁrepeaterTrackByIndex, 
╔Á╔ÁresetView, ╔Á╔ÁresolveBody, ╔Á╔ÁresolveDocument, ╔Á╔ÁresolveWindow, ╔Á╔ÁrestoreView, ╔Á╔ÁsanitizeHtml, 
╔Á╔ÁsanitizeResourceUrl, ╔Á╔ÁsanitizeScript, ╔Á╔ÁsanitizeStyle, ╔Á╔ÁsanitizeUrl, ╔Á╔ÁsanitizeUrlOrResourceUrl, 
╔Á╔ÁsetComponentScope, ╔Á╔ÁsetNgModuleScope, ╔Á╔ÁstoreLet, ╔Á╔ÁstyleMap, ╔Á╔ÁstyleMapInterpolate1, 
╔Á╔ÁstyleMapInterpolate2, ╔Á╔ÁstyleMapInterpolate3, ╔Á╔ÁstyleMapInterpolate4, ╔Á╔ÁstyleMapInterpolate5, 
╔Á╔ÁstyleMapInterpolate6, ╔Á╔ÁstyleMapInterpolate7, ╔Á╔ÁstyleMapInterpolate8, ╔Á╔ÁstyleMapInterpolateV, ╔Á╔ÁstyleProp, 
╔Á╔ÁstylePropInterpolate1, ╔Á╔ÁstylePropInterpolate2, ╔Á╔ÁstylePropInterpolate3, ╔Á╔ÁstylePropInterpolate4, 
╔Á╔ÁstylePropInterpolate5, ╔Á╔ÁstylePropInterpolate6, ╔Á╔ÁstylePropInterpolate7, ╔Á╔ÁstylePropInterpolate8, 
╔Á╔ÁstylePropInterpolateV, ╔Á╔ÁsyntheticHostListener, ╔Á╔ÁsyntheticHostProperty, ╔Á╔Átemplate, 
╔Á╔ÁtemplateRefExtractor, ╔Á╔Átext, ╔Á╔ÁtextInterpolate, ╔Á╔ÁtextInterpolate1, ╔Á╔ÁtextInterpolate2, 
╔Á╔ÁtextInterpolate3, ╔Á╔ÁtextInterpolate4, ╔Á╔ÁtextInterpolate5, ╔Á╔ÁtextInterpolate6, ╔Á╔ÁtextInterpolate7, 
╔Á╔ÁtextInterpolate8, ╔Á╔ÁtextInterpolateV, ╔Á╔ÁtrustConstantHtml, ╔Á╔ÁtrustConstantResourceUrl, ╔Á╔ÁtwoWayBindingSet, 
╔Á╔ÁtwoWayListener, ╔Á╔ÁtwoWayProperty, ╔Á╔ÁvalidateIframeAttribute, ╔Á╔ÁviewQuery, ╔Á╔ÁviewQuerySignal)


29 09 2026 20:10:52.654:INFO [karma-server]: Karma v6.4.4 server started at http://localhost:9877/
29 09 2026 20:10:52.658:INFO [launcher]: Launching browsers ChromeHeadless with concurrency unlimited
29 09 2026 20:10:52.658:ERROR [karma-server]: Error: Found 1 load error
    at Server.<anonymous> (C:\Users\angie.lavayen\source\repos\Proyecto\frontend\node_modules\karma\lib\server.js:243:26)
    at Server.wrapper (node:events:639:12)
    at Server.emit (node:events:526:24)
    at emitListeningNT (node:net:2423:10)
    at process.processTicksAndRejections (node:internal/process/task_queues:89:21)
Ô£ö Browser application bundle generation complete.
Ô£ö Browser application bundle generation complete.

